interactions:
- request:
    body: null
    headers:
      Accept:
      - '*/*'
      Accept-Encoding:
      - gzip, deflate, zstd
      Connection:
      - keep-alive
      Content-type:
      - application/json
      User-Agent:
      - python-gitlab/5.6.0
    method: GET
    uri: https://gitlab.com/api/v4/projects/42823949
  response:
    body:
      string: '{"id":42823949,"description":null,"name":"protop2g-test","name_with_namespace":"Akashdeep
        Dhar / protop2g-test","path":"protop2g-test","path_with_namespace":"gridhead/protop2g-test","created_at":"2023-01-23T16:18:30.217Z","default_branch":"main","tag_list":[],"topics":[],"ssh_url_to_repo":"git@gitlab.com:gridhead/protop2g-test.git","http_url_to_repo":"https://gitlab.com/gridhead/protop2g-test.git","web_url":"https://gitlab.com/gridhead/protop2g-test","readme_url":"https://gitlab.com/gridhead/protop2g-test/-/blob/main/README.md","forks_count":0,"avatar_url":null,"star_count":0,"last_activity_at":"2025-04-22T03:48:55.992Z","namespace":{"id":13984834,"name":"Akashdeep
        Dhar","path":"gridhead","kind":"user","full_path":"gridhead","parent_id":null,"avatar_url":"https://secure.gravatar.com/avatar/e412343841597e2fb1e952dd2b1077fc95537604ce04a27c5bfb94bdb0dc3da8?s=80\u0026d=identicon","web_url":"https://gitlab.com/gridhead"},"container_registry_image_prefix":"registry.gitlab.com/gridhead/protop2g-test","_links":{"self":"https://gitlab.com/api/v4/projects/42823949","issues":"https://gitlab.com/api/v4/projects/42823949/issues","merge_requests":"https://gitlab.com/api/v4/projects/42823949/merge_requests","repo_branches":"https://gitlab.com/api/v4/projects/42823949/repository/branches","labels":"https://gitlab.com/api/v4/projects/42823949/labels","events":"https://gitlab.com/api/v4/projects/42823949/events","members":"https://gitlab.com/api/v4/projects/42823949/members","cluster_agents":"https://gitlab.com/api/v4/projects/42823949/cluster_agents"},"packages_enabled":true,"empty_repo":false,"archived":false,"visibility":"public","owner":{"id":10115999,"username":"gridhead","name":"Akashdeep
        Dhar","state":"active","locked":false,"avatar_url":"https://secure.gravatar.com/avatar/e412343841597e2fb1e952dd2b1077fc95537604ce04a27c5bfb94bdb0dc3da8?s=80\u0026d=identicon","web_url":"https://gitlab.com/gridhead"},"resolve_outdated_diff_discussions":false,"container_expiration_policy":{"cadence":"1d","enabled":false,"keep_n":10,"older_than":"90d","name_regex":".*","name_regex_keep":null,"next_run_at":"2023-01-24T16:18:30.271Z"},"repository_object_format":"sha1","issues_enabled":true,"merge_requests_enabled":true,"wiki_enabled":true,"jobs_enabled":true,"snippets_enabled":true,"container_registry_enabled":true,"service_desk_enabled":true,"service_desk_address":"contact-project+gridhead-protop2g-test-42823949-issue-@incoming.gitlab.com","can_create_merge_request_in":true,"issues_access_level":"enabled","repository_access_level":"enabled","merge_requests_access_level":"enabled","forking_access_level":"enabled","wiki_access_level":"enabled","builds_access_level":"enabled","snippets_access_level":"enabled","pages_access_level":"enabled","analytics_access_level":"enabled","container_registry_access_level":"enabled","security_and_compliance_access_level":"private","releases_access_level":"private","environments_access_level":"enabled","feature_flags_access_level":"private","infrastructure_access_level":"private","monitor_access_level":"enabled","model_experiments_access_level":"enabled","model_registry_access_level":"enabled","emails_disabled":false,"emails_enabled":true,"shared_runners_enabled":true,"lfs_enabled":true,"creator_id":10115999,"import_url":null,"import_type":null,"import_status":"none","import_error":null,"open_issues_count":82,"description_html":"","updated_at":"2025-04-22T03:48:55.992Z","ci_default_git_depth":20,"ci_delete_pipelines_in_seconds":null,"ci_forward_deployment_enabled":true,"ci_forward_deployment_rollback_allowed":true,"ci_job_token_scope_enabled":false,"ci_separated_caches":true,"ci_allow_fork_pipelines_to_run_in_parent_project":true,"ci_id_token_sub_claim_components":["project_path","ref_type","ref"],"build_git_strategy":"fetch","keep_latest_artifact":true,"restrict_user_defined_variables":false,"ci_pipeline_variables_minimum_override_role":"developer","runner_token_expiration_interval":null,"group_runners_enabled":true,"auto_cancel_pending_pipelines":"enabled","build_timeout":3600,"auto_devops_enabled":false,"auto_devops_deploy_strategy":"continuous","ci_push_repository_for_job_token_allowed":false,"runners_token":"EXPUNGED","ci_config_path":"","public_jobs":true,"shared_with_groups":[],"only_allow_merge_if_pipeline_succeeds":false,"allow_merge_on_skipped_pipeline":null,"request_access_enabled":true,"only_allow_merge_if_all_discussions_are_resolved":false,"remove_source_branch_after_merge":true,"printing_merge_request_link_enabled":true,"merge_method":"merge","merge_request_title_regex":null,"squash_option":"default_off","enforce_auth_checks_on_uploads":true,"suggestion_commit_message":null,"merge_commit_template":null,"squash_commit_template":null,"issue_branch_template":null,"warn_about_potentially_unwanted_characters":true,"autoclose_referenced_issues":true,"max_artifacts_size":null,"external_authorization_classification_label":"","requirements_enabled":false,"requirements_access_level":"enabled","security_and_compliance_enabled":true,"compliance_frameworks":[],"permissions":{"project_access":{"access_level":40,"notification_level":3},"group_access":null}}'
    headers:
      CF-Cache-Status:
      - MISS
      CF-Ray:
      - 93422e1c8c6cf4ca-BOM
      Cache-Control:
      - max-age=0, private, must-revalidate
      Connection:
      - keep-alive
      Content-Encoding:
      - gzip
      Content-Type:
      - application/json
      Date:
      - Tue, 22 Apr 2025 03:54:30 GMT
      ETag:
      - W/"ef003132cd781394fd73aa2f8426a2d3"
      NEL:
      - '{"success_fraction":0.01,"report_to":"cf-nel","max_age":604800}'
      Report-To:
      - '{"endpoints":[{"url":"https:\/\/a.nel.cloudflare.com\/report\/v4?s=xekd8eBgOt5k4P6uF6r8LLlujods5UqtM1ujeoQ%2BRc5CJVImw6JVgaEiuPhSfLEXBD%2FLtWkzP29z2V1Z08uiMLQegLkzsy1Dj4qUeOmTJosK4%2F1G3LYR90ZPzVA%3D"}],"group":"cf-nel","max_age":604800}'
      Server:
      - cloudflare
      Set-Cookie: ''
      Strict-Transport-Security:
      - max-age=31536000
      Transfer-Encoding:
      - chunked
      Vary:
      - Origin, Accept-Encoding
      content-security-policy:
      - default-src 'none'
      gitlab-lb:
      - haproxy-main-51-lb-gprd
      gitlab-sv:
      - api-gke-us-east1-d
      referrer-policy:
      - strict-origin-when-cross-origin
      x-content-type-options:
      - nosniff
      x-frame-options:
      - SAMEORIGIN
      x-gitlab-meta:
      - '{"correlation_id":"f1a49ef2384b37641488cd7ca81a76c5","version":"1"}'
      x-request-id:
      - f1a49ef2384b37641488cd7ca81a76c5
      x-runtime:
      - '0.126919'
    status:
      code: 200
      message: OK
- request:
    body: null
    headers:
      Accept:
      - '*/*'
      Accept-Encoding:
      - gzip, deflate, zstd
      Connection:
      - keep-alive
      Content-Length:
      - '0'
      Content-type:
      - application/json
      Cookie:
      - _cfuvid=DGzXtRgQrDTjfUTEP4RYSRIJOIolr.IdQQ9jchK7m8s-1745294070201-0.0.1.1-604800000
      User-Agent:
      - python-gitlab/5.6.0
    method: DELETE
    uri: https://gitlab.com/api/v4/projects/42823949/issues/1
  response:
    body:
      string: '{"message":"404 Issue Not Found"}'
    headers:
      CF-Cache-Status:
      - DYNAMIC
      CF-Ray:
      - 93422e22fde13b21-BOM
      Cache-Control:
      - no-cache
      Connection:
      - keep-alive
      Content-Length:
      - '33'
      Content-Type:
      - application/json
      Date:
      - Tue, 22 Apr 2025 03:54:30 GMT
      NEL:
      - '{"success_fraction":0.01,"report_to":"cf-nel","max_age":604800}'
      Report-To:
      - '{"endpoints":[{"url":"https:\/\/a.nel.cloudflare.com\/report\/v4?s=B4fVRoY30HLiTnKkKnkubkXpcLA8zP5RQVUWs%2BocmU3n%2FZzEvD4I8a8TErsJYTpBfmpCfLf6BbqL15DDKwqX7q9XSXCTe9XNZ0Qo27fJUQl7CBeCv%2FwIgbIS6NY%3D"}],"group":"cf-nel","max_age":604800}'
      Server:
      - cloudflare
      Set-Cookie: ''
      Strict-Transport-Security:
      - max-age=31536000
      Vary:
      - Origin, Accept-Encoding
      content-security-policy:
      - default-src 'none'
      gitlab-lb:
      - haproxy-main-11-lb-gprd
      gitlab-sv:
      - api-gke-us-east1-c
      referrer-policy:
      - strict-origin-when-cross-origin
      x-content-type-options:
      - nosniff
      x-frame-options:
      - SAMEORIGIN
      x-gitlab-meta:
      - '{"correlation_id":"c991565a5c4ae2ccbe7312a56a4292cd","version":"1"}'
      x-request-id:
      - c991565a5c4ae2ccbe7312a56a4292cd
      x-runtime:
      - '0.055277'
    status:
      code: 404
      message: Not Found
- request:
    body: null
    headers:
      Accept:
      - '*/*'
      Accept-Encoding:
      - gzip, deflate, zstd
      Connection:
      - keep-alive
      Content-Length:
      - '0'
      Content-type:
      - application/json
      Cookie:
      - _cfuvid=DGzXtRgQrDTjfUTEP4RYSRIJOIolr.IdQQ9jchK7m8s-1745294070201-0.0.1.1-604800000
      User-Agent:
      - python-gitlab/5.6.0
    method: DELETE
    uri: https://gitlab.com/api/v4/projects/42823949/issues/2
  response:
    body:
      string: '{"message":"404 Issue Not Found"}'
    headers:
      CF-Cache-Status:
      - DYNAMIC
      CF-Ray:
      - 93422e251c1e3f79-BOM
      Cache-Control:
      - no-cache
      Connection:
      - keep-alive
      Content-Length:
      - '33'
      Content-Type:
      - application/json
      Date:
      - Tue, 22 Apr 2025 03:54:30 GMT
      NEL:
      - '{"success_fraction":0.01,"report_to":"cf-nel","max_age":604800}'
      Report-To:
      - '{"endpoints":[{"url":"https:\/\/a.nel.cloudflare.com\/report\/v4?s=a5MB5aL5SCDyO2fRT9TjzXMPJcZzAsLDZqjboX015TFJqIprFU3tdhbo1VyWnnTjzIthCnTQOJ3ANx%2B8cifDlhc8ipNNghurIyABFf2gX0%2Fe%2BHZYvQ2eBVPjt%2FY%3D"}],"group":"cf-nel","max_age":604800}'
      Server:
      - cloudflare
      Set-Cookie: ''
      Strict-Transport-Security:
      - max-age=31536000
      Vary:
      - Origin, Accept-Encoding
      content-security-policy:
      - default-src 'none'
      gitlab-lb:
      - haproxy-main-18-lb-gprd
      gitlab-sv:
      - api-gke-us-east1-d
      referrer-policy:
      - strict-origin-when-cross-origin
      x-content-type-options:
      - nosniff
      x-frame-options:
      - SAMEORIGIN
      x-gitlab-meta:
      - '{"correlation_id":"45f61eb9654fb788366fd0f806382ae6","version":"1"}'
      x-request-id:
      - 45f61eb9654fb788366fd0f806382ae6
      x-runtime:
      - '0.089354'
    status:
      code: 404
      message: Not Found
- request:
    body: null
    headers:
      Accept:
      - '*/*'
      Accept-Encoding:
      - gzip, deflate, zstd
      Connection:
      - keep-alive
      Content-Length:
      - '0'
      Content-type:
      - application/json
      Cookie:
      - _cfuvid=DGzXtRgQrDTjfUTEP4RYSRIJOIolr.IdQQ9jchK7m8s-1745294070201-0.0.1.1-604800000
      User-Agent:
      - python-gitlab/5.6.0
    method: DELETE
    uri: https://gitlab.com/api/v4/projects/42823949/issues/3
  response:
    body:
      string: '{"message":"404 Issue Not Found"}'
    headers:
      CF-Cache-Status:
      - DYNAMIC
      CF-Ray:
      - 93422e27ca8747f1-BOM
      Cache-Control:
      - no-cache
      Connection:
      - keep-alive
      Content-Length:
      - '33'
      Content-Type:
      - application/json
      Date:
      - Tue, 22 Apr 2025 03:54:31 GMT
      NEL:
      - '{"success_fraction":0.01,"report_to":"cf-nel","max_age":604800}'
      Report-To:
      - '{"endpoints":[{"url":"https:\/\/a.nel.cloudflare.com\/report\/v4?s=yKMt9pAomgQoZvI8zcZmFMUJb3jQrKgE4AiX62lV7WfA8DyXm8AfGhm%2B%2BfYET1f2fdqHluiEUrrRtB2tR8Z7C7CYdteS0PKuTBV6Sb%2F5DQHNzXvIudLiRCo%2BMw8%3D"}],"group":"cf-nel","max_age":604800}'
      Server:
      - cloudflare
      Set-Cookie: ''
      Strict-Transport-Security:
      - max-age=31536000
      Vary:
      - Origin, Accept-Encoding
      content-security-policy:
      - default-src 'none'
      gitlab-lb:
      - haproxy-main-22-lb-gprd
      gitlab-sv:
      - api-gke-us-east1-b
      referrer-policy:
      - strict-origin-when-cross-origin
      x-content-type-options:
      - nosniff
      x-frame-options:
      - SAMEORIGIN
      x-gitlab-meta:
      - '{"correlation_id":"66b469350632727f5520b25a458b735a","version":"1"}'
      x-request-id:
      - 66b469350632727f5520b25a458b735a
      x-runtime:
      - '0.068275'
    status:
      code: 404
      message: Not Found
- request:
    body: null
    headers:
      Accept:
      - '*/*'
      Accept-Encoding:
      - gzip, deflate, zstd
      Connection:
      - keep-alive
      Content-Length:
      - '0'
      Content-type:
      - application/json
      Cookie:
      - _cfuvid=DGzXtRgQrDTjfUTEP4RYSRIJOIolr.IdQQ9jchK7m8s-1745294070201-0.0.1.1-604800000
      User-Agent:
      - python-gitlab/5.6.0
    method: DELETE
    uri: https://gitlab.com/api/v4/projects/42823949/issues/4
  response:
    body:
      string: '{"message":"404 Issue Not Found"}'
    headers:
      CF-Cache-Status:
      - DYNAMIC
      CF-Ray:
      - 93422e2b4c4647d6-BOM
      Cache-Control:
      - no-cache
      Connection:
      - keep-alive
      Content-Length:
      - '33'
      Content-Type:
      - application/json
      Date:
      - Tue, 22 Apr 2025 03:54:31 GMT
      NEL:
      - '{"success_fraction":0.01,"report_to":"cf-nel","max_age":604800}'
      Report-To:
      - '{"endpoints":[{"url":"https:\/\/a.nel.cloudflare.com\/report\/v4?s=d%2BtmHisDQkJp6ekgGpIXqeW1j%2F6aFI1wjfYuyGnlZ65eTUNUeSCWVyScHhoJYldrOX1GqOO%2F2az%2FH67ErFoPFumqIGQ%2BYJbZixEaV%2BS%2FTbk%2F6tdJooAV%2BigN6KE%3D"}],"group":"cf-nel","max_age":604800}'
      Server:
      - cloudflare
      Set-Cookie: ''
      Strict-Transport-Security:
      - max-age=31536000
      Vary:
      - Origin, Accept-Encoding
      content-security-policy:
      - default-src 'none'
      gitlab-lb:
      - haproxy-main-42-lb-gprd
      gitlab-sv:
      - api-gke-us-east1-d
      referrer-policy:
      - strict-origin-when-cross-origin
      x-content-type-options:
      - nosniff
      x-frame-options:
      - SAMEORIGIN
      x-gitlab-meta:
      - '{"correlation_id":"e4448d23fe40881e28d091c3837ebd91","version":"1"}'
      x-request-id:
      - e4448d23fe40881e28d091c3837ebd91
      x-runtime:
      - '0.077188'
    status:
      code: 404
      message: Not Found
- request:
    body: null
    headers:
      Accept:
      - '*/*'
      Accept-Encoding:
      - gzip, deflate, zstd
      Connection:
      - keep-alive
      Content-type:
      - application/json
      User-Agent:
      - python-gitlab/5.6.0
    method: GET
    uri: https://gitlab.com/api/v4/projects/42823949
  response:
    body:
      string: '{"id":42823949,"description":null,"name":"protop2g-test","name_with_namespace":"Akashdeep
        Dhar / protop2g-test","path":"protop2g-test","path_with_namespace":"gridhead/protop2g-test","created_at":"2023-01-23T16:18:30.217Z","default_branch":"main","tag_list":[],"topics":[],"ssh_url_to_repo":"git@gitlab.com:gridhead/protop2g-test.git","http_url_to_repo":"https://gitlab.com/gridhead/protop2g-test.git","web_url":"https://gitlab.com/gridhead/protop2g-test","readme_url":"https://gitlab.com/gridhead/protop2g-test/-/blob/main/README.md","forks_count":0,"avatar_url":null,"star_count":0,"last_activity_at":"2025-04-22T03:48:55.992Z","namespace":{"id":13984834,"name":"Akashdeep
        Dhar","path":"gridhead","kind":"user","full_path":"gridhead","parent_id":null,"avatar_url":"https://secure.gravatar.com/avatar/e412343841597e2fb1e952dd2b1077fc95537604ce04a27c5bfb94bdb0dc3da8?s=80\u0026d=identicon","web_url":"https://gitlab.com/gridhead"},"container_registry_image_prefix":"registry.gitlab.com/gridhead/protop2g-test","_links":{"self":"https://gitlab.com/api/v4/projects/42823949","issues":"https://gitlab.com/api/v4/projects/42823949/issues","merge_requests":"https://gitlab.com/api/v4/projects/42823949/merge_requests","repo_branches":"https://gitlab.com/api/v4/projects/42823949/repository/branches","labels":"https://gitlab.com/api/v4/projects/42823949/labels","events":"https://gitlab.com/api/v4/projects/42823949/events","members":"https://gitlab.com/api/v4/projects/42823949/members","cluster_agents":"https://gitlab.com/api/v4/projects/42823949/cluster_agents"},"packages_enabled":true,"empty_repo":false,"archived":false,"visibility":"public","owner":{"id":10115999,"username":"gridhead","name":"Akashdeep
        Dhar","state":"active","locked":false,"avatar_url":"https://secure.gravatar.com/avatar/e412343841597e2fb1e952dd2b1077fc95537604ce04a27c5bfb94bdb0dc3da8?s=80\u0026d=identicon","web_url":"https://gitlab.com/gridhead"},"resolve_outdated_diff_discussions":false,"container_expiration_policy":{"cadence":"1d","enabled":false,"keep_n":10,"older_than":"90d","name_regex":".*","name_regex_keep":null,"next_run_at":"2023-01-24T16:18:30.271Z"},"repository_object_format":"sha1","issues_enabled":true,"merge_requests_enabled":true,"wiki_enabled":true,"jobs_enabled":true,"snippets_enabled":true,"container_registry_enabled":true,"service_desk_enabled":true,"service_desk_address":"contact-project+gridhead-protop2g-test-42823949-issue-@incoming.gitlab.com","can_create_merge_request_in":true,"issues_access_level":"enabled","repository_access_level":"enabled","merge_requests_access_level":"enabled","forking_access_level":"enabled","wiki_access_level":"enabled","builds_access_level":"enabled","snippets_access_level":"enabled","pages_access_level":"enabled","analytics_access_level":"enabled","container_registry_access_level":"enabled","security_and_compliance_access_level":"private","releases_access_level":"private","environments_access_level":"enabled","feature_flags_access_level":"private","infrastructure_access_level":"private","monitor_access_level":"enabled","model_experiments_access_level":"enabled","model_registry_access_level":"enabled","emails_disabled":false,"emails_enabled":true,"shared_runners_enabled":true,"lfs_enabled":true,"creator_id":10115999,"import_url":null,"import_type":null,"import_status":"none","import_error":null,"open_issues_count":82,"description_html":"","updated_at":"2025-04-22T03:48:55.992Z","ci_default_git_depth":20,"ci_delete_pipelines_in_seconds":null,"ci_forward_deployment_enabled":true,"ci_forward_deployment_rollback_allowed":true,"ci_job_token_scope_enabled":false,"ci_separated_caches":true,"ci_allow_fork_pipelines_to_run_in_parent_project":true,"ci_id_token_sub_claim_components":["project_path","ref_type","ref"],"build_git_strategy":"fetch","keep_latest_artifact":true,"restrict_user_defined_variables":false,"ci_pipeline_variables_minimum_override_role":"developer","runner_token_expiration_interval":null,"group_runners_enabled":true,"auto_cancel_pending_pipelines":"enabled","build_timeout":3600,"auto_devops_enabled":false,"auto_devops_deploy_strategy":"continuous","ci_push_repository_for_job_token_allowed":false,"runners_token":"EXPUNGED","ci_config_path":"","public_jobs":true,"shared_with_groups":[],"only_allow_merge_if_pipeline_succeeds":false,"allow_merge_on_skipped_pipeline":null,"request_access_enabled":true,"only_allow_merge_if_all_discussions_are_resolved":false,"remove_source_branch_after_merge":true,"printing_merge_request_link_enabled":true,"merge_method":"merge","merge_request_title_regex":null,"squash_option":"default_off","enforce_auth_checks_on_uploads":true,"suggestion_commit_message":null,"merge_commit_template":null,"squash_commit_template":null,"issue_branch_template":null,"warn_about_potentially_unwanted_characters":true,"autoclose_referenced_issues":true,"max_artifacts_size":null,"external_authorization_classification_label":"","requirements_enabled":false,"requirements_access_level":"enabled","security_and_compliance_enabled":true,"compliance_frameworks":[],"permissions":{"project_access":{"access_level":40,"notification_level":3},"group_access":null}}'
    headers:
      CF-Cache-Status:
      - MISS
      CF-Ray:
      - 93422e2dadb28549-BOM
      Cache-Control:
      - max-age=0, private, must-revalidate
      Connection:
      - keep-alive
      Content-Encoding:
      - gzip
      Content-Type:
      - application/json
      Date:
      - Tue, 22 Apr 2025 03:54:32 GMT
      ETag:
      - W/"ef003132cd781394fd73aa2f8426a2d3"
      NEL:
      - '{"success_fraction":0.01,"report_to":"cf-nel","max_age":604800}'
      Report-To:
      - '{"endpoints":[{"url":"https:\/\/a.nel.cloudflare.com\/report\/v4?s=V157DjHMQRFrkN6GT4d2w1TnwBoI6VPPuLeF%2F%2FaD2K6ZcBS%2FeJCw7ZchKXQhrGRWE4sADMTdAOVG801Ow34%2BjxMkzsQjagV2Tt0f2u0P4H8RqYyePnoLZHFvXGI%3D"}],"group":"cf-nel","max_age":604800}'
      Server:
      - cloudflare
      Set-Cookie: ''
      Strict-Transport-Security:
      - max-age=31536000
      Transfer-Encoding:
      - chunked
      Vary:
      - Origin, Accept-Encoding
      content-security-policy:
      - default-src 'none'
      gitlab-lb:
      - haproxy-main-59-lb-gprd
      gitlab-sv:
      - api-gke-us-east1-c
      referrer-policy:
      - strict-origin-when-cross-origin
      x-content-type-options:
      - nosniff
      x-frame-options:
      - SAMEORIGIN
      x-gitlab-meta:
      - '{"correlation_id":"1ea2548d174ef2a01eb5877e655f0e21","version":"1"}'
      x-request-id:
      - 1ea2548d174ef2a01eb5877e655f0e21
      x-runtime:
      - '0.158922'
    status:
      code: 200
      message: OK
- request:
    body: '{"title": "[SN#1] This is the title of the first test issue", "description":
      "\nThis is the body of the first test issue\n\n_This issue ticket was originally
      created [here](https://pagure.io/protop2g-test-srce/issue/1) on a Pagure repository,\n[**protop2g-test-srce**](https://pagure.io/protop2g-test-srce)
      by [**Ordinary Engineer**](https://accounts.fedoraproject.org/user/ordinaryengineer)
      on\n[**Tue Apr 22 03:46:52 2025** UTC](https://savvytime.com/converter/utc/apr-22-2025/03-46)._\n\n_This
      issue ticket was automatically created by the\n[**Pagure Exporter**](https://github.com/gridhead/pagure-exporter)._\n",
      "iid": 1}'
    headers:
      Accept:
      - '*/*'
      Accept-Encoding:
      - gzip, deflate, zstd
      Connection:
      - keep-alive
      Content-Length:
      - '626'
      Content-type:
      - application/json
      Cookie:
      - _cfuvid=ypJ8v5SRsnaUvFG5Amn8TsEyZol.PuYiRnR4pv8JvL8-1745294072446-0.0.1.1-604800000
      User-Agent:
      - python-gitlab/5.6.0
    method: POST
    uri: https://gitlab.com/api/v4/projects/42823949/issues
  response:
    body:
      string: '{"id":166335212,"iid":13885,"project_id":42823949,"title":"[SN#1] This
        is the title of the first test issue","description":"\nThis is the body of
        the first test issue\n\n_This issue ticket was originally created [here](https://pagure.io/protop2g-test-srce/issue/1)
        on a Pagure repository,\n[**protop2g-test-srce**](https://pagure.io/protop2g-test-srce)
        by [**Ordinary Engineer**](https://accounts.fedoraproject.org/user/ordinaryengineer)
        on\n[**Tue Apr 22 03:46:52 2025** UTC](https://savvytime.com/converter/utc/apr-22-2025/03-46)._\n\n_This
        issue ticket was automatically created by the\n[**Pagure Exporter**](https://github.com/gridhead/pagure-exporter)._","state":"opened","created_at":"2025-04-22T03:54:32.812Z","updated_at":"2025-04-22T03:54:32.812Z","closed_at":null,"closed_by":null,"labels":[],"milestone":null,"assignees":[],"author":{"id":27337623,"username":"project_42823949_bot_7bde2863e36b77382400af583ca03c8d","name":"Pagure
        Exporter GitHub","state":"active","locked":false,"avatar_url":"https://secure.gravatar.com/avatar/a404b185659f42709b9f19c7a8b000ddf52a654dc17ac518a19f129c742b5cf5?s=80\u0026d=identicon","web_url":"https://gitlab.com/project_42823949_bot_7bde2863e36b77382400af583ca03c8d"},"type":"ISSUE","assignee":null,"user_notes_count":0,"merge_requests_count":0,"upvotes":0,"downvotes":0,"due_date":null,"confidential":false,"discussion_locked":null,"issue_type":"issue","web_url":"https://gitlab.com/gridhead/protop2g-test/-/issues/13885","time_stats":{"time_estimate":0,"total_time_spent":0,"human_time_estimate":null,"human_total_time_spent":null},"task_completion_status":{"count":0,"completed_count":0},"blocking_issues_count":0,"has_tasks":true,"task_status":"0
        of 0 checklist items completed","_links":{"self":"https://gitlab.com/api/v4/projects/42823949/issues/13885","notes":"https://gitlab.com/api/v4/projects/42823949/issues/13885/notes","award_emoji":"https://gitlab.com/api/v4/projects/42823949/issues/13885/award_emoji","project":"https://gitlab.com/api/v4/projects/42823949","closed_as_duplicate_of":null},"references":{"short":"#13885","relative":"#13885","full":"gridhead/protop2g-test#13885"},"severity":"UNKNOWN","subscribed":true,"moved_to_id":null,"imported":false,"imported_from":"none","service_desk_reply_to":null}'
    headers:
      CF-Cache-Status:
      - DYNAMIC
      CF-Ray:
      - 93422e31081b85a1-BOM
      Cache-Control:
      - max-age=0, private, must-revalidate
      Connection:
      - keep-alive
      Content-Length:
      - '2266'
      Content-Type:
      - application/json
      Date:
      - Tue, 22 Apr 2025 03:54:33 GMT
      ETag:
      - W/"e1e8713576c1c3beb341b3c66b3b3eb6"
      NEL:
      - '{"success_fraction":0.01,"report_to":"cf-nel","max_age":604800}'
      Report-To:
      - '{"endpoints":[{"url":"https:\/\/a.nel.cloudflare.com\/report\/v4?s=eH%2BT6y707njmkL%2B1NiasR3JJytyX5PUMMYmgZB3Oaayps6Dbdu7%2BJk0cGmNDLwMspArD%2FwjhZKT%2BiBWWSu9MnStTWLbbexpFnSnU28EWqyd7qZGib966bYEt%2FNM%3D"}],"group":"cf-nel","max_age":604800}'
      Server:
      - cloudflare
      Set-Cookie: ''
      Strict-Transport-Security:
      - max-age=31536000
      Vary:
      - Origin, Accept-Encoding
      content-security-policy:
      - default-src 'none'
      gitlab-lb:
      - haproxy-main-19-lb-gprd
      gitlab-sv:
      - api-gke-us-east1-b
      referrer-policy:
      - strict-origin-when-cross-origin
      x-content-type-options:
      - nosniff
      x-frame-options:
      - SAMEORIGIN
      x-gitlab-meta:
      - '{"correlation_id":"a6445f1abea49eb7eb40760dba0997eb","version":"1"}'
      x-request-id:
      - a6445f1abea49eb7eb40760dba0997eb
      x-runtime:
      - '0.502482'
    status:
      code: 201
      message: Created
version: 1
