interactions:
- request:
    body: null
    headers:
      Accept:
      - '*/*'
      Accept-Encoding:
      - gzip, deflate
      Connection:
      - keep-alive
      User-Agent:
      - python-requests/2.31.0
    method: GET
    uri: https://pagure.io/api/0/protop2g-test-srce
  response:
    body:
      string: "{\n  \"access_groups\": {\n    \"admin\": [], \n    \"collaborator\":
        [], \n    \"commit\": [], \n    \"ticket\": []\n  }, \n  \"access_users\":
        {\n    \"admin\": [], \n    \"collaborator\": [], \n    \"commit\": [], \n
        \   \"owner\": [\n      \"t0xic0der\"\n    ], \n    \"ticket\": []\n  }, \n
        \ \"close_status\": [], \n  \"custom_keys\": [], \n  \"date_created\": \"1697168063\",
        \n  \"date_modified\": \"1697168063\", \n  \"description\": \"The source namespace
        for the Pagure Exporter project to run tests against\", \n  \"full_url\":
        \"https://pagure.io/protop2g-test-srce\", \n  \"fullname\": \"protop2g-test-srce\",
        \n  \"id\": 17042, \n  \"milestones\": {}, \n  \"name\": \"protop2g-test-srce\",
        \n  \"namespace\": null, \n  \"parent\": null, \n  \"priorities\": {}, \n
        \ \"tags\": [], \n  \"url_path\": \"protop2g-test-srce\", \n  \"user\": {\n
        \   \"full_url\": \"https://pagure.io/user/t0xic0der\", \n    \"fullname\":
        \"Akashdeep Dhar\", \n    \"name\": \"t0xic0der\", \n    \"url_path\": \"user/t0xic0der\"\n
        \ }\n}\n"
    headers:
      Connection:
      - Upgrade, Keep-Alive
      Content-Length:
      - '902'
      Content-Security-Policy:
      - default-src 'self';script-src 'self' 'nonce-ttAyMp568SgBlNfhH5kL2U8o2'; style-src
        'self' 'nonce-ttAyMp568SgBlNfhH5kL2U8o2'; object-src 'none';base-uri 'self';img-src
        'self' https:;connect-src 'self' https://pagure.io:8088;frame-src https://docs.pagure.org;frame-ancestors
        https://pagure.io;
      Content-Type:
      - application/json
      Date:
      - Mon, 04 Mar 2024 11:23:06 GMT
      Keep-Alive:
      - timeout=5, max=100
      Referrer-Policy:
      - same-origin
      Server:
      - Apache/2.4.37 (Red Hat Enterprise Linux) OpenSSL/1.1.1k mod_wsgi/4.6.4 Python/3.6
      Set-Cookie: ''
      Strict-Transport-Security:
      - max-age=31536000; includeSubDomains; preload
      Upgrade:
      - h2,h2c
      X-Content-Type-Options:
      - nosniff
      X-Frame-Options:
      - ALLOW-FROM https://pagure.io/
      X-Xss-Protection:
      - 1; mode=block
    status:
      code: 200
      message: OK
- request:
    body: null
    headers:
      Accept:
      - '*/*'
      Accept-Encoding:
      - gzip, deflate
      Connection:
      - keep-alive
      Content-type:
      - application/json
      User-Agent:
      - python-gitlab/4.4.0
    method: GET
    uri: https://gitlab.com/api/v4/projects/42823949
  response:
    body:
      string: '{"id":42823949,"description":null,"name":"protop2g-test","name_with_namespace":"Akashdeep
        Dhar / protop2g-test","path":"protop2g-test","path_with_namespace":"gridhead/protop2g-test","created_at":"2023-01-23T16:18:30.217Z","default_branch":"main","tag_list":[],"topics":[],"ssh_url_to_repo":"git@gitlab.com:gridhead/protop2g-test.git","http_url_to_repo":"https://gitlab.com/gridhead/protop2g-test.git","web_url":"https://gitlab.com/gridhead/protop2g-test","readme_url":"https://gitlab.com/gridhead/protop2g-test/-/blob/main/README.md","forks_count":0,"avatar_url":null,"star_count":0,"last_activity_at":"2024-03-04T11:20:52.799Z","namespace":{"id":13984834,"name":"Akashdeep
        Dhar","path":"gridhead","kind":"user","full_path":"gridhead","parent_id":null,"avatar_url":"https://secure.gravatar.com/avatar/e412343841597e2fb1e952dd2b1077fc95537604ce04a27c5bfb94bdb0dc3da8?s=80\u0026d=identicon","web_url":"https://gitlab.com/gridhead"},"container_registry_image_prefix":"registry.gitlab.com/gridhead/protop2g-test","_links":{"self":"https://gitlab.com/api/v4/projects/42823949","issues":"https://gitlab.com/api/v4/projects/42823949/issues","merge_requests":"https://gitlab.com/api/v4/projects/42823949/merge_requests","repo_branches":"https://gitlab.com/api/v4/projects/42823949/repository/branches","labels":"https://gitlab.com/api/v4/projects/42823949/labels","events":"https://gitlab.com/api/v4/projects/42823949/events","members":"https://gitlab.com/api/v4/projects/42823949/members","cluster_agents":"https://gitlab.com/api/v4/projects/42823949/cluster_agents"},"packages_enabled":true,"empty_repo":false,"archived":false,"visibility":"public","owner":{"id":10115999,"username":"gridhead","name":"Akashdeep
        Dhar","state":"active","locked":false,"avatar_url":"https://secure.gravatar.com/avatar/e412343841597e2fb1e952dd2b1077fc95537604ce04a27c5bfb94bdb0dc3da8?s=80\u0026d=identicon","web_url":"https://gitlab.com/gridhead"},"resolve_outdated_diff_discussions":false,"container_expiration_policy":{"cadence":"1d","enabled":false,"keep_n":10,"older_than":"90d","name_regex":".*","name_regex_keep":null,"next_run_at":"2023-01-24T16:18:30.271Z"},"repository_object_format":"sha1","issues_enabled":true,"merge_requests_enabled":true,"wiki_enabled":true,"jobs_enabled":true,"snippets_enabled":true,"container_registry_enabled":true,"service_desk_enabled":true,"service_desk_address":"contact-project+gridhead-protop2g-test-42823949-issue-@incoming.gitlab.com","can_create_merge_request_in":true,"issues_access_level":"enabled","repository_access_level":"enabled","merge_requests_access_level":"enabled","forking_access_level":"enabled","wiki_access_level":"enabled","builds_access_level":"enabled","snippets_access_level":"enabled","pages_access_level":"enabled","analytics_access_level":"enabled","container_registry_access_level":"enabled","security_and_compliance_access_level":"private","releases_access_level":"private","environments_access_level":"enabled","feature_flags_access_level":"private","infrastructure_access_level":"private","monitor_access_level":"enabled","model_experiments_access_level":"enabled","model_registry_access_level":"enabled","emails_disabled":false,"emails_enabled":true,"shared_runners_enabled":true,"lfs_enabled":true,"creator_id":10115999,"import_url":null,"import_type":null,"import_status":"none","import_error":null,"open_issues_count":23,"description_html":"","updated_at":"2024-03-04T11:20:52.799Z","ci_default_git_depth":20,"ci_forward_deployment_enabled":true,"ci_forward_deployment_rollback_allowed":true,"ci_job_token_scope_enabled":false,"ci_separated_caches":true,"ci_allow_fork_pipelines_to_run_in_parent_project":true,"build_git_strategy":"fetch","keep_latest_artifact":true,"restrict_user_defined_variables":false,"runners_token":"GR1348941S11UuXmU2P9KZ9wAZhCB","runner_token_expiration_interval":null,"group_runners_enabled":true,"auto_cancel_pending_pipelines":"enabled","build_timeout":3600,"auto_devops_enabled":false,"auto_devops_deploy_strategy":"continuous","ci_config_path":"","public_jobs":true,"shared_with_groups":[],"only_allow_merge_if_pipeline_succeeds":false,"allow_merge_on_skipped_pipeline":null,"request_access_enabled":true,"only_allow_merge_if_all_discussions_are_resolved":false,"remove_source_branch_after_merge":true,"printing_merge_request_link_enabled":true,"merge_method":"merge","squash_option":"default_off","enforce_auth_checks_on_uploads":true,"suggestion_commit_message":null,"merge_commit_template":null,"squash_commit_template":null,"issue_branch_template":null,"warn_about_potentially_unwanted_characters":true,"autoclose_referenced_issues":true,"external_authorization_classification_label":"","requirements_enabled":false,"requirements_access_level":"enabled","security_and_compliance_enabled":true,"compliance_frameworks":[],"permissions":{"project_access":{"access_level":50,"notification_level":3},"group_access":null}}'
    headers:
      CF-Cache-Status:
      - MISS
      CF-RAY:
      - 85f17e072ca794be-CCU
      Connection:
      - keep-alive
      Content-Encoding:
      - gzip
      Content-Type:
      - application/json
      Date:
      - Mon, 04 Mar 2024 11:23:07 GMT
      NEL:
      - '{"success_fraction":0.01,"report_to":"cf-nel","max_age":604800}'
      Report-To:
      - '{"endpoints":[{"url":"https:\/\/a.nel.cloudflare.com\/report\/v3?s=9Y3WHpIr0pYGJg1U%2BKBuEI3CA8Vdg44u3krQIOZBx6gNgsOOyy2cQ4Bie7BF0S%2FQTROnxAawIK0lY%2B4SQlRblivPk%2Btl%2Bezt99Iod5AT%2FJRJAneZhC21L1bS01dnve1eI0LZBlLFEvE%3D"}],"group":"cf-nel","max_age":604800}'
      Server:
      - cloudflare
      Set-Cookie: ''
      Transfer-Encoding:
      - chunked
      cache-control:
      - max-age=0, private, must-revalidate
      content-security-policy:
      - default-src 'none'
      etag:
      - W/"da49438423aa7af56a59d21a4b2e4a5e"
      gitlab-lb:
      - haproxy-main-15-lb-gprd
      gitlab-sv:
      - api-gke-us-east1-b
      referrer-policy:
      - strict-origin-when-cross-origin
      strict-transport-security:
      - max-age=31536000
      vary:
      - Origin, Accept-Encoding
      x-content-type-options:
      - nosniff
      x-frame-options:
      - SAMEORIGIN
      x-gitlab-meta:
      - '{"correlation_id":"32e522d2f46852d79242298709868a52","version":"1"}'
      x-request-id:
      - 32e522d2f46852d79242298709868a52
      x-runtime:
      - '0.124104'
    status:
      code: 200
      message: OK
- request:
    body: null
    headers:
      Accept:
      - '*/*'
      Accept-Encoding:
      - gzip, deflate
      Connection:
      - keep-alive
      User-Agent:
      - python-requests/2.31.0
    method: GET
    uri: https://pagure.io/api/0/protop2g-test-srce/issues?per_page=35&page=1
  response:
    body:
      string: "{\n  \"args\": {\n    \"assignee\": null, \n    \"author\": null, \n
        \   \"milestones\": [], \n    \"no_stones\": null, \n    \"order\": null,
        \n    \"priority\": null, \n    \"since\": null, \n    \"status\": null, \n
        \   \"tags\": []\n  }, \n  \"issues\": [\n    {\n      \"assignee\": null,
        \n      \"blocks\": [], \n      \"close_status\": null, \n      \"closed_at\":
        null, \n      \"closed_by\": null, \n      \"comments\": [\n        {\n          \"comment\":
        \"This is the first comment under the third test issue\", \n          \"date_created\":
        \"1700553880\", \n          \"edited_on\": null, \n          \"editor\": null,
        \n          \"id\": 885229, \n          \"notification\": false, \n          \"parent\":
        null, \n          \"reactions\": {}, \n          \"user\": {\n            \"full_url\":
        \"https://pagure.io/user/t0xic0der\", \n            \"fullname\": \"Akashdeep
        Dhar\", \n            \"name\": \"t0xic0der\", \n            \"url_path\":
        \"user/t0xic0der\"\n          }\n        }, \n        {\n          \"comment\":
        \"This is the second comment under the third test issue\", \n          \"date_created\":
        \"1700553892\", \n          \"edited_on\": null, \n          \"editor\": null,
        \n          \"id\": 885230, \n          \"notification\": false, \n          \"parent\":
        null, \n          \"reactions\": {}, \n          \"user\": {\n            \"full_url\":
        \"https://pagure.io/user/t0xic0der\", \n            \"fullname\": \"Akashdeep
        Dhar\", \n            \"name\": \"t0xic0der\", \n            \"url_path\":
        \"user/t0xic0der\"\n          }\n        }\n      ], \n      \"content\":
        \"This is the body of the third test issue\", \n      \"custom_fields\": [],
        \n      \"date_created\": \"1700553837\", \n      \"depends\": [], \n      \"full_url\":
        \"https://pagure.io/protop2g-test-srce/issue/3\", \n      \"id\": 3, \n      \"last_updated\":
        \"1700553892\", \n      \"milestone\": null, \n      \"priority\": null, \n
        \     \"private\": true, \n      \"related_prs\": [], \n      \"status\":
        \"Open\", \n      \"tags\": [\n        \"eeee\", \n        \"ffff\"\n      ],
        \n      \"title\": \"This is the title of the third test issue\", \n      \"user\":
        {\n        \"full_url\": \"https://pagure.io/user/t0xic0der\", \n        \"fullname\":
        \"Akashdeep Dhar\", \n        \"name\": \"t0xic0der\", \n        \"url_path\":
        \"user/t0xic0der\"\n      }\n    }, \n    {\n      \"assignee\": null, \n
        \     \"blocks\": [], \n      \"close_status\": null, \n      \"closed_at\":
        null, \n      \"closed_by\": null, \n      \"comments\": [\n        {\n          \"comment\":
        \"**Metadata Update from @t0xic0der**:\\n- Issue tagged with: aaaa, bbbb\",
        \n          \"date_created\": \"1697169699\", \n          \"edited_on\": null,
        \n          \"editor\": null, \n          \"id\": 878471, \n          \"notification\":
        true, \n          \"parent\": null, \n          \"reactions\": {}, \n          \"user\":
        {\n            \"full_url\": \"https://pagure.io/user/t0xic0der\", \n            \"fullname\":
        \"Akashdeep Dhar\", \n            \"name\": \"t0xic0der\", \n            \"url_path\":
        \"user/t0xic0der\"\n          }\n        }, \n        {\n          \"comment\":
        \"This is the first comment under the first test issue\", \n          \"date_created\":
        \"1697169880\", \n          \"edited_on\": null, \n          \"editor\": null,
        \n          \"id\": 878473, \n          \"notification\": false, \n          \"parent\":
        null, \n          \"reactions\": {}, \n          \"user\": {\n            \"full_url\":
        \"https://pagure.io/user/t0xic0der\", \n            \"fullname\": \"Akashdeep
        Dhar\", \n            \"name\": \"t0xic0der\", \n            \"url_path\":
        \"user/t0xic0der\"\n          }\n        }, \n        {\n          \"comment\":
        \"This is the second comment under the first test issue\", \n          \"date_created\":
        \"1697169924\", \n          \"edited_on\": null, \n          \"editor\": null,
        \n          \"id\": 878474, \n          \"notification\": false, \n          \"parent\":
        null, \n          \"reactions\": {}, \n          \"user\": {\n            \"full_url\":
        \"https://pagure.io/user/t0xic0der\", \n            \"fullname\": \"Akashdeep
        Dhar\", \n            \"name\": \"t0xic0der\", \n            \"url_path\":
        \"user/t0xic0der\"\n          }\n        }\n      ], \n      \"content\":
        \"This is the body of the first test issue\", \n      \"custom_fields\": [],
        \n      \"date_created\": \"1697169462\", \n      \"depends\": [], \n      \"full_url\":
        \"https://pagure.io/protop2g-test-srce/issue/1\", \n      \"id\": 1, \n      \"last_updated\":
        \"1697169924\", \n      \"milestone\": null, \n      \"priority\": null, \n
        \     \"private\": false, \n      \"related_prs\": [], \n      \"status\":
        \"Open\", \n      \"tags\": [\n        \"aaaa\", \n        \"bbbb\"\n      ],
        \n      \"title\": \"This is the title of the first test issue\", \n      \"user\":
        {\n        \"full_url\": \"https://pagure.io/user/t0xic0der\", \n        \"fullname\":
        \"Akashdeep Dhar\", \n        \"name\": \"t0xic0der\", \n        \"url_path\":
        \"user/t0xic0der\"\n      }\n    }\n  ], \n  \"pagination\": {\n    \"first\":
        \"https://pagure.io/api/0/protop2g-test-srce/issues?per_page=35&page=1\",
        \n    \"last\": \"https://pagure.io/api/0/protop2g-test-srce/issues?per_page=35&page=1\",
        \n    \"next\": null, \n    \"page\": 1, \n    \"pages\": 1, \n    \"per_page\":
        35, \n    \"prev\": null\n  }, \n  \"total_issues\": 2\n}\n"
    headers:
      Connection:
      - Upgrade, Keep-Alive
      Content-Length:
      - '4909'
      Content-Security-Policy:
      - default-src 'self';script-src 'self' 'nonce-u61WViPqf6aVAmHYfRwhDbXJu'; style-src
        'self' 'nonce-u61WViPqf6aVAmHYfRwhDbXJu'; object-src 'none';base-uri 'self';img-src
        'self' https:;connect-src 'self' https://pagure.io:8088;frame-src https://docs.pagure.org;frame-ancestors
        https://pagure.io;
      Content-Type:
      - application/json
      Date:
      - Mon, 04 Mar 2024 11:23:09 GMT
      Keep-Alive:
      - timeout=5, max=100
      Referrer-Policy:
      - same-origin
      Server:
      - Apache/2.4.37 (Red Hat Enterprise Linux) OpenSSL/1.1.1k mod_wsgi/4.6.4 Python/3.6
      Set-Cookie: ''
      Strict-Transport-Security:
      - max-age=31536000; includeSubDomains; preload
      Upgrade:
      - h2,h2c
      X-Content-Type-Options:
      - nosniff
      X-Frame-Options:
      - ALLOW-FROM https://pagure.io/
      X-Xss-Protection:
      - 1; mode=block
    status:
      code: 200
      message: OK
- request:
    body: null
    headers:
      Accept:
      - '*/*'
      Accept-Encoding:
      - gzip, deflate
      Connection:
      - keep-alive
      User-Agent:
      - python-requests/2.31.0
    method: GET
    uri: https://pagure.io/api/0/protop2g-test-srce/issues?per_page=35&page=1
  response:
    body:
      string: "{\n  \"args\": {\n    \"assignee\": null, \n    \"author\": null, \n
        \   \"milestones\": [], \n    \"no_stones\": null, \n    \"order\": null,
        \n    \"priority\": null, \n    \"since\": null, \n    \"status\": null, \n
        \   \"tags\": []\n  }, \n  \"issues\": [\n    {\n      \"assignee\": null,
        \n      \"blocks\": [], \n      \"close_status\": null, \n      \"closed_at\":
        null, \n      \"closed_by\": null, \n      \"comments\": [\n        {\n          \"comment\":
        \"This is the first comment under the third test issue\", \n          \"date_created\":
        \"1700553880\", \n          \"edited_on\": null, \n          \"editor\": null,
        \n          \"id\": 885229, \n          \"notification\": false, \n          \"parent\":
        null, \n          \"reactions\": {}, \n          \"user\": {\n            \"full_url\":
        \"https://pagure.io/user/t0xic0der\", \n            \"fullname\": \"Akashdeep
        Dhar\", \n            \"name\": \"t0xic0der\", \n            \"url_path\":
        \"user/t0xic0der\"\n          }\n        }, \n        {\n          \"comment\":
        \"This is the second comment under the third test issue\", \n          \"date_created\":
        \"1700553892\", \n          \"edited_on\": null, \n          \"editor\": null,
        \n          \"id\": 885230, \n          \"notification\": false, \n          \"parent\":
        null, \n          \"reactions\": {}, \n          \"user\": {\n            \"full_url\":
        \"https://pagure.io/user/t0xic0der\", \n            \"fullname\": \"Akashdeep
        Dhar\", \n            \"name\": \"t0xic0der\", \n            \"url_path\":
        \"user/t0xic0der\"\n          }\n        }\n      ], \n      \"content\":
        \"This is the body of the third test issue\", \n      \"custom_fields\": [],
        \n      \"date_created\": \"1700553837\", \n      \"depends\": [], \n      \"full_url\":
        \"https://pagure.io/protop2g-test-srce/issue/3\", \n      \"id\": 3, \n      \"last_updated\":
        \"1700553892\", \n      \"milestone\": null, \n      \"priority\": null, \n
        \     \"private\": true, \n      \"related_prs\": [], \n      \"status\":
        \"Open\", \n      \"tags\": [\n        \"eeee\", \n        \"ffff\"\n      ],
        \n      \"title\": \"This is the title of the third test issue\", \n      \"user\":
        {\n        \"full_url\": \"https://pagure.io/user/t0xic0der\", \n        \"fullname\":
        \"Akashdeep Dhar\", \n        \"name\": \"t0xic0der\", \n        \"url_path\":
        \"user/t0xic0der\"\n      }\n    }, \n    {\n      \"assignee\": null, \n
        \     \"blocks\": [], \n      \"close_status\": null, \n      \"closed_at\":
        null, \n      \"closed_by\": null, \n      \"comments\": [\n        {\n          \"comment\":
        \"**Metadata Update from @t0xic0der**:\\n- Issue tagged with: aaaa, bbbb\",
        \n          \"date_created\": \"1697169699\", \n          \"edited_on\": null,
        \n          \"editor\": null, \n          \"id\": 878471, \n          \"notification\":
        true, \n          \"parent\": null, \n          \"reactions\": {}, \n          \"user\":
        {\n            \"full_url\": \"https://pagure.io/user/t0xic0der\", \n            \"fullname\":
        \"Akashdeep Dhar\", \n            \"name\": \"t0xic0der\", \n            \"url_path\":
        \"user/t0xic0der\"\n          }\n        }, \n        {\n          \"comment\":
        \"This is the first comment under the first test issue\", \n          \"date_created\":
        \"1697169880\", \n          \"edited_on\": null, \n          \"editor\": null,
        \n          \"id\": 878473, \n          \"notification\": false, \n          \"parent\":
        null, \n          \"reactions\": {}, \n          \"user\": {\n            \"full_url\":
        \"https://pagure.io/user/t0xic0der\", \n            \"fullname\": \"Akashdeep
        Dhar\", \n            \"name\": \"t0xic0der\", \n            \"url_path\":
        \"user/t0xic0der\"\n          }\n        }, \n        {\n          \"comment\":
        \"This is the second comment under the first test issue\", \n          \"date_created\":
        \"1697169924\", \n          \"edited_on\": null, \n          \"editor\": null,
        \n          \"id\": 878474, \n          \"notification\": false, \n          \"parent\":
        null, \n          \"reactions\": {}, \n          \"user\": {\n            \"full_url\":
        \"https://pagure.io/user/t0xic0der\", \n            \"fullname\": \"Akashdeep
        Dhar\", \n            \"name\": \"t0xic0der\", \n            \"url_path\":
        \"user/t0xic0der\"\n          }\n        }\n      ], \n      \"content\":
        \"This is the body of the first test issue\", \n      \"custom_fields\": [],
        \n      \"date_created\": \"1697169462\", \n      \"depends\": [], \n      \"full_url\":
        \"https://pagure.io/protop2g-test-srce/issue/1\", \n      \"id\": 1, \n      \"last_updated\":
        \"1697169924\", \n      \"milestone\": null, \n      \"priority\": null, \n
        \     \"private\": false, \n      \"related_prs\": [], \n      \"status\":
        \"Open\", \n      \"tags\": [\n        \"aaaa\", \n        \"bbbb\"\n      ],
        \n      \"title\": \"This is the title of the first test issue\", \n      \"user\":
        {\n        \"full_url\": \"https://pagure.io/user/t0xic0der\", \n        \"fullname\":
        \"Akashdeep Dhar\", \n        \"name\": \"t0xic0der\", \n        \"url_path\":
        \"user/t0xic0der\"\n      }\n    }\n  ], \n  \"pagination\": {\n    \"first\":
        \"https://pagure.io/api/0/protop2g-test-srce/issues?per_page=35&page=1\",
        \n    \"last\": \"https://pagure.io/api/0/protop2g-test-srce/issues?per_page=35&page=1\",
        \n    \"next\": null, \n    \"page\": 1, \n    \"pages\": 1, \n    \"per_page\":
        35, \n    \"prev\": null\n  }, \n  \"total_issues\": 2\n}\n"
    headers:
      Connection:
      - Upgrade, Keep-Alive
      Content-Length:
      - '4909'
      Content-Security-Policy:
      - default-src 'self';script-src 'self' 'nonce-rBzXFrkfJ9n5rJ13hqD6trdKJ'; style-src
        'self' 'nonce-rBzXFrkfJ9n5rJ13hqD6trdKJ'; object-src 'none';base-uri 'self';img-src
        'self' https:;connect-src 'self' https://pagure.io:8088;frame-src https://docs.pagure.org;frame-ancestors
        https://pagure.io;
      Content-Type:
      - application/json
      Date:
      - Mon, 04 Mar 2024 11:23:10 GMT
      Keep-Alive:
      - timeout=5, max=100
      Referrer-Policy:
      - same-origin
      Server:
      - Apache/2.4.37 (Red Hat Enterprise Linux) OpenSSL/1.1.1k mod_wsgi/4.6.4 Python/3.6
      Set-Cookie: ''
      Strict-Transport-Security:
      - max-age=31536000; includeSubDomains; preload
      Upgrade:
      - h2,h2c
      X-Content-Type-Options:
      - nosniff
      X-Frame-Options:
      - ALLOW-FROM https://pagure.io/
      X-Xss-Protection:
      - 1; mode=block
    status:
      code: 200
      message: OK
- request:
    body: '{"title": "[SN#3] This is the title of the third test issue", "description":
      "\nThis is the body of the third test issue\n\n_This issue ticket was originally
      created [here](https://pagure.io/protop2g-test-srce/issue/3) on a Pagure repository,\n[**protop2g-test-srce**](https://pagure.io/protop2g-test-srce)
      by [**Akashdeep Dhar**](https://pagure.io/user/t0xic0der) on\n[**Tue Nov 21
      08:03:57 2023** UTC](https://savvytime.com/converter/utc/nov-21-2023/08-03)._\n\n_This
      issue ticket was automatically created by the\n[**Pagure Exporter**](https://github.com/gridhead/pagure-exporter)._\n"}'
    headers:
      Accept:
      - '*/*'
      Accept-Encoding:
      - gzip, deflate
      Connection:
      - keep-alive
      Content-Length:
      - '589'
      Content-type:
      - application/json
      Cookie:
      - _cfuvid=j7igI2PnNPHNHDkDXwfUiVUDuYBC4S9CakvUwV_yxyM-1709551387332-0.0.1.1-604800000
      User-Agent:
      - python-gitlab/4.4.0
    method: POST
    uri: https://gitlab.com/api/v4/projects/42823949/issues
  response:
    body:
      string: '{"id":142912465,"iid":13535,"project_id":42823949,"title":"[SN#3] This
        is the title of the third test issue","description":"\nThis is the body of
        the third test issue\n\n_This issue ticket was originally created [here](https://pagure.io/protop2g-test-srce/issue/3)
        on a Pagure repository,\n[**protop2g-test-srce**](https://pagure.io/protop2g-test-srce)
        by [**Akashdeep Dhar**](https://pagure.io/user/t0xic0der) on\n[**Tue Nov 21
        08:03:57 2023** UTC](https://savvytime.com/converter/utc/nov-21-2023/08-03)._\n\n_This
        issue ticket was automatically created by the\n[**Pagure Exporter**](https://github.com/gridhead/pagure-exporter)._","state":"opened","created_at":"2024-03-04T11:23:11.281Z","updated_at":"2024-03-04T11:23:11.281Z","closed_at":null,"closed_by":null,"labels":[],"milestone":null,"assignees":[],"author":{"id":20210877,"username":"project_42823949_bot_23a338f5a77ff65fbe998fe3b9b3be40","name":"python-gitlab
        testing token for protop2g-test","state":"active","locked":false,"avatar_url":"https://secure.gravatar.com/avatar/af058ecaa20884749a3ce04c609cf7bcfc97ae3df418b9bab81d027921a138cf?s=80\u0026d=identicon","web_url":"https://gitlab.com/project_42823949_bot_23a338f5a77ff65fbe998fe3b9b3be40"},"type":"ISSUE","assignee":null,"user_notes_count":0,"merge_requests_count":0,"upvotes":0,"downvotes":0,"due_date":null,"confidential":false,"discussion_locked":null,"issue_type":"issue","web_url":"https://gitlab.com/gridhead/protop2g-test/-/issues/13535","time_stats":{"time_estimate":0,"total_time_spent":0,"human_time_estimate":null,"human_total_time_spent":null},"task_completion_status":{"count":0,"completed_count":0},"blocking_issues_count":0,"has_tasks":true,"task_status":"0
        of 0 checklist items completed","_links":{"self":"https://gitlab.com/api/v4/projects/42823949/issues/13535","notes":"https://gitlab.com/api/v4/projects/42823949/issues/13535/notes","award_emoji":"https://gitlab.com/api/v4/projects/42823949/issues/13535/award_emoji","project":"https://gitlab.com/api/v4/projects/42823949","closed_as_duplicate_of":null},"references":{"short":"#13535","relative":"#13535","full":"gridhead/protop2g-test#13535"},"severity":"UNKNOWN","subscribed":true,"moved_to_id":null,"service_desk_reply_to":null}'
    headers:
      CF-Cache-Status:
      - DYNAMIC
      CF-RAY:
      - 85f17e20af5a93c2-CCU
      Connection:
      - keep-alive
      Content-Length:
      - '2222'
      Content-Type:
      - application/json
      Date:
      - Mon, 04 Mar 2024 11:23:11 GMT
      NEL:
      - '{"success_fraction":0.01,"report_to":"cf-nel","max_age":604800}'
      Report-To:
      - '{"endpoints":[{"url":"https:\/\/a.nel.cloudflare.com\/report\/v3?s=rsA84BTW82ThUwyURR4rAN6%2BrRh2n70YXkZLOE6ilM%2Bx2SA%2FCjnlVUZ8OfAcoRrgnEYc8Ncu8CSPf%2FWhegPTOMq6zwmiXYn1GyOR7YLDr0jXwE206K1lOvuSOWT%2F0N9hE8q9kglO%2Feg%3D"}],"group":"cf-nel","max_age":604800}'
      Server:
      - cloudflare
      Set-Cookie: ''
      cache-control:
      - max-age=0, private, must-revalidate
      content-security-policy:
      - default-src 'none'
      etag:
      - W/"abe48da93ce2edacd58772e0d6391938"
      gitlab-lb:
      - haproxy-main-07-lb-gprd
      gitlab-sv:
      - api-gke-us-east1-c
      referrer-policy:
      - strict-origin-when-cross-origin
      strict-transport-security:
      - max-age=31536000
      vary:
      - Origin
      x-content-type-options:
      - nosniff
      x-frame-options:
      - SAMEORIGIN
      x-gitlab-meta:
      - '{"correlation_id":"b7146d0580c7c352f96f34442b02f1fa","version":"1"}'
      x-request-id:
      - b7146d0580c7c352f96f34442b02f1fa
      x-runtime:
      - '0.892341'
    status:
      code: 201
      message: Created
- request:
    body: null
    headers:
      Accept:
      - '*/*'
      Accept-Encoding:
      - gzip, deflate
      Connection:
      - keep-alive
      Content-type:
      - application/json
      Cookie:
      - _cfuvid=j7igI2PnNPHNHDkDXwfUiVUDuYBC4S9CakvUwV_yxyM-1709551387332-0.0.1.1-604800000
      User-Agent:
      - python-gitlab/4.4.0
    method: GET
    uri: https://gitlab.com/api/v4/projects/42823949/issues/13535
  response:
    body:
      string: '{"id":142912465,"iid":13535,"project_id":42823949,"title":"[SN#3] This
        is the title of the third test issue","description":"\nThis is the body of
        the third test issue\n\n_This issue ticket was originally created [here](https://pagure.io/protop2g-test-srce/issue/3)
        on a Pagure repository,\n[**protop2g-test-srce**](https://pagure.io/protop2g-test-srce)
        by [**Akashdeep Dhar**](https://pagure.io/user/t0xic0der) on\n[**Tue Nov 21
        08:03:57 2023** UTC](https://savvytime.com/converter/utc/nov-21-2023/08-03)._\n\n_This
        issue ticket was automatically created by the\n[**Pagure Exporter**](https://github.com/gridhead/pagure-exporter)._","state":"opened","created_at":"2024-03-04T11:23:11.281Z","updated_at":"2024-03-04T11:23:11.281Z","closed_at":null,"closed_by":null,"labels":[],"milestone":null,"assignees":[],"author":{"id":20210877,"username":"project_42823949_bot_23a338f5a77ff65fbe998fe3b9b3be40","name":"python-gitlab
        testing token for protop2g-test","state":"active","locked":false,"avatar_url":"https://secure.gravatar.com/avatar/af058ecaa20884749a3ce04c609cf7bcfc97ae3df418b9bab81d027921a138cf?s=80\u0026d=identicon","web_url":"https://gitlab.com/project_42823949_bot_23a338f5a77ff65fbe998fe3b9b3be40"},"type":"ISSUE","assignee":null,"user_notes_count":0,"merge_requests_count":0,"upvotes":0,"downvotes":0,"due_date":null,"confidential":false,"discussion_locked":null,"issue_type":"issue","web_url":"https://gitlab.com/gridhead/protop2g-test/-/issues/13535","time_stats":{"time_estimate":0,"total_time_spent":0,"human_time_estimate":null,"human_total_time_spent":null},"task_completion_status":{"count":0,"completed_count":0},"blocking_issues_count":0,"has_tasks":true,"task_status":"0
        of 0 checklist items completed","_links":{"self":"https://gitlab.com/api/v4/projects/42823949/issues/13535","notes":"https://gitlab.com/api/v4/projects/42823949/issues/13535/notes","award_emoji":"https://gitlab.com/api/v4/projects/42823949/issues/13535/award_emoji","project":"https://gitlab.com/api/v4/projects/42823949","closed_as_duplicate_of":null},"references":{"short":"#13535","relative":"#13535","full":"gridhead/protop2g-test#13535"},"severity":"UNKNOWN","subscribed":true,"moved_to_id":null,"service_desk_reply_to":null}'
    headers:
      CF-Cache-Status:
      - MISS
      CF-RAY:
      - 85f17e28fcc194b9-CCU
      Connection:
      - keep-alive
      Content-Encoding:
      - gzip
      Content-Type:
      - application/json
      Date:
      - Mon, 04 Mar 2024 11:23:12 GMT
      NEL:
      - '{"success_fraction":0.01,"report_to":"cf-nel","max_age":604800}'
      Report-To:
      - '{"endpoints":[{"url":"https:\/\/a.nel.cloudflare.com\/report\/v3?s=IbwRPCRTNImXgIp6hzWKo5E%2B%2FWOacZep1mM7tZ7FiOBTB9KFSb9TGXIHjhuGG6QgOnNdcm1T7FcWqQpAJCciIbiHylxEQuA%2BYRo7QjjHwE69wLDT4EUL86hSzM82vvuNvqess67gmFU%3D"}],"group":"cf-nel","max_age":604800}'
      Server:
      - cloudflare
      Set-Cookie: ''
      Transfer-Encoding:
      - chunked
      cache-control:
      - max-age=0, private, must-revalidate
      content-security-policy:
      - default-src 'none'
      etag:
      - W/"abe48da93ce2edacd58772e0d6391938"
      gitlab-lb:
      - haproxy-main-44-lb-gprd
      gitlab-sv:
      - api-gke-us-east1-d
      referrer-policy:
      - strict-origin-when-cross-origin
      strict-transport-security:
      - max-age=31536000
      vary:
      - Origin, Accept-Encoding
      x-content-type-options:
      - nosniff
      x-frame-options:
      - SAMEORIGIN
      x-gitlab-meta:
      - '{"correlation_id":"81aa3559dbb155bbc687a061be443714","version":"1"}'
      x-request-id:
      - 81aa3559dbb155bbc687a061be443714
      x-runtime:
      - '0.166070'
    status:
      code: 200
      message: OK
- request:
    body: '{"body": "\nThis is the first comment under the third test issue\n\n_This
      comment was originally created [here](https://pagure.io/protop2g-test-srce/issue/3#comment-885229)
      by [**Akashdeep Dhar**](https://pagure.io/user/t0xic0der) under\n[this](https://pagure.io/protop2g-test-srce/issue/3)
      issue ticket on a Pagure repository, [**protop2g-test-srce**](https://pagure.io/protop2g-test-srce)
      on\n[**Tue Nov 21 08:04:40 2023** UTC](https://savvytime.com/converter/utc/nov-21-2023/08-04)._\n\n_This
      comment was automatically created by the\n[**Pagure Exporter**](https://github.com/gridhead/pagure-exporter)._\n"}'
    headers:
      Accept:
      - '*/*'
      Accept-Encoding:
      - gzip, deflate
      Connection:
      - keep-alive
      Content-Length:
      - '610'
      Content-type:
      - application/json
      Cookie:
      - _cfuvid=j7igI2PnNPHNHDkDXwfUiVUDuYBC4S9CakvUwV_yxyM-1709551387332-0.0.1.1-604800000
      User-Agent:
      - python-gitlab/4.4.0
    method: POST
    uri: https://gitlab.com/api/v4/projects/42823949/issues/13535/discussions
  response:
    body:
      string: '{"id":"4950aa2993ffb8c6b087d4780abb3b432483a981","individual_note":false,"notes":[{"id":1799291979,"type":"DiscussionNote","body":"\nThis
        is the first comment under the third test issue\n\n_This comment was originally
        created [here](https://pagure.io/protop2g-test-srce/issue/3#comment-885229)
        by [**Akashdeep Dhar**](https://pagure.io/user/t0xic0der) under\n[this](https://pagure.io/protop2g-test-srce/issue/3)
        issue ticket on a Pagure repository, [**protop2g-test-srce**](https://pagure.io/protop2g-test-srce)
        on\n[**Tue Nov 21 08:04:40 2023** UTC](https://savvytime.com/converter/utc/nov-21-2023/08-04)._\n\n_This
        comment was automatically created by the\n[**Pagure Exporter**](https://github.com/gridhead/pagure-exporter)._","attachment":null,"author":{"id":20210877,"username":"project_42823949_bot_23a338f5a77ff65fbe998fe3b9b3be40","name":"****","state":"active","locked":false,"avatar_url":"https://secure.gravatar.com/avatar/af058ecaa20884749a3ce04c609cf7bcfc97ae3df418b9bab81d027921a138cf?s=80\u0026d=identicon","web_url":"https://gitlab.com/project_42823949_bot_23a338f5a77ff65fbe998fe3b9b3be40"},"created_at":"2024-03-04T11:23:13.357Z","updated_at":"2024-03-04T11:23:13.357Z","system":false,"noteable_id":142912465,"noteable_type":"Issue","project_id":42823949,"resolvable":true,"resolved":false,"resolved_by":null,"resolved_at":null,"confidential":false,"internal":false,"noteable_iid":13535,"commands_changes":{}}]}'
    headers:
      CF-Cache-Status:
      - DYNAMIC
      CF-RAY:
      - 85f17e2d7e5393c1-CCU
      Connection:
      - keep-alive
      Content-Length:
      - '1428'
      Content-Type:
      - application/json
      Date:
      - Mon, 04 Mar 2024 11:23:13 GMT
      NEL:
      - '{"success_fraction":0.01,"report_to":"cf-nel","max_age":604800}'
      Report-To:
      - '{"endpoints":[{"url":"https:\/\/a.nel.cloudflare.com\/report\/v3?s=xJTOhfrMg%2FoBO%2BM4abmSIHM5%2FYabSTd1FnS3XEeLyLoelx%2BreKKo9h%2FPFhz8OxgyQTsfypsnCt%2Bg%2F2fVYeaS6IFX120YLWCY8RZEfLv0pxDI4QMaYEeVFb7%2FmZOn3NutPcOOEs7XZ9Y%3D"}],"group":"cf-nel","max_age":604800}'
      Server:
      - cloudflare
      Set-Cookie: ''
      cache-control:
      - max-age=0, private, must-revalidate
      content-security-policy:
      - default-src 'none'
      etag:
      - W/"ef878edcb22840fbf42f2949a2e0bab3"
      gitlab-lb:
      - haproxy-main-36-lb-gprd
      gitlab-sv:
      - api-gke-us-east1-b
      referrer-policy:
      - strict-origin-when-cross-origin
      strict-transport-security:
      - max-age=31536000
      vary:
      - Origin
      x-content-type-options:
      - nosniff
      x-frame-options:
      - SAMEORIGIN
      x-gitlab-meta:
      - '{"correlation_id":"de3200908258d6115e50eebe51d4ab1f","version":"1"}'
      x-request-id:
      - de3200908258d6115e50eebe51d4ab1f
      x-runtime:
      - '0.432937'
    status:
      code: 201
      message: Created
- request:
    body: null
    headers:
      Accept:
      - '*/*'
      Accept-Encoding:
      - gzip, deflate
      Connection:
      - keep-alive
      Content-type:
      - application/json
      Cookie:
      - _cfuvid=j7igI2PnNPHNHDkDXwfUiVUDuYBC4S9CakvUwV_yxyM-1709551387332-0.0.1.1-604800000
      User-Agent:
      - python-gitlab/4.4.0
    method: GET
    uri: https://gitlab.com/api/v4/projects/42823949/issues/13535
  response:
    body:
      string: '{"id":142912465,"iid":13535,"project_id":42823949,"title":"[SN#3] This
        is the title of the third test issue","description":"\nThis is the body of
        the third test issue\n\n_This issue ticket was originally created [here](https://pagure.io/protop2g-test-srce/issue/3)
        on a Pagure repository,\n[**protop2g-test-srce**](https://pagure.io/protop2g-test-srce)
        by [**Akashdeep Dhar**](https://pagure.io/user/t0xic0der) on\n[**Tue Nov 21
        08:03:57 2023** UTC](https://savvytime.com/converter/utc/nov-21-2023/08-03)._\n\n_This
        issue ticket was automatically created by the\n[**Pagure Exporter**](https://github.com/gridhead/pagure-exporter)._","state":"opened","created_at":"2024-03-04T11:23:11.281Z","updated_at":"2024-03-04T11:23:11.281Z","closed_at":null,"closed_by":null,"labels":[],"milestone":null,"assignees":[],"author":{"id":20210877,"username":"project_42823949_bot_23a338f5a77ff65fbe998fe3b9b3be40","name":"python-gitlab
        testing token for protop2g-test","state":"active","locked":false,"avatar_url":"https://secure.gravatar.com/avatar/af058ecaa20884749a3ce04c609cf7bcfc97ae3df418b9bab81d027921a138cf?s=80\u0026d=identicon","web_url":"https://gitlab.com/project_42823949_bot_23a338f5a77ff65fbe998fe3b9b3be40"},"type":"ISSUE","assignee":null,"user_notes_count":1,"merge_requests_count":0,"upvotes":0,"downvotes":0,"due_date":null,"confidential":false,"discussion_locked":null,"issue_type":"issue","web_url":"https://gitlab.com/gridhead/protop2g-test/-/issues/13535","time_stats":{"time_estimate":0,"total_time_spent":0,"human_time_estimate":null,"human_total_time_spent":null},"task_completion_status":{"count":0,"completed_count":0},"blocking_issues_count":0,"has_tasks":true,"task_status":"0
        of 0 checklist items completed","_links":{"self":"https://gitlab.com/api/v4/projects/42823949/issues/13535","notes":"https://gitlab.com/api/v4/projects/42823949/issues/13535/notes","award_emoji":"https://gitlab.com/api/v4/projects/42823949/issues/13535/award_emoji","project":"https://gitlab.com/api/v4/projects/42823949","closed_as_duplicate_of":null},"references":{"short":"#13535","relative":"#13535","full":"gridhead/protop2g-test#13535"},"severity":"UNKNOWN","subscribed":true,"moved_to_id":null,"service_desk_reply_to":null}'
    headers:
      CF-Cache-Status:
      - MISS
      CF-RAY:
      - 85f17e329b7d94ce-CCU
      Connection:
      - keep-alive
      Content-Encoding:
      - gzip
      Content-Type:
      - application/json
      Date:
      - Mon, 04 Mar 2024 11:23:14 GMT
      NEL:
      - '{"success_fraction":0.01,"report_to":"cf-nel","max_age":604800}'
      Report-To:
      - '{"endpoints":[{"url":"https:\/\/a.nel.cloudflare.com\/report\/v3?s=CnNUxSgvJL8RFujmS%2FK9XwQtRPejpieN3VqVYVkyx633lg1HkaRts5vyUC4ZUk%2B5COFkLR6BokN7CPXc86Y7DsCsgzp3efCJy8KSjF4TG4aVUnv7UdgA1Ob7v%2Bcx9sSHgaDuPZWo4vs%3D"}],"group":"cf-nel","max_age":604800}'
      Server:
      - cloudflare
      Set-Cookie: ''
      Transfer-Encoding:
      - chunked
      cache-control:
      - max-age=0, private, must-revalidate
      content-security-policy:
      - default-src 'none'
      etag:
      - W/"2a1ca0f7e29cfe11f33347bd6b7d87c9"
      gitlab-lb:
      - haproxy-main-05-lb-gprd
      gitlab-sv:
      - api-gke-us-east1-d
      referrer-policy:
      - strict-origin-when-cross-origin
      strict-transport-security:
      - max-age=31536000
      vary:
      - Origin, Accept-Encoding
      x-content-type-options:
      - nosniff
      x-frame-options:
      - SAMEORIGIN
      x-gitlab-meta:
      - '{"correlation_id":"988e54206274523c33dfd94b31bfea5a","version":"1"}'
      x-request-id:
      - 988e54206274523c33dfd94b31bfea5a
      x-runtime:
      - '0.231319'
    status:
      code: 200
      message: OK
- request:
    body: '{"body": "\nThis is the second comment under the third test issue\n\n_This
      comment was originally created [here](https://pagure.io/protop2g-test-srce/issue/3#comment-885230)
      by [**Akashdeep Dhar**](https://pagure.io/user/t0xic0der) under\n[this](https://pagure.io/protop2g-test-srce/issue/3)
      issue ticket on a Pagure repository, [**protop2g-test-srce**](https://pagure.io/protop2g-test-srce)
      on\n[**Tue Nov 21 08:04:52 2023** UTC](https://savvytime.com/converter/utc/nov-21-2023/08-04)._\n\n_This
      comment was automatically created by the\n[**Pagure Exporter**](https://github.com/gridhead/pagure-exporter)._\n"}'
    headers:
      Accept:
      - '*/*'
      Accept-Encoding:
      - gzip, deflate
      Connection:
      - keep-alive
      Content-Length:
      - '611'
      Content-type:
      - application/json
      Cookie:
      - _cfuvid=j7igI2PnNPHNHDkDXwfUiVUDuYBC4S9CakvUwV_yxyM-1709551387332-0.0.1.1-604800000
      User-Agent:
      - python-gitlab/4.4.0
    method: POST
    uri: https://gitlab.com/api/v4/projects/42823949/issues/13535/discussions
  response:
    body:
      string: '{"id":"cf8ee26916e33a573b92fee63f9a755bb5a0d6b6","individual_note":false,"notes":[{"id":1799292017,"type":"DiscussionNote","body":"\nThis
        is the second comment under the third test issue\n\n_This comment was originally
        created [here](https://pagure.io/protop2g-test-srce/issue/3#comment-885230)
        by [**Akashdeep Dhar**](https://pagure.io/user/t0xic0der) under\n[this](https://pagure.io/protop2g-test-srce/issue/3)
        issue ticket on a Pagure repository, [**protop2g-test-srce**](https://pagure.io/protop2g-test-srce)
        on\n[**Tue Nov 21 08:04:52 2023** UTC](https://savvytime.com/converter/utc/nov-21-2023/08-04)._\n\n_This
        comment was automatically created by the\n[**Pagure Exporter**](https://github.com/gridhead/pagure-exporter)._","attachment":null,"author":{"id":20210877,"username":"project_42823949_bot_23a338f5a77ff65fbe998fe3b9b3be40","name":"****","state":"active","locked":false,"avatar_url":"https://secure.gravatar.com/avatar/af058ecaa20884749a3ce04c609cf7bcfc97ae3df418b9bab81d027921a138cf?s=80\u0026d=identicon","web_url":"https://gitlab.com/project_42823949_bot_23a338f5a77ff65fbe998fe3b9b3be40"},"created_at":"2024-03-04T11:23:15.105Z","updated_at":"2024-03-04T11:23:15.105Z","system":false,"noteable_id":142912465,"noteable_type":"Issue","project_id":42823949,"resolvable":true,"resolved":false,"resolved_by":null,"resolved_at":null,"confidential":false,"internal":false,"noteable_iid":13535,"commands_changes":{}}]}'
    headers:
      CF-Cache-Status:
      - DYNAMIC
      CF-RAY:
      - 85f17e37caf294c4-CCU
      Connection:
      - keep-alive
      Content-Length:
      - '1429'
      Content-Type:
      - application/json
      Date:
      - Mon, 04 Mar 2024 11:23:15 GMT
      NEL:
      - '{"success_fraction":0.01,"report_to":"cf-nel","max_age":604800}'
      Report-To:
      - '{"endpoints":[{"url":"https:\/\/a.nel.cloudflare.com\/report\/v3?s=Q%2B6kmjEbE1DNEr586UBrNHeww2nxlE6hMvMHfVoiGdRSRMnsbnI%2Fa35GFyq8YuGltgDLBcVxszUIh24PwP0H9Lla8lU2duj4VkuN93bVS%2BguvmJp6rcdIh4aVsJVTNDxgbHDFPM7xoU%3D"}],"group":"cf-nel","max_age":604800}'
      Server:
      - cloudflare
      Set-Cookie: ''
      cache-control:
      - max-age=0, private, must-revalidate
      content-security-policy:
      - default-src 'none'
      etag:
      - W/"5cc47baa9056bf536a807898028733b8"
      gitlab-lb:
      - haproxy-main-48-lb-gprd
      gitlab-sv:
      - api-gke-us-east1-b
      referrer-policy:
      - strict-origin-when-cross-origin
      strict-transport-security:
      - max-age=31536000
      vary:
      - Origin
      x-content-type-options:
      - nosniff
      x-frame-options:
      - SAMEORIGIN
      x-gitlab-meta:
      - '{"correlation_id":"fad228df6520454accb964b2e7dabbb5","version":"1"}'
      x-request-id:
      - fad228df6520454accb964b2e7dabbb5
      x-runtime:
      - '0.543837'
    status:
      code: 201
      message: Created
- request:
    body: '{"title": "[SN#1] This is the title of the first test issue", "description":
      "\nThis is the body of the first test issue\n\n_This issue ticket was originally
      created [here](https://pagure.io/protop2g-test-srce/issue/1) on a Pagure repository,\n[**protop2g-test-srce**](https://pagure.io/protop2g-test-srce)
      by [**Akashdeep Dhar**](https://pagure.io/user/t0xic0der) on\n[**Fri Oct 13
      03:57:42 2023** UTC](https://savvytime.com/converter/utc/oct-13-2023/03-57)._\n\n_This
      issue ticket was automatically created by the\n[**Pagure Exporter**](https://github.com/gridhead/pagure-exporter)._\n"}'
    headers:
      Accept:
      - '*/*'
      Accept-Encoding:
      - gzip, deflate
      Connection:
      - keep-alive
      Content-Length:
      - '589'
      Content-type:
      - application/json
      Cookie:
      - _cfuvid=j7igI2PnNPHNHDkDXwfUiVUDuYBC4S9CakvUwV_yxyM-1709551387332-0.0.1.1-604800000
      User-Agent:
      - python-gitlab/4.4.0
    method: POST
    uri: https://gitlab.com/api/v4/projects/42823949/issues
  response:
    body:
      string: '{"id":142912469,"iid":13536,"project_id":42823949,"title":"[SN#1] This
        is the title of the first test issue","description":"\nThis is the body of
        the first test issue\n\n_This issue ticket was originally created [here](https://pagure.io/protop2g-test-srce/issue/1)
        on a Pagure repository,\n[**protop2g-test-srce**](https://pagure.io/protop2g-test-srce)
        by [**Akashdeep Dhar**](https://pagure.io/user/t0xic0der) on\n[**Fri Oct 13
        03:57:42 2023** UTC](https://savvytime.com/converter/utc/oct-13-2023/03-57)._\n\n_This
        issue ticket was automatically created by the\n[**Pagure Exporter**](https://github.com/gridhead/pagure-exporter)._","state":"opened","created_at":"2024-03-04T11:23:16.067Z","updated_at":"2024-03-04T11:23:16.067Z","closed_at":null,"closed_by":null,"labels":[],"milestone":null,"assignees":[],"author":{"id":20210877,"username":"project_42823949_bot_23a338f5a77ff65fbe998fe3b9b3be40","name":"python-gitlab
        testing token for protop2g-test","state":"active","locked":false,"avatar_url":"https://secure.gravatar.com/avatar/af058ecaa20884749a3ce04c609cf7bcfc97ae3df418b9bab81d027921a138cf?s=80\u0026d=identicon","web_url":"https://gitlab.com/project_42823949_bot_23a338f5a77ff65fbe998fe3b9b3be40"},"type":"ISSUE","assignee":null,"user_notes_count":0,"merge_requests_count":0,"upvotes":0,"downvotes":0,"due_date":null,"confidential":false,"discussion_locked":null,"issue_type":"issue","web_url":"https://gitlab.com/gridhead/protop2g-test/-/issues/13536","time_stats":{"time_estimate":0,"total_time_spent":0,"human_time_estimate":null,"human_total_time_spent":null},"task_completion_status":{"count":0,"completed_count":0},"blocking_issues_count":0,"has_tasks":true,"task_status":"0
        of 0 checklist items completed","_links":{"self":"https://gitlab.com/api/v4/projects/42823949/issues/13536","notes":"https://gitlab.com/api/v4/projects/42823949/issues/13536/notes","award_emoji":"https://gitlab.com/api/v4/projects/42823949/issues/13536/award_emoji","project":"https://gitlab.com/api/v4/projects/42823949","closed_as_duplicate_of":null},"references":{"short":"#13536","relative":"#13536","full":"gridhead/protop2g-test#13536"},"severity":"UNKNOWN","subscribed":true,"moved_to_id":null,"service_desk_reply_to":null}'
    headers:
      CF-Cache-Status:
      - DYNAMIC
      CF-RAY:
      - 85f17e3d8ce294b2-CCU
      Connection:
      - keep-alive
      Content-Length:
      - '2222'
      Content-Type:
      - application/json
      Date:
      - Mon, 04 Mar 2024 11:23:16 GMT
      NEL:
      - '{"success_fraction":0.01,"report_to":"cf-nel","max_age":604800}'
      Report-To:
      - '{"endpoints":[{"url":"https:\/\/a.nel.cloudflare.com\/report\/v3?s=S4ynazQI1S7DWal8%2B0ADswQ1xbvwfhhibc0rqDSskQffAz3a8KdwFwByc4VfMTeaDZNaycDOLAmogdPnkU8N1LjQK0JXoJF9Hq5%2FS0fBEG5wN%2BSVDhPhNfRWFs8M9crUQNZMNmo1FXw%3D"}],"group":"cf-nel","max_age":604800}'
      Server:
      - cloudflare
      Set-Cookie: ''
      cache-control:
      - max-age=0, private, must-revalidate
      content-security-policy:
      - default-src 'none'
      etag:
      - W/"3fbf1021251bef7e93e73c90634b1bc5"
      gitlab-lb:
      - haproxy-main-04-lb-gprd
      gitlab-sv:
      - api-gke-us-east1-c
      referrer-policy:
      - strict-origin-when-cross-origin
      strict-transport-security:
      - max-age=31536000
      vary:
      - Origin
      x-content-type-options:
      - nosniff
      x-frame-options:
      - SAMEORIGIN
      x-gitlab-meta:
      - '{"correlation_id":"d5bf44aceb458d5ed1a50acbc88c0723","version":"1"}'
      x-request-id:
      - d5bf44aceb458d5ed1a50acbc88c0723
      x-runtime:
      - '1.250287'
    status:
      code: 201
      message: Created
- request:
    body: null
    headers:
      Accept:
      - '*/*'
      Accept-Encoding:
      - gzip, deflate
      Connection:
      - keep-alive
      Content-type:
      - application/json
      Cookie:
      - _cfuvid=j7igI2PnNPHNHDkDXwfUiVUDuYBC4S9CakvUwV_yxyM-1709551387332-0.0.1.1-604800000
      User-Agent:
      - python-gitlab/4.4.0
    method: GET
    uri: https://gitlab.com/api/v4/projects/42823949/issues/13536
  response:
    body:
      string: '{"id":142912469,"iid":13536,"project_id":42823949,"title":"[SN#1] This
        is the title of the first test issue","description":"\nThis is the body of
        the first test issue\n\n_This issue ticket was originally created [here](https://pagure.io/protop2g-test-srce/issue/1)
        on a Pagure repository,\n[**protop2g-test-srce**](https://pagure.io/protop2g-test-srce)
        by [**Akashdeep Dhar**](https://pagure.io/user/t0xic0der) on\n[**Fri Oct 13
        03:57:42 2023** UTC](https://savvytime.com/converter/utc/oct-13-2023/03-57)._\n\n_This
        issue ticket was automatically created by the\n[**Pagure Exporter**](https://github.com/gridhead/pagure-exporter)._","state":"opened","created_at":"2024-03-04T11:23:16.067Z","updated_at":"2024-03-04T11:23:16.067Z","closed_at":null,"closed_by":null,"labels":[],"milestone":null,"assignees":[],"author":{"id":20210877,"username":"project_42823949_bot_23a338f5a77ff65fbe998fe3b9b3be40","name":"python-gitlab
        testing token for protop2g-test","state":"active","locked":false,"avatar_url":"https://secure.gravatar.com/avatar/af058ecaa20884749a3ce04c609cf7bcfc97ae3df418b9bab81d027921a138cf?s=80\u0026d=identicon","web_url":"https://gitlab.com/project_42823949_bot_23a338f5a77ff65fbe998fe3b9b3be40"},"type":"ISSUE","assignee":null,"user_notes_count":0,"merge_requests_count":0,"upvotes":0,"downvotes":0,"due_date":null,"confidential":false,"discussion_locked":null,"issue_type":"issue","web_url":"https://gitlab.com/gridhead/protop2g-test/-/issues/13536","time_stats":{"time_estimate":0,"total_time_spent":0,"human_time_estimate":null,"human_total_time_spent":null},"task_completion_status":{"count":0,"completed_count":0},"blocking_issues_count":0,"has_tasks":true,"task_status":"0
        of 0 checklist items completed","_links":{"self":"https://gitlab.com/api/v4/projects/42823949/issues/13536","notes":"https://gitlab.com/api/v4/projects/42823949/issues/13536/notes","award_emoji":"https://gitlab.com/api/v4/projects/42823949/issues/13536/award_emoji","project":"https://gitlab.com/api/v4/projects/42823949","closed_as_duplicate_of":null},"references":{"short":"#13536","relative":"#13536","full":"gridhead/protop2g-test#13536"},"severity":"UNKNOWN","subscribed":true,"moved_to_id":null,"service_desk_reply_to":null}'
    headers:
      CF-Cache-Status:
      - MISS
      CF-RAY:
      - 85f17e486f5294b6-CCU
      Connection:
      - keep-alive
      Content-Encoding:
      - gzip
      Content-Type:
      - application/json
      Date:
      - Mon, 04 Mar 2024 11:23:17 GMT
      NEL:
      - '{"success_fraction":0.01,"report_to":"cf-nel","max_age":604800}'
      Report-To:
      - '{"endpoints":[{"url":"https:\/\/a.nel.cloudflare.com\/report\/v3?s=00waMNIn1WQQGu%2F0Qxc7Li15xn2JkWuX2iOr8pImzMhGYdciBuq8Y1m9g6bZweghfS2ESAdR4aOMV37KvWBvxDGDSwT5IZMSihh3QJAaM5EHBPGdXx6fDf8PKT7OTzaqXFLbMvwUXtQ%3D"}],"group":"cf-nel","max_age":604800}'
      Server:
      - cloudflare
      Set-Cookie: ''
      Transfer-Encoding:
      - chunked
      cache-control:
      - max-age=0, private, must-revalidate
      content-security-policy:
      - default-src 'none'
      etag:
      - W/"3fbf1021251bef7e93e73c90634b1bc5"
      gitlab-lb:
      - haproxy-main-59-lb-gprd
      gitlab-sv:
      - api-gke-us-east1-d
      referrer-policy:
      - strict-origin-when-cross-origin
      strict-transport-security:
      - max-age=31536000
      vary:
      - Origin, Accept-Encoding
      x-content-type-options:
      - nosniff
      x-frame-options:
      - SAMEORIGIN
      x-gitlab-meta:
      - '{"correlation_id":"8163678bc5fcf66dab7d62e25014c338","version":"1"}'
      x-request-id:
      - 8163678bc5fcf66dab7d62e25014c338
      x-runtime:
      - '0.182156'
    status:
      code: 200
      message: OK
- request:
    body: '{"body": "\n**Metadata Update from &t0xic0der**:\n- Issue tagged with:
      aaaa, bbbb\n\n_This comment was originally created [here](https://pagure.io/protop2g-test-srce/issue/1#comment-878471)
      by [**Akashdeep Dhar**](https://pagure.io/user/t0xic0der) under\n[this](https://pagure.io/protop2g-test-srce/issue/1)
      issue ticket on a Pagure repository, [**protop2g-test-srce**](https://pagure.io/protop2g-test-srce)
      on\n[**Fri Oct 13 04:01:39 2023** UTC](https://savvytime.com/converter/utc/oct-13-2023/04-01)._\n\n_This
      comment was automatically created by the\n[**Pagure Exporter**](https://github.com/gridhead/pagure-exporter)._\n"}'
    headers:
      Accept:
      - '*/*'
      Accept-Encoding:
      - gzip, deflate
      Connection:
      - keep-alive
      Content-Length:
      - '627'
      Content-type:
      - application/json
      Cookie:
      - _cfuvid=j7igI2PnNPHNHDkDXwfUiVUDuYBC4S9CakvUwV_yxyM-1709551387332-0.0.1.1-604800000
      User-Agent:
      - python-gitlab/4.4.0
    method: POST
    uri: https://gitlab.com/api/v4/projects/42823949/issues/13536/discussions
  response:
    body:
      string: '{"id":"d18699318fa87bccfeb6815f59da7d75fd87155d","individual_note":false,"notes":[{"id":1799292111,"type":"DiscussionNote","body":"\n**Metadata
        Update from \u0026t0xic0der**:\n- Issue tagged with: aaaa, bbbb\n\n_This comment
        was originally created [here](https://pagure.io/protop2g-test-srce/issue/1#comment-878471)
        by [**Akashdeep Dhar**](https://pagure.io/user/t0xic0der) under\n[this](https://pagure.io/protop2g-test-srce/issue/1)
        issue ticket on a Pagure repository, [**protop2g-test-srce**](https://pagure.io/protop2g-test-srce)
        on\n[**Fri Oct 13 04:01:39 2023** UTC](https://savvytime.com/converter/utc/oct-13-2023/04-01)._\n\n_This
        comment was automatically created by the\n[**Pagure Exporter**](https://github.com/gridhead/pagure-exporter)._","attachment":null,"author":{"id":20210877,"username":"project_42823949_bot_23a338f5a77ff65fbe998fe3b9b3be40","name":"****","state":"active","locked":false,"avatar_url":"https://secure.gravatar.com/avatar/af058ecaa20884749a3ce04c609cf7bcfc97ae3df418b9bab81d027921a138cf?s=80\u0026d=identicon","web_url":"https://gitlab.com/project_42823949_bot_23a338f5a77ff65fbe998fe3b9b3be40"},"created_at":"2024-03-04T11:23:18.292Z","updated_at":"2024-03-04T11:23:18.292Z","system":false,"noteable_id":142912469,"noteable_type":"Issue","project_id":42823949,"resolvable":true,"resolved":false,"resolved_by":null,"resolved_at":null,"confidential":false,"internal":false,"noteable_iid":13536,"commands_changes":{}}]}'
    headers:
      CF-Cache-Status:
      - DYNAMIC
      CF-RAY:
      - 85f17e4c6c0a93c2-CCU
      Connection:
      - keep-alive
      Content-Length:
      - '1450'
      Content-Type:
      - application/json
      Date:
      - Mon, 04 Mar 2024 11:23:18 GMT
      NEL:
      - '{"success_fraction":0.01,"report_to":"cf-nel","max_age":604800}'
      Report-To:
      - '{"endpoints":[{"url":"https:\/\/a.nel.cloudflare.com\/report\/v3?s=foZ%2FpAdnljmQ3sqzUiRI0Fzp%2F%2FQC%2FjP4dLC0tmAhUtryEQj3TVpThD2B%2Ferz%2FCprJDI59KDgm%2FjUFWGTqUkvpWMFhJtf8IyKodWqFmm0UaBTbPNzLsKEjGlKY33teS0pBIuAO1OERDE%3D"}],"group":"cf-nel","max_age":604800}'
      Server:
      - cloudflare
      Set-Cookie: ''
      cache-control:
      - max-age=0, private, must-revalidate
      content-security-policy:
      - default-src 'none'
      etag:
      - W/"5667f10277fe97de923aed8a67d44b8a"
      gitlab-lb:
      - haproxy-main-11-lb-gprd
      gitlab-sv:
      - api-gke-us-east1-d
      referrer-policy:
      - strict-origin-when-cross-origin
      strict-transport-security:
      - max-age=31536000
      vary:
      - Origin
      x-content-type-options:
      - nosniff
      x-frame-options:
      - SAMEORIGIN
      x-gitlab-meta:
      - '{"correlation_id":"1bfd0efb81d4b3df7842f205b908adf4","version":"1"}'
      x-request-id:
      - 1bfd0efb81d4b3df7842f205b908adf4
      x-runtime:
      - '0.410950'
    status:
      code: 201
      message: Created
- request:
    body: null
    headers:
      Accept:
      - '*/*'
      Accept-Encoding:
      - gzip, deflate
      Connection:
      - keep-alive
      Content-type:
      - application/json
      Cookie:
      - _cfuvid=j7igI2PnNPHNHDkDXwfUiVUDuYBC4S9CakvUwV_yxyM-1709551387332-0.0.1.1-604800000
      User-Agent:
      - python-gitlab/4.4.0
    method: GET
    uri: https://gitlab.com/api/v4/projects/42823949/issues/13536
  response:
    body:
      string: '{"id":142912469,"iid":13536,"project_id":42823949,"title":"[SN#1] This
        is the title of the first test issue","description":"\nThis is the body of
        the first test issue\n\n_This issue ticket was originally created [here](https://pagure.io/protop2g-test-srce/issue/1)
        on a Pagure repository,\n[**protop2g-test-srce**](https://pagure.io/protop2g-test-srce)
        by [**Akashdeep Dhar**](https://pagure.io/user/t0xic0der) on\n[**Fri Oct 13
        03:57:42 2023** UTC](https://savvytime.com/converter/utc/oct-13-2023/03-57)._\n\n_This
        issue ticket was automatically created by the\n[**Pagure Exporter**](https://github.com/gridhead/pagure-exporter)._","state":"opened","created_at":"2024-03-04T11:23:16.067Z","updated_at":"2024-03-04T11:23:16.067Z","closed_at":null,"closed_by":null,"labels":[],"milestone":null,"assignees":[],"author":{"id":20210877,"username":"project_42823949_bot_23a338f5a77ff65fbe998fe3b9b3be40","name":"python-gitlab
        testing token for protop2g-test","state":"active","locked":false,"avatar_url":"https://secure.gravatar.com/avatar/af058ecaa20884749a3ce04c609cf7bcfc97ae3df418b9bab81d027921a138cf?s=80\u0026d=identicon","web_url":"https://gitlab.com/project_42823949_bot_23a338f5a77ff65fbe998fe3b9b3be40"},"type":"ISSUE","assignee":null,"user_notes_count":1,"merge_requests_count":0,"upvotes":0,"downvotes":0,"due_date":null,"confidential":false,"discussion_locked":null,"issue_type":"issue","web_url":"https://gitlab.com/gridhead/protop2g-test/-/issues/13536","time_stats":{"time_estimate":0,"total_time_spent":0,"human_time_estimate":null,"human_total_time_spent":null},"task_completion_status":{"count":0,"completed_count":0},"blocking_issues_count":0,"has_tasks":true,"task_status":"0
        of 0 checklist items completed","_links":{"self":"https://gitlab.com/api/v4/projects/42823949/issues/13536","notes":"https://gitlab.com/api/v4/projects/42823949/issues/13536/notes","award_emoji":"https://gitlab.com/api/v4/projects/42823949/issues/13536/award_emoji","project":"https://gitlab.com/api/v4/projects/42823949","closed_as_duplicate_of":null},"references":{"short":"#13536","relative":"#13536","full":"gridhead/protop2g-test#13536"},"severity":"UNKNOWN","subscribed":true,"moved_to_id":null,"service_desk_reply_to":null}'
    headers:
      CF-Cache-Status:
      - MISS
      CF-RAY:
      - 85f17e5169a894b2-CCU
      Connection:
      - keep-alive
      Content-Encoding:
      - gzip
      Content-Type:
      - application/json
      Date:
      - Mon, 04 Mar 2024 11:23:19 GMT
      NEL:
      - '{"success_fraction":0.01,"report_to":"cf-nel","max_age":604800}'
      Report-To:
      - '{"endpoints":[{"url":"https:\/\/a.nel.cloudflare.com\/report\/v3?s=3JEUvXL165rq0C1u1cBlP3SDOhOcRwTdNxPTZyqJ6OS7JcrDxK5M0Da%2BPZeDEDDfr3iikpb0N%2BYVEE0Kbs87vSamxpDksGDwkMpjWiD%2BKVz94%2BB7gKBIX6T%2FJa3oZ2b80QEAGcSa3EU%3D"}],"group":"cf-nel","max_age":604800}'
      Server:
      - cloudflare
      Set-Cookie: ''
      Transfer-Encoding:
      - chunked
      cache-control:
      - max-age=0, private, must-revalidate
      content-security-policy:
      - default-src 'none'
      etag:
      - W/"152222a4f5c3f3f4f40d374a6b004e7c"
      gitlab-lb:
      - haproxy-main-05-lb-gprd
      gitlab-sv:
      - api-gke-us-east1-d
      referrer-policy:
      - strict-origin-when-cross-origin
      strict-transport-security:
      - max-age=31536000
      vary:
      - Origin, Accept-Encoding
      x-content-type-options:
      - nosniff
      x-frame-options:
      - SAMEORIGIN
      x-gitlab-meta:
      - '{"correlation_id":"e41cc86c2d55c68db39298d45c0d003f","version":"1"}'
      x-request-id:
      - e41cc86c2d55c68db39298d45c0d003f
      x-runtime:
      - '0.128908'
    status:
      code: 200
      message: OK
- request:
    body: '{"body": "\nThis is the first comment under the first test issue\n\n_This
      comment was originally created [here](https://pagure.io/protop2g-test-srce/issue/1#comment-878473)
      by [**Akashdeep Dhar**](https://pagure.io/user/t0xic0der) under\n[this](https://pagure.io/protop2g-test-srce/issue/1)
      issue ticket on a Pagure repository, [**protop2g-test-srce**](https://pagure.io/protop2g-test-srce)
      on\n[**Fri Oct 13 04:04:40 2023** UTC](https://savvytime.com/converter/utc/oct-13-2023/04-04)._\n\n_This
      comment was automatically created by the\n[**Pagure Exporter**](https://github.com/gridhead/pagure-exporter)._\n"}'
    headers:
      Accept:
      - '*/*'
      Accept-Encoding:
      - gzip, deflate
      Connection:
      - keep-alive
      Content-Length:
      - '610'
      Content-type:
      - application/json
      Cookie:
      - _cfuvid=j7igI2PnNPHNHDkDXwfUiVUDuYBC4S9CakvUwV_yxyM-1709551387332-0.0.1.1-604800000
      User-Agent:
      - python-gitlab/4.4.0
    method: POST
    uri: https://gitlab.com/api/v4/projects/42823949/issues/13536/discussions
  response:
    body:
      string: '{"id":"a62ce070873554923c6af521425c60b0a220b7e9","individual_note":false,"notes":[{"id":1799292151,"type":"DiscussionNote","body":"\nThis
        is the first comment under the first test issue\n\n_This comment was originally
        created [here](https://pagure.io/protop2g-test-srce/issue/1#comment-878473)
        by [**Akashdeep Dhar**](https://pagure.io/user/t0xic0der) under\n[this](https://pagure.io/protop2g-test-srce/issue/1)
        issue ticket on a Pagure repository, [**protop2g-test-srce**](https://pagure.io/protop2g-test-srce)
        on\n[**Fri Oct 13 04:04:40 2023** UTC](https://savvytime.com/converter/utc/oct-13-2023/04-04)._\n\n_This
        comment was automatically created by the\n[**Pagure Exporter**](https://github.com/gridhead/pagure-exporter)._","attachment":null,"author":{"id":20210877,"username":"project_42823949_bot_23a338f5a77ff65fbe998fe3b9b3be40","name":"****","state":"active","locked":false,"avatar_url":"https://secure.gravatar.com/avatar/af058ecaa20884749a3ce04c609cf7bcfc97ae3df418b9bab81d027921a138cf?s=80\u0026d=identicon","web_url":"https://gitlab.com/project_42823949_bot_23a338f5a77ff65fbe998fe3b9b3be40"},"created_at":"2024-03-04T11:23:19.828Z","updated_at":"2024-03-04T11:23:19.828Z","system":false,"noteable_id":142912469,"noteable_type":"Issue","project_id":42823949,"resolvable":true,"resolved":false,"resolved_by":null,"resolved_at":null,"confidential":false,"internal":false,"noteable_iid":13536,"commands_changes":{}}]}'
    headers:
      CF-Cache-Status:
      - DYNAMIC
      CF-RAY:
      - 85f17e552a2593c5-CCU
      Connection:
      - keep-alive
      Content-Length:
      - '1428'
      Content-Type:
      - application/json
      Date:
      - Mon, 04 Mar 2024 11:23:20 GMT
      NEL:
      - '{"success_fraction":0.01,"report_to":"cf-nel","max_age":604800}'
      Report-To:
      - '{"endpoints":[{"url":"https:\/\/a.nel.cloudflare.com\/report\/v3?s=la8U86oBsfEcJiXKafi3tppVU3Q54c35GDXWUvVCU6gZ6ZjX3zgl3hONxdOuiwBPrWNtYaRdl3XdJ%2BRy1Kn91Fvr2sOtLF2yGAx%2FSMGj91pG%2FdY7q4l7XXRqusvyU%2B5Zkhb1xw65JSo%3D"}],"group":"cf-nel","max_age":604800}'
      Server:
      - cloudflare
      Set-Cookie: ''
      cache-control:
      - max-age=0, private, must-revalidate
      content-security-policy:
      - default-src 'none'
      etag:
      - W/"9644b651c684688ea3534fabccecb5cb"
      gitlab-lb:
      - haproxy-main-34-lb-gprd
      gitlab-sv:
      - api-gke-us-east1-c
      referrer-policy:
      - strict-origin-when-cross-origin
      strict-transport-security:
      - max-age=31536000
      vary:
      - Origin
      x-content-type-options:
      - nosniff
      x-frame-options:
      - SAMEORIGIN
      x-gitlab-meta:
      - '{"correlation_id":"d37341eadd6d807021742ed2e1088723","version":"1"}'
      x-request-id:
      - d37341eadd6d807021742ed2e1088723
      x-runtime:
      - '0.982173'
    status:
      code: 201
      message: Created
- request:
    body: null
    headers:
      Accept:
      - '*/*'
      Accept-Encoding:
      - gzip, deflate
      Connection:
      - keep-alive
      Content-type:
      - application/json
      Cookie:
      - _cfuvid=j7igI2PnNPHNHDkDXwfUiVUDuYBC4S9CakvUwV_yxyM-1709551387332-0.0.1.1-604800000
      User-Agent:
      - python-gitlab/4.4.0
    method: GET
    uri: https://gitlab.com/api/v4/projects/42823949/issues/13536
  response:
    body:
      string: '{"id":142912469,"iid":13536,"project_id":42823949,"title":"[SN#1] This
        is the title of the first test issue","description":"\nThis is the body of
        the first test issue\n\n_This issue ticket was originally created [here](https://pagure.io/protop2g-test-srce/issue/1)
        on a Pagure repository,\n[**protop2g-test-srce**](https://pagure.io/protop2g-test-srce)
        by [**Akashdeep Dhar**](https://pagure.io/user/t0xic0der) on\n[**Fri Oct 13
        03:57:42 2023** UTC](https://savvytime.com/converter/utc/oct-13-2023/03-57)._\n\n_This
        issue ticket was automatically created by the\n[**Pagure Exporter**](https://github.com/gridhead/pagure-exporter)._","state":"opened","created_at":"2024-03-04T11:23:16.067Z","updated_at":"2024-03-04T11:23:16.067Z","closed_at":null,"closed_by":null,"labels":[],"milestone":null,"assignees":[],"author":{"id":20210877,"username":"project_42823949_bot_23a338f5a77ff65fbe998fe3b9b3be40","name":"python-gitlab
        testing token for protop2g-test","state":"active","locked":false,"avatar_url":"https://secure.gravatar.com/avatar/af058ecaa20884749a3ce04c609cf7bcfc97ae3df418b9bab81d027921a138cf?s=80\u0026d=identicon","web_url":"https://gitlab.com/project_42823949_bot_23a338f5a77ff65fbe998fe3b9b3be40"},"type":"ISSUE","assignee":null,"user_notes_count":2,"merge_requests_count":0,"upvotes":0,"downvotes":0,"due_date":null,"confidential":false,"discussion_locked":null,"issue_type":"issue","web_url":"https://gitlab.com/gridhead/protop2g-test/-/issues/13536","time_stats":{"time_estimate":0,"total_time_spent":0,"human_time_estimate":null,"human_total_time_spent":null},"task_completion_status":{"count":0,"completed_count":0},"blocking_issues_count":0,"has_tasks":true,"task_status":"0
        of 0 checklist items completed","_links":{"self":"https://gitlab.com/api/v4/projects/42823949/issues/13536","notes":"https://gitlab.com/api/v4/projects/42823949/issues/13536/notes","award_emoji":"https://gitlab.com/api/v4/projects/42823949/issues/13536/award_emoji","project":"https://gitlab.com/api/v4/projects/42823949","closed_as_duplicate_of":null},"references":{"short":"#13536","relative":"#13536","full":"gridhead/protop2g-test#13536"},"severity":"UNKNOWN","subscribed":true,"moved_to_id":null,"service_desk_reply_to":null}'
    headers:
      CF-Cache-Status:
      - MISS
      CF-RAY:
      - 85f17e5e1efe93c8-CCU
      Connection:
      - keep-alive
      Content-Encoding:
      - gzip
      Content-Type:
      - application/json
      Date:
      - Mon, 04 Mar 2024 11:23:21 GMT
      NEL:
      - '{"success_fraction":0.01,"report_to":"cf-nel","max_age":604800}'
      Report-To:
      - '{"endpoints":[{"url":"https:\/\/a.nel.cloudflare.com\/report\/v3?s=%2BDzNRYwlQ606IHstN2vHeZ6WJZ5v8TJAA4ys2HSRw7gIoe7F%2FsLZCowWoUWnyaxxyZx8iSigXrdIEInWofTjLe10HSrUzZ6K%2Bh2J484IoDj2PVhGWt70L4ZP7lqB4t31drGa%2FCLOmGQ%3D"}],"group":"cf-nel","max_age":604800}'
      Server:
      - cloudflare
      Set-Cookie: ''
      Transfer-Encoding:
      - chunked
      cache-control:
      - max-age=0, private, must-revalidate
      content-security-policy:
      - default-src 'none'
      etag:
      - W/"56ec2d553ce6732339ac3d894690e901"
      gitlab-lb:
      - haproxy-main-50-lb-gprd
      gitlab-sv:
      - gke-cny-api
      referrer-policy:
      - strict-origin-when-cross-origin
      strict-transport-security:
      - max-age=31536000
      vary:
      - Origin, Accept-Encoding
      x-content-type-options:
      - nosniff
      x-frame-options:
      - SAMEORIGIN
      x-gitlab-meta:
      - '{"correlation_id":"58f243995e0bb6cf39a8994a505947dd","version":"1"}'
      x-request-id:
      - 58f243995e0bb6cf39a8994a505947dd
      x-runtime:
      - '0.158611'
    status:
      code: 200
      message: OK
- request:
    body: '{"body": "\nThis is the second comment under the first test issue\n\n_This
      comment was originally created [here](https://pagure.io/protop2g-test-srce/issue/1#comment-878474)
      by [**Akashdeep Dhar**](https://pagure.io/user/t0xic0der) under\n[this](https://pagure.io/protop2g-test-srce/issue/1)
      issue ticket on a Pagure repository, [**protop2g-test-srce**](https://pagure.io/protop2g-test-srce)
      on\n[**Fri Oct 13 04:05:24 2023** UTC](https://savvytime.com/converter/utc/oct-13-2023/04-05)._\n\n_This
      comment was automatically created by the\n[**Pagure Exporter**](https://github.com/gridhead/pagure-exporter)._\n"}'
    headers:
      Accept:
      - '*/*'
      Accept-Encoding:
      - gzip, deflate
      Connection:
      - keep-alive
      Content-Length:
      - '611'
      Content-type:
      - application/json
      Cookie:
      - _cfuvid=j7igI2PnNPHNHDkDXwfUiVUDuYBC4S9CakvUwV_yxyM-1709551387332-0.0.1.1-604800000
      User-Agent:
      - python-gitlab/4.4.0
    method: POST
    uri: https://gitlab.com/api/v4/projects/42823949/issues/13536/discussions
  response:
    body:
      string: '{"id":"16b91b9c6d5b9ec6e77d3e8370b3a5ee366d56c0","individual_note":false,"notes":[{"id":1799292219,"type":"DiscussionNote","body":"\nThis
        is the second comment under the first test issue\n\n_This comment was originally
        created [here](https://pagure.io/protop2g-test-srce/issue/1#comment-878474)
        by [**Akashdeep Dhar**](https://pagure.io/user/t0xic0der) under\n[this](https://pagure.io/protop2g-test-srce/issue/1)
        issue ticket on a Pagure repository, [**protop2g-test-srce**](https://pagure.io/protop2g-test-srce)
        on\n[**Fri Oct 13 04:05:24 2023** UTC](https://savvytime.com/converter/utc/oct-13-2023/04-05)._\n\n_This
        comment was automatically created by the\n[**Pagure Exporter**](https://github.com/gridhead/pagure-exporter)._","attachment":null,"author":{"id":20210877,"username":"project_42823949_bot_23a338f5a77ff65fbe998fe3b9b3be40","name":"****","state":"active","locked":false,"avatar_url":"https://secure.gravatar.com/avatar/af058ecaa20884749a3ce04c609cf7bcfc97ae3df418b9bab81d027921a138cf?s=80\u0026d=identicon","web_url":"https://gitlab.com/project_42823949_bot_23a338f5a77ff65fbe998fe3b9b3be40"},"created_at":"2024-03-04T11:23:22.011Z","updated_at":"2024-03-04T11:23:22.011Z","system":false,"noteable_id":142912469,"noteable_type":"Issue","project_id":42823949,"resolvable":true,"resolved":false,"resolved_by":null,"resolved_at":null,"confidential":false,"internal":false,"noteable_iid":13536,"commands_changes":{}}]}'
    headers:
      CF-Cache-Status:
      - DYNAMIC
      CF-RAY:
      - 85f17e621a8f93cb-CCU
      Connection:
      - keep-alive
      Content-Length:
      - '1429'
      Content-Type:
      - application/json
      Date:
      - Mon, 04 Mar 2024 11:23:22 GMT
      NEL:
      - '{"success_fraction":0.01,"report_to":"cf-nel","max_age":604800}'
      Report-To:
      - '{"endpoints":[{"url":"https:\/\/a.nel.cloudflare.com\/report\/v3?s=I7XaqMVpx%2F6VTJwauqcaJTcsNJn8%2F6TCr4utFbW4yuungHR7AUf8wVLpkgVr4yHGeJObJnh%2BUcWmYwOwB%2FJaJewfNKCUavTruh0wzX04aIQ7YSCaCDRnY9o09empJvxaWvBDCKmSq1U%3D"}],"group":"cf-nel","max_age":604800}'
      Server:
      - cloudflare
      Set-Cookie: ''
      cache-control:
      - max-age=0, private, must-revalidate
      content-security-policy:
      - default-src 'none'
      etag:
      - W/"3a4c5fbf0b5dad9fdcd348affa097809"
      gitlab-lb:
      - haproxy-main-53-lb-gprd
      gitlab-sv:
      - api-gke-us-east1-d
      referrer-policy:
      - strict-origin-when-cross-origin
      strict-transport-security:
      - max-age=31536000
      vary:
      - Origin
      x-content-type-options:
      - nosniff
      x-frame-options:
      - SAMEORIGIN
      x-gitlab-meta:
      - '{"correlation_id":"729b30853eb9a4b2fcc407ad42f8c95c","version":"1"}'
      x-request-id:
      - 729b30853eb9a4b2fcc407ad42f8c95c
      x-runtime:
      - '0.669694'
    status:
      code: 201
      message: Created
version: 1
