interactions:
- request:
    body: null
    headers:
      Accept:
      - '*/*'
      Accept-Encoding:
      - gzip, deflate
      Connection:
      - keep-alive
      Content-type:
      - application/json
      User-Agent:
      - python-gitlab/4.4.0
    method: GET
    uri: https://gitlab.com/api/v4/projects/42823949
  response:
    body:
      string: '{"id":42823949,"description":null,"name":"protop2g-test","name_with_namespace":"Akashdeep
        Dhar / protop2g-test","path":"protop2g-test","path_with_namespace":"gridhead/protop2g-test","created_at":"2023-01-23T16:18:30.217Z","default_branch":"main","tag_list":[],"topics":[],"ssh_url_to_repo":"git@gitlab.com:gridhead/protop2g-test.git","http_url_to_repo":"https://gitlab.com/gridhead/protop2g-test.git","web_url":"https://gitlab.com/gridhead/protop2g-test","readme_url":"https://gitlab.com/gridhead/protop2g-test/-/blob/main/README.md","forks_count":0,"avatar_url":null,"star_count":0,"last_activity_at":"2025-01-23T09:34:03.656Z","namespace":{"id":13984834,"name":"Akashdeep
        Dhar","path":"gridhead","kind":"user","full_path":"gridhead","parent_id":null,"avatar_url":"https://secure.gravatar.com/avatar/e412343841597e2fb1e952dd2b1077fc95537604ce04a27c5bfb94bdb0dc3da8?s=80\u0026d=identicon","web_url":"https://gitlab.com/gridhead"},"container_registry_image_prefix":"registry.gitlab.com/gridhead/protop2g-test","_links":{"self":"https://gitlab.com/api/v4/projects/42823949","issues":"https://gitlab.com/api/v4/projects/42823949/issues","merge_requests":"https://gitlab.com/api/v4/projects/42823949/merge_requests","repo_branches":"https://gitlab.com/api/v4/projects/42823949/repository/branches","labels":"https://gitlab.com/api/v4/projects/42823949/labels","events":"https://gitlab.com/api/v4/projects/42823949/events","members":"https://gitlab.com/api/v4/projects/42823949/members","cluster_agents":"https://gitlab.com/api/v4/projects/42823949/cluster_agents"},"packages_enabled":true,"empty_repo":false,"archived":false,"visibility":"public","owner":{"id":10115999,"username":"gridhead","name":"Akashdeep
        Dhar","state":"active","locked":false,"avatar_url":"https://secure.gravatar.com/avatar/e412343841597e2fb1e952dd2b1077fc95537604ce04a27c5bfb94bdb0dc3da8?s=80\u0026d=identicon","web_url":"https://gitlab.com/gridhead"},"resolve_outdated_diff_discussions":false,"container_expiration_policy":{"cadence":"1d","enabled":false,"keep_n":10,"older_than":"90d","name_regex":".*","name_regex_keep":null,"next_run_at":"2023-01-24T16:18:30.271Z"},"repository_object_format":"sha1","issues_enabled":true,"merge_requests_enabled":true,"wiki_enabled":true,"jobs_enabled":true,"snippets_enabled":true,"container_registry_enabled":true,"service_desk_enabled":true,"service_desk_address":"contact-project+gridhead-protop2g-test-42823949-issue-@incoming.gitlab.com","can_create_merge_request_in":true,"issues_access_level":"enabled","repository_access_level":"enabled","merge_requests_access_level":"enabled","forking_access_level":"enabled","wiki_access_level":"enabled","builds_access_level":"enabled","snippets_access_level":"enabled","pages_access_level":"enabled","analytics_access_level":"enabled","container_registry_access_level":"enabled","security_and_compliance_access_level":"private","releases_access_level":"private","environments_access_level":"enabled","feature_flags_access_level":"private","infrastructure_access_level":"private","monitor_access_level":"enabled","model_experiments_access_level":"enabled","model_registry_access_level":"enabled","emails_disabled":false,"emails_enabled":true,"shared_runners_enabled":true,"lfs_enabled":true,"creator_id":10115999,"import_url":null,"import_type":null,"import_status":"none","import_error":null,"open_issues_count":45,"description_html":"","updated_at":"2025-01-23T09:34:03.656Z","ci_default_git_depth":20,"ci_delete_pipelines_in_seconds":null,"ci_forward_deployment_enabled":true,"ci_forward_deployment_rollback_allowed":true,"ci_job_token_scope_enabled":false,"ci_separated_caches":true,"ci_allow_fork_pipelines_to_run_in_parent_project":true,"ci_id_token_sub_claim_components":["project_path","ref_type","ref"],"build_git_strategy":"fetch","keep_latest_artifact":true,"restrict_user_defined_variables":false,"ci_pipeline_variables_minimum_override_role":"maintainer","runners_token":"EXPUNGED","runner_token_expiration_interval":null,"group_runners_enabled":true,"auto_cancel_pending_pipelines":"enabled","build_timeout":3600,"auto_devops_enabled":false,"auto_devops_deploy_strategy":"continuous","ci_push_repository_for_job_token_allowed":false,"ci_config_path":"","public_jobs":true,"shared_with_groups":[],"only_allow_merge_if_pipeline_succeeds":false,"allow_merge_on_skipped_pipeline":null,"request_access_enabled":true,"only_allow_merge_if_all_discussions_are_resolved":false,"remove_source_branch_after_merge":true,"printing_merge_request_link_enabled":true,"merge_method":"merge","squash_option":"default_off","enforce_auth_checks_on_uploads":true,"suggestion_commit_message":null,"merge_commit_template":null,"squash_commit_template":null,"issue_branch_template":null,"warn_about_potentially_unwanted_characters":true,"autoclose_referenced_issues":true,"external_authorization_classification_label":"","requirements_enabled":false,"requirements_access_level":"enabled","security_and_compliance_enabled":true,"compliance_frameworks":[],"permissions":{"project_access":{"access_level":50,"notification_level":3},"group_access":null}}'
    headers:
      CF-Cache-Status:
      - MISS
      CF-Ray:
      - 9066c932ebfc33ea-DEL
      Cache-Control:
      - max-age=0, private, must-revalidate
      Connection:
      - keep-alive
      Content-Encoding:
      - gzip
      Content-Type:
      - application/json
      Date:
      - Thu, 23 Jan 2025 09:34:05 GMT
      ETag:
      - W/"04577785c887f616f4c19cfa988dcdb7"
      NEL:
      - '{"success_fraction":0.01,"report_to":"cf-nel","max_age":604800}'
      Report-To:
      - '{"endpoints":[{"url":"https:\/\/a.nel.cloudflare.com\/report\/v4?s=vArmaDhi1Z9D2fvdRDDedJA2IabVmbnkvZA0E%2BUwKBjcdmyPjlUXbQodgoZEZtWyyX7wxh%2FFTUZTLNNZ8oNI3JiTRdPxplcHrvmUyFKM2Qfs5XV%2BpEhNXi6CiLg%2BV8nRe3g%2FeoeQ7Qc%3D"}],"group":"cf-nel","max_age":604800}'
      Server:
      - cloudflare
      Set-Cookie: ''
      Strict-Transport-Security:
      - max-age=31536000
      Transfer-Encoding:
      - chunked
      Vary:
      - Origin, Accept-Encoding
      content-security-policy:
      - default-src 'none'
      gitlab-lb:
      - haproxy-main-06-lb-gprd
      gitlab-sv:
      - api-gke-us-east1-b
      referrer-policy:
      - strict-origin-when-cross-origin
      x-content-type-options:
      - nosniff
      x-frame-options:
      - SAMEORIGIN
      x-gitlab-meta:
      - '{"correlation_id":"77000c5f7235ea531e48ab88686a85b7","version":"1"}'
      x-request-id:
      - 77000c5f7235ea531e48ab88686a85b7
      x-runtime:
      - '0.194450'
    status:
      code: 200
      message: OK
- request:
    body: null
    headers:
      Accept:
      - '*/*'
      Accept-Encoding:
      - gzip, deflate
      Connection:
      - keep-alive
      Content-Length:
      - '0'
      Content-type:
      - application/json
      Cookie:
      - _cfuvid=NRrtj_3XuuN31HhJs7xZcptFDw1W3u2ftTkdiAjCDuk-1737624845811-0.0.1.1-604800000
      User-Agent:
      - python-gitlab/4.4.0
    method: DELETE
    uri: https://gitlab.com/api/v4/projects/42823949/issues/1
  response:
    body:
      string: ''
    headers:
      CF-Cache-Status:
      - DYNAMIC
      CF-Ray:
      - 9066c937cbb0e502-DEL
      Cache-Control:
      - no-cache
      Connection:
      - keep-alive
      Date:
      - Thu, 23 Jan 2025 09:34:06 GMT
      NEL:
      - '{"success_fraction":0.01,"report_to":"cf-nel","max_age":604800}'
      Report-To:
      - '{"endpoints":[{"url":"https:\/\/a.nel.cloudflare.com\/report\/v4?s=%2BRq60%2BdxngkwsZYC2D9riHOMGD%2Bw0hUkugh8CR1mwv%2BHxtcGgbphH2clzsny1ud5prn6QLTEE6Hix1pmWGTCV2OjKnkWEvLnD64cqiMw8K%2FkfRIbiYdMtFaw3A5tpEZGfAM9uqlmoWY%3D"}],"group":"cf-nel","max_age":604800}'
      Server:
      - cloudflare
      Set-Cookie: ''
      Strict-Transport-Security:
      - max-age=31536000
      Vary:
      - Origin, Accept-Encoding
      content-security-policy:
      - default-src 'none'
      gitlab-lb:
      - haproxy-main-32-lb-gprd
      gitlab-sv:
      - api-gke-us-east1-d
      referrer-policy:
      - strict-origin-when-cross-origin
      x-content-type-options:
      - nosniff
      x-frame-options:
      - SAMEORIGIN
      x-gitlab-meta:
      - '{"correlation_id":"5a0def5e8c3b1ab6f458cd16040bd426","version":"1"}'
      x-request-id:
      - 5a0def5e8c3b1ab6f458cd16040bd426
      x-runtime:
      - '0.219637'
    status:
      code: 204
      message: No Content
- request:
    body: null
    headers:
      Accept:
      - '*/*'
      Accept-Encoding:
      - gzip, deflate
      Connection:
      - keep-alive
      Content-Length:
      - '0'
      Content-type:
      - application/json
      Cookie:
      - _cfuvid=NRrtj_3XuuN31HhJs7xZcptFDw1W3u2ftTkdiAjCDuk-1737624845811-0.0.1.1-604800000
      User-Agent:
      - python-gitlab/4.4.0
    method: DELETE
    uri: https://gitlab.com/api/v4/projects/42823949/issues/2
  response:
    body:
      string: '{"message":"404 Issue Not Found"}'
    headers:
      CF-Cache-Status:
      - DYNAMIC
      CF-Ray:
      - 9066c93ceb01e502-DEL
      Cache-Control:
      - no-cache
      Connection:
      - keep-alive
      Content-Length:
      - '33'
      Content-Type:
      - application/json
      Date:
      - Thu, 23 Jan 2025 09:34:07 GMT
      NEL:
      - '{"success_fraction":0.01,"report_to":"cf-nel","max_age":604800}'
      Report-To:
      - '{"endpoints":[{"url":"https:\/\/a.nel.cloudflare.com\/report\/v4?s=8x3vvWpU34RvRB%2BBHyXYTx2a031Iia%2FCsr0es4VjmFsXZLo%2BymBIL%2FbLtVxpSharc7cF9ylbYkKNT%2B8QfbTVZreYp9aBcG%2BmFDP2Wp%2BspEMdu54mC14fjh49zvMACecKtckXRiaLBpQ%3D"}],"group":"cf-nel","max_age":604800}'
      Server:
      - cloudflare
      Set-Cookie: ''
      Strict-Transport-Security:
      - max-age=31536000
      Vary:
      - Origin, Accept-Encoding
      content-security-policy:
      - default-src 'none'
      gitlab-lb:
      - haproxy-main-16-lb-gprd
      gitlab-sv:
      - api-gke-us-east1-c
      referrer-policy:
      - strict-origin-when-cross-origin
      x-content-type-options:
      - nosniff
      x-frame-options:
      - SAMEORIGIN
      x-gitlab-meta:
      - '{"correlation_id":"9b0348d48aeff7a7dc25dafb749f295b","version":"1"}'
      x-request-id:
      - 9b0348d48aeff7a7dc25dafb749f295b
      x-runtime:
      - '0.103459'
    status:
      code: 404
      message: Not Found
- request:
    body: null
    headers:
      Accept:
      - '*/*'
      Accept-Encoding:
      - gzip, deflate
      Connection:
      - keep-alive
      Content-Length:
      - '0'
      Content-type:
      - application/json
      Cookie:
      - _cfuvid=NRrtj_3XuuN31HhJs7xZcptFDw1W3u2ftTkdiAjCDuk-1737624845811-0.0.1.1-604800000
      User-Agent:
      - python-gitlab/4.4.0
    method: DELETE
    uri: https://gitlab.com/api/v4/projects/42823949/issues/3
  response:
    body:
      string: ''
    headers:
      CF-Cache-Status:
      - DYNAMIC
      CF-Ray:
      - 9066c9403a7d33b4-DEL
      Cache-Control:
      - no-cache
      Connection:
      - keep-alive
      Date:
      - Thu, 23 Jan 2025 09:34:08 GMT
      NEL:
      - '{"success_fraction":0.01,"report_to":"cf-nel","max_age":604800}'
      Report-To:
      - '{"endpoints":[{"url":"https:\/\/a.nel.cloudflare.com\/report\/v4?s=bsjulwpLtS5wsRhidUzUHk1APFgNVfjWCqCacudzhN4u6qhXKe6P%2F9WXJjZnsNTlKYvlbeIEobgnhsn3q7T8Lq4j3eX9czrgp%2BtmEzXHqhRkdTqrYibKoNuRUjExHTn9xWPZbaft63M%3D"}],"group":"cf-nel","max_age":604800}'
      Server:
      - cloudflare
      Set-Cookie: ''
      Strict-Transport-Security:
      - max-age=31536000
      Vary:
      - Origin, Accept-Encoding
      content-security-policy:
      - default-src 'none'
      gitlab-lb:
      - haproxy-main-16-lb-gprd
      gitlab-sv:
      - api-gke-us-east1-c
      referrer-policy:
      - strict-origin-when-cross-origin
      x-content-type-options:
      - nosniff
      x-frame-options:
      - SAMEORIGIN
      x-gitlab-meta:
      - '{"correlation_id":"b86495663e94a13fb9c2621d446a5ac5","version":"1"}'
      x-request-id:
      - b86495663e94a13fb9c2621d446a5ac5
      x-runtime:
      - '0.180571'
    status:
      code: 204
      message: No Content
- request:
    body: null
    headers:
      Accept:
      - '*/*'
      Accept-Encoding:
      - gzip, deflate
      Connection:
      - keep-alive
      Content-Length:
      - '0'
      Content-type:
      - application/json
      Cookie:
      - _cfuvid=NRrtj_3XuuN31HhJs7xZcptFDw1W3u2ftTkdiAjCDuk-1737624845811-0.0.1.1-604800000
      User-Agent:
      - python-gitlab/4.4.0
    method: DELETE
    uri: https://gitlab.com/api/v4/projects/42823949/issues/4
  response:
    body:
      string: '{"message":"404 Issue Not Found"}'
    headers:
      CF-Cache-Status:
      - DYNAMIC
      CF-Ray:
      - 9066c945db50338a-DEL
      Cache-Control:
      - no-cache
      Connection:
      - keep-alive
      Content-Length:
      - '33'
      Content-Type:
      - application/json
      Date:
      - Thu, 23 Jan 2025 09:34:08 GMT
      NEL:
      - '{"success_fraction":0.01,"report_to":"cf-nel","max_age":604800}'
      Report-To:
      - '{"endpoints":[{"url":"https:\/\/a.nel.cloudflare.com\/report\/v4?s=3i4CtxsezKxqJCeG1v7gLQpDeyKNgljzHYd5Z3D6PlTmi5QunI4uoU5SomW1cw1viHCS%2FI7XiqhnoA6zRzKuUWBY8PeWwNZJ0KrPtPvWUEpJ4vcSvwSY1cn1gIgColaro9fu0Dhwr2k%3D"}],"group":"cf-nel","max_age":604800}'
      Server:
      - cloudflare
      Set-Cookie: ''
      Strict-Transport-Security:
      - max-age=31536000
      Vary:
      - Origin, Accept-Encoding
      content-security-policy:
      - default-src 'none'
      gitlab-lb:
      - haproxy-main-52-lb-gprd
      gitlab-sv:
      - api-gke-us-east1-c
      referrer-policy:
      - strict-origin-when-cross-origin
      x-content-type-options:
      - nosniff
      x-frame-options:
      - SAMEORIGIN
      x-gitlab-meta:
      - '{"correlation_id":"a49c7666c698fbaef3fc2b3195fb0b26","version":"1"}'
      x-request-id:
      - a49c7666c698fbaef3fc2b3195fb0b26
      x-runtime:
      - '0.098840'
    status:
      code: 404
      message: Not Found
- request:
    body: null
    headers:
      Accept:
      - '*/*'
      Accept-Encoding:
      - gzip, deflate
      Connection:
      - keep-alive
      User-Agent:
      - python-requests/2.32.3
    method: GET
    uri: https://pagure.io/api/0/protop2g-test-srce
  response:
    body:
      string: "{\n  \"access_groups\": {\n    \"admin\": [], \n    \"collaborator\"\
        : [], \n    \"commit\": [], \n    \"ticket\": []\n  }, \n  \"access_users\"\
        : {\n    \"admin\": [], \n    \"collaborator\": [], \n    \"commit\": [],\
        \ \n    \"owner\": [\n      \"t0xic0der\"\n    ], \n    \"ticket\": []\n \
        \ }, \n  \"close_status\": [], \n  \"custom_keys\": [], \n  \"date_created\"\
        : \"1697168063\", \n  \"date_modified\": \"1697168063\", \n  \"description\"\
        : \"The source namespace for the Pagure Exporter project to run tests against\"\
        , \n  \"full_url\": \"https://pagure.io/protop2g-test-srce\", \n  \"fullname\"\
        : \"protop2g-test-srce\", \n  \"id\": 17042, \n  \"milestones\": {}, \n  \"\
        name\": \"protop2g-test-srce\", \n  \"namespace\": null, \n  \"parent\": null,\
        \ \n  \"priorities\": {}, \n  \"tags\": [], \n  \"url_path\": \"protop2g-test-srce\"\
        , \n  \"user\": {\n    \"full_url\": \"https://pagure.io/user/t0xic0der\"\
        , \n    \"fullname\": \"Akashdeep Dhar\", \n    \"name\": \"t0xic0der\", \n\
        \    \"url_path\": \"user/t0xic0der\"\n  }\n}\n"
    headers:
      Connection:
      - Upgrade, Keep-Alive
      Content-Length:
      - '902'
      Content-Security-Policy:
      - default-src 'self';script-src 'self' 'nonce-A2DSln3j5BZnUCje6xeqyrXTT'; style-src
        'self' 'nonce-A2DSln3j5BZnUCje6xeqyrXTT'; object-src 'none';base-uri 'self';img-src
        'self' https:;connect-src 'self' https://pagure.io:8088;frame-src https://docs.pagure.org;frame-ancestors
        https://pagure.io;
      Content-Type:
      - application/json
      Date:
      - Thu, 23 Jan 2025 09:34:09 GMT
      Keep-Alive:
      - timeout=5, max=100
      Referrer-Policy:
      - same-origin
      Server:
      - Apache/2.4.37 (Red Hat Enterprise Linux) OpenSSL/1.1.1k mod_wsgi/4.6.4 Python/3.6
      Set-Cookie: ''
      Strict-Transport-Security:
      - max-age=31536000; includeSubDomains; preload
      Upgrade:
      - h2,h2c
      X-Content-Type-Options:
      - nosniff
      X-Frame-Options:
      - ALLOW-FROM https://pagure.io/
      X-Xss-Protection:
      - 1; mode=block
    status:
      code: 200
      message: OK
- request:
    body: null
    headers:
      Accept:
      - '*/*'
      Accept-Encoding:
      - gzip, deflate
      Connection:
      - keep-alive
      Content-type:
      - application/json
      User-Agent:
      - python-gitlab/4.4.0
    method: GET
    uri: https://gitlab.com/api/v4/projects/42823949
  response:
    body:
      string: '{"id":42823949,"description":null,"name":"protop2g-test","name_with_namespace":"Akashdeep
        Dhar / protop2g-test","path":"protop2g-test","path_with_namespace":"gridhead/protop2g-test","created_at":"2023-01-23T16:18:30.217Z","default_branch":"main","tag_list":[],"topics":[],"ssh_url_to_repo":"git@gitlab.com:gridhead/protop2g-test.git","http_url_to_repo":"https://gitlab.com/gridhead/protop2g-test.git","web_url":"https://gitlab.com/gridhead/protop2g-test","readme_url":"https://gitlab.com/gridhead/protop2g-test/-/blob/main/README.md","forks_count":0,"avatar_url":null,"star_count":0,"last_activity_at":"2025-01-23T09:34:03.656Z","namespace":{"id":13984834,"name":"Akashdeep
        Dhar","path":"gridhead","kind":"user","full_path":"gridhead","parent_id":null,"avatar_url":"https://secure.gravatar.com/avatar/e412343841597e2fb1e952dd2b1077fc95537604ce04a27c5bfb94bdb0dc3da8?s=80\u0026d=identicon","web_url":"https://gitlab.com/gridhead"},"container_registry_image_prefix":"registry.gitlab.com/gridhead/protop2g-test","_links":{"self":"https://gitlab.com/api/v4/projects/42823949","issues":"https://gitlab.com/api/v4/projects/42823949/issues","merge_requests":"https://gitlab.com/api/v4/projects/42823949/merge_requests","repo_branches":"https://gitlab.com/api/v4/projects/42823949/repository/branches","labels":"https://gitlab.com/api/v4/projects/42823949/labels","events":"https://gitlab.com/api/v4/projects/42823949/events","members":"https://gitlab.com/api/v4/projects/42823949/members","cluster_agents":"https://gitlab.com/api/v4/projects/42823949/cluster_agents"},"packages_enabled":true,"empty_repo":false,"archived":false,"visibility":"public","owner":{"id":10115999,"username":"gridhead","name":"Akashdeep
        Dhar","state":"active","locked":false,"avatar_url":"https://secure.gravatar.com/avatar/e412343841597e2fb1e952dd2b1077fc95537604ce04a27c5bfb94bdb0dc3da8?s=80\u0026d=identicon","web_url":"https://gitlab.com/gridhead"},"resolve_outdated_diff_discussions":false,"container_expiration_policy":{"cadence":"1d","enabled":false,"keep_n":10,"older_than":"90d","name_regex":".*","name_regex_keep":null,"next_run_at":"2023-01-24T16:18:30.271Z"},"repository_object_format":"sha1","issues_enabled":true,"merge_requests_enabled":true,"wiki_enabled":true,"jobs_enabled":true,"snippets_enabled":true,"container_registry_enabled":true,"service_desk_enabled":true,"service_desk_address":"contact-project+gridhead-protop2g-test-42823949-issue-@incoming.gitlab.com","can_create_merge_request_in":true,"issues_access_level":"enabled","repository_access_level":"enabled","merge_requests_access_level":"enabled","forking_access_level":"enabled","wiki_access_level":"enabled","builds_access_level":"enabled","snippets_access_level":"enabled","pages_access_level":"enabled","analytics_access_level":"enabled","container_registry_access_level":"enabled","security_and_compliance_access_level":"private","releases_access_level":"private","environments_access_level":"enabled","feature_flags_access_level":"private","infrastructure_access_level":"private","monitor_access_level":"enabled","model_experiments_access_level":"enabled","model_registry_access_level":"enabled","emails_disabled":false,"emails_enabled":true,"shared_runners_enabled":true,"lfs_enabled":true,"creator_id":10115999,"import_url":null,"import_type":null,"import_status":"none","import_error":null,"open_issues_count":43,"description_html":"","updated_at":"2025-01-23T09:34:03.656Z","ci_default_git_depth":20,"ci_delete_pipelines_in_seconds":null,"ci_forward_deployment_enabled":true,"ci_forward_deployment_rollback_allowed":true,"ci_job_token_scope_enabled":false,"ci_separated_caches":true,"ci_allow_fork_pipelines_to_run_in_parent_project":true,"ci_id_token_sub_claim_components":["project_path","ref_type","ref"],"build_git_strategy":"fetch","keep_latest_artifact":true,"restrict_user_defined_variables":false,"ci_pipeline_variables_minimum_override_role":"maintainer","runners_token":"EXPUNGED","runner_token_expiration_interval":null,"group_runners_enabled":true,"auto_cancel_pending_pipelines":"enabled","build_timeout":3600,"auto_devops_enabled":false,"auto_devops_deploy_strategy":"continuous","ci_push_repository_for_job_token_allowed":false,"ci_config_path":"","public_jobs":true,"shared_with_groups":[],"only_allow_merge_if_pipeline_succeeds":false,"allow_merge_on_skipped_pipeline":null,"request_access_enabled":true,"only_allow_merge_if_all_discussions_are_resolved":false,"remove_source_branch_after_merge":true,"printing_merge_request_link_enabled":true,"merge_method":"merge","squash_option":"default_off","enforce_auth_checks_on_uploads":true,"suggestion_commit_message":null,"merge_commit_template":null,"squash_commit_template":null,"issue_branch_template":null,"warn_about_potentially_unwanted_characters":true,"autoclose_referenced_issues":true,"external_authorization_classification_label":"","requirements_enabled":false,"requirements_access_level":"enabled","security_and_compliance_enabled":true,"compliance_frameworks":[],"permissions":{"project_access":{"access_level":50,"notification_level":3},"group_access":null}}'
    headers:
      CF-Cache-Status:
      - MISS
      CF-Ray:
      - 9066c9516d2433d2-DEL
      Cache-Control:
      - max-age=0, private, must-revalidate
      Connection:
      - keep-alive
      Content-Encoding:
      - gzip
      Content-Type:
      - application/json
      Date:
      - Thu, 23 Jan 2025 09:34:10 GMT
      ETag:
      - W/"0bc071b8adee064d774bb38bb821b206"
      NEL:
      - '{"success_fraction":0.01,"report_to":"cf-nel","max_age":604800}'
      Report-To:
      - '{"endpoints":[{"url":"https:\/\/a.nel.cloudflare.com\/report\/v4?s=UWB8ylmhNJ7xAL%2FHSWcm981nJRxhGq9rBFiBaGESZ5Hf8JQ54OYq0PkVRr4b0hazT02kjrnUeRE%2B1EOTY2Rp7z4h4iP%2BdGbApk6BXMU%2BM8F%2FZ5vqfdnB14cXMVt8Qo4tBxEstz1ue14%3D"}],"group":"cf-nel","max_age":604800}'
      Server:
      - cloudflare
      Set-Cookie: ''
      Strict-Transport-Security:
      - max-age=31536000
      Transfer-Encoding:
      - chunked
      Vary:
      - Origin, Accept-Encoding
      content-security-policy:
      - default-src 'none'
      gitlab-lb:
      - haproxy-main-31-lb-gprd
      gitlab-sv:
      - api-gke-us-east1-c
      referrer-policy:
      - strict-origin-when-cross-origin
      x-content-type-options:
      - nosniff
      x-frame-options:
      - SAMEORIGIN
      x-gitlab-meta:
      - '{"correlation_id":"d6471f1b842f705fd378e23ba513242d","version":"1"}'
      x-request-id:
      - d6471f1b842f705fd378e23ba513242d
      x-runtime:
      - '0.169356'
    status:
      code: 200
      message: OK
- request:
    body: null
    headers:
      Accept:
      - '*/*'
      Accept-Encoding:
      - gzip, deflate
      Connection:
      - keep-alive
      User-Agent:
      - python-requests/2.32.3
    method: GET
    uri: https://pagure.io/api/0/protop2g-test-srce/issues?per_page=35&page=1&status=closed
  response:
    body:
      string: "{\n  \"args\": {\n    \"assignee\": null, \n    \"author\": null, \n\
        \    \"milestones\": [], \n    \"no_stones\": null, \n    \"order\": null,\
        \ \n    \"priority\": null, \n    \"since\": null, \n    \"status\": \"closed\"\
        , \n    \"tags\": []\n  }, \n  \"issues\": [\n    {\n      \"assignee\": null,\
        \ \n      \"blocks\": [], \n      \"close_status\": null, \n      \"closed_at\"\
        : \"1700554080\", \n      \"closed_by\": {\n        \"full_url\": \"https://pagure.io/user/t0xic0der\"\
        , \n        \"fullname\": \"Akashdeep Dhar\", \n        \"name\": \"t0xic0der\"\
        , \n        \"url_path\": \"user/t0xic0der\"\n      }, \n      \"comments\"\
        : [\n        {\n          \"comment\": \"This is the first comment under the\
        \ fourth test issue\", \n          \"date_created\": \"1700554045\", \n  \
        \        \"edited_on\": null, \n          \"editor\": null, \n          \"\
        id\": 885231, \n          \"notification\": false, \n          \"parent\"\
        : null, \n          \"reactions\": {}, \n          \"user\": {\n         \
        \   \"full_url\": \"https://pagure.io/user/t0xic0der\", \n            \"fullname\"\
        : \"Akashdeep Dhar\", \n            \"name\": \"t0xic0der\", \n          \
        \  \"url_path\": \"user/t0xic0der\"\n          }\n        }, \n        {\n\
        \          \"comment\": \"This is the second comment under the fourth test\
        \ issue\", \n          \"date_created\": \"1700554054\", \n          \"edited_on\"\
        : null, \n          \"editor\": null, \n          \"id\": 885232, \n     \
        \     \"notification\": false, \n          \"parent\": null, \n          \"\
        reactions\": {}, \n          \"user\": {\n            \"full_url\": \"https://pagure.io/user/t0xic0der\"\
        , \n            \"fullname\": \"Akashdeep Dhar\", \n            \"name\":\
        \ \"t0xic0der\", \n            \"url_path\": \"user/t0xic0der\"\n        \
        \  }\n        }, \n        {\n          \"comment\": \"**Metadata Update from\
        \ @t0xic0der**:\\n- Issue status updated to: Closed (was: Open)\", \n    \
        \      \"date_created\": \"1700554081\", \n          \"edited_on\": null,\
        \ \n          \"editor\": null, \n          \"id\": 885233, \n          \"\
        notification\": true, \n          \"parent\": null, \n          \"reactions\"\
        : {}, \n          \"user\": {\n            \"full_url\": \"https://pagure.io/user/t0xic0der\"\
        , \n            \"fullname\": \"Akashdeep Dhar\", \n            \"name\":\
        \ \"t0xic0der\", \n            \"url_path\": \"user/t0xic0der\"\n        \
        \  }\n        }\n      ], \n      \"content\": \"This is the body of the fourth\
        \ test issue\", \n      \"custom_fields\": [], \n      \"date_created\": \"\
        1700554016\", \n      \"depends\": [], \n      \"full_url\": \"https://pagure.io/protop2g-test-srce/issue/4\"\
        , \n      \"id\": 4, \n      \"last_updated\": \"1700554081\", \n      \"\
        milestone\": null, \n      \"priority\": null, \n      \"private\": true,\
        \ \n      \"related_prs\": [], \n      \"status\": \"Closed\", \n      \"\
        tags\": [\n        \"gggg\", \n        \"hhhh\"\n      ], \n      \"title\"\
        : \"This is the title of the fourth test issue\", \n      \"user\": {\n  \
        \      \"full_url\": \"https://pagure.io/user/t0xic0der\", \n        \"fullname\"\
        : \"Akashdeep Dhar\", \n        \"name\": \"t0xic0der\", \n        \"url_path\"\
        : \"user/t0xic0der\"\n      }\n    }, \n    {\n      \"assignee\": null, \n\
        \      \"blocks\": [], \n      \"close_status\": null, \n      \"closed_at\"\
        : \"1697170032\", \n      \"closed_by\": {\n        \"full_url\": \"https://pagure.io/user/t0xic0der\"\
        , \n        \"fullname\": \"Akashdeep Dhar\", \n        \"name\": \"t0xic0der\"\
        , \n        \"url_path\": \"user/t0xic0der\"\n      }, \n      \"comments\"\
        : [\n        {\n          \"comment\": \"**Metadata Update from @t0xic0der**:\\\
        n- Issue tagged with: cccc, dddd\", \n          \"date_created\": \"1697169810\"\
        , \n          \"edited_on\": null, \n          \"editor\": null, \n      \
        \    \"id\": 878472, \n          \"notification\": true, \n          \"parent\"\
        : null, \n          \"reactions\": {}, \n          \"user\": {\n         \
        \   \"full_url\": \"https://pagure.io/user/t0xic0der\", \n            \"fullname\"\
        : \"Akashdeep Dhar\", \n            \"name\": \"t0xic0der\", \n          \
        \  \"url_path\": \"user/t0xic0der\"\n          }\n        }, \n        {\n\
        \          \"comment\": \"The is the first comment under the second test issue\"\
        , \n          \"date_created\": \"1697169964\", \n          \"edited_on\"\
        : null, \n          \"editor\": null, \n          \"id\": 878475, \n     \
        \     \"notification\": false, \n          \"parent\": null, \n          \"\
        reactions\": {}, \n          \"user\": {\n            \"full_url\": \"https://pagure.io/user/t0xic0der\"\
        , \n            \"fullname\": \"Akashdeep Dhar\", \n            \"name\":\
        \ \"t0xic0der\", \n            \"url_path\": \"user/t0xic0der\"\n        \
        \  }\n        }, \n        {\n          \"comment\": \"The is the second comment\
        \ under the second test issue\", \n          \"date_created\": \"1697169976\"\
        , \n          \"edited_on\": null, \n          \"editor\": null, \n      \
        \    \"id\": 878476, \n          \"notification\": false, \n          \"parent\"\
        : null, \n          \"reactions\": {}, \n          \"user\": {\n         \
        \   \"full_url\": \"https://pagure.io/user/t0xic0der\", \n            \"fullname\"\
        : \"Akashdeep Dhar\", \n            \"name\": \"t0xic0der\", \n          \
        \  \"url_path\": \"user/t0xic0der\"\n          }\n        }, \n        {\n\
        \          \"comment\": \"**Metadata Update from @t0xic0der**:\\n- Issue status\
        \ updated to: Closed (was: Open)\", \n          \"date_created\": \"1697170032\"\
        , \n          \"edited_on\": null, \n          \"editor\": null, \n      \
        \    \"id\": 878477, \n          \"notification\": true, \n          \"parent\"\
        : null, \n          \"reactions\": {}, \n          \"user\": {\n         \
        \   \"full_url\": \"https://pagure.io/user/t0xic0der\", \n            \"fullname\"\
        : \"Akashdeep Dhar\", \n            \"name\": \"t0xic0der\", \n          \
        \  \"url_path\": \"user/t0xic0der\"\n          }\n        }\n      ], \n \
        \     \"content\": \"This is the body of the second test issue\", \n     \
        \ \"custom_fields\": [], \n      \"date_created\": \"1697169676\", \n    \
        \  \"depends\": [], \n      \"full_url\": \"https://pagure.io/protop2g-test-srce/issue/2\"\
        , \n      \"id\": 2, \n      \"last_updated\": \"1697170032\", \n      \"\
        milestone\": null, \n      \"priority\": null, \n      \"private\": false,\
        \ \n      \"related_prs\": [], \n      \"status\": \"Closed\", \n      \"\
        tags\": [\n        \"cccc\", \n        \"dddd\"\n      ], \n      \"title\"\
        : \"This is the title of the second test issue\", \n      \"user\": {\n  \
        \      \"full_url\": \"https://pagure.io/user/t0xic0der\", \n        \"fullname\"\
        : \"Akashdeep Dhar\", \n        \"name\": \"t0xic0der\", \n        \"url_path\"\
        : \"user/t0xic0der\"\n      }\n    }\n  ], \n  \"pagination\": {\n    \"first\"\
        : \"https://pagure.io/api/0/protop2g-test-srce/issues?per_page=35&status=closed&page=1\"\
        , \n    \"last\": \"https://pagure.io/api/0/protop2g-test-srce/issues?per_page=35&status=closed&page=1\"\
        , \n    \"next\": null, \n    \"page\": 1, \n    \"pages\": 1, \n    \"per_page\"\
        : 35, \n    \"prev\": null\n  }, \n  \"total_issues\": 2\n}\n"
    headers:
      Connection:
      - Upgrade, Keep-Alive
      Content-Length:
      - '6409'
      Content-Security-Policy:
      - default-src 'self';script-src 'self' 'nonce-7U4eJ41pw3CmeXssxjiC5PKHx'; style-src
        'self' 'nonce-7U4eJ41pw3CmeXssxjiC5PKHx'; object-src 'none';base-uri 'self';img-src
        'self' https:;connect-src 'self' https://pagure.io:8088;frame-src https://docs.pagure.org;frame-ancestors
        https://pagure.io;
      Content-Type:
      - application/json
      Date:
      - Thu, 23 Jan 2025 09:34:11 GMT
      Keep-Alive:
      - timeout=5, max=100
      Referrer-Policy:
      - same-origin
      Server:
      - Apache/2.4.37 (Red Hat Enterprise Linux) OpenSSL/1.1.1k mod_wsgi/4.6.4 Python/3.6
      Set-Cookie: ''
      Strict-Transport-Security:
      - max-age=31536000; includeSubDomains; preload
      Upgrade:
      - h2,h2c
      X-Content-Type-Options:
      - nosniff
      X-Frame-Options:
      - ALLOW-FROM https://pagure.io/
      X-Xss-Protection:
      - 1; mode=block
    status:
      code: 200
      message: OK
- request:
    body: null
    headers:
      Accept:
      - '*/*'
      Accept-Encoding:
      - gzip, deflate
      Connection:
      - keep-alive
      User-Agent:
      - python-requests/2.32.3
    method: GET
    uri: https://pagure.io/api/0/protop2g-test-srce/issues?per_page=35&page=1&status=closed
  response:
    body:
      string: "{\n  \"args\": {\n    \"assignee\": null, \n    \"author\": null, \n\
        \    \"milestones\": [], \n    \"no_stones\": null, \n    \"order\": null,\
        \ \n    \"priority\": null, \n    \"since\": null, \n    \"status\": \"closed\"\
        , \n    \"tags\": []\n  }, \n  \"issues\": [\n    {\n      \"assignee\": null,\
        \ \n      \"blocks\": [], \n      \"close_status\": null, \n      \"closed_at\"\
        : \"1700554080\", \n      \"closed_by\": {\n        \"full_url\": \"https://pagure.io/user/t0xic0der\"\
        , \n        \"fullname\": \"Akashdeep Dhar\", \n        \"name\": \"t0xic0der\"\
        , \n        \"url_path\": \"user/t0xic0der\"\n      }, \n      \"comments\"\
        : [\n        {\n          \"comment\": \"This is the first comment under the\
        \ fourth test issue\", \n          \"date_created\": \"1700554045\", \n  \
        \        \"edited_on\": null, \n          \"editor\": null, \n          \"\
        id\": 885231, \n          \"notification\": false, \n          \"parent\"\
        : null, \n          \"reactions\": {}, \n          \"user\": {\n         \
        \   \"full_url\": \"https://pagure.io/user/t0xic0der\", \n            \"fullname\"\
        : \"Akashdeep Dhar\", \n            \"name\": \"t0xic0der\", \n          \
        \  \"url_path\": \"user/t0xic0der\"\n          }\n        }, \n        {\n\
        \          \"comment\": \"This is the second comment under the fourth test\
        \ issue\", \n          \"date_created\": \"1700554054\", \n          \"edited_on\"\
        : null, \n          \"editor\": null, \n          \"id\": 885232, \n     \
        \     \"notification\": false, \n          \"parent\": null, \n          \"\
        reactions\": {}, \n          \"user\": {\n            \"full_url\": \"https://pagure.io/user/t0xic0der\"\
        , \n            \"fullname\": \"Akashdeep Dhar\", \n            \"name\":\
        \ \"t0xic0der\", \n            \"url_path\": \"user/t0xic0der\"\n        \
        \  }\n        }, \n        {\n          \"comment\": \"**Metadata Update from\
        \ @t0xic0der**:\\n- Issue status updated to: Closed (was: Open)\", \n    \
        \      \"date_created\": \"1700554081\", \n          \"edited_on\": null,\
        \ \n          \"editor\": null, \n          \"id\": 885233, \n          \"\
        notification\": true, \n          \"parent\": null, \n          \"reactions\"\
        : {}, \n          \"user\": {\n            \"full_url\": \"https://pagure.io/user/t0xic0der\"\
        , \n            \"fullname\": \"Akashdeep Dhar\", \n            \"name\":\
        \ \"t0xic0der\", \n            \"url_path\": \"user/t0xic0der\"\n        \
        \  }\n        }\n      ], \n      \"content\": \"This is the body of the fourth\
        \ test issue\", \n      \"custom_fields\": [], \n      \"date_created\": \"\
        1700554016\", \n      \"depends\": [], \n      \"full_url\": \"https://pagure.io/protop2g-test-srce/issue/4\"\
        , \n      \"id\": 4, \n      \"last_updated\": \"1700554081\", \n      \"\
        milestone\": null, \n      \"priority\": null, \n      \"private\": true,\
        \ \n      \"related_prs\": [], \n      \"status\": \"Closed\", \n      \"\
        tags\": [\n        \"gggg\", \n        \"hhhh\"\n      ], \n      \"title\"\
        : \"This is the title of the fourth test issue\", \n      \"user\": {\n  \
        \      \"full_url\": \"https://pagure.io/user/t0xic0der\", \n        \"fullname\"\
        : \"Akashdeep Dhar\", \n        \"name\": \"t0xic0der\", \n        \"url_path\"\
        : \"user/t0xic0der\"\n      }\n    }, \n    {\n      \"assignee\": null, \n\
        \      \"blocks\": [], \n      \"close_status\": null, \n      \"closed_at\"\
        : \"1697170032\", \n      \"closed_by\": {\n        \"full_url\": \"https://pagure.io/user/t0xic0der\"\
        , \n        \"fullname\": \"Akashdeep Dhar\", \n        \"name\": \"t0xic0der\"\
        , \n        \"url_path\": \"user/t0xic0der\"\n      }, \n      \"comments\"\
        : [\n        {\n          \"comment\": \"**Metadata Update from @t0xic0der**:\\\
        n- Issue tagged with: cccc, dddd\", \n          \"date_created\": \"1697169810\"\
        , \n          \"edited_on\": null, \n          \"editor\": null, \n      \
        \    \"id\": 878472, \n          \"notification\": true, \n          \"parent\"\
        : null, \n          \"reactions\": {}, \n          \"user\": {\n         \
        \   \"full_url\": \"https://pagure.io/user/t0xic0der\", \n            \"fullname\"\
        : \"Akashdeep Dhar\", \n            \"name\": \"t0xic0der\", \n          \
        \  \"url_path\": \"user/t0xic0der\"\n          }\n        }, \n        {\n\
        \          \"comment\": \"The is the first comment under the second test issue\"\
        , \n          \"date_created\": \"1697169964\", \n          \"edited_on\"\
        : null, \n          \"editor\": null, \n          \"id\": 878475, \n     \
        \     \"notification\": false, \n          \"parent\": null, \n          \"\
        reactions\": {}, \n          \"user\": {\n            \"full_url\": \"https://pagure.io/user/t0xic0der\"\
        , \n            \"fullname\": \"Akashdeep Dhar\", \n            \"name\":\
        \ \"t0xic0der\", \n            \"url_path\": \"user/t0xic0der\"\n        \
        \  }\n        }, \n        {\n          \"comment\": \"The is the second comment\
        \ under the second test issue\", \n          \"date_created\": \"1697169976\"\
        , \n          \"edited_on\": null, \n          \"editor\": null, \n      \
        \    \"id\": 878476, \n          \"notification\": false, \n          \"parent\"\
        : null, \n          \"reactions\": {}, \n          \"user\": {\n         \
        \   \"full_url\": \"https://pagure.io/user/t0xic0der\", \n            \"fullname\"\
        : \"Akashdeep Dhar\", \n            \"name\": \"t0xic0der\", \n          \
        \  \"url_path\": \"user/t0xic0der\"\n          }\n        }, \n        {\n\
        \          \"comment\": \"**Metadata Update from @t0xic0der**:\\n- Issue status\
        \ updated to: Closed (was: Open)\", \n          \"date_created\": \"1697170032\"\
        , \n          \"edited_on\": null, \n          \"editor\": null, \n      \
        \    \"id\": 878477, \n          \"notification\": true, \n          \"parent\"\
        : null, \n          \"reactions\": {}, \n          \"user\": {\n         \
        \   \"full_url\": \"https://pagure.io/user/t0xic0der\", \n            \"fullname\"\
        : \"Akashdeep Dhar\", \n            \"name\": \"t0xic0der\", \n          \
        \  \"url_path\": \"user/t0xic0der\"\n          }\n        }\n      ], \n \
        \     \"content\": \"This is the body of the second test issue\", \n     \
        \ \"custom_fields\": [], \n      \"date_created\": \"1697169676\", \n    \
        \  \"depends\": [], \n      \"full_url\": \"https://pagure.io/protop2g-test-srce/issue/2\"\
        , \n      \"id\": 2, \n      \"last_updated\": \"1697170032\", \n      \"\
        milestone\": null, \n      \"priority\": null, \n      \"private\": false,\
        \ \n      \"related_prs\": [], \n      \"status\": \"Closed\", \n      \"\
        tags\": [\n        \"cccc\", \n        \"dddd\"\n      ], \n      \"title\"\
        : \"This is the title of the second test issue\", \n      \"user\": {\n  \
        \      \"full_url\": \"https://pagure.io/user/t0xic0der\", \n        \"fullname\"\
        : \"Akashdeep Dhar\", \n        \"name\": \"t0xic0der\", \n        \"url_path\"\
        : \"user/t0xic0der\"\n      }\n    }\n  ], \n  \"pagination\": {\n    \"first\"\
        : \"https://pagure.io/api/0/protop2g-test-srce/issues?per_page=35&status=closed&page=1\"\
        , \n    \"last\": \"https://pagure.io/api/0/protop2g-test-srce/issues?per_page=35&status=closed&page=1\"\
        , \n    \"next\": null, \n    \"page\": 1, \n    \"pages\": 1, \n    \"per_page\"\
        : 35, \n    \"prev\": null\n  }, \n  \"total_issues\": 2\n}\n"
    headers:
      Connection:
      - Upgrade, Keep-Alive
      Content-Length:
      - '6409'
      Content-Security-Policy:
      - default-src 'self';script-src 'self' 'nonce-KVFhHdD9LXc9nJ9swvEfe9jnV'; style-src
        'self' 'nonce-KVFhHdD9LXc9nJ9swvEfe9jnV'; object-src 'none';base-uri 'self';img-src
        'self' https:;connect-src 'self' https://pagure.io:8088;frame-src https://docs.pagure.org;frame-ancestors
        https://pagure.io;
      Content-Type:
      - application/json
      Date:
      - Thu, 23 Jan 2025 09:34:13 GMT
      Keep-Alive:
      - timeout=5, max=100
      Referrer-Policy:
      - same-origin
      Server:
      - Apache/2.4.37 (Red Hat Enterprise Linux) OpenSSL/1.1.1k mod_wsgi/4.6.4 Python/3.6
      Set-Cookie: ''
      Strict-Transport-Security:
      - max-age=31536000; includeSubDomains; preload
      Upgrade:
      - h2,h2c
      X-Content-Type-Options:
      - nosniff
      X-Frame-Options:
      - ALLOW-FROM https://pagure.io/
      X-Xss-Protection:
      - 1; mode=block
    status:
      code: 200
      message: OK
- request:
    body: '{"title": "[SN#4] This is the title of the fourth test issue", "description":
      "\nThis is the body of the fourth test issue\n\n_This issue ticket was originally
      created [here](https://pagure.io/protop2g-test-srce/issue/4) on a Pagure repository,\n[**protop2g-test-srce**](https://pagure.io/protop2g-test-srce)
      by [**Akashdeep Dhar**](https://accounts.fedoraproject.org/user/t0xic0der) on\n[**Thu
      Jan  1 00:00:00 1970** UTC](https://savvytime.com/converter/utc/jan-01-1970/00-00)._\n\n_This
      issue ticket was automatically created by the\n[**Pagure Exporter**](https://github.com/gridhead/pagure-exporter)._\n",
      "iid": 4}'
    headers:
      Accept:
      - '*/*'
      Accept-Encoding:
      - gzip, deflate
      Connection:
      - keep-alive
      Content-Length:
      - '618'
      Content-type:
      - application/json
      Cookie:
      - _cfuvid=DfnB_V1AIb4ELltOSHUUvGABVmXCkitC0Ag0BJ0Wg2g-1737624850672-0.0.1.1-604800000
      User-Agent:
      - python-gitlab/4.4.0
    method: POST
    uri: https://gitlab.com/api/v4/projects/42823949/issues
  response:
    body:
      string: '{"id":161013931,"iid":4,"project_id":42823949,"title":"[SN#4] This
        is the title of the fourth test issue","description":"\nThis is the body of
        the fourth test issue\n\n_This issue ticket was originally created [here](https://pagure.io/protop2g-test-srce/issue/4)
        on a Pagure repository,\n[**protop2g-test-srce**](https://pagure.io/protop2g-test-srce)
        by [**Akashdeep Dhar**](https://accounts.fedoraproject.org/user/t0xic0der)
        on\n[**Thu Jan  1 00:00:00 1970** UTC](https://savvytime.com/converter/utc/jan-01-1970/00-00)._\n\n_This
        issue ticket was automatically created by the\n[**Pagure Exporter**](https://github.com/gridhead/pagure-exporter)._","state":"opened","created_at":"2025-01-23T09:34:13.836Z","updated_at":"2025-01-23T09:34:13.836Z","closed_at":null,"closed_by":null,"labels":[],"milestone":null,"assignees":[],"author":{"id":10115999,"username":"gridhead","name":"Akashdeep
        Dhar","state":"active","locked":false,"avatar_url":"https://secure.gravatar.com/avatar/e412343841597e2fb1e952dd2b1077fc95537604ce04a27c5bfb94bdb0dc3da8?s=80\u0026d=identicon","web_url":"https://gitlab.com/gridhead"},"type":"ISSUE","assignee":null,"user_notes_count":0,"merge_requests_count":0,"upvotes":0,"downvotes":0,"due_date":null,"confidential":false,"discussion_locked":null,"issue_type":"issue","web_url":"https://gitlab.com/gridhead/protop2g-test/-/issues/4","time_stats":{"time_estimate":0,"total_time_spent":0,"human_time_estimate":null,"human_total_time_spent":null},"task_completion_status":{"count":0,"completed_count":0},"blocking_issues_count":0,"has_tasks":true,"task_status":"0
        of 0 checklist items completed","_links":{"self":"https://gitlab.com/api/v4/projects/42823949/issues/4","notes":"https://gitlab.com/api/v4/projects/42823949/issues/4/notes","award_emoji":"https://gitlab.com/api/v4/projects/42823949/issues/4/award_emoji","project":"https://gitlab.com/api/v4/projects/42823949","closed_as_duplicate_of":null},"references":{"short":"#4","relative":"#4","full":"gridhead/protop2g-test#4"},"severity":"UNKNOWN","subscribed":true,"moved_to_id":null,"imported":false,"imported_from":"none","service_desk_reply_to":null}'
    headers:
      CF-Cache-Status:
      - DYNAMIC
      CF-Ray:
      - 9066c9661c6033a8-DEL
      Cache-Control:
      - max-age=0, private, must-revalidate
      Connection:
      - keep-alive
      Content-Length:
      - '2128'
      Content-Type:
      - application/json
      Date:
      - Thu, 23 Jan 2025 09:34:14 GMT
      ETag:
      - W/"d5c8cf6ebf779bf4e2dcc3bbe2d6febc"
      NEL:
      - '{"success_fraction":0.01,"report_to":"cf-nel","max_age":604800}'
      Report-To:
      - '{"endpoints":[{"url":"https:\/\/a.nel.cloudflare.com\/report\/v4?s=Aeuk%2FfjA3Wghy13xSfesj7xVvRSqBjlaG5JTLaeqX%2FqQZrvSXXBzoj357lNlcQUbGXsutb7fmOvvh%2BtBabXPW3ut5w8fJca0IjYJLMhvm56Ll%2Bmf5chQHlRQB%2BI35xUFVWYoGbwFzwM%3D"}],"group":"cf-nel","max_age":604800}'
      Server:
      - cloudflare
      Set-Cookie: ''
      Strict-Transport-Security:
      - max-age=31536000
      Vary:
      - Origin, Accept-Encoding
      content-security-policy:
      - default-src 'none'
      gitlab-lb:
      - haproxy-main-17-lb-gprd
      gitlab-sv:
      - api-gke-us-east1-d
      referrer-policy:
      - strict-origin-when-cross-origin
      x-content-type-options:
      - nosniff
      x-frame-options:
      - SAMEORIGIN
      x-gitlab-meta:
      - '{"correlation_id":"e55e76673405a48b2689c33ee7277ce8","version":"1"}'
      x-request-id:
      - e55e76673405a48b2689c33ee7277ce8
      x-runtime:
      - '0.447739'
    status:
      code: 201
      message: Created
- request:
    body: '{"title": "[SN#2] This is the title of the second test issue", "description":
      "\nThis is the body of the second test issue\n\n_This issue ticket was originally
      created [here](https://pagure.io/protop2g-test-srce/issue/2) on a Pagure repository,\n[**protop2g-test-srce**](https://pagure.io/protop2g-test-srce)
      by [**Akashdeep Dhar**](https://accounts.fedoraproject.org/user/t0xic0der) on\n[**Thu
      Jan  1 00:00:00 1970** UTC](https://savvytime.com/converter/utc/jan-01-1970/00-00)._\n\n_This
      issue ticket was automatically created by the\n[**Pagure Exporter**](https://github.com/gridhead/pagure-exporter)._\n",
      "iid": 2}'
    headers:
      Accept:
      - '*/*'
      Accept-Encoding:
      - gzip, deflate
      Connection:
      - keep-alive
      Content-Length:
      - '618'
      Content-type:
      - application/json
      Cookie:
      - _cfuvid=DfnB_V1AIb4ELltOSHUUvGABVmXCkitC0Ag0BJ0Wg2g-1737624850672-0.0.1.1-604800000
      User-Agent:
      - python-gitlab/4.4.0
    method: POST
    uri: https://gitlab.com/api/v4/projects/42823949/issues
  response:
    body:
      string: '{"id":161013937,"iid":2,"project_id":42823949,"title":"[SN#2] This
        is the title of the second test issue","description":"\nThis is the body of
        the second test issue\n\n_This issue ticket was originally created [here](https://pagure.io/protop2g-test-srce/issue/2)
        on a Pagure repository,\n[**protop2g-test-srce**](https://pagure.io/protop2g-test-srce)
        by [**Akashdeep Dhar**](https://accounts.fedoraproject.org/user/t0xic0der)
        on\n[**Thu Jan  1 00:00:00 1970** UTC](https://savvytime.com/converter/utc/jan-01-1970/00-00)._\n\n_This
        issue ticket was automatically created by the\n[**Pagure Exporter**](https://github.com/gridhead/pagure-exporter)._","state":"opened","created_at":"2025-01-23T09:34:14.738Z","updated_at":"2025-01-23T09:34:14.738Z","closed_at":null,"closed_by":null,"labels":[],"milestone":null,"assignees":[],"author":{"id":10115999,"username":"gridhead","name":"Akashdeep
        Dhar","state":"active","locked":false,"avatar_url":"https://secure.gravatar.com/avatar/e412343841597e2fb1e952dd2b1077fc95537604ce04a27c5bfb94bdb0dc3da8?s=80\u0026d=identicon","web_url":"https://gitlab.com/gridhead"},"type":"ISSUE","assignee":null,"user_notes_count":0,"merge_requests_count":0,"upvotes":0,"downvotes":0,"due_date":null,"confidential":false,"discussion_locked":null,"issue_type":"issue","web_url":"https://gitlab.com/gridhead/protop2g-test/-/issues/2","time_stats":{"time_estimate":0,"total_time_spent":0,"human_time_estimate":null,"human_total_time_spent":null},"task_completion_status":{"count":0,"completed_count":0},"blocking_issues_count":0,"has_tasks":true,"task_status":"0
        of 0 checklist items completed","_links":{"self":"https://gitlab.com/api/v4/projects/42823949/issues/2","notes":"https://gitlab.com/api/v4/projects/42823949/issues/2/notes","award_emoji":"https://gitlab.com/api/v4/projects/42823949/issues/2/award_emoji","project":"https://gitlab.com/api/v4/projects/42823949","closed_as_duplicate_of":null},"references":{"short":"#2","relative":"#2","full":"gridhead/protop2g-test#2"},"severity":"UNKNOWN","subscribed":true,"moved_to_id":null,"imported":false,"imported_from":"none","service_desk_reply_to":null}'
    headers:
      CF-Cache-Status:
      - DYNAMIC
      CF-Ray:
      - 9066c96c0a4a339c-DEL
      Cache-Control:
      - max-age=0, private, must-revalidate
      Connection:
      - keep-alive
      Content-Length:
      - '2128'
      Content-Type:
      - application/json
      Date:
      - Thu, 23 Jan 2025 09:34:15 GMT
      ETag:
      - W/"ec6a967dc5ba5c30303887d2ec232785"
      NEL:
      - '{"success_fraction":0.01,"report_to":"cf-nel","max_age":604800}'
      Report-To:
      - '{"endpoints":[{"url":"https:\/\/a.nel.cloudflare.com\/report\/v4?s=RsXroIjOsIbalfeGGYESJb3v%2FTs9PU0uRYgmihc5WmE6bdcVosqMEOUZ1Usv3egsSRFHMuuPEDSTj89IomdfQMXdWV1GDGUcP6YMBFGCPo14WnaUQZE9eMMAvdhAlH6nhvGD%2BTFn%2BSk%3D"}],"group":"cf-nel","max_age":604800}'
      Server:
      - cloudflare
      Set-Cookie: ''
      Strict-Transport-Security:
      - max-age=31536000
      Vary:
      - Origin, Accept-Encoding
      content-security-policy:
      - default-src 'none'
      gitlab-lb:
      - haproxy-main-33-lb-gprd
      gitlab-sv:
      - api-gke-us-east1-b
      referrer-policy:
      - strict-origin-when-cross-origin
      x-content-type-options:
      - nosniff
      x-frame-options:
      - SAMEORIGIN
      x-gitlab-meta:
      - '{"correlation_id":"d393496f002e3fb7c504a42c12a482a2","version":"1"}'
      x-request-id:
      - d393496f002e3fb7c504a42c12a482a2
      x-runtime:
      - '0.371001'
    status:
      code: 201
      message: Created
version: 1
