interactions:
- request:
    body: null
    headers:
      Accept:
      - '*/*'
      Accept-Encoding:
      - gzip, deflate
      Connection:
      - keep-alive
      Content-type:
      - application/json
      User-Agent:
      - python-gitlab/4.4.0
    method: GET
    uri: https://gitlab.com/api/v4/projects/42823949
  response:
    body:
      string: '{"id":42823949,"description":null,"name":"protop2g-test","name_with_namespace":"Akashdeep
        Dhar / protop2g-test","path":"protop2g-test","path_with_namespace":"gridhead/protop2g-test","created_at":"2023-01-23T16:18:30.217Z","default_branch":"main","tag_list":[],"topics":[],"ssh_url_to_repo":"git@gitlab.com:gridhead/protop2g-test.git","http_url_to_repo":"https://gitlab.com/gridhead/protop2g-test.git","web_url":"https://gitlab.com/gridhead/protop2g-test","readme_url":"https://gitlab.com/gridhead/protop2g-test/-/blob/main/README.md","forks_count":0,"avatar_url":null,"star_count":0,"last_activity_at":"2024-04-04T06:14:00.869Z","namespace":{"id":13984834,"name":"Akashdeep
        Dhar","path":"gridhead","kind":"user","full_path":"gridhead","parent_id":null,"avatar_url":"https://secure.gravatar.com/avatar/e412343841597e2fb1e952dd2b1077fc95537604ce04a27c5bfb94bdb0dc3da8?s=80\u0026d=identicon","web_url":"https://gitlab.com/gridhead"},"container_registry_image_prefix":"registry.gitlab.com/gridhead/protop2g-test","_links":{"self":"https://gitlab.com/api/v4/projects/42823949","issues":"https://gitlab.com/api/v4/projects/42823949/issues","merge_requests":"https://gitlab.com/api/v4/projects/42823949/merge_requests","repo_branches":"https://gitlab.com/api/v4/projects/42823949/repository/branches","labels":"https://gitlab.com/api/v4/projects/42823949/labels","events":"https://gitlab.com/api/v4/projects/42823949/events","members":"https://gitlab.com/api/v4/projects/42823949/members","cluster_agents":"https://gitlab.com/api/v4/projects/42823949/cluster_agents"},"packages_enabled":true,"empty_repo":false,"archived":false,"visibility":"public","owner":{"id":10115999,"username":"gridhead","name":"Akashdeep
        Dhar","state":"active","locked":false,"avatar_url":"https://secure.gravatar.com/avatar/e412343841597e2fb1e952dd2b1077fc95537604ce04a27c5bfb94bdb0dc3da8?s=80\u0026d=identicon","web_url":"https://gitlab.com/gridhead"},"resolve_outdated_diff_discussions":false,"container_expiration_policy":{"cadence":"1d","enabled":false,"keep_n":10,"older_than":"90d","name_regex":".*","name_regex_keep":null,"next_run_at":"2023-01-24T16:18:30.271Z"},"repository_object_format":"sha1","issues_enabled":true,"merge_requests_enabled":true,"wiki_enabled":true,"jobs_enabled":true,"snippets_enabled":true,"container_registry_enabled":true,"service_desk_enabled":true,"service_desk_address":"contact-project+gridhead-protop2g-test-42823949-issue-@incoming.gitlab.com","can_create_merge_request_in":true,"issues_access_level":"enabled","repository_access_level":"enabled","merge_requests_access_level":"enabled","forking_access_level":"enabled","wiki_access_level":"enabled","builds_access_level":"enabled","snippets_access_level":"enabled","pages_access_level":"enabled","analytics_access_level":"enabled","container_registry_access_level":"enabled","security_and_compliance_access_level":"private","releases_access_level":"private","environments_access_level":"enabled","feature_flags_access_level":"private","infrastructure_access_level":"private","monitor_access_level":"enabled","model_experiments_access_level":"enabled","model_registry_access_level":"enabled","emails_disabled":false,"emails_enabled":true,"shared_runners_enabled":true,"lfs_enabled":true,"creator_id":10115999,"import_url":null,"import_type":null,"import_status":"none","import_error":null,"open_issues_count":15,"description_html":"","updated_at":"2024-04-04T06:14:00.869Z","ci_default_git_depth":20,"ci_forward_deployment_enabled":true,"ci_forward_deployment_rollback_allowed":true,"ci_job_token_scope_enabled":false,"ci_separated_caches":true,"ci_allow_fork_pipelines_to_run_in_parent_project":true,"build_git_strategy":"fetch","keep_latest_artifact":true,"restrict_user_defined_variables":false,"runners_token":"SECURE_STANDARD_PASSWORD_HERE","runner_token_expiration_interval":null,"group_runners_enabled":true,"auto_cancel_pending_pipelines":"enabled","build_timeout":3600,"auto_devops_enabled":false,"auto_devops_deploy_strategy":"continuous","ci_config_path":"","public_jobs":true,"shared_with_groups":[],"only_allow_merge_if_pipeline_succeeds":false,"allow_merge_on_skipped_pipeline":null,"request_access_enabled":true,"only_allow_merge_if_all_discussions_are_resolved":false,"remove_source_branch_after_merge":true,"printing_merge_request_link_enabled":true,"merge_method":"merge","squash_option":"default_off","enforce_auth_checks_on_uploads":true,"suggestion_commit_message":null,"merge_commit_template":null,"squash_commit_template":null,"issue_branch_template":null,"warn_about_potentially_unwanted_characters":true,"autoclose_referenced_issues":true,"external_authorization_classification_label":"","requirements_enabled":false,"requirements_access_level":"enabled","security_and_compliance_enabled":true,"compliance_frameworks":[],"permissions":{"project_access":{"access_level":40,"notification_level":3},"group_access":null}}'
    headers:
      CF-Cache-Status:
      - MISS
      CF-RAY:
      - 86ef2dbfafb00e7c-BOM
      Connection:
      - keep-alive
      Content-Encoding:
      - gzip
      Content-Type:
      - application/json
      Date:
      - Thu, 04 Apr 2024 06:18:01 GMT
      NEL:
      - '{"success_fraction":0.01,"report_to":"cf-nel","max_age":604800}'
      Report-To:
      - '{"endpoints":[{"url":"https:\/\/a.nel.cloudflare.com\/report\/v4?s=c1YU5A6uQOehG1hXhJ5ETiCjISwTcJYsL9%2BEERmf7eIjLjMcjWa4DTBQ2ke62U2aOwBVaH81CkPU8bs5QutztEzRjLnMP2cjBcL9OU5AqMflHwZ%2BXO%2FTketma%2Bo%3D"}],"group":"cf-nel","max_age":604800}'
      Server:
      - cloudflare
      Set-Cookie: ''
      Transfer-Encoding:
      - chunked
      cache-control:
      - max-age=0, private, must-revalidate
      content-security-policy:
      - default-src 'none'
      etag:
      - W/"1cb1b0ada19dd86f4f836db15e78772b"
      gitlab-lb:
      - haproxy-main-11-lb-gprd
      gitlab-sv:
      - api-gke-us-east1-d
      referrer-policy:
      - strict-origin-when-cross-origin
      strict-transport-security:
      - max-age=31536000
      vary:
      - Origin, Accept-Encoding
      x-content-type-options:
      - nosniff
      x-frame-options:
      - SAMEORIGIN
      x-gitlab-meta:
      - '{"correlation_id":"e7ce6eac8da5c667eecb46a6f4c02f69","version":"1"}'
      x-request-id:
      - e7ce6eac8da5c667eecb46a6f4c02f69
      x-runtime:
      - '0.153984'
    status:
      code: 200
      message: OK
- request:
    body: null
    headers:
      Accept:
      - '*/*'
      Accept-Encoding:
      - gzip, deflate
      Connection:
      - keep-alive
      Content-Length:
      - '0'
      Content-type:
      - application/json
      Cookie:
      - _cfuvid=4ci_NgLixTNt29zOI36wbYhSe.N1.17jBv0ldRJJZZ8-1712211481989-0.0.1.1-604800000
      User-Agent:
      - python-gitlab/4.4.0
    method: DELETE
    uri: https://gitlab.com/api/v4/projects/42823949/issues/1
  response:
    body:
      string: '{"message":"404 Issue Not Found"}'
    headers:
      CF-Cache-Status:
      - DYNAMIC
      CF-RAY:
      - 86ef2dc2bc1585f4-BOM
      Connection:
      - keep-alive
      Content-Length:
      - '33'
      Content-Type:
      - application/json
      Date:
      - Thu, 04 Apr 2024 06:18:02 GMT
      NEL:
      - '{"success_fraction":0.01,"report_to":"cf-nel","max_age":604800}'
      Report-To:
      - '{"endpoints":[{"url":"https:\/\/a.nel.cloudflare.com\/report\/v4?s=5vc7CEO5kls15DLbivwKgNvBwlYxpZlFpa50WZMJE%2BHVcVkg95RQYdEOiNmgbNnyGkP0cYVyTZbckFK2Oe05J9pJz0ElZXFvyIgq24lfq6XY49SPphfRFFr%2B%2Bdc%3D"}],"group":"cf-nel","max_age":604800}'
      Server:
      - cloudflare
      Set-Cookie: ''
      cache-control:
      - no-cache
      content-security-policy:
      - default-src 'none'
      gitlab-lb:
      - haproxy-main-16-lb-gprd
      gitlab-sv:
      - api-gke-us-east1-c
      referrer-policy:
      - strict-origin-when-cross-origin
      strict-transport-security:
      - max-age=31536000
      vary:
      - Origin
      x-content-type-options:
      - nosniff
      x-frame-options:
      - SAMEORIGIN
      x-gitlab-meta:
      - '{"correlation_id":"6c07e839942e8847b7bcbf88d88b61fe","version":"1"}'
      x-request-id:
      - 6c07e839942e8847b7bcbf88d88b61fe
      x-runtime:
      - '0.045894'
    status:
      code: 404
      message: Not Found
- request:
    body: null
    headers:
      Accept:
      - '*/*'
      Accept-Encoding:
      - gzip, deflate
      Connection:
      - keep-alive
      Content-Length:
      - '0'
      Content-type:
      - application/json
      Cookie:
      - _cfuvid=4ci_NgLixTNt29zOI36wbYhSe.N1.17jBv0ldRJJZZ8-1712211481989-0.0.1.1-604800000
      User-Agent:
      - python-gitlab/4.4.0
    method: DELETE
    uri: https://gitlab.com/api/v4/projects/42823949/issues/2
  response:
    body:
      string: '{"message":"404 Issue Not Found"}'
    headers:
      CF-Cache-Status:
      - DYNAMIC
      CF-RAY:
      - 86ef2dc4b80a6eb9-BOM
      Connection:
      - keep-alive
      Content-Length:
      - '33'
      Content-Type:
      - application/json
      Date:
      - Thu, 04 Apr 2024 06:18:02 GMT
      NEL:
      - '{"success_fraction":0.01,"report_to":"cf-nel","max_age":604800}'
      Report-To:
      - '{"endpoints":[{"url":"https:\/\/a.nel.cloudflare.com\/report\/v4?s=5MvW5JlL%2BMkXbPhAMnOdt%2B3yNgmzhwBqrHAC8VMYKHs9PyQi3JceI00QmFmiNVPH7uqWUvJihfqd8tnuxqmOGcMSlGUUFjN02PRaLuvrBKVVIwqMdUOaaP34JY0%3D"}],"group":"cf-nel","max_age":604800}'
      Server:
      - cloudflare
      Set-Cookie: ''
      cache-control:
      - no-cache
      content-security-policy:
      - default-src 'none'
      gitlab-lb:
      - haproxy-main-06-lb-gprd
      gitlab-sv:
      - api-gke-us-east1-b
      referrer-policy:
      - strict-origin-when-cross-origin
      strict-transport-security:
      - max-age=31536000
      vary:
      - Origin
      x-content-type-options:
      - nosniff
      x-frame-options:
      - SAMEORIGIN
      x-gitlab-meta:
      - '{"correlation_id":"e5ecf0a4a0442d9e654b04e30113d5a9","version":"1"}'
      x-request-id:
      - e5ecf0a4a0442d9e654b04e30113d5a9
      x-runtime:
      - '0.064503'
    status:
      code: 404
      message: Not Found
- request:
    body: null
    headers:
      Accept:
      - '*/*'
      Accept-Encoding:
      - gzip, deflate
      Connection:
      - keep-alive
      Content-Length:
      - '0'
      Content-type:
      - application/json
      Cookie:
      - _cfuvid=4ci_NgLixTNt29zOI36wbYhSe.N1.17jBv0ldRJJZZ8-1712211481989-0.0.1.1-604800000
      User-Agent:
      - python-gitlab/4.4.0
    method: DELETE
    uri: https://gitlab.com/api/v4/projects/42823949/issues/3
  response:
    body:
      string: '{"message":"404 Issue Not Found"}'
    headers:
      CF-Cache-Status:
      - DYNAMIC
      CF-RAY:
      - 86ef2dc71c41f2ef-BOM
      Connection:
      - keep-alive
      Content-Length:
      - '33'
      Content-Type:
      - application/json
      Date:
      - Thu, 04 Apr 2024 06:18:03 GMT
      NEL:
      - '{"success_fraction":0.01,"report_to":"cf-nel","max_age":604800}'
      Report-To:
      - '{"endpoints":[{"url":"https:\/\/a.nel.cloudflare.com\/report\/v4?s=V06BumUKW7jBvqLxKpriJ43CAakerX6Qs1afsXwaQaWNxMGnU3RugqCNfOTbfC1TzALZYA0TtedwHT7mVI88WhpxMiEWpbQSpuf9ZhYoLJmWjp9G1wANUtwCygc%3D"}],"group":"cf-nel","max_age":604800}'
      Server:
      - cloudflare
      Set-Cookie: ''
      cache-control:
      - no-cache
      content-security-policy:
      - default-src 'none'
      gitlab-lb:
      - haproxy-main-24-lb-gprd
      gitlab-sv:
      - api-gke-us-east1-b
      referrer-policy:
      - strict-origin-when-cross-origin
      strict-transport-security:
      - max-age=31536000
      vary:
      - Origin
      x-content-type-options:
      - nosniff
      x-frame-options:
      - SAMEORIGIN
      x-gitlab-meta:
      - '{"correlation_id":"ff33be65558290e99d52093f38c4bb98","version":"1"}'
      x-request-id:
      - ff33be65558290e99d52093f38c4bb98
      x-runtime:
      - '0.044559'
    status:
      code: 404
      message: Not Found
- request:
    body: null
    headers:
      Accept:
      - '*/*'
      Accept-Encoding:
      - gzip, deflate
      Connection:
      - keep-alive
      Content-Length:
      - '0'
      Content-type:
      - application/json
      Cookie:
      - _cfuvid=4ci_NgLixTNt29zOI36wbYhSe.N1.17jBv0ldRJJZZ8-1712211481989-0.0.1.1-604800000
      User-Agent:
      - python-gitlab/4.4.0
    method: DELETE
    uri: https://gitlab.com/api/v4/projects/42823949/issues/4
  response:
    body:
      string: '{"message":"404 Issue Not Found"}'
    headers:
      CF-Cache-Status:
      - DYNAMIC
      CF-RAY:
      - 86ef2dc90b86f3a1-BOM
      Connection:
      - keep-alive
      Content-Length:
      - '33'
      Content-Type:
      - application/json
      Date:
      - Thu, 04 Apr 2024 06:18:03 GMT
      NEL:
      - '{"success_fraction":0.01,"report_to":"cf-nel","max_age":604800}'
      Report-To:
      - '{"endpoints":[{"url":"https:\/\/a.nel.cloudflare.com\/report\/v4?s=T%2FRPc6GdudZqsComNegA93VenaBFeMp0Iokor7k0ZT4ZlS8Lyx4SQbzsJBC2otCFeAnuQ%2FzdRrz60b6z%2BK%2FZarynwgALjKTBwOCfTMmjn5avWqV8S2QFdsKHjss%3D"}],"group":"cf-nel","max_age":604800}'
      Server:
      - cloudflare
      Set-Cookie: ''
      cache-control:
      - no-cache
      content-security-policy:
      - default-src 'none'
      gitlab-lb:
      - haproxy-main-60-lb-gprd
      gitlab-sv:
      - api-gke-us-east1-b
      referrer-policy:
      - strict-origin-when-cross-origin
      strict-transport-security:
      - max-age=31536000
      vary:
      - Origin
      x-content-type-options:
      - nosniff
      x-frame-options:
      - SAMEORIGIN
      x-gitlab-meta:
      - '{"correlation_id":"f8fd72183844c816a4c7e8445ede3f2c","version":"1"}'
      x-request-id:
      - f8fd72183844c816a4c7e8445ede3f2c
      x-runtime:
      - '0.060623'
    status:
      code: 404
      message: Not Found
- request:
    body: null
    headers:
      Accept:
      - '*/*'
      Accept-Encoding:
      - gzip, deflate
      Connection:
      - keep-alive
      User-Agent:
      - python-requests/2.31.0
    method: GET
    uri: https://pagure.io/api/0/protop2g-test-srce
  response:
    body:
      string: "{\n  \"access_groups\": {\n    \"admin\": [], \n    \"collaborator\":
        [], \n    \"commit\": [], \n    \"ticket\": []\n  }, \n  \"access_users\":
        {\n    \"admin\": [], \n    \"collaborator\": [], \n    \"commit\": [], \n
        \   \"owner\": [\n      \"t0xic0der\"\n    ], \n    \"ticket\": []\n  }, \n
        \ \"close_status\": [], \n  \"custom_keys\": [], \n  \"date_created\": \"1697168063\",
        \n  \"date_modified\": \"1697168063\", \n  \"description\": \"The source namespace
        for the Pagure Exporter project to run tests against\", \n  \"full_url\":
        \"https://pagure.io/protop2g-test-srce\", \n  \"fullname\": \"protop2g-test-srce\",
        \n  \"id\": 17042, \n  \"milestones\": {}, \n  \"name\": \"protop2g-test-srce\",
        \n  \"namespace\": null, \n  \"parent\": null, \n  \"priorities\": {}, \n
        \ \"tags\": [], \n  \"url_path\": \"protop2g-test-srce\", \n  \"user\": {\n
        \   \"full_url\": \"https://pagure.io/user/t0xic0der\", \n    \"fullname\":
        \"Akashdeep Dhar\", \n    \"name\": \"t0xic0der\", \n    \"url_path\": \"user/t0xic0der\"\n
        \ }\n}\n"
    headers:
      Connection:
      - Upgrade, Keep-Alive
      Content-Length:
      - '902'
      Content-Security-Policy:
      - default-src 'self';script-src 'self' 'nonce-SLebuUXXNNVqtOj5daGB65U71'; style-src
        'self' 'nonce-SLebuUXXNNVqtOj5daGB65U71'; object-src 'none';base-uri 'self';img-src
        'self' https:;connect-src 'self' https://pagure.io:8088;frame-src https://docs.pagure.org;frame-ancestors
        https://pagure.io;
      Content-Type:
      - application/json
      Date:
      - Thu, 04 Apr 2024 06:18:03 GMT
      Keep-Alive:
      - timeout=5, max=100
      Referrer-Policy:
      - same-origin
      Server:
      - Apache/2.4.37 (Red Hat Enterprise Linux) OpenSSL/1.1.1k mod_wsgi/4.6.4 Python/3.6
      Set-Cookie: ''
      Strict-Transport-Security:
      - max-age=31536000; includeSubDomains; preload
      Upgrade:
      - h2,h2c
      X-Content-Type-Options:
      - nosniff
      X-Frame-Options:
      - ALLOW-FROM https://pagure.io/
      X-Xss-Protection:
      - 1; mode=block
    status:
      code: 200
      message: OK
- request:
    body: null
    headers:
      Accept:
      - '*/*'
      Accept-Encoding:
      - gzip, deflate
      Connection:
      - keep-alive
      Content-type:
      - application/json
      User-Agent:
      - python-gitlab/4.4.0
    method: GET
    uri: https://gitlab.com/api/v4/projects/42823949
  response:
    body:
      string: '{"id":42823949,"description":null,"name":"protop2g-test","name_with_namespace":"Akashdeep
        Dhar / protop2g-test","path":"protop2g-test","path_with_namespace":"gridhead/protop2g-test","created_at":"2023-01-23T16:18:30.217Z","default_branch":"main","tag_list":[],"topics":[],"ssh_url_to_repo":"git@gitlab.com:gridhead/protop2g-test.git","http_url_to_repo":"https://gitlab.com/gridhead/protop2g-test.git","web_url":"https://gitlab.com/gridhead/protop2g-test","readme_url":"https://gitlab.com/gridhead/protop2g-test/-/blob/main/README.md","forks_count":0,"avatar_url":null,"star_count":0,"last_activity_at":"2024-04-04T06:14:00.869Z","namespace":{"id":13984834,"name":"Akashdeep
        Dhar","path":"gridhead","kind":"user","full_path":"gridhead","parent_id":null,"avatar_url":"https://secure.gravatar.com/avatar/e412343841597e2fb1e952dd2b1077fc95537604ce04a27c5bfb94bdb0dc3da8?s=80\u0026d=identicon","web_url":"https://gitlab.com/gridhead"},"container_registry_image_prefix":"registry.gitlab.com/gridhead/protop2g-test","_links":{"self":"https://gitlab.com/api/v4/projects/42823949","issues":"https://gitlab.com/api/v4/projects/42823949/issues","merge_requests":"https://gitlab.com/api/v4/projects/42823949/merge_requests","repo_branches":"https://gitlab.com/api/v4/projects/42823949/repository/branches","labels":"https://gitlab.com/api/v4/projects/42823949/labels","events":"https://gitlab.com/api/v4/projects/42823949/events","members":"https://gitlab.com/api/v4/projects/42823949/members","cluster_agents":"https://gitlab.com/api/v4/projects/42823949/cluster_agents"},"packages_enabled":true,"empty_repo":false,"archived":false,"visibility":"public","owner":{"id":10115999,"username":"gridhead","name":"Akashdeep
        Dhar","state":"active","locked":false,"avatar_url":"https://secure.gravatar.com/avatar/e412343841597e2fb1e952dd2b1077fc95537604ce04a27c5bfb94bdb0dc3da8?s=80\u0026d=identicon","web_url":"https://gitlab.com/gridhead"},"resolve_outdated_diff_discussions":false,"container_expiration_policy":{"cadence":"1d","enabled":false,"keep_n":10,"older_than":"90d","name_regex":".*","name_regex_keep":null,"next_run_at":"2023-01-24T16:18:30.271Z"},"repository_object_format":"sha1","issues_enabled":true,"merge_requests_enabled":true,"wiki_enabled":true,"jobs_enabled":true,"snippets_enabled":true,"container_registry_enabled":true,"service_desk_enabled":true,"service_desk_address":"contact-project+gridhead-protop2g-test-42823949-issue-@incoming.gitlab.com","can_create_merge_request_in":true,"issues_access_level":"enabled","repository_access_level":"enabled","merge_requests_access_level":"enabled","forking_access_level":"enabled","wiki_access_level":"enabled","builds_access_level":"enabled","snippets_access_level":"enabled","pages_access_level":"enabled","analytics_access_level":"enabled","container_registry_access_level":"enabled","security_and_compliance_access_level":"private","releases_access_level":"private","environments_access_level":"enabled","feature_flags_access_level":"private","infrastructure_access_level":"private","monitor_access_level":"enabled","model_experiments_access_level":"enabled","model_registry_access_level":"enabled","emails_disabled":false,"emails_enabled":true,"shared_runners_enabled":true,"lfs_enabled":true,"creator_id":10115999,"import_url":null,"import_type":null,"import_status":"none","import_error":null,"open_issues_count":15,"description_html":"","updated_at":"2024-04-04T06:14:00.869Z","ci_default_git_depth":20,"ci_forward_deployment_enabled":true,"ci_forward_deployment_rollback_allowed":true,"ci_job_token_scope_enabled":false,"ci_separated_caches":true,"ci_allow_fork_pipelines_to_run_in_parent_project":true,"build_git_strategy":"fetch","keep_latest_artifact":true,"restrict_user_defined_variables":false,"runners_token":"SECURE_STANDARD_PASSWORD_HERE","runner_token_expiration_interval":null,"group_runners_enabled":true,"auto_cancel_pending_pipelines":"enabled","build_timeout":3600,"auto_devops_enabled":false,"auto_devops_deploy_strategy":"continuous","ci_config_path":"","public_jobs":true,"shared_with_groups":[],"only_allow_merge_if_pipeline_succeeds":false,"allow_merge_on_skipped_pipeline":null,"request_access_enabled":true,"only_allow_merge_if_all_discussions_are_resolved":false,"remove_source_branch_after_merge":true,"printing_merge_request_link_enabled":true,"merge_method":"merge","squash_option":"default_off","enforce_auth_checks_on_uploads":true,"suggestion_commit_message":null,"merge_commit_template":null,"squash_commit_template":null,"issue_branch_template":null,"warn_about_potentially_unwanted_characters":true,"autoclose_referenced_issues":true,"external_authorization_classification_label":"","requirements_enabled":false,"requirements_access_level":"enabled","security_and_compliance_enabled":true,"compliance_frameworks":[],"permissions":{"project_access":{"access_level":40,"notification_level":3},"group_access":null}}'
    headers:
      CF-Cache-Status:
      - MISS
      CF-RAY:
      - 86ef2dcfc8b985d1-BOM
      Connection:
      - keep-alive
      Content-Encoding:
      - gzip
      Content-Type:
      - application/json
      Date:
      - Thu, 04 Apr 2024 06:18:04 GMT
      NEL:
      - '{"success_fraction":0.01,"report_to":"cf-nel","max_age":604800}'
      Report-To:
      - '{"endpoints":[{"url":"https:\/\/a.nel.cloudflare.com\/report\/v4?s=EFqQvdMcYl1pJ87r%2F3hci1ymqkFkfWWfBNxU7CPZOLUOMwOeLD567xCDJYtLA3Fpva3Dou5NsvFSV3jxrZMkLWj4gGyQ5pHu3r53LK9UVFLJgJ7MkIt4uL6bH64%3D"}],"group":"cf-nel","max_age":604800}'
      Server:
      - cloudflare
      Set-Cookie: ''
      Transfer-Encoding:
      - chunked
      cache-control:
      - max-age=0, private, must-revalidate
      content-security-policy:
      - default-src 'none'
      etag:
      - W/"1cb1b0ada19dd86f4f836db15e78772b"
      gitlab-lb:
      - haproxy-main-36-lb-gprd
      gitlab-sv:
      - api-gke-us-east1-b
      referrer-policy:
      - strict-origin-when-cross-origin
      strict-transport-security:
      - max-age=31536000
      vary:
      - Origin, Accept-Encoding
      x-content-type-options:
      - nosniff
      x-frame-options:
      - SAMEORIGIN
      x-gitlab-meta:
      - '{"correlation_id":"9088c904615eea15b5b0974114d9fd22","version":"1"}'
      x-request-id:
      - 9088c904615eea15b5b0974114d9fd22
      x-runtime:
      - '0.105752'
    status:
      code: 200
      message: OK
- request:
    body: null
    headers:
      Accept:
      - '*/*'
      Accept-Encoding:
      - gzip, deflate
      Connection:
      - keep-alive
      User-Agent:
      - python-requests/2.31.0
    method: GET
    uri: https://pagure.io/api/0/protop2g-test-srce/issue/1
  response:
    body:
      string: "{\n  \"assignee\": null, \n  \"blocks\": [], \n  \"close_status\":
        null, \n  \"closed_at\": null, \n  \"closed_by\": null, \n  \"comments\":
        [\n    {\n      \"comment\": \"**Metadata Update from @t0xic0der**:\\n- Issue
        tagged with: aaaa, bbbb\", \n      \"date_created\": \"1697169699\", \n      \"edited_on\":
        null, \n      \"editor\": null, \n      \"id\": 878471, \n      \"notification\":
        true, \n      \"parent\": null, \n      \"reactions\": {}, \n      \"user\":
        {\n        \"full_url\": \"https://pagure.io/user/t0xic0der\", \n        \"fullname\":
        \"Akashdeep Dhar\", \n        \"name\": \"t0xic0der\", \n        \"url_path\":
        \"user/t0xic0der\"\n      }\n    }, \n    {\n      \"comment\": \"This is
        the first comment under the first test issue\", \n      \"date_created\":
        \"1697169880\", \n      \"edited_on\": null, \n      \"editor\": null, \n
        \     \"id\": 878473, \n      \"notification\": false, \n      \"parent\":
        null, \n      \"reactions\": {}, \n      \"user\": {\n        \"full_url\":
        \"https://pagure.io/user/t0xic0der\", \n        \"fullname\": \"Akashdeep
        Dhar\", \n        \"name\": \"t0xic0der\", \n        \"url_path\": \"user/t0xic0der\"\n
        \     }\n    }, \n    {\n      \"comment\": \"This is the second comment under
        the first test issue\", \n      \"date_created\": \"1697169924\", \n      \"edited_on\":
        null, \n      \"editor\": null, \n      \"id\": 878474, \n      \"notification\":
        false, \n      \"parent\": null, \n      \"reactions\": {}, \n      \"user\":
        {\n        \"full_url\": \"https://pagure.io/user/t0xic0der\", \n        \"fullname\":
        \"Akashdeep Dhar\", \n        \"name\": \"t0xic0der\", \n        \"url_path\":
        \"user/t0xic0der\"\n      }\n    }\n  ], \n  \"content\": \"This is the body
        of the first test issue\", \n  \"custom_fields\": [], \n  \"date_created\":
        \"1697169462\", \n  \"depends\": [], \n  \"full_url\": \"https://pagure.io/protop2g-test-srce/issue/1\",
        \n  \"id\": 1, \n  \"last_updated\": \"1697169924\", \n  \"milestone\": null,
        \n  \"priority\": null, \n  \"private\": false, \n  \"related_prs\": [], \n
        \ \"status\": \"Open\", \n  \"tags\": [\n    \"aaaa\", \n    \"bbbb\"\n  ],
        \n  \"title\": \"This is the title of the first test issue\", \n  \"user\":
        {\n    \"full_url\": \"https://pagure.io/user/t0xic0der\", \n    \"fullname\":
        \"Akashdeep Dhar\", \n    \"name\": \"t0xic0der\", \n    \"url_path\": \"user/t0xic0der\"\n
        \ }\n}\n"
    headers:
      Connection:
      - Upgrade, Keep-Alive
      Content-Length:
      - '2135'
      Content-Security-Policy:
      - default-src 'self';script-src 'self' 'nonce-iDd1ZonByXEJEkBeGThj2ELlh'; style-src
        'self' 'nonce-iDd1ZonByXEJEkBeGThj2ELlh'; object-src 'none';base-uri 'self';img-src
        'self' https:;connect-src 'self' https://pagure.io:8088;frame-src https://docs.pagure.org;frame-ancestors
        https://pagure.io;
      Content-Type:
      - application/json
      Date:
      - Thu, 04 Apr 2024 06:18:05 GMT
      Keep-Alive:
      - timeout=5, max=100
      Referrer-Policy:
      - same-origin
      Server:
      - Apache/2.4.37 (Red Hat Enterprise Linux) OpenSSL/1.1.1k mod_wsgi/4.6.4 Python/3.6
      Set-Cookie: ''
      Strict-Transport-Security:
      - max-age=31536000; includeSubDomains; preload
      Upgrade:
      - h2,h2c
      X-Content-Type-Options:
      - nosniff
      X-Frame-Options:
      - ALLOW-FROM https://pagure.io/
      X-Xss-Protection:
      - 1; mode=block
    status:
      code: 200
      message: OK
version: 1
