interactions:
- request:
    body: null
    headers:
      Accept:
      - '*/*'
      Accept-Encoding:
      - gzip, deflate
      Connection:
      - keep-alive
      User-Agent:
      - python-requests/2.31.0
    method: GET
    uri: https://pagure.io/api/0/protop2g-test-srce
  response:
    body:
      string: "{\n  \"access_groups\": {\n    \"admin\": [], \n    \"collaborator\":
        [], \n    \"commit\": [], \n    \"ticket\": []\n  }, \n  \"access_users\":
        {\n    \"admin\": [], \n    \"collaborator\": [], \n    \"commit\": [], \n
        \   \"owner\": [\n      \"t0xic0der\"\n    ], \n    \"ticket\": []\n  }, \n
        \ \"close_status\": [], \n  \"custom_keys\": [], \n  \"date_created\": \"1697168063\",
        \n  \"date_modified\": \"1697168063\", \n  \"description\": \"The source namespace
        for the Pagure Exporter project to run tests against\", \n  \"full_url\":
        \"https://pagure.io/protop2g-test-srce\", \n  \"fullname\": \"protop2g-test-srce\",
        \n  \"id\": 17042, \n  \"milestones\": {}, \n  \"name\": \"protop2g-test-srce\",
        \n  \"namespace\": null, \n  \"parent\": null, \n  \"priorities\": {}, \n
        \ \"tags\": [], \n  \"url_path\": \"protop2g-test-srce\", \n  \"user\": {\n
        \   \"full_url\": \"https://pagure.io/user/t0xic0der\", \n    \"fullname\":
        \"Akashdeep Dhar\", \n    \"name\": \"t0xic0der\", \n    \"url_path\": \"user/t0xic0der\"\n
        \ }\n}\n"
    headers:
      Connection:
      - Upgrade, Keep-Alive
      Content-Length:
      - '902'
      Content-Security-Policy:
      - default-src 'self';script-src 'self' 'nonce-VsJ26FmFemlC91qBWGKECe4I5'; style-src
        'self' 'nonce-VsJ26FmFemlC91qBWGKECe4I5'; object-src 'none';base-uri 'self';img-src
        'self' https:;connect-src 'self' https://pagure.io:8088;frame-src https://docs.pagure.org;frame-ancestors
        https://pagure.io;
      Content-Type:
      - application/json
      Date:
      - Mon, 04 Mar 2024 11:24:27 GMT
      Keep-Alive:
      - timeout=5, max=100
      Referrer-Policy:
      - same-origin
      Server:
      - Apache/2.4.37 (Red Hat Enterprise Linux) OpenSSL/1.1.1k mod_wsgi/4.6.4 Python/3.6
      Set-Cookie: ''
      Strict-Transport-Security:
      - max-age=31536000; includeSubDomains; preload
      Upgrade:
      - h2,h2c
      X-Content-Type-Options:
      - nosniff
      X-Frame-Options:
      - ALLOW-FROM https://pagure.io/
      X-Xss-Protection:
      - 1; mode=block
    status:
      code: 200
      message: OK
- request:
    body: null
    headers:
      Accept:
      - '*/*'
      Accept-Encoding:
      - gzip, deflate
      Connection:
      - keep-alive
      Content-type:
      - application/json
      User-Agent:
      - python-gitlab/4.4.0
    method: GET
    uri: https://gitlab.com/api/v4/projects/42823949
  response:
    body:
      string: '{"id":42823949,"description":null,"name":"protop2g-test","name_with_namespace":"Akashdeep
        Dhar / protop2g-test","path":"protop2g-test","path_with_namespace":"gridhead/protop2g-test","created_at":"2023-01-23T16:18:30.217Z","default_branch":"main","tag_list":[],"topics":[],"ssh_url_to_repo":"git@gitlab.com:gridhead/protop2g-test.git","http_url_to_repo":"https://gitlab.com/gridhead/protop2g-test.git","web_url":"https://gitlab.com/gridhead/protop2g-test","readme_url":"https://gitlab.com/gridhead/protop2g-test/-/blob/main/README.md","forks_count":0,"avatar_url":null,"star_count":0,"last_activity_at":"2024-03-04T11:20:52.799Z","namespace":{"id":13984834,"name":"Akashdeep
        Dhar","path":"gridhead","kind":"user","full_path":"gridhead","parent_id":null,"avatar_url":"https://secure.gravatar.com/avatar/e412343841597e2fb1e952dd2b1077fc95537604ce04a27c5bfb94bdb0dc3da8?s=80\u0026d=identicon","web_url":"https://gitlab.com/gridhead"},"container_registry_image_prefix":"registry.gitlab.com/gridhead/protop2g-test","_links":{"self":"https://gitlab.com/api/v4/projects/42823949","issues":"https://gitlab.com/api/v4/projects/42823949/issues","merge_requests":"https://gitlab.com/api/v4/projects/42823949/merge_requests","repo_branches":"https://gitlab.com/api/v4/projects/42823949/repository/branches","labels":"https://gitlab.com/api/v4/projects/42823949/labels","events":"https://gitlab.com/api/v4/projects/42823949/events","members":"https://gitlab.com/api/v4/projects/42823949/members","cluster_agents":"https://gitlab.com/api/v4/projects/42823949/cluster_agents"},"packages_enabled":true,"empty_repo":false,"archived":false,"visibility":"public","owner":{"id":10115999,"username":"gridhead","name":"Akashdeep
        Dhar","state":"active","locked":false,"avatar_url":"https://secure.gravatar.com/avatar/e412343841597e2fb1e952dd2b1077fc95537604ce04a27c5bfb94bdb0dc3da8?s=80\u0026d=identicon","web_url":"https://gitlab.com/gridhead"},"resolve_outdated_diff_discussions":false,"container_expiration_policy":{"cadence":"1d","enabled":false,"keep_n":10,"older_than":"90d","name_regex":".*","name_regex_keep":null,"next_run_at":"2023-01-24T16:18:30.271Z"},"repository_object_format":"sha1","issues_enabled":true,"merge_requests_enabled":true,"wiki_enabled":true,"jobs_enabled":true,"snippets_enabled":true,"container_registry_enabled":true,"service_desk_enabled":true,"service_desk_address":"contact-project+gridhead-protop2g-test-42823949-issue-@incoming.gitlab.com","can_create_merge_request_in":true,"issues_access_level":"enabled","repository_access_level":"enabled","merge_requests_access_level":"enabled","forking_access_level":"enabled","wiki_access_level":"enabled","builds_access_level":"enabled","snippets_access_level":"enabled","pages_access_level":"enabled","analytics_access_level":"enabled","container_registry_access_level":"enabled","security_and_compliance_access_level":"private","releases_access_level":"private","environments_access_level":"enabled","feature_flags_access_level":"private","infrastructure_access_level":"private","monitor_access_level":"enabled","model_experiments_access_level":"enabled","model_registry_access_level":"enabled","emails_disabled":false,"emails_enabled":true,"shared_runners_enabled":true,"lfs_enabled":true,"creator_id":10115999,"import_url":null,"import_type":null,"import_status":"none","import_error":null,"open_issues_count":33,"description_html":"","updated_at":"2024-03-04T11:20:52.799Z","ci_default_git_depth":20,"ci_forward_deployment_enabled":true,"ci_forward_deployment_rollback_allowed":true,"ci_job_token_scope_enabled":false,"ci_separated_caches":true,"ci_allow_fork_pipelines_to_run_in_parent_project":true,"build_git_strategy":"fetch","keep_latest_artifact":true,"restrict_user_defined_variables":false,"runners_token":"GR1348941S11UuXmU2P9KZ9wAZhCB","runner_token_expiration_interval":null,"group_runners_enabled":true,"auto_cancel_pending_pipelines":"enabled","build_timeout":3600,"auto_devops_enabled":false,"auto_devops_deploy_strategy":"continuous","ci_config_path":"","public_jobs":true,"shared_with_groups":[],"only_allow_merge_if_pipeline_succeeds":false,"allow_merge_on_skipped_pipeline":null,"request_access_enabled":true,"only_allow_merge_if_all_discussions_are_resolved":false,"remove_source_branch_after_merge":true,"printing_merge_request_link_enabled":true,"merge_method":"merge","squash_option":"default_off","enforce_auth_checks_on_uploads":true,"suggestion_commit_message":null,"merge_commit_template":null,"squash_commit_template":null,"issue_branch_template":null,"warn_about_potentially_unwanted_characters":true,"autoclose_referenced_issues":true,"external_authorization_classification_label":"","requirements_enabled":false,"requirements_access_level":"enabled","security_and_compliance_enabled":true,"compliance_frameworks":[],"permissions":{"project_access":{"access_level":50,"notification_level":3},"group_access":null}}'
    headers:
      CF-Cache-Status:
      - MISS
      CF-RAY:
      - 85f18001a82093bb-CCU
      Connection:
      - keep-alive
      Content-Encoding:
      - gzip
      Content-Type:
      - application/json
      Date:
      - Mon, 04 Mar 2024 11:24:28 GMT
      NEL:
      - '{"success_fraction":0.01,"report_to":"cf-nel","max_age":604800}'
      Report-To:
      - '{"endpoints":[{"url":"https:\/\/a.nel.cloudflare.com\/report\/v3?s=ouokPOwR572F%2Bn4KxAzUT1Xpd3R%2BjYTqk9GlnznUDzH4ws6nU85IhEgNrnInG%2Fe6s9Zzn4%2B9I5tkaDPQULhp6yYusOyDvo%2BUwnjsejC%2Bc%2FBtRNSLNvO0DZ2f38LIrHL%2Btdj4ffqlfis%3D"}],"group":"cf-nel","max_age":604800}'
      Server:
      - cloudflare
      Set-Cookie: ''
      Transfer-Encoding:
      - chunked
      cache-control:
      - max-age=0, private, must-revalidate
      content-security-policy:
      - default-src 'none'
      etag:
      - W/"0f070d519cf87e129225a1f8eb4fbe2f"
      gitlab-lb:
      - haproxy-main-52-lb-gprd
      gitlab-sv:
      - api-gke-us-east1-c
      referrer-policy:
      - strict-origin-when-cross-origin
      strict-transport-security:
      - max-age=31536000
      vary:
      - Origin, Accept-Encoding
      x-content-type-options:
      - nosniff
      x-frame-options:
      - SAMEORIGIN
      x-gitlab-meta:
      - '{"correlation_id":"17c0898ca8813750ca74c37e50de31de","version":"1"}'
      x-request-id:
      - 17c0898ca8813750ca74c37e50de31de
      x-runtime:
      - '0.144546'
    status:
      code: 200
      message: OK
- request:
    body: null
    headers:
      Accept:
      - '*/*'
      Accept-Encoding:
      - gzip, deflate
      Connection:
      - keep-alive
      User-Agent:
      - python-requests/2.31.0
    method: GET
    uri: https://pagure.io/api/0/protop2g-test-srce/issue/1
  response:
    body:
      string: "{\n  \"assignee\": null, \n  \"blocks\": [], \n  \"close_status\":
        null, \n  \"closed_at\": null, \n  \"closed_by\": null, \n  \"comments\":
        [\n    {\n      \"comment\": \"**Metadata Update from @t0xic0der**:\\n- Issue
        tagged with: aaaa, bbbb\", \n      \"date_created\": \"1697169699\", \n      \"edited_on\":
        null, \n      \"editor\": null, \n      \"id\": 878471, \n      \"notification\":
        true, \n      \"parent\": null, \n      \"reactions\": {}, \n      \"user\":
        {\n        \"full_url\": \"https://pagure.io/user/t0xic0der\", \n        \"fullname\":
        \"Akashdeep Dhar\", \n        \"name\": \"t0xic0der\", \n        \"url_path\":
        \"user/t0xic0der\"\n      }\n    }, \n    {\n      \"comment\": \"This is
        the first comment under the first test issue\", \n      \"date_created\":
        \"1697169880\", \n      \"edited_on\": null, \n      \"editor\": null, \n
        \     \"id\": 878473, \n      \"notification\": false, \n      \"parent\":
        null, \n      \"reactions\": {}, \n      \"user\": {\n        \"full_url\":
        \"https://pagure.io/user/t0xic0der\", \n        \"fullname\": \"Akashdeep
        Dhar\", \n        \"name\": \"t0xic0der\", \n        \"url_path\": \"user/t0xic0der\"\n
        \     }\n    }, \n    {\n      \"comment\": \"This is the second comment under
        the first test issue\", \n      \"date_created\": \"1697169924\", \n      \"edited_on\":
        null, \n      \"editor\": null, \n      \"id\": 878474, \n      \"notification\":
        false, \n      \"parent\": null, \n      \"reactions\": {}, \n      \"user\":
        {\n        \"full_url\": \"https://pagure.io/user/t0xic0der\", \n        \"fullname\":
        \"Akashdeep Dhar\", \n        \"name\": \"t0xic0der\", \n        \"url_path\":
        \"user/t0xic0der\"\n      }\n    }\n  ], \n  \"content\": \"This is the body
        of the first test issue\", \n  \"custom_fields\": [], \n  \"date_created\":
        \"1697169462\", \n  \"depends\": [], \n  \"full_url\": \"https://pagure.io/protop2g-test-srce/issue/1\",
        \n  \"id\": 1, \n  \"last_updated\": \"1697169924\", \n  \"milestone\": null,
        \n  \"priority\": null, \n  \"private\": false, \n  \"related_prs\": [], \n
        \ \"status\": \"Open\", \n  \"tags\": [\n    \"aaaa\", \n    \"bbbb\"\n  ],
        \n  \"title\": \"This is the title of the first test issue\", \n  \"user\":
        {\n    \"full_url\": \"https://pagure.io/user/t0xic0der\", \n    \"fullname\":
        \"Akashdeep Dhar\", \n    \"name\": \"t0xic0der\", \n    \"url_path\": \"user/t0xic0der\"\n
        \ }\n}\n"
    headers:
      Connection:
      - Upgrade, Keep-Alive
      Content-Length:
      - '2135'
      Content-Security-Policy:
      - default-src 'self';script-src 'self' 'nonce-mxOEtyTFsDQUUNFb7H5adCi8e'; style-src
        'self' 'nonce-mxOEtyTFsDQUUNFb7H5adCi8e'; object-src 'none';base-uri 'self';img-src
        'self' https:;connect-src 'self' https://pagure.io:8088;frame-src https://docs.pagure.org;frame-ancestors
        https://pagure.io;
      Content-Type:
      - application/json
      Date:
      - Mon, 04 Mar 2024 11:24:29 GMT
      Keep-Alive:
      - timeout=5, max=100
      Referrer-Policy:
      - same-origin
      Server:
      - Apache/2.4.37 (Red Hat Enterprise Linux) OpenSSL/1.1.1k mod_wsgi/4.6.4 Python/3.6
      Set-Cookie: ''
      Strict-Transport-Security:
      - max-age=31536000; includeSubDomains; preload
      Upgrade:
      - h2,h2c
      X-Content-Type-Options:
      - nosniff
      X-Frame-Options:
      - ALLOW-FROM https://pagure.io/
      X-Xss-Protection:
      - 1; mode=block
    status:
      code: 200
      message: OK
- request:
    body: '{"title": "[SN#1] This is the title of the first test issue", "description":
      "\nThis is the body of the first test issue\n\n_This issue ticket was originally
      created [here](https://pagure.io/protop2g-test-srce/issue/1) on a Pagure repository,\n[**protop2g-test-srce**](https://pagure.io/protop2g-test-srce)
      by [**Akashdeep Dhar**](https://pagure.io/user/t0xic0der) on\n[**Fri Oct 13
      03:57:42 2023** UTC](https://savvytime.com/converter/utc/oct-13-2023/03-57)._\n\n_This
      issue ticket was automatically created by the\n[**Pagure Exporter**](https://github.com/gridhead/pagure-exporter)._\n"}'
    headers:
      Accept:
      - '*/*'
      Accept-Encoding:
      - gzip, deflate
      Connection:
      - keep-alive
      Content-Length:
      - '589'
      Content-type:
      - application/json
      Cookie:
      - _cfuvid=akmDcVncbS.et0DZKUzWox6z3HlNxHq78i9_uK9O6j8-1709551468286-0.0.1.1-604800000
      User-Agent:
      - python-gitlab/4.4.0
    method: POST
    uri: https://gitlab.com/api/v4/projects/42823949/issues
  response:
    body:
      string: '{"id":142912518,"iid":13545,"project_id":42823949,"title":"[SN#1] This
        is the title of the first test issue","description":"\nThis is the body of
        the first test issue\n\n_This issue ticket was originally created [here](https://pagure.io/protop2g-test-srce/issue/1)
        on a Pagure repository,\n[**protop2g-test-srce**](https://pagure.io/protop2g-test-srce)
        by [**Akashdeep Dhar**](https://pagure.io/user/t0xic0der) on\n[**Fri Oct 13
        03:57:42 2023** UTC](https://savvytime.com/converter/utc/oct-13-2023/03-57)._\n\n_This
        issue ticket was automatically created by the\n[**Pagure Exporter**](https://github.com/gridhead/pagure-exporter)._","state":"opened","created_at":"2024-03-04T11:24:30.126Z","updated_at":"2024-03-04T11:24:30.126Z","closed_at":null,"closed_by":null,"labels":[],"milestone":null,"assignees":[],"author":{"id":20210877,"username":"project_42823949_bot_23a338f5a77ff65fbe998fe3b9b3be40","name":"python-gitlab
        testing token for protop2g-test","state":"active","locked":false,"avatar_url":"https://secure.gravatar.com/avatar/af058ecaa20884749a3ce04c609cf7bcfc97ae3df418b9bab81d027921a138cf?s=80\u0026d=identicon","web_url":"https://gitlab.com/project_42823949_bot_23a338f5a77ff65fbe998fe3b9b3be40"},"type":"ISSUE","assignee":null,"user_notes_count":0,"merge_requests_count":0,"upvotes":0,"downvotes":0,"due_date":null,"confidential":false,"discussion_locked":null,"issue_type":"issue","web_url":"https://gitlab.com/gridhead/protop2g-test/-/issues/13545","time_stats":{"time_estimate":0,"total_time_spent":0,"human_time_estimate":null,"human_total_time_spent":null},"task_completion_status":{"count":0,"completed_count":0},"blocking_issues_count":0,"has_tasks":true,"task_status":"0
        of 0 checklist items completed","_links":{"self":"https://gitlab.com/api/v4/projects/42823949/issues/13545","notes":"https://gitlab.com/api/v4/projects/42823949/issues/13545/notes","award_emoji":"https://gitlab.com/api/v4/projects/42823949/issues/13545/award_emoji","project":"https://gitlab.com/api/v4/projects/42823949","closed_as_duplicate_of":null},"references":{"short":"#13545","relative":"#13545","full":"gridhead/protop2g-test#13545"},"severity":"UNKNOWN","subscribed":true,"moved_to_id":null,"service_desk_reply_to":null}'
    headers:
      CF-Cache-Status:
      - DYNAMIC
      CF-RAY:
      - 85f1800d6dbe94ce-CCU
      Connection:
      - keep-alive
      Content-Length:
      - '2222'
      Content-Type:
      - application/json
      Date:
      - Mon, 04 Mar 2024 11:24:30 GMT
      NEL:
      - '{"success_fraction":0.01,"report_to":"cf-nel","max_age":604800}'
      Report-To:
      - '{"endpoints":[{"url":"https:\/\/a.nel.cloudflare.com\/report\/v3?s=SzonqGvlICXDdhaLqqMqCKfBgSpASITaEhbFCr0na%2BLZQxutOE9h1x1FJn8u%2Bxt4W40bBjWuavkRUzJ2pbVOgfdRo765emptMq8p0K4znTbJ8tBj5C%2BVodkOvPm5En%2FkCFkMKh2VplI%3D"}],"group":"cf-nel","max_age":604800}'
      Server:
      - cloudflare
      Set-Cookie: ''
      cache-control:
      - max-age=0, private, must-revalidate
      content-security-policy:
      - default-src 'none'
      etag:
      - W/"d67ab7a931f55bcf7d5d83dd45bb6bb8"
      gitlab-lb:
      - haproxy-main-40-lb-gprd
      gitlab-sv:
      - api-gke-us-east1-c
      referrer-policy:
      - strict-origin-when-cross-origin
      strict-transport-security:
      - max-age=31536000
      vary:
      - Origin
      x-content-type-options:
      - nosniff
      x-frame-options:
      - SAMEORIGIN
      x-gitlab-meta:
      - '{"correlation_id":"bf6bdf9f93d89b34f87d35fb72e27f5a","version":"1"}'
      x-request-id:
      - bf6bdf9f93d89b34f87d35fb72e27f5a
      x-runtime:
      - '0.762096'
    status:
      code: 201
      message: Created
- request:
    body: null
    headers:
      Accept:
      - '*/*'
      Accept-Encoding:
      - gzip, deflate
      Connection:
      - keep-alive
      User-Agent:
      - python-requests/2.31.0
    method: GET
    uri: https://pagure.io/api/0/protop2g-test-srce/issue/2
  response:
    body:
      string: "{\n  \"assignee\": null, \n  \"blocks\": [], \n  \"close_status\":
        null, \n  \"closed_at\": \"1697170032\", \n  \"closed_by\": {\n    \"full_url\":
        \"https://pagure.io/user/t0xic0der\", \n    \"fullname\": \"Akashdeep Dhar\",
        \n    \"name\": \"t0xic0der\", \n    \"url_path\": \"user/t0xic0der\"\n  },
        \n  \"comments\": [\n    {\n      \"comment\": \"**Metadata Update from @t0xic0der**:\\n-
        Issue tagged with: cccc, dddd\", \n      \"date_created\": \"1697169810\",
        \n      \"edited_on\": null, \n      \"editor\": null, \n      \"id\": 878472,
        \n      \"notification\": true, \n      \"parent\": null, \n      \"reactions\":
        {}, \n      \"user\": {\n        \"full_url\": \"https://pagure.io/user/t0xic0der\",
        \n        \"fullname\": \"Akashdeep Dhar\", \n        \"name\": \"t0xic0der\",
        \n        \"url_path\": \"user/t0xic0der\"\n      }\n    }, \n    {\n      \"comment\":
        \"The is the first comment under the second test issue\", \n      \"date_created\":
        \"1697169964\", \n      \"edited_on\": null, \n      \"editor\": null, \n
        \     \"id\": 878475, \n      \"notification\": false, \n      \"parent\":
        null, \n      \"reactions\": {}, \n      \"user\": {\n        \"full_url\":
        \"https://pagure.io/user/t0xic0der\", \n        \"fullname\": \"Akashdeep
        Dhar\", \n        \"name\": \"t0xic0der\", \n        \"url_path\": \"user/t0xic0der\"\n
        \     }\n    }, \n    {\n      \"comment\": \"The is the second comment under
        the second test issue\", \n      \"date_created\": \"1697169976\", \n      \"edited_on\":
        null, \n      \"editor\": null, \n      \"id\": 878476, \n      \"notification\":
        false, \n      \"parent\": null, \n      \"reactions\": {}, \n      \"user\":
        {\n        \"full_url\": \"https://pagure.io/user/t0xic0der\", \n        \"fullname\":
        \"Akashdeep Dhar\", \n        \"name\": \"t0xic0der\", \n        \"url_path\":
        \"user/t0xic0der\"\n      }\n    }, \n    {\n      \"comment\": \"**Metadata
        Update from @t0xic0der**:\\n- Issue status updated to: Closed (was: Open)\",
        \n      \"date_created\": \"1697170032\", \n      \"edited_on\": null, \n
        \     \"editor\": null, \n      \"id\": 878477, \n      \"notification\":
        true, \n      \"parent\": null, \n      \"reactions\": {}, \n      \"user\":
        {\n        \"full_url\": \"https://pagure.io/user/t0xic0der\", \n        \"fullname\":
        \"Akashdeep Dhar\", \n        \"name\": \"t0xic0der\", \n        \"url_path\":
        \"user/t0xic0der\"\n      }\n    }\n  ], \n  \"content\": \"This is the body
        of the second test issue\", \n  \"custom_fields\": [], \n  \"date_created\":
        \"1697169676\", \n  \"depends\": [], \n  \"full_url\": \"https://pagure.io/protop2g-test-srce/issue/2\",
        \n  \"id\": 2, \n  \"last_updated\": \"1697170032\", \n  \"milestone\": null,
        \n  \"priority\": null, \n  \"private\": false, \n  \"related_prs\": [], \n
        \ \"status\": \"Closed\", \n  \"tags\": [\n    \"cccc\", \n    \"dddd\"\n
        \ ], \n  \"title\": \"This is the title of the second test issue\", \n  \"user\":
        {\n    \"full_url\": \"https://pagure.io/user/t0xic0der\", \n    \"fullname\":
        \"Akashdeep Dhar\", \n    \"name\": \"t0xic0der\", \n    \"url_path\": \"user/t0xic0der\"\n
        \ }\n}\n"
    headers:
      Connection:
      - Upgrade, Keep-Alive
      Content-Length:
      - '2784'
      Content-Security-Policy:
      - default-src 'self';script-src 'self' 'nonce-rasDzc1HP8yU6eKCpMmPd5ZoI'; style-src
        'self' 'nonce-rasDzc1HP8yU6eKCpMmPd5ZoI'; object-src 'none';base-uri 'self';img-src
        'self' https:;connect-src 'self' https://pagure.io:8088;frame-src https://docs.pagure.org;frame-ancestors
        https://pagure.io;
      Content-Type:
      - application/json
      Date:
      - Mon, 04 Mar 2024 11:24:31 GMT
      Keep-Alive:
      - timeout=5, max=100
      Referrer-Policy:
      - same-origin
      Server:
      - Apache/2.4.37 (Red Hat Enterprise Linux) OpenSSL/1.1.1k mod_wsgi/4.6.4 Python/3.6
      Set-Cookie: ''
      Strict-Transport-Security:
      - max-age=31536000; includeSubDomains; preload
      Upgrade:
      - h2,h2c
      X-Content-Type-Options:
      - nosniff
      X-Frame-Options:
      - ALLOW-FROM https://pagure.io/
      X-Xss-Protection:
      - 1; mode=block
    status:
      code: 200
      message: OK
- request:
    body: '{"title": "[SN#2] This is the title of the second test issue", "description":
      "\nThis is the body of the second test issue\n\n_This issue ticket was originally
      created [here](https://pagure.io/protop2g-test-srce/issue/2) on a Pagure repository,\n[**protop2g-test-srce**](https://pagure.io/protop2g-test-srce)
      by [**Akashdeep Dhar**](https://pagure.io/user/t0xic0der) on\n[**Fri Oct 13
      04:01:16 2023** UTC](https://savvytime.com/converter/utc/oct-13-2023/04-01)._\n\n_This
      issue ticket was automatically created by the\n[**Pagure Exporter**](https://github.com/gridhead/pagure-exporter)._\n"}'
    headers:
      Accept:
      - '*/*'
      Accept-Encoding:
      - gzip, deflate
      Connection:
      - keep-alive
      Content-Length:
      - '591'
      Content-type:
      - application/json
      Cookie:
      - _cfuvid=akmDcVncbS.et0DZKUzWox6z3HlNxHq78i9_uK9O6j8-1709551468286-0.0.1.1-604800000
      User-Agent:
      - python-gitlab/4.4.0
    method: POST
    uri: https://gitlab.com/api/v4/projects/42823949/issues
  response:
    body:
      string: '{"id":142912520,"iid":13546,"project_id":42823949,"title":"[SN#2] This
        is the title of the second test issue","description":"\nThis is the body of
        the second test issue\n\n_This issue ticket was originally created [here](https://pagure.io/protop2g-test-srce/issue/2)
        on a Pagure repository,\n[**protop2g-test-srce**](https://pagure.io/protop2g-test-srce)
        by [**Akashdeep Dhar**](https://pagure.io/user/t0xic0der) on\n[**Fri Oct 13
        04:01:16 2023** UTC](https://savvytime.com/converter/utc/oct-13-2023/04-01)._\n\n_This
        issue ticket was automatically created by the\n[**Pagure Exporter**](https://github.com/gridhead/pagure-exporter)._","state":"opened","created_at":"2024-03-04T11:24:32.942Z","updated_at":"2024-03-04T11:24:32.942Z","closed_at":null,"closed_by":null,"labels":[],"milestone":null,"assignees":[],"author":{"id":20210877,"username":"project_42823949_bot_23a338f5a77ff65fbe998fe3b9b3be40","name":"python-gitlab
        testing token for protop2g-test","state":"active","locked":false,"avatar_url":"https://secure.gravatar.com/avatar/af058ecaa20884749a3ce04c609cf7bcfc97ae3df418b9bab81d027921a138cf?s=80\u0026d=identicon","web_url":"https://gitlab.com/project_42823949_bot_23a338f5a77ff65fbe998fe3b9b3be40"},"type":"ISSUE","assignee":null,"user_notes_count":0,"merge_requests_count":0,"upvotes":0,"downvotes":0,"due_date":null,"confidential":false,"discussion_locked":null,"issue_type":"issue","web_url":"https://gitlab.com/gridhead/protop2g-test/-/issues/13546","time_stats":{"time_estimate":0,"total_time_spent":0,"human_time_estimate":null,"human_total_time_spent":null},"task_completion_status":{"count":0,"completed_count":0},"blocking_issues_count":0,"has_tasks":true,"task_status":"0
        of 0 checklist items completed","_links":{"self":"https://gitlab.com/api/v4/projects/42823949/issues/13546","notes":"https://gitlab.com/api/v4/projects/42823949/issues/13546/notes","award_emoji":"https://gitlab.com/api/v4/projects/42823949/issues/13546/award_emoji","project":"https://gitlab.com/api/v4/projects/42823949","closed_as_duplicate_of":null},"references":{"short":"#13546","relative":"#13546","full":"gridhead/protop2g-test#13546"},"severity":"UNKNOWN","subscribed":true,"moved_to_id":null,"service_desk_reply_to":null}'
    headers:
      CF-Cache-Status:
      - DYNAMIC
      CF-RAY:
      - 85f1801d2a5694c4-CCU
      Connection:
      - keep-alive
      Content-Length:
      - '2224'
      Content-Type:
      - application/json
      Date:
      - Mon, 04 Mar 2024 11:24:33 GMT
      NEL:
      - '{"success_fraction":0.01,"report_to":"cf-nel","max_age":604800}'
      Report-To:
      - '{"endpoints":[{"url":"https:\/\/a.nel.cloudflare.com\/report\/v3?s=7DYebcNrrCCppQXbvFmKogv5R5rp0SC6%2BuB2XwpA%2BMrc697RWfbg61brX9zQLqZ0urrnCeA%2B%2FNHzTiLhtEnYuh0DQg4Gx88aBxxXTzyiybO5WqHNhYNISMx1Lrm0vIqgdSv74474Sis%3D"}],"group":"cf-nel","max_age":604800}'
      Server:
      - cloudflare
      Set-Cookie: ''
      cache-control:
      - max-age=0, private, must-revalidate
      content-security-policy:
      - default-src 'none'
      etag:
      - W/"cd7704c87cd9739e6a461054185fae6e"
      gitlab-lb:
      - haproxy-main-01-lb-gprd
      gitlab-sv:
      - api-gke-us-east1-c
      referrer-policy:
      - strict-origin-when-cross-origin
      strict-transport-security:
      - max-age=31536000
      vary:
      - Origin
      x-content-type-options:
      - nosniff
      x-frame-options:
      - SAMEORIGIN
      x-gitlab-meta:
      - '{"correlation_id":"2a77b3a897068b64d9c2b752c94ad7d3","version":"1"}'
      x-request-id:
      - 2a77b3a897068b64d9c2b752c94ad7d3
      x-runtime:
      - '1.108777'
    status:
      code: 201
      message: Created
version: 1
