interactions:
- request:
    body: null
    headers:
      Accept:
      - '*/*'
      Accept-Encoding:
      - gzip, deflate
      Connection:
      - keep-alive
      Content-type:
      - application/json
      User-Agent:
      - python-gitlab/4.4.0
    method: GET
    uri: https://gitlab.com/api/v4/projects/42823949
  response:
    body:
      string: '{"id":42823949,"description":null,"name":"protop2g-test","name_with_namespace":"Akashdeep
        Dhar / protop2g-test","path":"protop2g-test","path_with_namespace":"gridhead/protop2g-test","created_at":"2023-01-23T16:18:30.217Z","default_branch":"main","tag_list":[],"topics":[],"ssh_url_to_repo":"git@gitlab.com:gridhead/protop2g-test.git","http_url_to_repo":"https://gitlab.com/gridhead/protop2g-test.git","web_url":"https://gitlab.com/gridhead/protop2g-test","readme_url":"https://gitlab.com/gridhead/protop2g-test/-/blob/main/README.md","forks_count":0,"avatar_url":null,"star_count":0,"last_activity_at":"2024-03-06T02:29:51.816Z","namespace":{"id":13984834,"name":"Akashdeep
        Dhar","path":"gridhead","kind":"user","full_path":"gridhead","parent_id":null,"avatar_url":"https://secure.gravatar.com/avatar/e412343841597e2fb1e952dd2b1077fc95537604ce04a27c5bfb94bdb0dc3da8?s=80\u0026d=identicon","web_url":"https://gitlab.com/gridhead"},"container_registry_image_prefix":"registry.gitlab.com/gridhead/protop2g-test","_links":{"self":"https://gitlab.com/api/v4/projects/42823949","issues":"https://gitlab.com/api/v4/projects/42823949/issues","merge_requests":"https://gitlab.com/api/v4/projects/42823949/merge_requests","repo_branches":"https://gitlab.com/api/v4/projects/42823949/repository/branches","labels":"https://gitlab.com/api/v4/projects/42823949/labels","events":"https://gitlab.com/api/v4/projects/42823949/events","members":"https://gitlab.com/api/v4/projects/42823949/members","cluster_agents":"https://gitlab.com/api/v4/projects/42823949/cluster_agents"},"packages_enabled":true,"empty_repo":false,"archived":false,"visibility":"public","owner":{"id":10115999,"username":"gridhead","name":"Akashdeep
        Dhar","state":"active","locked":false,"avatar_url":"https://secure.gravatar.com/avatar/e412343841597e2fb1e952dd2b1077fc95537604ce04a27c5bfb94bdb0dc3da8?s=80\u0026d=identicon","web_url":"https://gitlab.com/gridhead"},"resolve_outdated_diff_discussions":false,"container_expiration_policy":{"cadence":"1d","enabled":false,"keep_n":10,"older_than":"90d","name_regex":".*","name_regex_keep":null,"next_run_at":"2023-01-24T16:18:30.271Z"},"repository_object_format":"sha1","issues_enabled":true,"merge_requests_enabled":true,"wiki_enabled":true,"jobs_enabled":true,"snippets_enabled":true,"container_registry_enabled":true,"service_desk_enabled":true,"service_desk_address":"contact-project+gridhead-protop2g-test-42823949-issue-@incoming.gitlab.com","can_create_merge_request_in":true,"issues_access_level":"enabled","repository_access_level":"enabled","merge_requests_access_level":"enabled","forking_access_level":"enabled","wiki_access_level":"enabled","builds_access_level":"enabled","snippets_access_level":"enabled","pages_access_level":"enabled","analytics_access_level":"enabled","container_registry_access_level":"enabled","security_and_compliance_access_level":"private","releases_access_level":"private","environments_access_level":"enabled","feature_flags_access_level":"private","infrastructure_access_level":"private","monitor_access_level":"enabled","model_experiments_access_level":"enabled","model_registry_access_level":"enabled","emails_disabled":false,"emails_enabled":true,"shared_runners_enabled":true,"lfs_enabled":true,"creator_id":10115999,"import_url":null,"import_type":null,"import_status":"none","import_error":null,"open_issues_count":1,"description_html":"","updated_at":"2024-03-06T02:29:51.816Z","ci_default_git_depth":20,"ci_forward_deployment_enabled":true,"ci_forward_deployment_rollback_allowed":true,"ci_job_token_scope_enabled":false,"ci_separated_caches":true,"ci_allow_fork_pipelines_to_run_in_parent_project":true,"build_git_strategy":"fetch","keep_latest_artifact":true,"restrict_user_defined_variables":false,"runners_token":"SECURE_STANDARD_PASSWORD_HERE","runner_token_expiration_interval":null,"group_runners_enabled":true,"auto_cancel_pending_pipelines":"enabled","build_timeout":3600,"auto_devops_enabled":false,"auto_devops_deploy_strategy":"continuous","ci_config_path":"","public_jobs":true,"shared_with_groups":[],"only_allow_merge_if_pipeline_succeeds":false,"allow_merge_on_skipped_pipeline":null,"request_access_enabled":true,"only_allow_merge_if_all_discussions_are_resolved":false,"remove_source_branch_after_merge":true,"printing_merge_request_link_enabled":true,"merge_method":"merge","squash_option":"default_off","enforce_auth_checks_on_uploads":true,"suggestion_commit_message":null,"merge_commit_template":null,"squash_commit_template":null,"issue_branch_template":null,"warn_about_potentially_unwanted_characters":true,"autoclose_referenced_issues":true,"external_authorization_classification_label":"","requirements_enabled":false,"requirements_access_level":"enabled","security_and_compliance_enabled":true,"compliance_frameworks":[],"permissions":{"project_access":{"access_level":50,"notification_level":3},"group_access":null}}'
    headers:
      CF-Cache-Status:
      - MISS
      CF-RAY:
      - 85feed859abd94d0-CCU
      Connection:
      - keep-alive
      Content-Encoding:
      - gzip
      Content-Type:
      - application/json
      Date:
      - Wed, 06 Mar 2024 02:31:08 GMT
      NEL:
      - '{"success_fraction":0.01,"report_to":"cf-nel","max_age":604800}'
      Report-To:
      - '{"endpoints":[{"url":"https:\/\/a.nel.cloudflare.com\/report\/v3?s=FnufTrpY9uavUGGp0EOmj996bC%2Bc55MnDYs78NMLOxcQPmRdDdorw3dn5UoxhVYlC193TD5qwa8QiffEisvrc5LJD7SKcQDZtCMmOiPUIcRt2B9DAkvgQ6k3ApwC8uI2nG3c0npjW3k%3D"}],"group":"cf-nel","max_age":604800}'
      Server:
      - cloudflare
      Set-Cookie: ''
      Transfer-Encoding:
      - chunked
      cache-control:
      - max-age=0, private, must-revalidate
      content-security-policy:
      - default-src 'none'
      etag:
      - W/"8b7c02520724218d592c6492d0237f66"
      gitlab-lb:
      - haproxy-main-25-lb-gprd
      gitlab-sv:
      - api-gke-us-east1-c
      referrer-policy:
      - strict-origin-when-cross-origin
      strict-transport-security:
      - max-age=31536000
      vary:
      - Origin, Accept-Encoding
      x-content-type-options:
      - nosniff
      x-frame-options:
      - SAMEORIGIN
      x-gitlab-meta:
      - '{"correlation_id":"d1702a322e51c91e88151fd2f7f980e7","version":"1"}'
      x-request-id:
      - d1702a322e51c91e88151fd2f7f980e7
      x-runtime:
      - '0.121702'
    status:
      code: 200
      message: OK
- request:
    body: null
    headers:
      Accept:
      - '*/*'
      Accept-Encoding:
      - gzip, deflate
      Connection:
      - keep-alive
      Content-Length:
      - '0'
      Content-type:
      - application/json
      Cookie:
      - _cfuvid=YwRFOksDnO4XQLPgeWp_LF7Bh0XHhU887ICJg5yPQNw-1709692268849-0.0.1.1-604800000
      User-Agent:
      - python-gitlab/4.4.0
    method: DELETE
    uri: https://gitlab.com/api/v4/projects/42823949/issues/1
  response:
    body:
      string: ''
    headers:
      CF-Cache-Status:
      - DYNAMIC
      CF-RAY:
      - 85feed8ced6093c1-CCU
      Connection:
      - keep-alive
      Date:
      - Wed, 06 Mar 2024 02:31:10 GMT
      NEL:
      - '{"success_fraction":0.01,"report_to":"cf-nel","max_age":604800}'
      Report-To:
      - '{"endpoints":[{"url":"https:\/\/a.nel.cloudflare.com\/report\/v3?s=KSKaLBYoJSfu3PEu8zouA3lbBrVflIaD81BGyxzF1Hrcf4s%2FdejX%2BnU%2BMCAZy1LEQT4v6B8Yr3CG%2B8JQeTogrU0nYAf8e9wa61HqxmOcfS8ZMMc5Fj2VPPmiAp0cM7tPSu750HZEUJ4%3D"}],"group":"cf-nel","max_age":604800}'
      Server:
      - cloudflare
      Set-Cookie: ''
      cache-control:
      - no-cache
      content-security-policy:
      - default-src 'none'
      gitlab-lb:
      - haproxy-main-20-lb-gprd
      gitlab-sv:
      - api-gke-us-east1-d
      referrer-policy:
      - strict-origin-when-cross-origin
      strict-transport-security:
      - max-age=31536000
      vary:
      - Origin
      x-content-type-options:
      - nosniff
      x-frame-options:
      - SAMEORIGIN
      x-gitlab-meta:
      - '{"correlation_id":"eb0c7f52ea76e626121f04c22ea45f21","version":"1"}'
      x-request-id:
      - eb0c7f52ea76e626121f04c22ea45f21
      x-runtime:
      - '0.132411'
    status:
      code: 204
      message: No Content
- request:
    body: null
    headers:
      Accept:
      - '*/*'
      Accept-Encoding:
      - gzip, deflate
      Connection:
      - keep-alive
      Content-Length:
      - '0'
      Content-type:
      - application/json
      Cookie:
      - _cfuvid=YwRFOksDnO4XQLPgeWp_LF7Bh0XHhU887ICJg5yPQNw-1709692268849-0.0.1.1-604800000
      User-Agent:
      - python-gitlab/4.4.0
    method: DELETE
    uri: https://gitlab.com/api/v4/projects/42823949/issues/2
  response:
    body:
      string: '{"message":"404 Issue Not Found"}'
    headers:
      CF-Cache-Status:
      - DYNAMIC
      CF-RAY:
      - 85feed901cae94be-CCU
      Connection:
      - keep-alive
      Content-Length:
      - '33'
      Content-Type:
      - application/json
      Date:
      - Wed, 06 Mar 2024 02:31:10 GMT
      NEL:
      - '{"success_fraction":0.01,"report_to":"cf-nel","max_age":604800}'
      Report-To:
      - '{"endpoints":[{"url":"https:\/\/a.nel.cloudflare.com\/report\/v3?s=ftB6d6RA0ETBfpP4flJk8Xn6sEwhG%2FJzgUMtDMKfBfVSB0GTbn401UcrqnkdnZYGYC8ZP%2BjNSI8hDFCdCUlWdwqk9pikKDFzsacOC%2F%2FKYfGkx75UNW6GSTELOvCu5bSeboqproAXEDc%3D"}],"group":"cf-nel","max_age":604800}'
      Server:
      - cloudflare
      Set-Cookie: ''
      cache-control:
      - no-cache
      content-security-policy:
      - default-src 'none'
      gitlab-lb:
      - haproxy-main-31-lb-gprd
      gitlab-sv:
      - api-gke-us-east1-c
      referrer-policy:
      - strict-origin-when-cross-origin
      strict-transport-security:
      - max-age=31536000
      vary:
      - Origin
      x-content-type-options:
      - nosniff
      x-frame-options:
      - SAMEORIGIN
      x-gitlab-meta:
      - '{"correlation_id":"b6b173034a9542bbfbdf807671c71209","version":"1"}'
      x-request-id:
      - b6b173034a9542bbfbdf807671c71209
      x-runtime:
      - '0.062188'
    status:
      code: 404
      message: Not Found
- request:
    body: null
    headers:
      Accept:
      - '*/*'
      Accept-Encoding:
      - gzip, deflate
      Connection:
      - keep-alive
      Content-Length:
      - '0'
      Content-type:
      - application/json
      Cookie:
      - _cfuvid=YwRFOksDnO4XQLPgeWp_LF7Bh0XHhU887ICJg5yPQNw-1709692268849-0.0.1.1-604800000
      User-Agent:
      - python-gitlab/4.4.0
    method: DELETE
    uri: https://gitlab.com/api/v4/projects/42823949/issues/3
  response:
    body:
      string: ''
    headers:
      CF-Cache-Status:
      - DYNAMIC
      CF-RAY:
      - 85feed927bfa94b2-CCU
      Connection:
      - keep-alive
      Date:
      - Wed, 06 Mar 2024 02:31:10 GMT
      NEL:
      - '{"success_fraction":0.01,"report_to":"cf-nel","max_age":604800}'
      Report-To:
      - '{"endpoints":[{"url":"https:\/\/a.nel.cloudflare.com\/report\/v3?s=%2F0EZCkZAVv9%2F5D0DGJRL8Bd%2FO8uZhJYzKwQ1bNG8mQnsxVFnSjYZtEm11YytRt5QxtjyawLgiuDs108k873PFs5vyEFCrXZCTfaNg92wa7DupQl4sUWks%2FdywEmjc6Lqbfz08%2BUxc5w%3D"}],"group":"cf-nel","max_age":604800}'
      Server:
      - cloudflare
      Set-Cookie: ''
      cache-control:
      - no-cache
      content-security-policy:
      - default-src 'none'
      gitlab-lb:
      - haproxy-main-07-lb-gprd
      gitlab-sv:
      - api-gke-us-east1-c
      referrer-policy:
      - strict-origin-when-cross-origin
      strict-transport-security:
      - max-age=31536000
      vary:
      - Origin
      x-content-type-options:
      - nosniff
      x-frame-options:
      - SAMEORIGIN
      x-gitlab-meta:
      - '{"correlation_id":"80514d22c67db63080da6aa6a9b41423","version":"1"}'
      x-request-id:
      - 80514d22c67db63080da6aa6a9b41423
      x-runtime:
      - '0.143739'
    status:
      code: 204
      message: No Content
- request:
    body: null
    headers:
      Accept:
      - '*/*'
      Accept-Encoding:
      - gzip, deflate
      Connection:
      - keep-alive
      Content-Length:
      - '0'
      Content-type:
      - application/json
      Cookie:
      - _cfuvid=YwRFOksDnO4XQLPgeWp_LF7Bh0XHhU887ICJg5yPQNw-1709692268849-0.0.1.1-604800000
      User-Agent:
      - python-gitlab/4.4.0
    method: DELETE
    uri: https://gitlab.com/api/v4/projects/42823949/issues/4
  response:
    body:
      string: '{"message":"404 Issue Not Found"}'
    headers:
      CF-Cache-Status:
      - DYNAMIC
      CF-RAY:
      - 85feed9738c494ce-CCU
      Connection:
      - keep-alive
      Content-Length:
      - '33'
      Content-Type:
      - application/json
      Date:
      - Wed, 06 Mar 2024 02:31:11 GMT
      NEL:
      - '{"success_fraction":0.01,"report_to":"cf-nel","max_age":604800}'
      Report-To:
      - '{"endpoints":[{"url":"https:\/\/a.nel.cloudflare.com\/report\/v3?s=qkNc4ROqxjcOY5p2rlH9suJg3jAENDMrCqey8C0NC8kWsO7GJM1EBYeebpI%2FUYj5dBDYFJTU76Z%2BeYwpOKrY2ZAEN%2FtTh7eGbwrsNyTxQa6y0C8qP%2B5VjH3KvfEIbn6lStocubKYjsA%3D"}],"group":"cf-nel","max_age":604800}'
      Server:
      - cloudflare
      Set-Cookie: ''
      cache-control:
      - no-cache
      content-security-policy:
      - default-src 'none'
      gitlab-lb:
      - haproxy-main-29-lb-gprd
      gitlab-sv:
      - api-gke-us-east1-d
      referrer-policy:
      - strict-origin-when-cross-origin
      strict-transport-security:
      - max-age=31536000
      vary:
      - Origin
      x-content-type-options:
      - nosniff
      x-frame-options:
      - SAMEORIGIN
      x-gitlab-meta:
      - '{"correlation_id":"d943b3419a733ac911766d95744ad981","version":"1"}'
      x-request-id:
      - d943b3419a733ac911766d95744ad981
      x-runtime:
      - '0.065023'
    status:
      code: 404
      message: Not Found
- request:
    body: null
    headers:
      Accept:
      - '*/*'
      Accept-Encoding:
      - gzip, deflate
      Connection:
      - keep-alive
      User-Agent:
      - python-requests/2.31.0
    method: GET
    uri: https://pagure.io/api/0/protop2g-test-srce
  response:
    body:
      string: "{\n  \"access_groups\": {\n    \"admin\": [], \n    \"collaborator\":
        [], \n    \"commit\": [], \n    \"ticket\": []\n  }, \n  \"access_users\":
        {\n    \"admin\": [], \n    \"collaborator\": [], \n    \"commit\": [], \n
        \   \"owner\": [\n      \"t0xic0der\"\n    ], \n    \"ticket\": []\n  }, \n
        \ \"close_status\": [], \n  \"custom_keys\": [], \n  \"date_created\": \"1697168063\",
        \n  \"date_modified\": \"1697168063\", \n  \"description\": \"The source namespace
        for the Pagure Exporter project to run tests against\", \n  \"full_url\":
        \"https://pagure.io/protop2g-test-srce\", \n  \"fullname\": \"protop2g-test-srce\",
        \n  \"id\": 17042, \n  \"milestones\": {}, \n  \"name\": \"protop2g-test-srce\",
        \n  \"namespace\": null, \n  \"parent\": null, \n  \"priorities\": {}, \n
        \ \"tags\": [], \n  \"url_path\": \"protop2g-test-srce\", \n  \"user\": {\n
        \   \"full_url\": \"https://pagure.io/user/t0xic0der\", \n    \"fullname\":
        \"Akashdeep Dhar\", \n    \"name\": \"t0xic0der\", \n    \"url_path\": \"user/t0xic0der\"\n
        \ }\n}\n"
    headers:
      Connection:
      - Upgrade, Keep-Alive
      Content-Length:
      - '902'
      Content-Security-Policy:
      - default-src 'self';script-src 'self' 'nonce-7qCcGtdiRi7z2IlsAsZYGFI0B'; style-src
        'self' 'nonce-7qCcGtdiRi7z2IlsAsZYGFI0B'; object-src 'none';base-uri 'self';img-src
        'self' https:;connect-src 'self' https://pagure.io:8088;frame-src https://docs.pagure.org;frame-ancestors
        https://pagure.io;
      Content-Type:
      - application/json
      Date:
      - Wed, 06 Mar 2024 02:31:12 GMT
      Keep-Alive:
      - timeout=5, max=100
      Referrer-Policy:
      - same-origin
      Server:
      - Apache/2.4.37 (Red Hat Enterprise Linux) OpenSSL/1.1.1k mod_wsgi/4.6.4 Python/3.6
      Set-Cookie: ''
      Strict-Transport-Security:
      - max-age=31536000; includeSubDomains; preload
      Upgrade:
      - h2,h2c
      X-Content-Type-Options:
      - nosniff
      X-Frame-Options:
      - ALLOW-FROM https://pagure.io/
      X-Xss-Protection:
      - 1; mode=block
    status:
      code: 200
      message: OK
- request:
    body: null
    headers:
      Accept:
      - '*/*'
      Accept-Encoding:
      - gzip, deflate
      Connection:
      - keep-alive
      Content-type:
      - application/json
      User-Agent:
      - python-gitlab/4.4.0
    method: GET
    uri: https://gitlab.com/api/v4/projects/42823949
  response:
    body:
      string: '{"id":42823949,"description":null,"name":"protop2g-test","name_with_namespace":"Akashdeep
        Dhar / protop2g-test","path":"protop2g-test","path_with_namespace":"gridhead/protop2g-test","created_at":"2023-01-23T16:18:30.217Z","default_branch":"main","tag_list":[],"topics":[],"ssh_url_to_repo":"git@gitlab.com:gridhead/protop2g-test.git","http_url_to_repo":"https://gitlab.com/gridhead/protop2g-test.git","web_url":"https://gitlab.com/gridhead/protop2g-test","readme_url":"https://gitlab.com/gridhead/protop2g-test/-/blob/main/README.md","forks_count":0,"avatar_url":null,"star_count":0,"last_activity_at":"2024-03-06T02:29:51.816Z","namespace":{"id":13984834,"name":"Akashdeep
        Dhar","path":"gridhead","kind":"user","full_path":"gridhead","parent_id":null,"avatar_url":"https://secure.gravatar.com/avatar/e412343841597e2fb1e952dd2b1077fc95537604ce04a27c5bfb94bdb0dc3da8?s=80\u0026d=identicon","web_url":"https://gitlab.com/gridhead"},"container_registry_image_prefix":"registry.gitlab.com/gridhead/protop2g-test","_links":{"self":"https://gitlab.com/api/v4/projects/42823949","issues":"https://gitlab.com/api/v4/projects/42823949/issues","merge_requests":"https://gitlab.com/api/v4/projects/42823949/merge_requests","repo_branches":"https://gitlab.com/api/v4/projects/42823949/repository/branches","labels":"https://gitlab.com/api/v4/projects/42823949/labels","events":"https://gitlab.com/api/v4/projects/42823949/events","members":"https://gitlab.com/api/v4/projects/42823949/members","cluster_agents":"https://gitlab.com/api/v4/projects/42823949/cluster_agents"},"packages_enabled":true,"empty_repo":false,"archived":false,"visibility":"public","owner":{"id":10115999,"username":"gridhead","name":"Akashdeep
        Dhar","state":"active","locked":false,"avatar_url":"https://secure.gravatar.com/avatar/e412343841597e2fb1e952dd2b1077fc95537604ce04a27c5bfb94bdb0dc3da8?s=80\u0026d=identicon","web_url":"https://gitlab.com/gridhead"},"resolve_outdated_diff_discussions":false,"container_expiration_policy":{"cadence":"1d","enabled":false,"keep_n":10,"older_than":"90d","name_regex":".*","name_regex_keep":null,"next_run_at":"2023-01-24T16:18:30.271Z"},"repository_object_format":"sha1","issues_enabled":true,"merge_requests_enabled":true,"wiki_enabled":true,"jobs_enabled":true,"snippets_enabled":true,"container_registry_enabled":true,"service_desk_enabled":true,"service_desk_address":"contact-project+gridhead-protop2g-test-42823949-issue-@incoming.gitlab.com","can_create_merge_request_in":true,"issues_access_level":"enabled","repository_access_level":"enabled","merge_requests_access_level":"enabled","forking_access_level":"enabled","wiki_access_level":"enabled","builds_access_level":"enabled","snippets_access_level":"enabled","pages_access_level":"enabled","analytics_access_level":"enabled","container_registry_access_level":"enabled","security_and_compliance_access_level":"private","releases_access_level":"private","environments_access_level":"enabled","feature_flags_access_level":"private","infrastructure_access_level":"private","monitor_access_level":"enabled","model_experiments_access_level":"enabled","model_registry_access_level":"enabled","emails_disabled":false,"emails_enabled":true,"shared_runners_enabled":true,"lfs_enabled":true,"creator_id":10115999,"import_url":null,"import_type":null,"import_status":"none","import_error":null,"open_issues_count":0,"description_html":"","updated_at":"2024-03-06T02:29:51.816Z","ci_default_git_depth":20,"ci_forward_deployment_enabled":true,"ci_forward_deployment_rollback_allowed":true,"ci_job_token_scope_enabled":false,"ci_separated_caches":true,"ci_allow_fork_pipelines_to_run_in_parent_project":true,"build_git_strategy":"fetch","keep_latest_artifact":true,"restrict_user_defined_variables":false,"runners_token":"SECURE_STANDARD_PASSWORD_HERE","runner_token_expiration_interval":null,"group_runners_enabled":true,"auto_cancel_pending_pipelines":"enabled","build_timeout":3600,"auto_devops_enabled":false,"auto_devops_deploy_strategy":"continuous","ci_config_path":"","public_jobs":true,"shared_with_groups":[],"only_allow_merge_if_pipeline_succeeds":false,"allow_merge_on_skipped_pipeline":null,"request_access_enabled":true,"only_allow_merge_if_all_discussions_are_resolved":false,"remove_source_branch_after_merge":true,"printing_merge_request_link_enabled":true,"merge_method":"merge","squash_option":"default_off","enforce_auth_checks_on_uploads":true,"suggestion_commit_message":null,"merge_commit_template":null,"squash_commit_template":null,"issue_branch_template":null,"warn_about_potentially_unwanted_characters":true,"autoclose_referenced_issues":true,"external_authorization_classification_label":"","requirements_enabled":false,"requirements_access_level":"enabled","security_and_compliance_enabled":true,"compliance_frameworks":[],"permissions":{"project_access":{"access_level":50,"notification_level":3},"group_access":null}}'
    headers:
      CF-Cache-Status:
      - MISS
      CF-RAY:
      - 85feeda07df894c4-CCU
      Connection:
      - keep-alive
      Content-Encoding:
      - gzip
      Content-Type:
      - application/json
      Date:
      - Wed, 06 Mar 2024 02:31:13 GMT
      NEL:
      - '{"success_fraction":0.01,"report_to":"cf-nel","max_age":604800}'
      Report-To:
      - '{"endpoints":[{"url":"https:\/\/a.nel.cloudflare.com\/report\/v3?s=YAaUZHOBIsooEt39QSIt1iCMnHXi%2BFpd1rX3pQFhDY0TIVladP3iFA5g0fUCgTbDhvjIipYwN7JghPMV7SCJnXaycMdgaMB%2BRcMjL507WKQAskFFYcTQcakSUgj%2Bw%2FicqxOQoRtfk9o%3D"}],"group":"cf-nel","max_age":604800}'
      Server:
      - cloudflare
      Set-Cookie: ''
      Transfer-Encoding:
      - chunked
      cache-control:
      - max-age=0, private, must-revalidate
      content-security-policy:
      - default-src 'none'
      etag:
      - W/"d7889926960e4033b27a5ebb12a1570f"
      gitlab-lb:
      - haproxy-main-49-lb-gprd
      gitlab-sv:
      - api-gke-us-east1-c
      referrer-policy:
      - strict-origin-when-cross-origin
      strict-transport-security:
      - max-age=31536000
      vary:
      - Origin, Accept-Encoding
      x-content-type-options:
      - nosniff
      x-frame-options:
      - SAMEORIGIN
      x-gitlab-meta:
      - '{"correlation_id":"7d385a09baad594249307f4185b719cc","version":"1"}'
      x-request-id:
      - 7d385a09baad594249307f4185b719cc
      x-runtime:
      - '0.181005'
    status:
      code: 200
      message: OK
- request:
    body: null
    headers:
      Accept:
      - '*/*'
      Accept-Encoding:
      - gzip, deflate
      Connection:
      - keep-alive
      User-Agent:
      - python-requests/2.31.0
    method: GET
    uri: https://pagure.io/api/0/protop2g-test-srce/issues?per_page=35&page=1&status=closed
  response:
    body:
      string: "{\n  \"args\": {\n    \"assignee\": null, \n    \"author\": null, \n
        \   \"milestones\": [], \n    \"no_stones\": null, \n    \"order\": null,
        \n    \"priority\": null, \n    \"since\": null, \n    \"status\": \"closed\",
        \n    \"tags\": []\n  }, \n  \"issues\": [\n    {\n      \"assignee\": null,
        \n      \"blocks\": [], \n      \"close_status\": null, \n      \"closed_at\":
        \"1700554080\", \n      \"closed_by\": {\n        \"full_url\": \"https://pagure.io/user/t0xic0der\",
        \n        \"fullname\": \"Akashdeep Dhar\", \n        \"name\": \"t0xic0der\",
        \n        \"url_path\": \"user/t0xic0der\"\n      }, \n      \"comments\":
        [\n        {\n          \"comment\": \"This is the first comment under the
        fourth test issue\", \n          \"date_created\": \"1700554045\", \n          \"edited_on\":
        null, \n          \"editor\": null, \n          \"id\": 885231, \n          \"notification\":
        false, \n          \"parent\": null, \n          \"reactions\": {}, \n          \"user\":
        {\n            \"full_url\": \"https://pagure.io/user/t0xic0der\", \n            \"fullname\":
        \"Akashdeep Dhar\", \n            \"name\": \"t0xic0der\", \n            \"url_path\":
        \"user/t0xic0der\"\n          }\n        }, \n        {\n          \"comment\":
        \"This is the second comment under the fourth test issue\", \n          \"date_created\":
        \"1700554054\", \n          \"edited_on\": null, \n          \"editor\": null,
        \n          \"id\": 885232, \n          \"notification\": false, \n          \"parent\":
        null, \n          \"reactions\": {}, \n          \"user\": {\n            \"full_url\":
        \"https://pagure.io/user/t0xic0der\", \n            \"fullname\": \"Akashdeep
        Dhar\", \n            \"name\": \"t0xic0der\", \n            \"url_path\":
        \"user/t0xic0der\"\n          }\n        }, \n        {\n          \"comment\":
        \"**Metadata Update from @t0xic0der**:\\n- Issue status updated to: Closed
        (was: Open)\", \n          \"date_created\": \"1700554081\", \n          \"edited_on\":
        null, \n          \"editor\": null, \n          \"id\": 885233, \n          \"notification\":
        true, \n          \"parent\": null, \n          \"reactions\": {}, \n          \"user\":
        {\n            \"full_url\": \"https://pagure.io/user/t0xic0der\", \n            \"fullname\":
        \"Akashdeep Dhar\", \n            \"name\": \"t0xic0der\", \n            \"url_path\":
        \"user/t0xic0der\"\n          }\n        }\n      ], \n      \"content\":
        \"This is the body of the fourth test issue\", \n      \"custom_fields\":
        [], \n      \"date_created\": \"1700554016\", \n      \"depends\": [], \n
        \     \"full_url\": \"https://pagure.io/protop2g-test-srce/issue/4\", \n      \"id\":
        4, \n      \"last_updated\": \"1700554081\", \n      \"milestone\": null,
        \n      \"priority\": null, \n      \"private\": true, \n      \"related_prs\":
        [], \n      \"status\": \"Closed\", \n      \"tags\": [\n        \"gggg\",
        \n        \"hhhh\"\n      ], \n      \"title\": \"This is the title of the
        fourth test issue\", \n      \"user\": {\n        \"full_url\": \"https://pagure.io/user/t0xic0der\",
        \n        \"fullname\": \"Akashdeep Dhar\", \n        \"name\": \"t0xic0der\",
        \n        \"url_path\": \"user/t0xic0der\"\n      }\n    }, \n    {\n      \"assignee\":
        null, \n      \"blocks\": [], \n      \"close_status\": null, \n      \"closed_at\":
        \"1697170032\", \n      \"closed_by\": {\n        \"full_url\": \"https://pagure.io/user/t0xic0der\",
        \n        \"fullname\": \"Akashdeep Dhar\", \n        \"name\": \"t0xic0der\",
        \n        \"url_path\": \"user/t0xic0der\"\n      }, \n      \"comments\":
        [\n        {\n          \"comment\": \"**Metadata Update from @t0xic0der**:\\n-
        Issue tagged with: cccc, dddd\", \n          \"date_created\": \"1697169810\",
        \n          \"edited_on\": null, \n          \"editor\": null, \n          \"id\":
        878472, \n          \"notification\": true, \n          \"parent\": null,
        \n          \"reactions\": {}, \n          \"user\": {\n            \"full_url\":
        \"https://pagure.io/user/t0xic0der\", \n            \"fullname\": \"Akashdeep
        Dhar\", \n            \"name\": \"t0xic0der\", \n            \"url_path\":
        \"user/t0xic0der\"\n          }\n        }, \n        {\n          \"comment\":
        \"The is the first comment under the second test issue\", \n          \"date_created\":
        \"1697169964\", \n          \"edited_on\": null, \n          \"editor\": null,
        \n          \"id\": 878475, \n          \"notification\": false, \n          \"parent\":
        null, \n          \"reactions\": {}, \n          \"user\": {\n            \"full_url\":
        \"https://pagure.io/user/t0xic0der\", \n            \"fullname\": \"Akashdeep
        Dhar\", \n            \"name\": \"t0xic0der\", \n            \"url_path\":
        \"user/t0xic0der\"\n          }\n        }, \n        {\n          \"comment\":
        \"The is the second comment under the second test issue\", \n          \"date_created\":
        \"1697169976\", \n          \"edited_on\": null, \n          \"editor\": null,
        \n          \"id\": 878476, \n          \"notification\": false, \n          \"parent\":
        null, \n          \"reactions\": {}, \n          \"user\": {\n            \"full_url\":
        \"https://pagure.io/user/t0xic0der\", \n            \"fullname\": \"Akashdeep
        Dhar\", \n            \"name\": \"t0xic0der\", \n            \"url_path\":
        \"user/t0xic0der\"\n          }\n        }, \n        {\n          \"comment\":
        \"**Metadata Update from @t0xic0der**:\\n- Issue status updated to: Closed
        (was: Open)\", \n          \"date_created\": \"1697170032\", \n          \"edited_on\":
        null, \n          \"editor\": null, \n          \"id\": 878477, \n          \"notification\":
        true, \n          \"parent\": null, \n          \"reactions\": {}, \n          \"user\":
        {\n            \"full_url\": \"https://pagure.io/user/t0xic0der\", \n            \"fullname\":
        \"Akashdeep Dhar\", \n            \"name\": \"t0xic0der\", \n            \"url_path\":
        \"user/t0xic0der\"\n          }\n        }\n      ], \n      \"content\":
        \"This is the body of the second test issue\", \n      \"custom_fields\":
        [], \n      \"date_created\": \"1697169676\", \n      \"depends\": [], \n
        \     \"full_url\": \"https://pagure.io/protop2g-test-srce/issue/2\", \n      \"id\":
        2, \n      \"last_updated\": \"1697170032\", \n      \"milestone\": null,
        \n      \"priority\": null, \n      \"private\": false, \n      \"related_prs\":
        [], \n      \"status\": \"Closed\", \n      \"tags\": [\n        \"cccc\",
        \n        \"dddd\"\n      ], \n      \"title\": \"This is the title of the
        second test issue\", \n      \"user\": {\n        \"full_url\": \"https://pagure.io/user/t0xic0der\",
        \n        \"fullname\": \"Akashdeep Dhar\", \n        \"name\": \"t0xic0der\",
        \n        \"url_path\": \"user/t0xic0der\"\n      }\n    }\n  ], \n  \"pagination\":
        {\n    \"first\": \"https://pagure.io/api/0/protop2g-test-srce/issues?per_page=35&status=closed&page=1\",
        \n    \"last\": \"https://pagure.io/api/0/protop2g-test-srce/issues?per_page=35&status=closed&page=1\",
        \n    \"next\": null, \n    \"page\": 1, \n    \"pages\": 1, \n    \"per_page\":
        35, \n    \"prev\": null\n  }, \n  \"total_issues\": 2\n}\n"
    headers:
      Connection:
      - Upgrade, Keep-Alive
      Content-Length:
      - '6409'
      Content-Security-Policy:
      - default-src 'self';script-src 'self' 'nonce-TBdkrSeub2ol1R7LpXWfpLGRD'; style-src
        'self' 'nonce-TBdkrSeub2ol1R7LpXWfpLGRD'; object-src 'none';base-uri 'self';img-src
        'self' https:;connect-src 'self' https://pagure.io:8088;frame-src https://docs.pagure.org;frame-ancestors
        https://pagure.io;
      Content-Type:
      - application/json
      Date:
      - Wed, 06 Mar 2024 02:31:14 GMT
      Keep-Alive:
      - timeout=5, max=100
      Referrer-Policy:
      - same-origin
      Server:
      - Apache/2.4.37 (Red Hat Enterprise Linux) OpenSSL/1.1.1k mod_wsgi/4.6.4 Python/3.6
      Set-Cookie: ''
      Strict-Transport-Security:
      - max-age=31536000; includeSubDomains; preload
      Upgrade:
      - h2,h2c
      X-Content-Type-Options:
      - nosniff
      X-Frame-Options:
      - ALLOW-FROM https://pagure.io/
      X-Xss-Protection:
      - 1; mode=block
    status:
      code: 200
      message: OK
- request:
    body: null
    headers:
      Accept:
      - '*/*'
      Accept-Encoding:
      - gzip, deflate
      Connection:
      - keep-alive
      User-Agent:
      - python-requests/2.31.0
    method: GET
    uri: https://pagure.io/api/0/protop2g-test-srce/issues?per_page=35&page=1&status=closed
  response:
    body:
      string: "{\n  \"args\": {\n    \"assignee\": null, \n    \"author\": null, \n
        \   \"milestones\": [], \n    \"no_stones\": null, \n    \"order\": null,
        \n    \"priority\": null, \n    \"since\": null, \n    \"status\": \"closed\",
        \n    \"tags\": []\n  }, \n  \"issues\": [\n    {\n      \"assignee\": null,
        \n      \"blocks\": [], \n      \"close_status\": null, \n      \"closed_at\":
        \"1700554080\", \n      \"closed_by\": {\n        \"full_url\": \"https://pagure.io/user/t0xic0der\",
        \n        \"fullname\": \"Akashdeep Dhar\", \n        \"name\": \"t0xic0der\",
        \n        \"url_path\": \"user/t0xic0der\"\n      }, \n      \"comments\":
        [\n        {\n          \"comment\": \"This is the first comment under the
        fourth test issue\", \n          \"date_created\": \"1700554045\", \n          \"edited_on\":
        null, \n          \"editor\": null, \n          \"id\": 885231, \n          \"notification\":
        false, \n          \"parent\": null, \n          \"reactions\": {}, \n          \"user\":
        {\n            \"full_url\": \"https://pagure.io/user/t0xic0der\", \n            \"fullname\":
        \"Akashdeep Dhar\", \n            \"name\": \"t0xic0der\", \n            \"url_path\":
        \"user/t0xic0der\"\n          }\n        }, \n        {\n          \"comment\":
        \"This is the second comment under the fourth test issue\", \n          \"date_created\":
        \"1700554054\", \n          \"edited_on\": null, \n          \"editor\": null,
        \n          \"id\": 885232, \n          \"notification\": false, \n          \"parent\":
        null, \n          \"reactions\": {}, \n          \"user\": {\n            \"full_url\":
        \"https://pagure.io/user/t0xic0der\", \n            \"fullname\": \"Akashdeep
        Dhar\", \n            \"name\": \"t0xic0der\", \n            \"url_path\":
        \"user/t0xic0der\"\n          }\n        }, \n        {\n          \"comment\":
        \"**Metadata Update from @t0xic0der**:\\n- Issue status updated to: Closed
        (was: Open)\", \n          \"date_created\": \"1700554081\", \n          \"edited_on\":
        null, \n          \"editor\": null, \n          \"id\": 885233, \n          \"notification\":
        true, \n          \"parent\": null, \n          \"reactions\": {}, \n          \"user\":
        {\n            \"full_url\": \"https://pagure.io/user/t0xic0der\", \n            \"fullname\":
        \"Akashdeep Dhar\", \n            \"name\": \"t0xic0der\", \n            \"url_path\":
        \"user/t0xic0der\"\n          }\n        }\n      ], \n      \"content\":
        \"This is the body of the fourth test issue\", \n      \"custom_fields\":
        [], \n      \"date_created\": \"1700554016\", \n      \"depends\": [], \n
        \     \"full_url\": \"https://pagure.io/protop2g-test-srce/issue/4\", \n      \"id\":
        4, \n      \"last_updated\": \"1700554081\", \n      \"milestone\": null,
        \n      \"priority\": null, \n      \"private\": true, \n      \"related_prs\":
        [], \n      \"status\": \"Closed\", \n      \"tags\": [\n        \"gggg\",
        \n        \"hhhh\"\n      ], \n      \"title\": \"This is the title of the
        fourth test issue\", \n      \"user\": {\n        \"full_url\": \"https://pagure.io/user/t0xic0der\",
        \n        \"fullname\": \"Akashdeep Dhar\", \n        \"name\": \"t0xic0der\",
        \n        \"url_path\": \"user/t0xic0der\"\n      }\n    }, \n    {\n      \"assignee\":
        null, \n      \"blocks\": [], \n      \"close_status\": null, \n      \"closed_at\":
        \"1697170032\", \n      \"closed_by\": {\n        \"full_url\": \"https://pagure.io/user/t0xic0der\",
        \n        \"fullname\": \"Akashdeep Dhar\", \n        \"name\": \"t0xic0der\",
        \n        \"url_path\": \"user/t0xic0der\"\n      }, \n      \"comments\":
        [\n        {\n          \"comment\": \"**Metadata Update from @t0xic0der**:\\n-
        Issue tagged with: cccc, dddd\", \n          \"date_created\": \"1697169810\",
        \n          \"edited_on\": null, \n          \"editor\": null, \n          \"id\":
        878472, \n          \"notification\": true, \n          \"parent\": null,
        \n          \"reactions\": {}, \n          \"user\": {\n            \"full_url\":
        \"https://pagure.io/user/t0xic0der\", \n            \"fullname\": \"Akashdeep
        Dhar\", \n            \"name\": \"t0xic0der\", \n            \"url_path\":
        \"user/t0xic0der\"\n          }\n        }, \n        {\n          \"comment\":
        \"The is the first comment under the second test issue\", \n          \"date_created\":
        \"1697169964\", \n          \"edited_on\": null, \n          \"editor\": null,
        \n          \"id\": 878475, \n          \"notification\": false, \n          \"parent\":
        null, \n          \"reactions\": {}, \n          \"user\": {\n            \"full_url\":
        \"https://pagure.io/user/t0xic0der\", \n            \"fullname\": \"Akashdeep
        Dhar\", \n            \"name\": \"t0xic0der\", \n            \"url_path\":
        \"user/t0xic0der\"\n          }\n        }, \n        {\n          \"comment\":
        \"The is the second comment under the second test issue\", \n          \"date_created\":
        \"1697169976\", \n          \"edited_on\": null, \n          \"editor\": null,
        \n          \"id\": 878476, \n          \"notification\": false, \n          \"parent\":
        null, \n          \"reactions\": {}, \n          \"user\": {\n            \"full_url\":
        \"https://pagure.io/user/t0xic0der\", \n            \"fullname\": \"Akashdeep
        Dhar\", \n            \"name\": \"t0xic0der\", \n            \"url_path\":
        \"user/t0xic0der\"\n          }\n        }, \n        {\n          \"comment\":
        \"**Metadata Update from @t0xic0der**:\\n- Issue status updated to: Closed
        (was: Open)\", \n          \"date_created\": \"1697170032\", \n          \"edited_on\":
        null, \n          \"editor\": null, \n          \"id\": 878477, \n          \"notification\":
        true, \n          \"parent\": null, \n          \"reactions\": {}, \n          \"user\":
        {\n            \"full_url\": \"https://pagure.io/user/t0xic0der\", \n            \"fullname\":
        \"Akashdeep Dhar\", \n            \"name\": \"t0xic0der\", \n            \"url_path\":
        \"user/t0xic0der\"\n          }\n        }\n      ], \n      \"content\":
        \"This is the body of the second test issue\", \n      \"custom_fields\":
        [], \n      \"date_created\": \"1697169676\", \n      \"depends\": [], \n
        \     \"full_url\": \"https://pagure.io/protop2g-test-srce/issue/2\", \n      \"id\":
        2, \n      \"last_updated\": \"1697170032\", \n      \"milestone\": null,
        \n      \"priority\": null, \n      \"private\": false, \n      \"related_prs\":
        [], \n      \"status\": \"Closed\", \n      \"tags\": [\n        \"cccc\",
        \n        \"dddd\"\n      ], \n      \"title\": \"This is the title of the
        second test issue\", \n      \"user\": {\n        \"full_url\": \"https://pagure.io/user/t0xic0der\",
        \n        \"fullname\": \"Akashdeep Dhar\", \n        \"name\": \"t0xic0der\",
        \n        \"url_path\": \"user/t0xic0der\"\n      }\n    }\n  ], \n  \"pagination\":
        {\n    \"first\": \"https://pagure.io/api/0/protop2g-test-srce/issues?per_page=35&status=closed&page=1\",
        \n    \"last\": \"https://pagure.io/api/0/protop2g-test-srce/issues?per_page=35&status=closed&page=1\",
        \n    \"next\": null, \n    \"page\": 1, \n    \"pages\": 1, \n    \"per_page\":
        35, \n    \"prev\": null\n  }, \n  \"total_issues\": 2\n}\n"
    headers:
      Connection:
      - Upgrade, Keep-Alive
      Content-Length:
      - '6409'
      Content-Security-Policy:
      - default-src 'self';script-src 'self' 'nonce-gxnGARd7T9ZNwlxdwShJ6N0In'; style-src
        'self' 'nonce-gxnGARd7T9ZNwlxdwShJ6N0In'; object-src 'none';base-uri 'self';img-src
        'self' https:;connect-src 'self' https://pagure.io:8088;frame-src https://docs.pagure.org;frame-ancestors
        https://pagure.io;
      Content-Type:
      - application/json
      Date:
      - Wed, 06 Mar 2024 02:31:15 GMT
      Keep-Alive:
      - timeout=5, max=100
      Referrer-Policy:
      - same-origin
      Server:
      - Apache/2.4.37 (Red Hat Enterprise Linux) OpenSSL/1.1.1k mod_wsgi/4.6.4 Python/3.6
      Set-Cookie: ''
      Strict-Transport-Security:
      - max-age=31536000; includeSubDomains; preload
      Upgrade:
      - h2,h2c
      X-Content-Type-Options:
      - nosniff
      X-Frame-Options:
      - ALLOW-FROM https://pagure.io/
      X-Xss-Protection:
      - 1; mode=block
    status:
      code: 200
      message: OK
- request:
    body: '{"title": "[SN#4] This is the title of the fourth test issue", "description":
      "\nThis is the body of the fourth test issue\n\n_This issue ticket was originally
      created [here](https://pagure.io/protop2g-test-srce/issue/4) on a Pagure repository,\n[**protop2g-test-srce**](https://pagure.io/protop2g-test-srce)
      by [**Akashdeep Dhar**](https://pagure.io/user/t0xic0der) on\n[**Tue Nov 21
      08:06:56 2023** UTC](https://savvytime.com/converter/utc/nov-21-2023/08-06)._\n\n_This
      issue ticket was automatically created by the\n[**Pagure Exporter**](https://github.com/gridhead/pagure-exporter)._\n",
      "confidential": true, "iid": 4}'
    headers:
      Accept:
      - '*/*'
      Accept-Encoding:
      - gzip, deflate
      Connection:
      - keep-alive
      Content-Length:
      - '623'
      Content-type:
      - application/json
      Cookie:
      - _cfuvid=.xwHqAvrGRNB_031j4xaFFR3Dg5r3hnOkiyryGNUzx8-1709692273250-0.0.1.1-604800000
      User-Agent:
      - python-gitlab/4.4.0
    method: POST
    uri: https://gitlab.com/api/v4/projects/42823949/issues
  response:
    body:
      string: '{"id":142989076,"iid":4,"project_id":42823949,"title":"[SN#4] This
        is the title of the fourth test issue","description":"\nThis is the body of
        the fourth test issue\n\n_This issue ticket was originally created [here](https://pagure.io/protop2g-test-srce/issue/4)
        on a Pagure repository,\n[**protop2g-test-srce**](https://pagure.io/protop2g-test-srce)
        by [**Akashdeep Dhar**](https://pagure.io/user/t0xic0der) on\n[**Tue Nov 21
        08:06:56 2023** UTC](https://savvytime.com/converter/utc/nov-21-2023/08-06)._\n\n_This
        issue ticket was automatically created by the\n[**Pagure Exporter**](https://github.com/gridhead/pagure-exporter)._","state":"opened","created_at":"2024-03-06T02:31:16.733Z","updated_at":"2024-03-06T02:31:16.733Z","closed_at":null,"closed_by":null,"labels":[],"milestone":null,"assignees":[],"author":{"id":20210877,"username":"project_42823949_bot_23a338f5a77ff65fbe998fe3b9b3be40","name":"python-gitlab
        testing token for protop2g-test","state":"active","locked":false,"avatar_url":"https://secure.gravatar.com/avatar/af058ecaa20884749a3ce04c609cf7bcfc97ae3df418b9bab81d027921a138cf?s=80\u0026d=identicon","web_url":"https://gitlab.com/project_42823949_bot_23a338f5a77ff65fbe998fe3b9b3be40"},"type":"ISSUE","assignee":null,"user_notes_count":0,"merge_requests_count":0,"upvotes":0,"downvotes":0,"due_date":null,"confidential":true,"discussion_locked":null,"issue_type":"issue","web_url":"https://gitlab.com/gridhead/protop2g-test/-/issues/4","time_stats":{"time_estimate":0,"total_time_spent":0,"human_time_estimate":null,"human_total_time_spent":null},"task_completion_status":{"count":0,"completed_count":0},"blocking_issues_count":0,"has_tasks":true,"task_status":"0
        of 0 checklist items completed","_links":{"self":"https://gitlab.com/api/v4/projects/42823949/issues/4","notes":"https://gitlab.com/api/v4/projects/42823949/issues/4/notes","award_emoji":"https://gitlab.com/api/v4/projects/42823949/issues/4/award_emoji","project":"https://gitlab.com/api/v4/projects/42823949","closed_as_duplicate_of":null},"references":{"short":"#4","relative":"#4","full":"gridhead/protop2g-test#4"},"severity":"UNKNOWN","subscribed":true,"moved_to_id":null,"service_desk_reply_to":null}'
    headers:
      CF-Cache-Status:
      - DYNAMIC
      CF-RAY:
      - 85feedb62d0e93c5-CCU
      Connection:
      - keep-alive
      Content-Length:
      - '2191'
      Content-Type:
      - application/json
      Date:
      - Wed, 06 Mar 2024 02:31:17 GMT
      NEL:
      - '{"success_fraction":0.01,"report_to":"cf-nel","max_age":604800}'
      Report-To:
      - '{"endpoints":[{"url":"https:\/\/a.nel.cloudflare.com\/report\/v3?s=gSxiQtbd5mbPD8pSdVmTW2O6CEnq%2BJWiLjOGA2XeuzMFAcvxVCzQc6gYjODS3qsvQThtfQ84MCbDcxKfkFMm0CfXp74VxM0krvxRQQDPu3xjmZxzSjs7CJhr4%2BfMlW5ytlcGryf16CE%3D"}],"group":"cf-nel","max_age":604800}'
      Server:
      - cloudflare
      Set-Cookie: ''
      cache-control:
      - max-age=0, private, must-revalidate
      content-security-policy:
      - default-src 'none'
      etag:
      - W/"35d7dbd8ae0fed71a701cac020789bcc"
      gitlab-lb:
      - haproxy-main-33-lb-gprd
      gitlab-sv:
      - api-gke-us-east1-b
      referrer-policy:
      - strict-origin-when-cross-origin
      strict-transport-security:
      - max-age=31536000
      vary:
      - Origin
      x-content-type-options:
      - nosniff
      x-frame-options:
      - SAMEORIGIN
      x-gitlab-meta:
      - '{"correlation_id":"a435db298d94f77f51e8fb471b411573","version":"1"}'
      x-request-id:
      - a435db298d94f77f51e8fb471b411573
      x-runtime:
      - '0.785192'
    status:
      code: 201
      message: Created
- request:
    body: '{"title": "[SN#2] This is the title of the second test issue", "description":
      "\nThis is the body of the second test issue\n\n_This issue ticket was originally
      created [here](https://pagure.io/protop2g-test-srce/issue/2) on a Pagure repository,\n[**protop2g-test-srce**](https://pagure.io/protop2g-test-srce)
      by [**Akashdeep Dhar**](https://pagure.io/user/t0xic0der) on\n[**Fri Oct 13
      04:01:16 2023** UTC](https://savvytime.com/converter/utc/oct-13-2023/04-01)._\n\n_This
      issue ticket was automatically created by the\n[**Pagure Exporter**](https://github.com/gridhead/pagure-exporter)._\n",
      "confidential": false, "iid": 2}'
    headers:
      Accept:
      - '*/*'
      Accept-Encoding:
      - gzip, deflate
      Connection:
      - keep-alive
      Content-Length:
      - '624'
      Content-type:
      - application/json
      Cookie:
      - _cfuvid=.xwHqAvrGRNB_031j4xaFFR3Dg5r3hnOkiyryGNUzx8-1709692273250-0.0.1.1-604800000
      User-Agent:
      - python-gitlab/4.4.0
    method: POST
    uri: https://gitlab.com/api/v4/projects/42823949/issues
  response:
    body:
      string: '{"id":142989078,"iid":2,"project_id":42823949,"title":"[SN#2] This
        is the title of the second test issue","description":"\nThis is the body of
        the second test issue\n\n_This issue ticket was originally created [here](https://pagure.io/protop2g-test-srce/issue/2)
        on a Pagure repository,\n[**protop2g-test-srce**](https://pagure.io/protop2g-test-srce)
        by [**Akashdeep Dhar**](https://pagure.io/user/t0xic0der) on\n[**Fri Oct 13
        04:01:16 2023** UTC](https://savvytime.com/converter/utc/oct-13-2023/04-01)._\n\n_This
        issue ticket was automatically created by the\n[**Pagure Exporter**](https://github.com/gridhead/pagure-exporter)._","state":"opened","created_at":"2024-03-06T02:31:17.907Z","updated_at":"2024-03-06T02:31:17.907Z","closed_at":null,"closed_by":null,"labels":[],"milestone":null,"assignees":[],"author":{"id":20210877,"username":"project_42823949_bot_23a338f5a77ff65fbe998fe3b9b3be40","name":"python-gitlab
        testing token for protop2g-test","state":"active","locked":false,"avatar_url":"https://secure.gravatar.com/avatar/af058ecaa20884749a3ce04c609cf7bcfc97ae3df418b9bab81d027921a138cf?s=80\u0026d=identicon","web_url":"https://gitlab.com/project_42823949_bot_23a338f5a77ff65fbe998fe3b9b3be40"},"type":"ISSUE","assignee":null,"user_notes_count":0,"merge_requests_count":0,"upvotes":0,"downvotes":0,"due_date":null,"confidential":false,"discussion_locked":null,"issue_type":"issue","web_url":"https://gitlab.com/gridhead/protop2g-test/-/issues/2","time_stats":{"time_estimate":0,"total_time_spent":0,"human_time_estimate":null,"human_total_time_spent":null},"task_completion_status":{"count":0,"completed_count":0},"blocking_issues_count":0,"has_tasks":true,"task_status":"0
        of 0 checklist items completed","_links":{"self":"https://gitlab.com/api/v4/projects/42823949/issues/2","notes":"https://gitlab.com/api/v4/projects/42823949/issues/2/notes","award_emoji":"https://gitlab.com/api/v4/projects/42823949/issues/2/award_emoji","project":"https://gitlab.com/api/v4/projects/42823949","closed_as_duplicate_of":null},"references":{"short":"#2","relative":"#2","full":"gridhead/protop2g-test#2"},"severity":"UNKNOWN","subscribed":true,"moved_to_id":null,"service_desk_reply_to":null}'
    headers:
      CF-Cache-Status:
      - DYNAMIC
      CF-RAY:
      - 85feedbdfbd893c2-CCU
      Connection:
      - keep-alive
      Content-Length:
      - '2192'
      Content-Type:
      - application/json
      Date:
      - Wed, 06 Mar 2024 02:31:18 GMT
      NEL:
      - '{"success_fraction":0.01,"report_to":"cf-nel","max_age":604800}'
      Report-To:
      - '{"endpoints":[{"url":"https:\/\/a.nel.cloudflare.com\/report\/v3?s=tKA81biIawvGGEF8QytEVowsdnPcEp3xsU9ySATWWsBmjtb3lwgbFLJGnure2GGhL6bqIQ6KdD3z3Q9e5cU1gPbkWgiJmtQcJ0rn5R5VnlIN5Fxxl6qES2mw1oGTPTjORBuHfu%2BuChM%3D"}],"group":"cf-nel","max_age":604800}'
      Server:
      - cloudflare
      Set-Cookie: ''
      cache-control:
      - max-age=0, private, must-revalidate
      content-security-policy:
      - default-src 'none'
      etag:
      - W/"ac4933e76a58896cb717efd26cac97dd"
      gitlab-lb:
      - haproxy-main-51-lb-gprd
      gitlab-sv:
      - api-gke-us-east1-b
      referrer-policy:
      - strict-origin-when-cross-origin
      strict-transport-security:
      - max-age=31536000
      vary:
      - Origin
      x-content-type-options:
      - nosniff
      x-frame-options:
      - SAMEORIGIN
      x-gitlab-meta:
      - '{"correlation_id":"8623984c404fcd8b183cc5eb02039e13","version":"1"}'
      x-request-id:
      - 8623984c404fcd8b183cc5eb02039e13
      x-runtime:
      - '0.479439'
    status:
      code: 201
      message: Created
version: 1
