interactions:
- request:
    body: null
    headers:
      Accept:
      - '*/*'
      Accept-Encoding:
      - gzip, deflate
      Connection:
      - keep-alive
      Content-type:
      - application/json
      User-Agent:
      - python-gitlab/4.4.0
    method: GET
    uri: https://gitlab.com/api/v4/projects/42823949
  response:
    body:
      string: '{"id":42823949,"description":null,"name":"protop2g-test","name_with_namespace":"Akashdeep
        Dhar / protop2g-test","path":"protop2g-test","path_with_namespace":"gridhead/protop2g-test","created_at":"2023-01-23T16:18:30.217Z","default_branch":"main","tag_list":[],"topics":[],"ssh_url_to_repo":"git@gitlab.com:gridhead/protop2g-test.git","http_url_to_repo":"https://gitlab.com/gridhead/protop2g-test.git","web_url":"https://gitlab.com/gridhead/protop2g-test","readme_url":"https://gitlab.com/gridhead/protop2g-test/-/blob/main/README.md","forks_count":0,"avatar_url":null,"star_count":0,"last_activity_at":"2024-03-06T02:29:51.816Z","namespace":{"id":13984834,"name":"Akashdeep
        Dhar","path":"gridhead","kind":"user","full_path":"gridhead","parent_id":null,"avatar_url":"https://secure.gravatar.com/avatar/e412343841597e2fb1e952dd2b1077fc95537604ce04a27c5bfb94bdb0dc3da8?s=80\u0026d=identicon","web_url":"https://gitlab.com/gridhead"},"container_registry_image_prefix":"registry.gitlab.com/gridhead/protop2g-test","_links":{"self":"https://gitlab.com/api/v4/projects/42823949","issues":"https://gitlab.com/api/v4/projects/42823949/issues","merge_requests":"https://gitlab.com/api/v4/projects/42823949/merge_requests","repo_branches":"https://gitlab.com/api/v4/projects/42823949/repository/branches","labels":"https://gitlab.com/api/v4/projects/42823949/labels","events":"https://gitlab.com/api/v4/projects/42823949/events","members":"https://gitlab.com/api/v4/projects/42823949/members","cluster_agents":"https://gitlab.com/api/v4/projects/42823949/cluster_agents"},"packages_enabled":true,"empty_repo":false,"archived":false,"visibility":"public","owner":{"id":10115999,"username":"gridhead","name":"Akashdeep
        Dhar","state":"active","locked":false,"avatar_url":"https://secure.gravatar.com/avatar/e412343841597e2fb1e952dd2b1077fc95537604ce04a27c5bfb94bdb0dc3da8?s=80\u0026d=identicon","web_url":"https://gitlab.com/gridhead"},"resolve_outdated_diff_discussions":false,"container_expiration_policy":{"cadence":"1d","enabled":false,"keep_n":10,"older_than":"90d","name_regex":".*","name_regex_keep":null,"next_run_at":"2023-01-24T16:18:30.271Z"},"repository_object_format":"sha1","issues_enabled":true,"merge_requests_enabled":true,"wiki_enabled":true,"jobs_enabled":true,"snippets_enabled":true,"container_registry_enabled":true,"service_desk_enabled":true,"service_desk_address":"contact-project+gridhead-protop2g-test-42823949-issue-@incoming.gitlab.com","can_create_merge_request_in":true,"issues_access_level":"enabled","repository_access_level":"enabled","merge_requests_access_level":"enabled","forking_access_level":"enabled","wiki_access_level":"enabled","builds_access_level":"enabled","snippets_access_level":"enabled","pages_access_level":"enabled","analytics_access_level":"enabled","container_registry_access_level":"enabled","security_and_compliance_access_level":"private","releases_access_level":"private","environments_access_level":"enabled","feature_flags_access_level":"private","infrastructure_access_level":"private","monitor_access_level":"enabled","model_experiments_access_level":"enabled","model_registry_access_level":"enabled","emails_disabled":false,"emails_enabled":true,"shared_runners_enabled":true,"lfs_enabled":true,"creator_id":10115999,"import_url":null,"import_type":null,"import_status":"none","import_error":null,"open_issues_count":1,"description_html":"","updated_at":"2024-03-06T02:29:51.816Z","ci_default_git_depth":20,"ci_forward_deployment_enabled":true,"ci_forward_deployment_rollback_allowed":true,"ci_job_token_scope_enabled":false,"ci_separated_caches":true,"ci_allow_fork_pipelines_to_run_in_parent_project":true,"build_git_strategy":"fetch","keep_latest_artifact":true,"restrict_user_defined_variables":false,"runners_token":"SECURE_STANDARD_PASSWORD_HERE","runner_token_expiration_interval":null,"group_runners_enabled":true,"auto_cancel_pending_pipelines":"enabled","build_timeout":3600,"auto_devops_enabled":false,"auto_devops_deploy_strategy":"continuous","ci_config_path":"","public_jobs":true,"shared_with_groups":[],"only_allow_merge_if_pipeline_succeeds":false,"allow_merge_on_skipped_pipeline":null,"request_access_enabled":true,"only_allow_merge_if_all_discussions_are_resolved":false,"remove_source_branch_after_merge":true,"printing_merge_request_link_enabled":true,"merge_method":"merge","squash_option":"default_off","enforce_auth_checks_on_uploads":true,"suggestion_commit_message":null,"merge_commit_template":null,"squash_commit_template":null,"issue_branch_template":null,"warn_about_potentially_unwanted_characters":true,"autoclose_referenced_issues":true,"external_authorization_classification_label":"","requirements_enabled":false,"requirements_access_level":"enabled","security_and_compliance_enabled":true,"compliance_frameworks":[],"permissions":{"project_access":{"access_level":50,"notification_level":3},"group_access":null}}'
    headers:
      CF-Cache-Status:
      - MISS
      CF-RAY:
      - 85feedc3fefd94b2-CCU
      Connection:
      - keep-alive
      Content-Encoding:
      - gzip
      Content-Type:
      - application/json
      Date:
      - Wed, 06 Mar 2024 02:31:18 GMT
      NEL:
      - '{"success_fraction":0.01,"report_to":"cf-nel","max_age":604800}'
      Report-To:
      - '{"endpoints":[{"url":"https:\/\/a.nel.cloudflare.com\/report\/v3?s=YypmZALnEwjJMQazTHixZouVfJvTRyl%2FCGIHghtHF7nln6Pe9xktXZn%2Bl1UnXWFt9R4SM3YfTBOT8KbVFM6mJMtakmKJrrRXaNFOGteWPC1sZySQ7WmawV6GHZuJHKnWxJ2u070%2B9CM%3D"}],"group":"cf-nel","max_age":604800}'
      Server:
      - cloudflare
      Set-Cookie: ''
      Transfer-Encoding:
      - chunked
      cache-control:
      - max-age=0, private, must-revalidate
      content-security-policy:
      - default-src 'none'
      etag:
      - W/"8b7c02520724218d592c6492d0237f66"
      gitlab-lb:
      - haproxy-main-29-lb-gprd
      gitlab-sv:
      - api-gke-us-east1-d
      referrer-policy:
      - strict-origin-when-cross-origin
      strict-transport-security:
      - max-age=31536000
      vary:
      - Origin, Accept-Encoding
      x-content-type-options:
      - nosniff
      x-frame-options:
      - SAMEORIGIN
      x-gitlab-meta:
      - '{"correlation_id":"02aafc2fc36b5e8aa45ed684b8daef17","version":"1"}'
      x-request-id:
      - 02aafc2fc36b5e8aa45ed684b8daef17
      x-runtime:
      - '0.150115'
    status:
      code: 200
      message: OK
- request:
    body: null
    headers:
      Accept:
      - '*/*'
      Accept-Encoding:
      - gzip, deflate
      Connection:
      - keep-alive
      Content-Length:
      - '0'
      Content-type:
      - application/json
      Cookie:
      - _cfuvid=chtVho1hON9GSUbQKE.c90N8kljcln3uzbWI.yTiPeg-1709692278844-0.0.1.1-604800000
      User-Agent:
      - python-gitlab/4.4.0
    method: DELETE
    uri: https://gitlab.com/api/v4/projects/42823949/issues/1
  response:
    body:
      string: '{"message":"404 Issue Not Found"}'
    headers:
      CF-Cache-Status:
      - DYNAMIC
      CF-RAY:
      - 85feedc7689894b6-CCU
      Connection:
      - keep-alive
      Content-Length:
      - '33'
      Content-Type:
      - application/json
      Date:
      - Wed, 06 Mar 2024 02:31:19 GMT
      NEL:
      - '{"success_fraction":0.01,"report_to":"cf-nel","max_age":604800}'
      Report-To:
      - '{"endpoints":[{"url":"https:\/\/a.nel.cloudflare.com\/report\/v3?s=RcmhnGYXM72Ce3OER7pv1uQnGwEwwhUd%2B0iWdCv1a6cl63OUJCP2Ey4mfZYpqcjHn5DElKGtcaESXJ51YM50In4MVMvJgFCPpmZvtlheDC%2Bgol91x3lIsdIOIWeMxHlZYiGMWR7IDds%3D"}],"group":"cf-nel","max_age":604800}'
      Server:
      - cloudflare
      Set-Cookie: ''
      cache-control:
      - no-cache
      content-security-policy:
      - default-src 'none'
      gitlab-lb:
      - haproxy-main-43-lb-gprd
      gitlab-sv:
      - api-gke-us-east1-c
      referrer-policy:
      - strict-origin-when-cross-origin
      strict-transport-security:
      - max-age=31536000
      vary:
      - Origin
      x-content-type-options:
      - nosniff
      x-frame-options:
      - SAMEORIGIN
      x-gitlab-meta:
      - '{"correlation_id":"71da6d32bb74785ec368d2fe808a4405","version":"1"}'
      x-request-id:
      - 71da6d32bb74785ec368d2fe808a4405
      x-runtime:
      - '0.050030'
    status:
      code: 404
      message: Not Found
- request:
    body: null
    headers:
      Accept:
      - '*/*'
      Accept-Encoding:
      - gzip, deflate
      Connection:
      - keep-alive
      Content-Length:
      - '0'
      Content-type:
      - application/json
      Cookie:
      - _cfuvid=chtVho1hON9GSUbQKE.c90N8kljcln3uzbWI.yTiPeg-1709692278844-0.0.1.1-604800000
      User-Agent:
      - python-gitlab/4.4.0
    method: DELETE
    uri: https://gitlab.com/api/v4/projects/42823949/issues/2
  response:
    body:
      string: ''
    headers:
      CF-Cache-Status:
      - DYNAMIC
      CF-RAY:
      - 85feedcc0e6394b9-CCU
      Connection:
      - keep-alive
      Date:
      - Wed, 06 Mar 2024 02:31:20 GMT
      NEL:
      - '{"success_fraction":0.01,"report_to":"cf-nel","max_age":604800}'
      Report-To:
      - '{"endpoints":[{"url":"https:\/\/a.nel.cloudflare.com\/report\/v3?s=NUUGETCTpZeqRkuqV3fW6mK97Y9HFe8Cj%2BBPGZDJw1MkQHcyHltr97Cguf1R9w9KCNFHconuzThZTmgxOF9d7G6R%2BLGDvVCJ0309ZFw1Vykq8l7OHl6lTXmUU24xbhetZM%2FoWi54X60%3D"}],"group":"cf-nel","max_age":604800}'
      Server:
      - cloudflare
      Set-Cookie: ''
      cache-control:
      - no-cache
      content-security-policy:
      - default-src 'none'
      gitlab-lb:
      - haproxy-main-47-lb-gprd
      gitlab-sv:
      - api-gke-us-east1-d
      referrer-policy:
      - strict-origin-when-cross-origin
      strict-transport-security:
      - max-age=31536000
      vary:
      - Origin
      x-content-type-options:
      - nosniff
      x-frame-options:
      - SAMEORIGIN
      x-gitlab-meta:
      - '{"correlation_id":"a7fd9007029219dc7ea99fd4abf5e175","version":"1"}'
      x-request-id:
      - a7fd9007029219dc7ea99fd4abf5e175
      x-runtime:
      - '0.135790'
    status:
      code: 204
      message: No Content
- request:
    body: null
    headers:
      Accept:
      - '*/*'
      Accept-Encoding:
      - gzip, deflate
      Connection:
      - keep-alive
      Content-Length:
      - '0'
      Content-type:
      - application/json
      Cookie:
      - _cfuvid=chtVho1hON9GSUbQKE.c90N8kljcln3uzbWI.yTiPeg-1709692278844-0.0.1.1-604800000
      User-Agent:
      - python-gitlab/4.4.0
    method: DELETE
    uri: https://gitlab.com/api/v4/projects/42823949/issues/3
  response:
    body:
      string: '{"message":"404 Issue Not Found"}'
    headers:
      CF-Cache-Status:
      - DYNAMIC
      CF-RAY:
      - 85feedcf5a8594c2-CCU
      Connection:
      - keep-alive
      Content-Length:
      - '33'
      Content-Type:
      - application/json
      Date:
      - Wed, 06 Mar 2024 02:31:20 GMT
      NEL:
      - '{"success_fraction":0.01,"report_to":"cf-nel","max_age":604800}'
      Report-To:
      - '{"endpoints":[{"url":"https:\/\/a.nel.cloudflare.com\/report\/v3?s=DNoLb3A3KVI0SsP7ADVh4EprOd1YCCT6J4E0SJMdfCGm6eAM7xPgFM5py%2BIQ61iOIvcM9nrdrHWo%2BA%2Fm7OXMj2mLCu1MfFhjOTi8iIhlnEmT4Rs6%2BE5%2FAGYGa%2FuiRw5Lo7XGHD01zA8%3D"}],"group":"cf-nel","max_age":604800}'
      Server:
      - cloudflare
      Set-Cookie: ''
      cache-control:
      - no-cache
      content-security-policy:
      - default-src 'none'
      gitlab-lb:
      - haproxy-main-54-lb-gprd
      gitlab-sv:
      - api-gke-us-east1-b
      referrer-policy:
      - strict-origin-when-cross-origin
      strict-transport-security:
      - max-age=31536000
      vary:
      - Origin
      x-content-type-options:
      - nosniff
      x-frame-options:
      - SAMEORIGIN
      x-gitlab-meta:
      - '{"correlation_id":"3879545a113bd72bbd7878e207fc8b48","version":"1"}'
      x-request-id:
      - 3879545a113bd72bbd7878e207fc8b48
      x-runtime:
      - '0.085591'
    status:
      code: 404
      message: Not Found
- request:
    body: null
    headers:
      Accept:
      - '*/*'
      Accept-Encoding:
      - gzip, deflate
      Connection:
      - keep-alive
      Content-Length:
      - '0'
      Content-type:
      - application/json
      Cookie:
      - _cfuvid=chtVho1hON9GSUbQKE.c90N8kljcln3uzbWI.yTiPeg-1709692278844-0.0.1.1-604800000
      User-Agent:
      - python-gitlab/4.4.0
    method: DELETE
    uri: https://gitlab.com/api/v4/projects/42823949/issues/4
  response:
    body:
      string: ''
    headers:
      CF-Cache-Status:
      - DYNAMIC
      CF-RAY:
      - 85feedd2284294b0-CCU
      Connection:
      - keep-alive
      Date:
      - Wed, 06 Mar 2024 02:31:21 GMT
      NEL:
      - '{"success_fraction":0.01,"report_to":"cf-nel","max_age":604800}'
      Report-To:
      - '{"endpoints":[{"url":"https:\/\/a.nel.cloudflare.com\/report\/v3?s=yLLNzimw0ZxSNPogvnL49Dr9f5mEXqzlCEsb%2BBe0H9OkteVGjIRTQBkC5t7vQKY3UMBltM6fw3MjOmIZZovFXWH5FxPcpnI%2F5xKRH6c0LLoxkgWJjqoDdXJh2EG6uuN8LdeLzhh4rNo%3D"}],"group":"cf-nel","max_age":604800}'
      Server:
      - cloudflare
      Set-Cookie: ''
      cache-control:
      - no-cache
      content-security-policy:
      - default-src 'none'
      gitlab-lb:
      - haproxy-main-40-lb-gprd
      gitlab-sv:
      - api-gke-us-east1-c
      referrer-policy:
      - strict-origin-when-cross-origin
      strict-transport-security:
      - max-age=31536000
      vary:
      - Origin
      x-content-type-options:
      - nosniff
      x-frame-options:
      - SAMEORIGIN
      x-gitlab-meta:
      - '{"correlation_id":"21397a574dc1793bf826e30d923538e1","version":"1"}'
      x-request-id:
      - 21397a574dc1793bf826e30d923538e1
      x-runtime:
      - '0.120553'
    status:
      code: 204
      message: No Content
- request:
    body: null
    headers:
      Accept:
      - '*/*'
      Accept-Encoding:
      - gzip, deflate
      Connection:
      - keep-alive
      User-Agent:
      - python-requests/2.31.0
    method: GET
    uri: https://pagure.io/api/0/protop2g-test-srce
  response:
    body:
      string: "{\n  \"access_groups\": {\n    \"admin\": [], \n    \"collaborator\":
        [], \n    \"commit\": [], \n    \"ticket\": []\n  }, \n  \"access_users\":
        {\n    \"admin\": [], \n    \"collaborator\": [], \n    \"commit\": [], \n
        \   \"owner\": [\n      \"t0xic0der\"\n    ], \n    \"ticket\": []\n  }, \n
        \ \"close_status\": [], \n  \"custom_keys\": [], \n  \"date_created\": \"1697168063\",
        \n  \"date_modified\": \"1697168063\", \n  \"description\": \"The source namespace
        for the Pagure Exporter project to run tests against\", \n  \"full_url\":
        \"https://pagure.io/protop2g-test-srce\", \n  \"fullname\": \"protop2g-test-srce\",
        \n  \"id\": 17042, \n  \"milestones\": {}, \n  \"name\": \"protop2g-test-srce\",
        \n  \"namespace\": null, \n  \"parent\": null, \n  \"priorities\": {}, \n
        \ \"tags\": [], \n  \"url_path\": \"protop2g-test-srce\", \n  \"user\": {\n
        \   \"full_url\": \"https://pagure.io/user/t0xic0der\", \n    \"fullname\":
        \"Akashdeep Dhar\", \n    \"name\": \"t0xic0der\", \n    \"url_path\": \"user/t0xic0der\"\n
        \ }\n}\n"
    headers:
      Connection:
      - Upgrade, Keep-Alive
      Content-Length:
      - '902'
      Content-Security-Policy:
      - default-src 'self';script-src 'self' 'nonce-u1wfpyOfbHdIvR5szTwNmr6mI'; style-src
        'self' 'nonce-u1wfpyOfbHdIvR5szTwNmr6mI'; object-src 'none';base-uri 'self';img-src
        'self' https:;connect-src 'self' https://pagure.io:8088;frame-src https://docs.pagure.org;frame-ancestors
        https://pagure.io;
      Content-Type:
      - application/json
      Date:
      - Wed, 06 Mar 2024 02:31:21 GMT
      Keep-Alive:
      - timeout=5, max=100
      Referrer-Policy:
      - same-origin
      Server:
      - Apache/2.4.37 (Red Hat Enterprise Linux) OpenSSL/1.1.1k mod_wsgi/4.6.4 Python/3.6
      Set-Cookie: ''
      Strict-Transport-Security:
      - max-age=31536000; includeSubDomains; preload
      Upgrade:
      - h2,h2c
      X-Content-Type-Options:
      - nosniff
      X-Frame-Options:
      - ALLOW-FROM https://pagure.io/
      X-Xss-Protection:
      - 1; mode=block
    status:
      code: 200
      message: OK
- request:
    body: null
    headers:
      Accept:
      - '*/*'
      Accept-Encoding:
      - gzip, deflate
      Connection:
      - keep-alive
      Content-type:
      - application/json
      User-Agent:
      - python-gitlab/4.4.0
    method: GET
    uri: https://gitlab.com/api/v4/projects/42823949
  response:
    body:
      string: '{"id":42823949,"description":null,"name":"protop2g-test","name_with_namespace":"Akashdeep
        Dhar / protop2g-test","path":"protop2g-test","path_with_namespace":"gridhead/protop2g-test","created_at":"2023-01-23T16:18:30.217Z","default_branch":"main","tag_list":[],"topics":[],"ssh_url_to_repo":"git@gitlab.com:gridhead/protop2g-test.git","http_url_to_repo":"https://gitlab.com/gridhead/protop2g-test.git","web_url":"https://gitlab.com/gridhead/protop2g-test","readme_url":"https://gitlab.com/gridhead/protop2g-test/-/blob/main/README.md","forks_count":0,"avatar_url":null,"star_count":0,"last_activity_at":"2024-03-06T02:29:51.816Z","namespace":{"id":13984834,"name":"Akashdeep
        Dhar","path":"gridhead","kind":"user","full_path":"gridhead","parent_id":null,"avatar_url":"https://secure.gravatar.com/avatar/e412343841597e2fb1e952dd2b1077fc95537604ce04a27c5bfb94bdb0dc3da8?s=80\u0026d=identicon","web_url":"https://gitlab.com/gridhead"},"container_registry_image_prefix":"registry.gitlab.com/gridhead/protop2g-test","_links":{"self":"https://gitlab.com/api/v4/projects/42823949","issues":"https://gitlab.com/api/v4/projects/42823949/issues","merge_requests":"https://gitlab.com/api/v4/projects/42823949/merge_requests","repo_branches":"https://gitlab.com/api/v4/projects/42823949/repository/branches","labels":"https://gitlab.com/api/v4/projects/42823949/labels","events":"https://gitlab.com/api/v4/projects/42823949/events","members":"https://gitlab.com/api/v4/projects/42823949/members","cluster_agents":"https://gitlab.com/api/v4/projects/42823949/cluster_agents"},"packages_enabled":true,"empty_repo":false,"archived":false,"visibility":"public","owner":{"id":10115999,"username":"gridhead","name":"Akashdeep
        Dhar","state":"active","locked":false,"avatar_url":"https://secure.gravatar.com/avatar/e412343841597e2fb1e952dd2b1077fc95537604ce04a27c5bfb94bdb0dc3da8?s=80\u0026d=identicon","web_url":"https://gitlab.com/gridhead"},"resolve_outdated_diff_discussions":false,"container_expiration_policy":{"cadence":"1d","enabled":false,"keep_n":10,"older_than":"90d","name_regex":".*","name_regex_keep":null,"next_run_at":"2023-01-24T16:18:30.271Z"},"repository_object_format":"sha1","issues_enabled":true,"merge_requests_enabled":true,"wiki_enabled":true,"jobs_enabled":true,"snippets_enabled":true,"container_registry_enabled":true,"service_desk_enabled":true,"service_desk_address":"contact-project+gridhead-protop2g-test-42823949-issue-@incoming.gitlab.com","can_create_merge_request_in":true,"issues_access_level":"enabled","repository_access_level":"enabled","merge_requests_access_level":"enabled","forking_access_level":"enabled","wiki_access_level":"enabled","builds_access_level":"enabled","snippets_access_level":"enabled","pages_access_level":"enabled","analytics_access_level":"enabled","container_registry_access_level":"enabled","security_and_compliance_access_level":"private","releases_access_level":"private","environments_access_level":"enabled","feature_flags_access_level":"private","infrastructure_access_level":"private","monitor_access_level":"enabled","model_experiments_access_level":"enabled","model_registry_access_level":"enabled","emails_disabled":false,"emails_enabled":true,"shared_runners_enabled":true,"lfs_enabled":true,"creator_id":10115999,"import_url":null,"import_type":null,"import_status":"none","import_error":null,"open_issues_count":0,"description_html":"","updated_at":"2024-03-06T02:29:51.816Z","ci_default_git_depth":20,"ci_forward_deployment_enabled":true,"ci_forward_deployment_rollback_allowed":true,"ci_job_token_scope_enabled":false,"ci_separated_caches":true,"ci_allow_fork_pipelines_to_run_in_parent_project":true,"build_git_strategy":"fetch","keep_latest_artifact":true,"restrict_user_defined_variables":false,"runners_token":"SECURE_STANDARD_PASSWORD_HERE","runner_token_expiration_interval":null,"group_runners_enabled":true,"auto_cancel_pending_pipelines":"enabled","build_timeout":3600,"auto_devops_enabled":false,"auto_devops_deploy_strategy":"continuous","ci_config_path":"","public_jobs":true,"shared_with_groups":[],"only_allow_merge_if_pipeline_succeeds":false,"allow_merge_on_skipped_pipeline":null,"request_access_enabled":true,"only_allow_merge_if_all_discussions_are_resolved":false,"remove_source_branch_after_merge":true,"printing_merge_request_link_enabled":true,"merge_method":"merge","squash_option":"default_off","enforce_auth_checks_on_uploads":true,"suggestion_commit_message":null,"merge_commit_template":null,"squash_commit_template":null,"issue_branch_template":null,"warn_about_potentially_unwanted_characters":true,"autoclose_referenced_issues":true,"external_authorization_classification_label":"","requirements_enabled":false,"requirements_access_level":"enabled","security_and_compliance_enabled":true,"compliance_frameworks":[],"permissions":{"project_access":{"access_level":50,"notification_level":3},"group_access":null}}'
    headers:
      CF-Cache-Status:
      - MISS
      CF-RAY:
      - 85feeddc1d2e93c8-CCU
      Connection:
      - keep-alive
      Content-Encoding:
      - gzip
      Content-Type:
      - application/json
      Date:
      - Wed, 06 Mar 2024 02:31:22 GMT
      NEL:
      - '{"success_fraction":0.01,"report_to":"cf-nel","max_age":604800}'
      Report-To:
      - '{"endpoints":[{"url":"https:\/\/a.nel.cloudflare.com\/report\/v3?s=5koTw%2FM%2BXxBypuq13q%2FZpcF2Qb83JHHhfXg56Ba%2FQ6Ink%2B%2F9t3j4TRLCoPb1vceDS53oU4XH91AuKSnye70r6mhvegaBmxBXvDbfDNyqHE89pfJCPcPo6noVl37Hy8aqkwFgFJO2tPE%3D"}],"group":"cf-nel","max_age":604800}'
      Server:
      - cloudflare
      Set-Cookie: ''
      Transfer-Encoding:
      - chunked
      cache-control:
      - max-age=0, private, must-revalidate
      content-security-policy:
      - default-src 'none'
      etag:
      - W/"d7889926960e4033b27a5ebb12a1570f"
      gitlab-lb:
      - haproxy-main-24-lb-gprd
      gitlab-sv:
      - api-gke-us-east1-b
      referrer-policy:
      - strict-origin-when-cross-origin
      strict-transport-security:
      - max-age=31536000
      vary:
      - Origin, Accept-Encoding
      x-content-type-options:
      - nosniff
      x-frame-options:
      - SAMEORIGIN
      x-gitlab-meta:
      - '{"correlation_id":"dba913a73f18c94ac04649ec1cafde99","version":"1"}'
      x-request-id:
      - dba913a73f18c94ac04649ec1cafde99
      x-runtime:
      - '0.127769'
    status:
      code: 200
      message: OK
- request:
    body: null
    headers:
      Accept:
      - '*/*'
      Accept-Encoding:
      - gzip, deflate
      Connection:
      - keep-alive
      User-Agent:
      - python-requests/2.31.0
    method: GET
    uri: https://pagure.io/api/0/protop2g-test-srce/issue/1
  response:
    body:
      string: "{\n  \"assignee\": null, \n  \"blocks\": [], \n  \"close_status\":
        null, \n  \"closed_at\": null, \n  \"closed_by\": null, \n  \"comments\":
        [\n    {\n      \"comment\": \"**Metadata Update from @t0xic0der**:\\n- Issue
        tagged with: aaaa, bbbb\", \n      \"date_created\": \"1697169699\", \n      \"edited_on\":
        null, \n      \"editor\": null, \n      \"id\": 878471, \n      \"notification\":
        true, \n      \"parent\": null, \n      \"reactions\": {}, \n      \"user\":
        {\n        \"full_url\": \"https://pagure.io/user/t0xic0der\", \n        \"fullname\":
        \"Akashdeep Dhar\", \n        \"name\": \"t0xic0der\", \n        \"url_path\":
        \"user/t0xic0der\"\n      }\n    }, \n    {\n      \"comment\": \"This is
        the first comment under the first test issue\", \n      \"date_created\":
        \"1697169880\", \n      \"edited_on\": null, \n      \"editor\": null, \n
        \     \"id\": 878473, \n      \"notification\": false, \n      \"parent\":
        null, \n      \"reactions\": {}, \n      \"user\": {\n        \"full_url\":
        \"https://pagure.io/user/t0xic0der\", \n        \"fullname\": \"Akashdeep
        Dhar\", \n        \"name\": \"t0xic0der\", \n        \"url_path\": \"user/t0xic0der\"\n
        \     }\n    }, \n    {\n      \"comment\": \"This is the second comment under
        the first test issue\", \n      \"date_created\": \"1697169924\", \n      \"edited_on\":
        null, \n      \"editor\": null, \n      \"id\": 878474, \n      \"notification\":
        false, \n      \"parent\": null, \n      \"reactions\": {}, \n      \"user\":
        {\n        \"full_url\": \"https://pagure.io/user/t0xic0der\", \n        \"fullname\":
        \"Akashdeep Dhar\", \n        \"name\": \"t0xic0der\", \n        \"url_path\":
        \"user/t0xic0der\"\n      }\n    }\n  ], \n  \"content\": \"This is the body
        of the first test issue\", \n  \"custom_fields\": [], \n  \"date_created\":
        \"1697169462\", \n  \"depends\": [], \n  \"full_url\": \"https://pagure.io/protop2g-test-srce/issue/1\",
        \n  \"id\": 1, \n  \"last_updated\": \"1697169924\", \n  \"milestone\": null,
        \n  \"priority\": null, \n  \"private\": false, \n  \"related_prs\": [], \n
        \ \"status\": \"Open\", \n  \"tags\": [\n    \"aaaa\", \n    \"bbbb\"\n  ],
        \n  \"title\": \"This is the title of the first test issue\", \n  \"user\":
        {\n    \"full_url\": \"https://pagure.io/user/t0xic0der\", \n    \"fullname\":
        \"Akashdeep Dhar\", \n    \"name\": \"t0xic0der\", \n    \"url_path\": \"user/t0xic0der\"\n
        \ }\n}\n"
    headers:
      Connection:
      - Upgrade, Keep-Alive
      Content-Length:
      - '2135'
      Content-Security-Policy:
      - default-src 'self';script-src 'self' 'nonce-5RAFxAHB3YbOf7fCbkM8gCU7V'; style-src
        'self' 'nonce-5RAFxAHB3YbOf7fCbkM8gCU7V'; object-src 'none';base-uri 'self';img-src
        'self' https:;connect-src 'self' https://pagure.io:8088;frame-src https://docs.pagure.org;frame-ancestors
        https://pagure.io;
      Content-Type:
      - application/json
      Date:
      - Wed, 06 Mar 2024 02:31:24 GMT
      Keep-Alive:
      - timeout=5, max=100
      Referrer-Policy:
      - same-origin
      Server:
      - Apache/2.4.37 (Red Hat Enterprise Linux) OpenSSL/1.1.1k mod_wsgi/4.6.4 Python/3.6
      Set-Cookie: ''
      Strict-Transport-Security:
      - max-age=31536000; includeSubDomains; preload
      Upgrade:
      - h2,h2c
      X-Content-Type-Options:
      - nosniff
      X-Frame-Options:
      - ALLOW-FROM https://pagure.io/
      X-Xss-Protection:
      - 1; mode=block
    status:
      code: 200
      message: OK
- request:
    body: '{"title": "[SN#1] This is the title of the first test issue", "description":
      "\nThis is the body of the first test issue\n\n_This issue ticket was originally
      created [here](https://pagure.io/protop2g-test-srce/issue/1) on a Pagure repository,\n[**protop2g-test-srce**](https://pagure.io/protop2g-test-srce)
      by [**Akashdeep Dhar**](https://pagure.io/user/t0xic0der) on\n[**Fri Oct 13
      03:57:42 2023** UTC](https://savvytime.com/converter/utc/oct-13-2023/03-57)._\n\n_This
      issue ticket was automatically created by the\n[**Pagure Exporter**](https://github.com/gridhead/pagure-exporter)._\n",
      "iid": 1}'
    headers:
      Accept:
      - '*/*'
      Accept-Encoding:
      - gzip, deflate
      Connection:
      - keep-alive
      Content-Length:
      - '599'
      Content-type:
      - application/json
      Cookie:
      - _cfuvid=xKVVuQv1_I192KLOk3X40j_C3ml1hSH7EH5xxwVDNDE-1709692282705-0.0.1.1-604800000
      User-Agent:
      - python-gitlab/4.4.0
    method: POST
    uri: https://gitlab.com/api/v4/projects/42823949/issues
  response:
    body:
      string: '{"id":142989086,"iid":1,"project_id":42823949,"title":"[SN#1] This
        is the title of the first test issue","description":"\nThis is the body of
        the first test issue\n\n_This issue ticket was originally created [here](https://pagure.io/protop2g-test-srce/issue/1)
        on a Pagure repository,\n[**protop2g-test-srce**](https://pagure.io/protop2g-test-srce)
        by [**Akashdeep Dhar**](https://pagure.io/user/t0xic0der) on\n[**Fri Oct 13
        03:57:42 2023** UTC](https://savvytime.com/converter/utc/oct-13-2023/03-57)._\n\n_This
        issue ticket was automatically created by the\n[**Pagure Exporter**](https://github.com/gridhead/pagure-exporter)._","state":"opened","created_at":"2024-03-06T02:31:24.949Z","updated_at":"2024-03-06T02:31:24.949Z","closed_at":null,"closed_by":null,"labels":[],"milestone":null,"assignees":[],"author":{"id":20210877,"username":"project_42823949_bot_23a338f5a77ff65fbe998fe3b9b3be40","name":"python-gitlab
        testing token for protop2g-test","state":"active","locked":false,"avatar_url":"https://secure.gravatar.com/avatar/af058ecaa20884749a3ce04c609cf7bcfc97ae3df418b9bab81d027921a138cf?s=80\u0026d=identicon","web_url":"https://gitlab.com/project_42823949_bot_23a338f5a77ff65fbe998fe3b9b3be40"},"type":"ISSUE","assignee":null,"user_notes_count":0,"merge_requests_count":0,"upvotes":0,"downvotes":0,"due_date":null,"confidential":false,"discussion_locked":null,"issue_type":"issue","web_url":"https://gitlab.com/gridhead/protop2g-test/-/issues/1","time_stats":{"time_estimate":0,"total_time_spent":0,"human_time_estimate":null,"human_total_time_spent":null},"task_completion_status":{"count":0,"completed_count":0},"blocking_issues_count":0,"has_tasks":true,"task_status":"0
        of 0 checklist items completed","_links":{"self":"https://gitlab.com/api/v4/projects/42823949/issues/1","notes":"https://gitlab.com/api/v4/projects/42823949/issues/1/notes","award_emoji":"https://gitlab.com/api/v4/projects/42823949/issues/1/award_emoji","project":"https://gitlab.com/api/v4/projects/42823949","closed_as_duplicate_of":null},"references":{"short":"#1","relative":"#1","full":"gridhead/protop2g-test#1"},"severity":"UNKNOWN","subscribed":true,"moved_to_id":null,"service_desk_reply_to":null}'
    headers:
      CF-Cache-Status:
      - DYNAMIC
      CF-RAY:
      - 85feede9ac4894be-CCU
      Connection:
      - keep-alive
      Content-Length:
      - '2190'
      Content-Type:
      - application/json
      Date:
      - Wed, 06 Mar 2024 02:31:25 GMT
      NEL:
      - '{"success_fraction":0.01,"report_to":"cf-nel","max_age":604800}'
      Report-To:
      - '{"endpoints":[{"url":"https:\/\/a.nel.cloudflare.com\/report\/v3?s=mCWKVsrbvVudXtIwFTiYoJfStasWWGmO1DgXcN%2FujKLy%2BQAtklVkPDA9R3T5v%2F992wnOsaeeV130pqY%2FCwinHYTMpPTnSrGWO2N%2F1ERlvM2TOV0EsGJWIE7yu32L%2BieHdhQBOMPiSLQ%3D"}],"group":"cf-nel","max_age":604800}'
      Server:
      - cloudflare
      Set-Cookie: ''
      cache-control:
      - max-age=0, private, must-revalidate
      content-security-policy:
      - default-src 'none'
      etag:
      - W/"c052de80a9c0ab8b12135d001ff6236d"
      gitlab-lb:
      - haproxy-main-04-lb-gprd
      gitlab-sv:
      - api-gke-us-east1-c
      referrer-policy:
      - strict-origin-when-cross-origin
      strict-transport-security:
      - max-age=31536000
      vary:
      - Origin
      x-content-type-options:
      - nosniff
      x-frame-options:
      - SAMEORIGIN
      x-gitlab-meta:
      - '{"correlation_id":"ea327af690f403cd4f964111108fc4e0","version":"1"}'
      x-request-id:
      - ea327af690f403cd4f964111108fc4e0
      x-runtime:
      - '0.882490'
    status:
      code: 201
      message: Created
- request:
    body: null
    headers:
      Accept:
      - '*/*'
      Accept-Encoding:
      - gzip, deflate
      Connection:
      - keep-alive
      Content-type:
      - application/json
      Cookie:
      - _cfuvid=xKVVuQv1_I192KLOk3X40j_C3ml1hSH7EH5xxwVDNDE-1709692282705-0.0.1.1-604800000
      User-Agent:
      - python-gitlab/4.4.0
    method: GET
    uri: https://gitlab.com/api/v4/projects/42823949/issues/1
  response:
    body:
      string: '{"id":142989086,"iid":1,"project_id":42823949,"title":"[SN#1] This
        is the title of the first test issue","description":"\nThis is the body of
        the first test issue\n\n_This issue ticket was originally created [here](https://pagure.io/protop2g-test-srce/issue/1)
        on a Pagure repository,\n[**protop2g-test-srce**](https://pagure.io/protop2g-test-srce)
        by [**Akashdeep Dhar**](https://pagure.io/user/t0xic0der) on\n[**Fri Oct 13
        03:57:42 2023** UTC](https://savvytime.com/converter/utc/oct-13-2023/03-57)._\n\n_This
        issue ticket was automatically created by the\n[**Pagure Exporter**](https://github.com/gridhead/pagure-exporter)._","state":"opened","created_at":"2024-03-06T02:31:24.949Z","updated_at":"2024-03-06T02:31:24.949Z","closed_at":null,"closed_by":null,"labels":[],"milestone":null,"assignees":[],"author":{"id":20210877,"username":"project_42823949_bot_23a338f5a77ff65fbe998fe3b9b3be40","name":"python-gitlab
        testing token for protop2g-test","state":"active","locked":false,"avatar_url":"https://secure.gravatar.com/avatar/af058ecaa20884749a3ce04c609cf7bcfc97ae3df418b9bab81d027921a138cf?s=80\u0026d=identicon","web_url":"https://gitlab.com/project_42823949_bot_23a338f5a77ff65fbe998fe3b9b3be40"},"type":"ISSUE","assignee":null,"user_notes_count":0,"merge_requests_count":0,"upvotes":0,"downvotes":0,"due_date":null,"confidential":false,"discussion_locked":null,"issue_type":"issue","web_url":"https://gitlab.com/gridhead/protop2g-test/-/issues/1","time_stats":{"time_estimate":0,"total_time_spent":0,"human_time_estimate":null,"human_total_time_spent":null},"task_completion_status":{"count":0,"completed_count":0},"blocking_issues_count":0,"has_tasks":true,"task_status":"0
        of 0 checklist items completed","_links":{"self":"https://gitlab.com/api/v4/projects/42823949/issues/1","notes":"https://gitlab.com/api/v4/projects/42823949/issues/1/notes","award_emoji":"https://gitlab.com/api/v4/projects/42823949/issues/1/award_emoji","project":"https://gitlab.com/api/v4/projects/42823949","closed_as_duplicate_of":null},"references":{"short":"#1","relative":"#1","full":"gridhead/protop2g-test#1"},"severity":"UNKNOWN","subscribed":true,"moved_to_id":null,"service_desk_reply_to":null}'
    headers:
      CF-Cache-Status:
      - MISS
      CF-RAY:
      - 85feedf19d6593cb-CCU
      Connection:
      - keep-alive
      Content-Encoding:
      - gzip
      Content-Type:
      - application/json
      Date:
      - Wed, 06 Mar 2024 02:31:26 GMT
      NEL:
      - '{"success_fraction":0.01,"report_to":"cf-nel","max_age":604800}'
      Report-To:
      - '{"endpoints":[{"url":"https:\/\/a.nel.cloudflare.com\/report\/v3?s=2SBEHA%2F%2BWYaZlIruj64uox4vrR55meHYMeKIDrPWeWno7P0Gq%2Fo3S2CyRlMg%2BxPTmlZwwpQQnYahkqHvUzSgEsE%2BHwkLbqd7P5ZaGF8WO6EGZbnEvNYWQEX%2BzrfAeT8vn55NdX3mAMI%3D"}],"group":"cf-nel","max_age":604800}'
      Server:
      - cloudflare
      Set-Cookie: ''
      Transfer-Encoding:
      - chunked
      cache-control:
      - max-age=0, private, must-revalidate
      content-security-policy:
      - default-src 'none'
      etag:
      - W/"c052de80a9c0ab8b12135d001ff6236d"
      gitlab-lb:
      - haproxy-main-26-lb-gprd
      gitlab-sv:
      - api-gke-us-east1-d
      referrer-policy:
      - strict-origin-when-cross-origin
      strict-transport-security:
      - max-age=31536000
      vary:
      - Origin, Accept-Encoding
      x-content-type-options:
      - nosniff
      x-frame-options:
      - SAMEORIGIN
      x-gitlab-meta:
      - '{"correlation_id":"c2d48d7738164a2afced832015d330a6","version":"1"}'
      x-request-id:
      - c2d48d7738164a2afced832015d330a6
      x-runtime:
      - '0.121564'
    status:
      code: 200
      message: OK
- request:
    body: '{"body": "\n**Metadata Update from &t0xic0der**:\n- Issue tagged with:
      aaaa, bbbb\n\n_This comment was originally created [here](https://pagure.io/protop2g-test-srce/issue/1#comment-878471)
      by [**Akashdeep Dhar**](https://pagure.io/user/t0xic0der) under\n[this](https://pagure.io/protop2g-test-srce/issue/1)
      issue ticket on a Pagure repository, [**protop2g-test-srce**](https://pagure.io/protop2g-test-srce)
      on\n[**Fri Oct 13 04:01:39 2023** UTC](https://savvytime.com/converter/utc/oct-13-2023/04-01)._\n\n_This
      comment was automatically created by the\n[**Pagure Exporter**](https://github.com/gridhead/pagure-exporter)._\n"}'
    headers:
      Accept:
      - '*/*'
      Accept-Encoding:
      - gzip, deflate
      Connection:
      - keep-alive
      Content-Length:
      - '627'
      Content-type:
      - application/json
      Cookie:
      - _cfuvid=xKVVuQv1_I192KLOk3X40j_C3ml1hSH7EH5xxwVDNDE-1709692282705-0.0.1.1-604800000
      User-Agent:
      - python-gitlab/4.4.0
    method: POST
    uri: https://gitlab.com/api/v4/projects/42823949/issues/1/discussions
  response:
    body:
      string: '{"id":"97256771b10376eb16065596581e076348ef7cf4","individual_note":false,"notes":[{"id":1802626881,"type":"DiscussionNote","body":"\n**Metadata
        Update from \u0026t0xic0der**:\n- Issue tagged with: aaaa, bbbb\n\n_This comment
        was originally created [here](https://pagure.io/protop2g-test-srce/issue/1#comment-878471)
        by [**Akashdeep Dhar**](https://pagure.io/user/t0xic0der) under\n[this](https://pagure.io/protop2g-test-srce/issue/1)
        issue ticket on a Pagure repository, [**protop2g-test-srce**](https://pagure.io/protop2g-test-srce)
        on\n[**Fri Oct 13 04:01:39 2023** UTC](https://savvytime.com/converter/utc/oct-13-2023/04-01)._\n\n_This
        comment was automatically created by the\n[**Pagure Exporter**](https://github.com/gridhead/pagure-exporter)._","attachment":null,"author":{"id":20210877,"username":"project_42823949_bot_23a338f5a77ff65fbe998fe3b9b3be40","name":"****","state":"active","locked":false,"avatar_url":"https://secure.gravatar.com/avatar/af058ecaa20884749a3ce04c609cf7bcfc97ae3df418b9bab81d027921a138cf?s=80\u0026d=identicon","web_url":"https://gitlab.com/project_42823949_bot_23a338f5a77ff65fbe998fe3b9b3be40"},"created_at":"2024-03-06T02:31:26.813Z","updated_at":"2024-03-06T02:31:26.813Z","system":false,"noteable_id":142989086,"noteable_type":"Issue","project_id":42823949,"resolvable":true,"resolved":false,"resolved_by":null,"resolved_at":null,"confidential":false,"internal":false,"noteable_iid":1,"commands_changes":{}}]}'
    headers:
      CF-Cache-Status:
      - DYNAMIC
      CF-RAY:
      - 85feedf54dfa94b0-CCU
      Connection:
      - keep-alive
      Content-Length:
      - '1446'
      Content-Type:
      - application/json
      Date:
      - Wed, 06 Mar 2024 02:31:27 GMT
      NEL:
      - '{"success_fraction":0.01,"report_to":"cf-nel","max_age":604800}'
      Report-To:
      - '{"endpoints":[{"url":"https:\/\/a.nel.cloudflare.com\/report\/v3?s=EOthz6u0yUhewprom0qb4JYJC%2BSD1eOIoF%2FZ0T82PuKiuTfIdHhs1AN1zf0XeVRIUXmlstNdJQwZgh1hHcrXPA23ogxOs6yy9Ln%2F61iYt6LGFvP7GGbuASEeQwDhsAzZ0eocyvinfkk%3D"}],"group":"cf-nel","max_age":604800}'
      Server:
      - cloudflare
      Set-Cookie: ''
      cache-control:
      - max-age=0, private, must-revalidate
      content-security-policy:
      - default-src 'none'
      etag:
      - W/"af7df9e8d24209a474ea47f401c8b81b"
      gitlab-lb:
      - haproxy-main-60-lb-gprd
      gitlab-sv:
      - api-gke-us-east1-b
      referrer-policy:
      - strict-origin-when-cross-origin
      strict-transport-security:
      - max-age=31536000
      vary:
      - Origin
      x-content-type-options:
      - nosniff
      x-frame-options:
      - SAMEORIGIN
      x-gitlab-meta:
      - '{"correlation_id":"ce089c4631b73c075a292b4b3d76898f","version":"1"}'
      x-request-id:
      - ce089c4631b73c075a292b4b3d76898f
      x-runtime:
      - '0.433107'
    status:
      code: 201
      message: Created
- request:
    body: null
    headers:
      Accept:
      - '*/*'
      Accept-Encoding:
      - gzip, deflate
      Connection:
      - keep-alive
      Content-type:
      - application/json
      Cookie:
      - _cfuvid=xKVVuQv1_I192KLOk3X40j_C3ml1hSH7EH5xxwVDNDE-1709692282705-0.0.1.1-604800000
      User-Agent:
      - python-gitlab/4.4.0
    method: GET
    uri: https://gitlab.com/api/v4/projects/42823949/issues/1
  response:
    body:
      string: '{"id":142989086,"iid":1,"project_id":42823949,"title":"[SN#1] This
        is the title of the first test issue","description":"\nThis is the body of
        the first test issue\n\n_This issue ticket was originally created [here](https://pagure.io/protop2g-test-srce/issue/1)
        on a Pagure repository,\n[**protop2g-test-srce**](https://pagure.io/protop2g-test-srce)
        by [**Akashdeep Dhar**](https://pagure.io/user/t0xic0der) on\n[**Fri Oct 13
        03:57:42 2023** UTC](https://savvytime.com/converter/utc/oct-13-2023/03-57)._\n\n_This
        issue ticket was automatically created by the\n[**Pagure Exporter**](https://github.com/gridhead/pagure-exporter)._","state":"opened","created_at":"2024-03-06T02:31:24.949Z","updated_at":"2024-03-06T02:31:24.949Z","closed_at":null,"closed_by":null,"labels":[],"milestone":null,"assignees":[],"author":{"id":20210877,"username":"project_42823949_bot_23a338f5a77ff65fbe998fe3b9b3be40","name":"python-gitlab
        testing token for protop2g-test","state":"active","locked":false,"avatar_url":"https://secure.gravatar.com/avatar/af058ecaa20884749a3ce04c609cf7bcfc97ae3df418b9bab81d027921a138cf?s=80\u0026d=identicon","web_url":"https://gitlab.com/project_42823949_bot_23a338f5a77ff65fbe998fe3b9b3be40"},"type":"ISSUE","assignee":null,"user_notes_count":1,"merge_requests_count":0,"upvotes":0,"downvotes":0,"due_date":null,"confidential":false,"discussion_locked":null,"issue_type":"issue","web_url":"https://gitlab.com/gridhead/protop2g-test/-/issues/1","time_stats":{"time_estimate":0,"total_time_spent":0,"human_time_estimate":null,"human_total_time_spent":null},"task_completion_status":{"count":0,"completed_count":0},"blocking_issues_count":0,"has_tasks":true,"task_status":"0
        of 0 checklist items completed","_links":{"self":"https://gitlab.com/api/v4/projects/42823949/issues/1","notes":"https://gitlab.com/api/v4/projects/42823949/issues/1/notes","award_emoji":"https://gitlab.com/api/v4/projects/42823949/issues/1/award_emoji","project":"https://gitlab.com/api/v4/projects/42823949","closed_as_duplicate_of":null},"references":{"short":"#1","relative":"#1","full":"gridhead/protop2g-test#1"},"severity":"UNKNOWN","subscribed":true,"moved_to_id":null,"service_desk_reply_to":null}'
    headers:
      CF-Cache-Status:
      - MISS
      CF-RAY:
      - 85feedfb591994c4-CCU
      Connection:
      - keep-alive
      Content-Encoding:
      - gzip
      Content-Type:
      - application/json
      Date:
      - Wed, 06 Mar 2024 02:31:27 GMT
      NEL:
      - '{"success_fraction":0.01,"report_to":"cf-nel","max_age":604800}'
      Report-To:
      - '{"endpoints":[{"url":"https:\/\/a.nel.cloudflare.com\/report\/v3?s=JOzIxAeYfpBSiOyON2GLLFLhG8M84RdoIrQX9QFPaldYmW8yZbPk5vQPnWF6IyfI2u8xY5FbYYuQaMbS3sgBvv6%2BX3IaC0vOBpo%2F3lH1WPmdJjhWO4Lll3%2FAi9vUeK9k5svKAQ1M1dI%3D"}],"group":"cf-nel","max_age":604800}'
      Server:
      - cloudflare
      Set-Cookie: ''
      Transfer-Encoding:
      - chunked
      cache-control:
      - max-age=0, private, must-revalidate
      content-security-policy:
      - default-src 'none'
      etag:
      - W/"473256d052dc843a167011677fdc375e"
      gitlab-lb:
      - haproxy-main-43-lb-gprd
      gitlab-sv:
      - gke-cny-api
      referrer-policy:
      - strict-origin-when-cross-origin
      strict-transport-security:
      - max-age=31536000
      vary:
      - Origin, Accept-Encoding
      x-content-type-options:
      - nosniff
      x-frame-options:
      - SAMEORIGIN
      x-gitlab-meta:
      - '{"correlation_id":"fb61db417292e7164afadcb7ea2f75ed","version":"1"}'
      x-request-id:
      - fb61db417292e7164afadcb7ea2f75ed
      x-runtime:
      - '0.142712'
    status:
      code: 200
      message: OK
- request:
    body: '{"body": "\nThis is the first comment under the first test issue\n\n_This
      comment was originally created [here](https://pagure.io/protop2g-test-srce/issue/1#comment-878473)
      by [**Akashdeep Dhar**](https://pagure.io/user/t0xic0der) under\n[this](https://pagure.io/protop2g-test-srce/issue/1)
      issue ticket on a Pagure repository, [**protop2g-test-srce**](https://pagure.io/protop2g-test-srce)
      on\n[**Fri Oct 13 04:04:40 2023** UTC](https://savvytime.com/converter/utc/oct-13-2023/04-04)._\n\n_This
      comment was automatically created by the\n[**Pagure Exporter**](https://github.com/gridhead/pagure-exporter)._\n"}'
    headers:
      Accept:
      - '*/*'
      Accept-Encoding:
      - gzip, deflate
      Connection:
      - keep-alive
      Content-Length:
      - '610'
      Content-type:
      - application/json
      Cookie:
      - _cfuvid=xKVVuQv1_I192KLOk3X40j_C3ml1hSH7EH5xxwVDNDE-1709692282705-0.0.1.1-604800000
      User-Agent:
      - python-gitlab/4.4.0
    method: POST
    uri: https://gitlab.com/api/v4/projects/42823949/issues/1/discussions
  response:
    body:
      string: '{"id":"1520d046617063df47117ca60086782494d985fb","individual_note":false,"notes":[{"id":1802626916,"type":"DiscussionNote","body":"\nThis
        is the first comment under the first test issue\n\n_This comment was originally
        created [here](https://pagure.io/protop2g-test-srce/issue/1#comment-878473)
        by [**Akashdeep Dhar**](https://pagure.io/user/t0xic0der) under\n[this](https://pagure.io/protop2g-test-srce/issue/1)
        issue ticket on a Pagure repository, [**protop2g-test-srce**](https://pagure.io/protop2g-test-srce)
        on\n[**Fri Oct 13 04:04:40 2023** UTC](https://savvytime.com/converter/utc/oct-13-2023/04-04)._\n\n_This
        comment was automatically created by the\n[**Pagure Exporter**](https://github.com/gridhead/pagure-exporter)._","attachment":null,"author":{"id":20210877,"username":"project_42823949_bot_23a338f5a77ff65fbe998fe3b9b3be40","name":"****","state":"active","locked":false,"avatar_url":"https://secure.gravatar.com/avatar/af058ecaa20884749a3ce04c609cf7bcfc97ae3df418b9bab81d027921a138cf?s=80\u0026d=identicon","web_url":"https://gitlab.com/project_42823949_bot_23a338f5a77ff65fbe998fe3b9b3be40"},"created_at":"2024-03-06T02:31:29.126Z","updated_at":"2024-03-06T02:31:29.126Z","system":false,"noteable_id":142989086,"noteable_type":"Issue","project_id":42823949,"resolvable":true,"resolved":false,"resolved_by":null,"resolved_at":null,"confidential":false,"internal":false,"noteable_iid":1,"commands_changes":{}}]}'
    headers:
      CF-Cache-Status:
      - DYNAMIC
      CF-RAY:
      - 85feedff3c4c94b2-CCU
      Connection:
      - keep-alive
      Content-Length:
      - '1424'
      Content-Type:
      - application/json
      Date:
      - Wed, 06 Mar 2024 02:31:29 GMT
      NEL:
      - '{"success_fraction":0.01,"report_to":"cf-nel","max_age":604800}'
      Report-To:
      - '{"endpoints":[{"url":"https:\/\/a.nel.cloudflare.com\/report\/v3?s=OjkM7HnUxSjapK5%2BZR2lNwG9FGLZMfLVIZjcMyr2sbj%2FB9tWpp3g%2BUfZWZftRlpcfivHuu1sr1QbYalmOJgH4CO6%2FdxnK1xNM3uIA%2F4O20CmuFa2rjEGcK%2B1aJsCpJd8KYOFZOWGLhw%3D"}],"group":"cf-nel","max_age":604800}'
      Server:
      - cloudflare
      Set-Cookie: ''
      cache-control:
      - max-age=0, private, must-revalidate
      content-security-policy:
      - default-src 'none'
      etag:
      - W/"e1c545e52f38c808d1a5182e190172d0"
      gitlab-lb:
      - haproxy-main-43-lb-gprd
      gitlab-sv:
      - api-gke-us-east1-c
      referrer-policy:
      - strict-origin-when-cross-origin
      strict-transport-security:
      - max-age=31536000
      vary:
      - Origin
      x-content-type-options:
      - nosniff
      x-frame-options:
      - SAMEORIGIN
      x-gitlab-meta:
      - '{"correlation_id":"b37911f19455fe87b9926b2093528cb4","version":"1"}'
      x-request-id:
      - b37911f19455fe87b9926b2093528cb4
      x-runtime:
      - '0.469461'
    status:
      code: 201
      message: Created
- request:
    body: null
    headers:
      Accept:
      - '*/*'
      Accept-Encoding:
      - gzip, deflate
      Connection:
      - keep-alive
      Content-type:
      - application/json
      Cookie:
      - _cfuvid=xKVVuQv1_I192KLOk3X40j_C3ml1hSH7EH5xxwVDNDE-1709692282705-0.0.1.1-604800000
      User-Agent:
      - python-gitlab/4.4.0
    method: GET
    uri: https://gitlab.com/api/v4/projects/42823949/issues/1
  response:
    body:
      string: '{"id":142989086,"iid":1,"project_id":42823949,"title":"[SN#1] This
        is the title of the first test issue","description":"\nThis is the body of
        the first test issue\n\n_This issue ticket was originally created [here](https://pagure.io/protop2g-test-srce/issue/1)
        on a Pagure repository,\n[**protop2g-test-srce**](https://pagure.io/protop2g-test-srce)
        by [**Akashdeep Dhar**](https://pagure.io/user/t0xic0der) on\n[**Fri Oct 13
        03:57:42 2023** UTC](https://savvytime.com/converter/utc/oct-13-2023/03-57)._\n\n_This
        issue ticket was automatically created by the\n[**Pagure Exporter**](https://github.com/gridhead/pagure-exporter)._","state":"opened","created_at":"2024-03-06T02:31:24.949Z","updated_at":"2024-03-06T02:31:24.949Z","closed_at":null,"closed_by":null,"labels":[],"milestone":null,"assignees":[],"author":{"id":20210877,"username":"project_42823949_bot_23a338f5a77ff65fbe998fe3b9b3be40","name":"python-gitlab
        testing token for protop2g-test","state":"active","locked":false,"avatar_url":"https://secure.gravatar.com/avatar/af058ecaa20884749a3ce04c609cf7bcfc97ae3df418b9bab81d027921a138cf?s=80\u0026d=identicon","web_url":"https://gitlab.com/project_42823949_bot_23a338f5a77ff65fbe998fe3b9b3be40"},"type":"ISSUE","assignee":null,"user_notes_count":2,"merge_requests_count":0,"upvotes":0,"downvotes":0,"due_date":null,"confidential":false,"discussion_locked":null,"issue_type":"issue","web_url":"https://gitlab.com/gridhead/protop2g-test/-/issues/1","time_stats":{"time_estimate":0,"total_time_spent":0,"human_time_estimate":null,"human_total_time_spent":null},"task_completion_status":{"count":0,"completed_count":0},"blocking_issues_count":0,"has_tasks":true,"task_status":"0
        of 0 checklist items completed","_links":{"self":"https://gitlab.com/api/v4/projects/42823949/issues/1","notes":"https://gitlab.com/api/v4/projects/42823949/issues/1/notes","award_emoji":"https://gitlab.com/api/v4/projects/42823949/issues/1/award_emoji","project":"https://gitlab.com/api/v4/projects/42823949","closed_as_duplicate_of":null},"references":{"short":"#1","relative":"#1","full":"gridhead/protop2g-test#1"},"severity":"UNKNOWN","subscribed":true,"moved_to_id":null,"service_desk_reply_to":null}'
    headers:
      CF-Cache-Status:
      - MISS
      CF-RAY:
      - 85feee097f5c94be-CCU
      Connection:
      - keep-alive
      Content-Encoding:
      - gzip
      Content-Type:
      - application/json
      Date:
      - Wed, 06 Mar 2024 02:31:30 GMT
      NEL:
      - '{"success_fraction":0.01,"report_to":"cf-nel","max_age":604800}'
      Report-To:
      - '{"endpoints":[{"url":"https:\/\/a.nel.cloudflare.com\/report\/v3?s=gIcg2g6U0XguAewxUzafXfIb1QPaLJYRr6Pf4SfGsHRuWMAOaWHwulNZFsl%2F6xlVL95IyMgMkRb1qkvaokezANDEkRO%2F79Mq96C85bInstzzHauIClSevrynkZ30c4feYuL%2BKv8Pph8%3D"}],"group":"cf-nel","max_age":604800}'
      Server:
      - cloudflare
      Set-Cookie: ''
      Transfer-Encoding:
      - chunked
      cache-control:
      - max-age=0, private, must-revalidate
      content-security-policy:
      - default-src 'none'
      etag:
      - W/"8fa8bc961c91f2382b78a48d10c916f4"
      gitlab-lb:
      - haproxy-main-57-lb-gprd
      gitlab-sv:
      - api-gke-us-east1-b
      referrer-policy:
      - strict-origin-when-cross-origin
      strict-transport-security:
      - max-age=31536000
      vary:
      - Origin, Accept-Encoding
      x-content-type-options:
      - nosniff
      x-frame-options:
      - SAMEORIGIN
      x-gitlab-meta:
      - '{"correlation_id":"7050345650cd2b3689b5ff3ea2f846af","version":"1"}'
      x-request-id:
      - 7050345650cd2b3689b5ff3ea2f846af
      x-runtime:
      - '0.128379'
    status:
      code: 200
      message: OK
- request:
    body: '{"body": "\nThis is the second comment under the first test issue\n\n_This
      comment was originally created [here](https://pagure.io/protop2g-test-srce/issue/1#comment-878474)
      by [**Akashdeep Dhar**](https://pagure.io/user/t0xic0der) under\n[this](https://pagure.io/protop2g-test-srce/issue/1)
      issue ticket on a Pagure repository, [**protop2g-test-srce**](https://pagure.io/protop2g-test-srce)
      on\n[**Fri Oct 13 04:05:24 2023** UTC](https://savvytime.com/converter/utc/oct-13-2023/04-05)._\n\n_This
      comment was automatically created by the\n[**Pagure Exporter**](https://github.com/gridhead/pagure-exporter)._\n"}'
    headers:
      Accept:
      - '*/*'
      Accept-Encoding:
      - gzip, deflate
      Connection:
      - keep-alive
      Content-Length:
      - '611'
      Content-type:
      - application/json
      Cookie:
      - _cfuvid=xKVVuQv1_I192KLOk3X40j_C3ml1hSH7EH5xxwVDNDE-1709692282705-0.0.1.1-604800000
      User-Agent:
      - python-gitlab/4.4.0
    method: POST
    uri: https://gitlab.com/api/v4/projects/42823949/issues/1/discussions
  response:
    body:
      string: '{"id":"ea7990b79035dbf7714f032f2c74df4b140e0407","individual_note":false,"notes":[{"id":1802626948,"type":"DiscussionNote","body":"\nThis
        is the second comment under the first test issue\n\n_This comment was originally
        created [here](https://pagure.io/protop2g-test-srce/issue/1#comment-878474)
        by [**Akashdeep Dhar**](https://pagure.io/user/t0xic0der) under\n[this](https://pagure.io/protop2g-test-srce/issue/1)
        issue ticket on a Pagure repository, [**protop2g-test-srce**](https://pagure.io/protop2g-test-srce)
        on\n[**Fri Oct 13 04:05:24 2023** UTC](https://savvytime.com/converter/utc/oct-13-2023/04-05)._\n\n_This
        comment was automatically created by the\n[**Pagure Exporter**](https://github.com/gridhead/pagure-exporter)._","attachment":null,"author":{"id":20210877,"username":"project_42823949_bot_23a338f5a77ff65fbe998fe3b9b3be40","name":"****","state":"active","locked":false,"avatar_url":"https://secure.gravatar.com/avatar/af058ecaa20884749a3ce04c609cf7bcfc97ae3df418b9bab81d027921a138cf?s=80\u0026d=identicon","web_url":"https://gitlab.com/project_42823949_bot_23a338f5a77ff65fbe998fe3b9b3be40"},"created_at":"2024-03-06T02:31:31.337Z","updated_at":"2024-03-06T02:31:31.337Z","system":false,"noteable_id":142989086,"noteable_type":"Issue","project_id":42823949,"resolvable":true,"resolved":false,"resolved_by":null,"resolved_at":null,"confidential":false,"internal":false,"noteable_iid":1,"commands_changes":{}}]}'
    headers:
      CF-Cache-Status:
      - DYNAMIC
      CF-RAY:
      - 85feee12284d94bf-CCU
      Connection:
      - keep-alive
      Content-Length:
      - '1425'
      Content-Type:
      - application/json
      Date:
      - Wed, 06 Mar 2024 02:31:31 GMT
      NEL:
      - '{"success_fraction":0.01,"report_to":"cf-nel","max_age":604800}'
      Report-To:
      - '{"endpoints":[{"url":"https:\/\/a.nel.cloudflare.com\/report\/v3?s=lV1UCEnJTl9x953dBKCvUhrj6cAqInHf0Qj2j2qPJ9x7VCdXyQ0aOaK44%2FBbC9IKgeMwkakihIj1Dp75%2BgnZyEI%2Bji6QzlNhp4cSDdcHZyiGWp1cnVjfiqKyiflRt9YuKECeuK9wgMA%3D"}],"group":"cf-nel","max_age":604800}'
      Server:
      - cloudflare
      Set-Cookie: ''
      cache-control:
      - max-age=0, private, must-revalidate
      content-security-policy:
      - default-src 'none'
      etag:
      - W/"8644d93df32a8c5d77e6ce382d0554f3"
      gitlab-lb:
      - haproxy-main-47-lb-gprd
      gitlab-sv:
      - api-gke-us-east1-d
      referrer-policy:
      - strict-origin-when-cross-origin
      strict-transport-security:
      - max-age=31536000
      vary:
      - Origin
      x-content-type-options:
      - nosniff
      x-frame-options:
      - SAMEORIGIN
      x-gitlab-meta:
      - '{"correlation_id":"46b7129505046e68bbbabf7a5c98ff50","version":"1"}'
      x-request-id:
      - 46b7129505046e68bbbabf7a5c98ff50
      x-runtime:
      - '0.357107'
    status:
      code: 201
      message: Created
version: 1
