interactions:
- request:
    body: null
    headers:
      Accept:
      - '*/*'
      Accept-Encoding:
      - gzip, deflate
      Connection:
      - keep-alive
      Content-type:
      - application/json
      User-Agent:
      - python-gitlab/4.4.0
    method: GET
    uri: https://gitlab.com/api/v4/projects/42823949
  response:
    body:
      string: '{"id":42823949,"description":null,"name":"protop2g-test","name_with_namespace":"Akashdeep
        Dhar / protop2g-test","path":"protop2g-test","path_with_namespace":"gridhead/protop2g-test","created_at":"2023-01-23T16:18:30.217Z","default_branch":"main","tag_list":[],"topics":[],"ssh_url_to_repo":"git@gitlab.com:gridhead/protop2g-test.git","http_url_to_repo":"https://gitlab.com/gridhead/protop2g-test.git","web_url":"https://gitlab.com/gridhead/protop2g-test","readme_url":"https://gitlab.com/gridhead/protop2g-test/-/blob/main/README.md","forks_count":0,"avatar_url":null,"star_count":0,"last_activity_at":"2024-03-05T04:20:15.882Z","namespace":{"id":13984834,"name":"Akashdeep
        Dhar","path":"gridhead","kind":"user","full_path":"gridhead","parent_id":null,"avatar_url":"https://secure.gravatar.com/avatar/e412343841597e2fb1e952dd2b1077fc95537604ce04a27c5bfb94bdb0dc3da8?s=80\u0026d=identicon","web_url":"https://gitlab.com/gridhead"},"container_registry_image_prefix":"registry.gitlab.com/gridhead/protop2g-test","_links":{"self":"https://gitlab.com/api/v4/projects/42823949","issues":"https://gitlab.com/api/v4/projects/42823949/issues","merge_requests":"https://gitlab.com/api/v4/projects/42823949/merge_requests","repo_branches":"https://gitlab.com/api/v4/projects/42823949/repository/branches","labels":"https://gitlab.com/api/v4/projects/42823949/labels","events":"https://gitlab.com/api/v4/projects/42823949/events","members":"https://gitlab.com/api/v4/projects/42823949/members","cluster_agents":"https://gitlab.com/api/v4/projects/42823949/cluster_agents"},"packages_enabled":true,"empty_repo":false,"archived":false,"visibility":"public","owner":{"id":10115999,"username":"gridhead","name":"Akashdeep
        Dhar","state":"active","locked":false,"avatar_url":"https://secure.gravatar.com/avatar/e412343841597e2fb1e952dd2b1077fc95537604ce04a27c5bfb94bdb0dc3da8?s=80\u0026d=identicon","web_url":"https://gitlab.com/gridhead"},"resolve_outdated_diff_discussions":false,"container_expiration_policy":{"cadence":"1d","enabled":false,"keep_n":10,"older_than":"90d","name_regex":".*","name_regex_keep":null,"next_run_at":"2023-01-24T16:18:30.271Z"},"repository_object_format":"sha1","issues_enabled":true,"merge_requests_enabled":true,"wiki_enabled":true,"jobs_enabled":true,"snippets_enabled":true,"container_registry_enabled":true,"service_desk_enabled":true,"service_desk_address":"contact-project+gridhead-protop2g-test-42823949-issue-@incoming.gitlab.com","can_create_merge_request_in":true,"issues_access_level":"enabled","repository_access_level":"enabled","merge_requests_access_level":"enabled","forking_access_level":"enabled","wiki_access_level":"enabled","builds_access_level":"enabled","snippets_access_level":"enabled","pages_access_level":"enabled","analytics_access_level":"enabled","container_registry_access_level":"enabled","security_and_compliance_access_level":"private","releases_access_level":"private","environments_access_level":"enabled","feature_flags_access_level":"private","infrastructure_access_level":"private","monitor_access_level":"enabled","model_experiments_access_level":"enabled","model_registry_access_level":"enabled","emails_disabled":false,"emails_enabled":true,"shared_runners_enabled":true,"lfs_enabled":true,"creator_id":10115999,"import_url":null,"import_type":null,"import_status":"none","import_error":null,"open_issues_count":1,"description_html":"","updated_at":"2024-03-05T04:20:15.882Z","ci_default_git_depth":20,"ci_forward_deployment_enabled":true,"ci_forward_deployment_rollback_allowed":true,"ci_job_token_scope_enabled":false,"ci_separated_caches":true,"ci_allow_fork_pipelines_to_run_in_parent_project":true,"build_git_strategy":"fetch","keep_latest_artifact":true,"restrict_user_defined_variables":false,"runners_token":"GR1348941S11UuXmU2P9KZ9wAZhCB","runner_token_expiration_interval":null,"group_runners_enabled":true,"auto_cancel_pending_pipelines":"enabled","build_timeout":3600,"auto_devops_enabled":false,"auto_devops_deploy_strategy":"continuous","ci_config_path":"","public_jobs":true,"shared_with_groups":[],"only_allow_merge_if_pipeline_succeeds":false,"allow_merge_on_skipped_pipeline":null,"request_access_enabled":true,"only_allow_merge_if_all_discussions_are_resolved":false,"remove_source_branch_after_merge":true,"printing_merge_request_link_enabled":true,"merge_method":"merge","squash_option":"default_off","enforce_auth_checks_on_uploads":true,"suggestion_commit_message":null,"merge_commit_template":null,"squash_commit_template":null,"issue_branch_template":null,"warn_about_potentially_unwanted_characters":true,"autoclose_referenced_issues":true,"external_authorization_classification_label":"","requirements_enabled":false,"requirements_access_level":"enabled","security_and_compliance_enabled":true,"compliance_frameworks":[],"permissions":{"project_access":{"access_level":50,"notification_level":3},"group_access":null}}'
    headers:
      CF-Cache-Status:
      - MISS
      CF-RAY:
      - 85f7526ace3894bf-CCU
      Connection:
      - keep-alive
      Content-Encoding:
      - gzip
      Content-Type:
      - application/json
      Date:
      - Tue, 05 Mar 2024 04:21:55 GMT
      NEL:
      - '{"success_fraction":0.01,"report_to":"cf-nel","max_age":604800}'
      Report-To:
      - '{"endpoints":[{"url":"https:\/\/a.nel.cloudflare.com\/report\/v3?s=37O%2FdCPB49vKfZw2DCuK8Wrj6FV4%2Fr1eeaG%2FO5aYW6tyw8pymPsKVUgAvC1WrDh6QTLRvM%2FT4AQKU0e5SymSkrn%2FFw0MTqjv3i0lEf76HJq4WLXQ7jTsMaqKQPYww3hB0r3QXa8IIF4%3D"}],"group":"cf-nel","max_age":604800}'
      Server:
      - cloudflare
      Set-Cookie: ''
      Transfer-Encoding:
      - chunked
      cache-control:
      - max-age=0, private, must-revalidate
      content-security-policy:
      - default-src 'none'
      etag:
      - W/"018d7a1ed15b9b2959819768210f6836"
      gitlab-lb:
      - haproxy-main-58-lb-gprd
      gitlab-sv:
      - api-gke-us-east1-c
      referrer-policy:
      - strict-origin-when-cross-origin
      strict-transport-security:
      - max-age=31536000
      vary:
      - Origin, Accept-Encoding
      x-content-type-options:
      - nosniff
      x-frame-options:
      - SAMEORIGIN
      x-gitlab-meta:
      - '{"correlation_id":"177ae4d584e5e095275d050e2c483f38","version":"1"}'
      x-request-id:
      - 177ae4d584e5e095275d050e2c483f38
      x-runtime:
      - '0.128422'
    status:
      code: 200
      message: OK
- request:
    body: null
    headers:
      Accept:
      - '*/*'
      Accept-Encoding:
      - gzip, deflate
      Connection:
      - keep-alive
      Content-Length:
      - '0'
      Content-type:
      - application/json
      Cookie:
      - _cfuvid=r9eWN8HNMTlC75V7g5_qfWiLbApTu2HUNRSBxvXgL3w-1709612515495-0.0.1.1-604800000
      User-Agent:
      - python-gitlab/4.4.0
    method: DELETE
    uri: https://gitlab.com/api/v4/projects/42823949/issues/1
  response:
    body:
      string: ''
    headers:
      CF-Cache-Status:
      - DYNAMIC
      CF-RAY:
      - 85f7526fbeba93c2-CCU
      Connection:
      - keep-alive
      Date:
      - Tue, 05 Mar 2024 04:21:56 GMT
      NEL:
      - '{"success_fraction":0.01,"report_to":"cf-nel","max_age":604800}'
      Report-To:
      - '{"endpoints":[{"url":"https:\/\/a.nel.cloudflare.com\/report\/v3?s=%2Bn0i8JIzkZBB0eTf9r7fQ9M1gnvTm9Bp4qgdeYbvmdsqDs8dBXsoOQQiVXdEjctzZKF4HiNm%2BEPLuE7GfZIs2KJUqqbeC8lMs4Rg3fhkSubDTzHTvtdRs4CzxlpJIhG16mN%2BK35I8yU%3D"}],"group":"cf-nel","max_age":604800}'
      Server:
      - cloudflare
      Set-Cookie: ''
      cache-control:
      - no-cache
      content-security-policy:
      - default-src 'none'
      gitlab-lb:
      - haproxy-main-49-lb-gprd
      gitlab-sv:
      - api-gke-us-east1-c
      referrer-policy:
      - strict-origin-when-cross-origin
      strict-transport-security:
      - max-age=31536000
      vary:
      - Origin
      x-content-type-options:
      - nosniff
      x-frame-options:
      - SAMEORIGIN
      x-gitlab-meta:
      - '{"correlation_id":"361dc975610df4c4d34042b011d37092","version":"1"}'
      x-request-id:
      - 361dc975610df4c4d34042b011d37092
      x-runtime:
      - '0.196103'
    status:
      code: 204
      message: No Content
- request:
    body: null
    headers:
      Accept:
      - '*/*'
      Accept-Encoding:
      - gzip, deflate
      Connection:
      - keep-alive
      Content-Length:
      - '0'
      Content-type:
      - application/json
      Cookie:
      - _cfuvid=r9eWN8HNMTlC75V7g5_qfWiLbApTu2HUNRSBxvXgL3w-1709612515495-0.0.1.1-604800000
      User-Agent:
      - python-gitlab/4.4.0
    method: DELETE
    uri: https://gitlab.com/api/v4/projects/42823949/issues/2
  response:
    body:
      string: '{"message":"404 Issue Not Found"}'
    headers:
      CF-Cache-Status:
      - DYNAMIC
      CF-RAY:
      - 85f75273895b93c2-CCU
      Connection:
      - keep-alive
      Content-Length:
      - '33'
      Content-Type:
      - application/json
      Date:
      - Tue, 05 Mar 2024 04:21:57 GMT
      NEL:
      - '{"success_fraction":0.01,"report_to":"cf-nel","max_age":604800}'
      Report-To:
      - '{"endpoints":[{"url":"https:\/\/a.nel.cloudflare.com\/report\/v3?s=w8kRxlKwXbjWd7ai9W0hoGGfBqx4BKnGzjMTb2AjCXyGK3LGv%2BIVRoFhKyBG9L%2FqS%2B21KD2cAv%2Bl%2F2Iu1aHNiBmai5oVVgs%2FYPRV3ZCPHzElWljWxwxnoRGbtww4MGVqeuIFSRoB1cQ%3D"}],"group":"cf-nel","max_age":604800}'
      Server:
      - cloudflare
      Set-Cookie: ''
      cache-control:
      - no-cache
      content-security-policy:
      - default-src 'none'
      gitlab-lb:
      - haproxy-main-18-lb-gprd
      gitlab-sv:
      - api-gke-us-east1-b
      referrer-policy:
      - strict-origin-when-cross-origin
      strict-transport-security:
      - max-age=31536000
      vary:
      - Origin
      x-content-type-options:
      - nosniff
      x-frame-options:
      - SAMEORIGIN
      x-gitlab-meta:
      - '{"correlation_id":"01ee8bf35a2b727e3a424bd15e21b746","version":"1"}'
      x-request-id:
      - 01ee8bf35a2b727e3a424bd15e21b746
      x-runtime:
      - '0.065994'
    status:
      code: 404
      message: Not Found
- request:
    body: null
    headers:
      Accept:
      - '*/*'
      Accept-Encoding:
      - gzip, deflate
      Connection:
      - keep-alive
      Content-Length:
      - '0'
      Content-type:
      - application/json
      Cookie:
      - _cfuvid=r9eWN8HNMTlC75V7g5_qfWiLbApTu2HUNRSBxvXgL3w-1709612515495-0.0.1.1-604800000
      User-Agent:
      - python-gitlab/4.4.0
    method: DELETE
    uri: https://gitlab.com/api/v4/projects/42823949/issues/3
  response:
    body:
      string: '{"message":"404 Issue Not Found"}'
    headers:
      CF-Cache-Status:
      - DYNAMIC
      CF-RAY:
      - 85f752780dc993bb-CCU
      Connection:
      - keep-alive
      Content-Length:
      - '33'
      Content-Type:
      - application/json
      Date:
      - Tue, 05 Mar 2024 04:21:57 GMT
      NEL:
      - '{"success_fraction":0.01,"report_to":"cf-nel","max_age":604800}'
      Report-To:
      - '{"endpoints":[{"url":"https:\/\/a.nel.cloudflare.com\/report\/v3?s=MpaAvisC5FEUKiSHdrjOdJ06ZXCDT84cnMrbmZkd4anPtrRsnoA12drFRENYXEs%2BYClBxIhI4h5rEb7KGp2sjuAJO5KqrVzu%2Fr1uqRVw84IObLTjEat1hpckF4dE%2FlzopSsYxLrT2yk%3D"}],"group":"cf-nel","max_age":604800}'
      Server:
      - cloudflare
      Set-Cookie: ''
      cache-control:
      - no-cache
      content-security-policy:
      - default-src 'none'
      gitlab-lb:
      - haproxy-main-07-lb-gprd
      gitlab-sv:
      - gke-cny-api
      referrer-policy:
      - strict-origin-when-cross-origin
      strict-transport-security:
      - max-age=31536000
      vary:
      - Origin
      x-content-type-options:
      - nosniff
      x-frame-options:
      - SAMEORIGIN
      x-gitlab-meta:
      - '{"correlation_id":"7d064ecb5263bc8f80af67ca72336aeb","version":"1"}'
      x-request-id:
      - 7d064ecb5263bc8f80af67ca72336aeb
      x-runtime:
      - '0.062276'
    status:
      code: 404
      message: Not Found
- request:
    body: null
    headers:
      Accept:
      - '*/*'
      Accept-Encoding:
      - gzip, deflate
      Connection:
      - keep-alive
      Content-Length:
      - '0'
      Content-type:
      - application/json
      Cookie:
      - _cfuvid=r9eWN8HNMTlC75V7g5_qfWiLbApTu2HUNRSBxvXgL3w-1709612515495-0.0.1.1-604800000
      User-Agent:
      - python-gitlab/4.4.0
    method: DELETE
    uri: https://gitlab.com/api/v4/projects/42823949/issues/4
  response:
    body:
      string: '{"message":"404 Issue Not Found"}'
    headers:
      CF-Cache-Status:
      - DYNAMIC
      CF-RAY:
      - 85f7527a9a4f93cb-CCU
      Connection:
      - keep-alive
      Content-Length:
      - '33'
      Content-Type:
      - application/json
      Date:
      - Tue, 05 Mar 2024 04:21:57 GMT
      NEL:
      - '{"success_fraction":0.01,"report_to":"cf-nel","max_age":604800}'
      Report-To:
      - '{"endpoints":[{"url":"https:\/\/a.nel.cloudflare.com\/report\/v3?s=cR9XXATbpxHnV3G4wivtYEz9ZrRJF0tcsGJJgbzrLLbkqoUSj7R7Uq75gBq%2FVj7Yfu72gRv8c91roCM4ZbApex%2BkDZRr9gFr80D8jVv0vYfhn6vLou1l0cYq3Js0pNZRCCm9JRvVk4Q%3D"}],"group":"cf-nel","max_age":604800}'
      Server:
      - cloudflare
      Set-Cookie: ''
      cache-control:
      - no-cache
      content-security-policy:
      - default-src 'none'
      gitlab-lb:
      - haproxy-main-30-lb-gprd
      gitlab-sv:
      - api-gke-us-east1-b
      referrer-policy:
      - strict-origin-when-cross-origin
      strict-transport-security:
      - max-age=31536000
      vary:
      - Origin
      x-content-type-options:
      - nosniff
      x-frame-options:
      - SAMEORIGIN
      x-gitlab-meta:
      - '{"correlation_id":"a401a0337eaeb18c6c39cc8802e9dcea","version":"1"}'
      x-request-id:
      - a401a0337eaeb18c6c39cc8802e9dcea
      x-runtime:
      - '0.040067'
    status:
      code: 404
      message: Not Found
- request:
    body: null
    headers:
      Accept:
      - '*/*'
      Accept-Encoding:
      - gzip, deflate
      Connection:
      - keep-alive
      User-Agent:
      - python-requests/2.31.0
    method: GET
    uri: https://pagure.io/api/0/protop2g-test-srce
  response:
    body:
      string: "{\n  \"access_groups\": {\n    \"admin\": [], \n    \"collaborator\":
        [], \n    \"commit\": [], \n    \"ticket\": []\n  }, \n  \"access_users\":
        {\n    \"admin\": [], \n    \"collaborator\": [], \n    \"commit\": [], \n
        \   \"owner\": [\n      \"t0xic0der\"\n    ], \n    \"ticket\": []\n  }, \n
        \ \"close_status\": [], \n  \"custom_keys\": [], \n  \"date_created\": \"1697168063\",
        \n  \"date_modified\": \"1697168063\", \n  \"description\": \"The source namespace
        for the Pagure Exporter project to run tests against\", \n  \"full_url\":
        \"https://pagure.io/protop2g-test-srce\", \n  \"fullname\": \"protop2g-test-srce\",
        \n  \"id\": 17042, \n  \"milestones\": {}, \n  \"name\": \"protop2g-test-srce\",
        \n  \"namespace\": null, \n  \"parent\": null, \n  \"priorities\": {}, \n
        \ \"tags\": [], \n  \"url_path\": \"protop2g-test-srce\", \n  \"user\": {\n
        \   \"full_url\": \"https://pagure.io/user/t0xic0der\", \n    \"fullname\":
        \"Akashdeep Dhar\", \n    \"name\": \"t0xic0der\", \n    \"url_path\": \"user/t0xic0der\"\n
        \ }\n}\n"
    headers:
      Connection:
      - Upgrade, Keep-Alive
      Content-Length:
      - '902'
      Content-Security-Policy:
      - default-src 'self';script-src 'self' 'nonce-gpeTVWrX8gprtPspFOycgzxPu'; style-src
        'self' 'nonce-gpeTVWrX8gprtPspFOycgzxPu'; object-src 'none';base-uri 'self';img-src
        'self' https:;connect-src 'self' https://pagure.io:8088;frame-src https://docs.pagure.org;frame-ancestors
        https://pagure.io;
      Content-Type:
      - application/json
      Date:
      - Tue, 05 Mar 2024 04:21:58 GMT
      Keep-Alive:
      - timeout=5, max=100
      Referrer-Policy:
      - same-origin
      Server:
      - Apache/2.4.37 (Red Hat Enterprise Linux) OpenSSL/1.1.1k mod_wsgi/4.6.4 Python/3.6
      Set-Cookie: ''
      Strict-Transport-Security:
      - max-age=31536000; includeSubDomains; preload
      Upgrade:
      - h2,h2c
      X-Content-Type-Options:
      - nosniff
      X-Frame-Options:
      - ALLOW-FROM https://pagure.io/
      X-Xss-Protection:
      - 1; mode=block
    status:
      code: 200
      message: OK
- request:
    body: null
    headers:
      Accept:
      - '*/*'
      Accept-Encoding:
      - gzip, deflate
      Connection:
      - keep-alive
      Content-type:
      - application/json
      User-Agent:
      - python-gitlab/4.4.0
    method: GET
    uri: https://gitlab.com/api/v4/projects/42823949
  response:
    body:
      string: '{"id":42823949,"description":null,"name":"protop2g-test","name_with_namespace":"Akashdeep
        Dhar / protop2g-test","path":"protop2g-test","path_with_namespace":"gridhead/protop2g-test","created_at":"2023-01-23T16:18:30.217Z","default_branch":"main","tag_list":[],"topics":[],"ssh_url_to_repo":"git@gitlab.com:gridhead/protop2g-test.git","http_url_to_repo":"https://gitlab.com/gridhead/protop2g-test.git","web_url":"https://gitlab.com/gridhead/protop2g-test","readme_url":"https://gitlab.com/gridhead/protop2g-test/-/blob/main/README.md","forks_count":0,"avatar_url":null,"star_count":0,"last_activity_at":"2024-03-05T04:20:15.882Z","namespace":{"id":13984834,"name":"Akashdeep
        Dhar","path":"gridhead","kind":"user","full_path":"gridhead","parent_id":null,"avatar_url":"https://secure.gravatar.com/avatar/e412343841597e2fb1e952dd2b1077fc95537604ce04a27c5bfb94bdb0dc3da8?s=80\u0026d=identicon","web_url":"https://gitlab.com/gridhead"},"container_registry_image_prefix":"registry.gitlab.com/gridhead/protop2g-test","_links":{"self":"https://gitlab.com/api/v4/projects/42823949","issues":"https://gitlab.com/api/v4/projects/42823949/issues","merge_requests":"https://gitlab.com/api/v4/projects/42823949/merge_requests","repo_branches":"https://gitlab.com/api/v4/projects/42823949/repository/branches","labels":"https://gitlab.com/api/v4/projects/42823949/labels","events":"https://gitlab.com/api/v4/projects/42823949/events","members":"https://gitlab.com/api/v4/projects/42823949/members","cluster_agents":"https://gitlab.com/api/v4/projects/42823949/cluster_agents"},"packages_enabled":true,"empty_repo":false,"archived":false,"visibility":"public","owner":{"id":10115999,"username":"gridhead","name":"Akashdeep
        Dhar","state":"active","locked":false,"avatar_url":"https://secure.gravatar.com/avatar/e412343841597e2fb1e952dd2b1077fc95537604ce04a27c5bfb94bdb0dc3da8?s=80\u0026d=identicon","web_url":"https://gitlab.com/gridhead"},"resolve_outdated_diff_discussions":false,"container_expiration_policy":{"cadence":"1d","enabled":false,"keep_n":10,"older_than":"90d","name_regex":".*","name_regex_keep":null,"next_run_at":"2023-01-24T16:18:30.271Z"},"repository_object_format":"sha1","issues_enabled":true,"merge_requests_enabled":true,"wiki_enabled":true,"jobs_enabled":true,"snippets_enabled":true,"container_registry_enabled":true,"service_desk_enabled":true,"service_desk_address":"contact-project+gridhead-protop2g-test-42823949-issue-@incoming.gitlab.com","can_create_merge_request_in":true,"issues_access_level":"enabled","repository_access_level":"enabled","merge_requests_access_level":"enabled","forking_access_level":"enabled","wiki_access_level":"enabled","builds_access_level":"enabled","snippets_access_level":"enabled","pages_access_level":"enabled","analytics_access_level":"enabled","container_registry_access_level":"enabled","security_and_compliance_access_level":"private","releases_access_level":"private","environments_access_level":"enabled","feature_flags_access_level":"private","infrastructure_access_level":"private","monitor_access_level":"enabled","model_experiments_access_level":"enabled","model_registry_access_level":"enabled","emails_disabled":false,"emails_enabled":true,"shared_runners_enabled":true,"lfs_enabled":true,"creator_id":10115999,"import_url":null,"import_type":null,"import_status":"none","import_error":null,"open_issues_count":0,"description_html":"","updated_at":"2024-03-05T04:20:15.882Z","ci_default_git_depth":20,"ci_forward_deployment_enabled":true,"ci_forward_deployment_rollback_allowed":true,"ci_job_token_scope_enabled":false,"ci_separated_caches":true,"ci_allow_fork_pipelines_to_run_in_parent_project":true,"build_git_strategy":"fetch","keep_latest_artifact":true,"restrict_user_defined_variables":false,"runners_token":"GR1348941S11UuXmU2P9KZ9wAZhCB","runner_token_expiration_interval":null,"group_runners_enabled":true,"auto_cancel_pending_pipelines":"enabled","build_timeout":3600,"auto_devops_enabled":false,"auto_devops_deploy_strategy":"continuous","ci_config_path":"","public_jobs":true,"shared_with_groups":[],"only_allow_merge_if_pipeline_succeeds":false,"allow_merge_on_skipped_pipeline":null,"request_access_enabled":true,"only_allow_merge_if_all_discussions_are_resolved":false,"remove_source_branch_after_merge":true,"printing_merge_request_link_enabled":true,"merge_method":"merge","squash_option":"default_off","enforce_auth_checks_on_uploads":true,"suggestion_commit_message":null,"merge_commit_template":null,"squash_commit_template":null,"issue_branch_template":null,"warn_about_potentially_unwanted_characters":true,"autoclose_referenced_issues":true,"external_authorization_classification_label":"","requirements_enabled":false,"requirements_access_level":"enabled","security_and_compliance_enabled":true,"compliance_frameworks":[],"permissions":{"project_access":{"access_level":50,"notification_level":3},"group_access":null}}'
    headers:
      CF-Cache-Status:
      - MISS
      CF-RAY:
      - 85f752855e4593c2-CCU
      Connection:
      - keep-alive
      Content-Encoding:
      - gzip
      Content-Type:
      - application/json
      Date:
      - Tue, 05 Mar 2024 04:21:59 GMT
      NEL:
      - '{"success_fraction":0.01,"report_to":"cf-nel","max_age":604800}'
      Report-To:
      - '{"endpoints":[{"url":"https:\/\/a.nel.cloudflare.com\/report\/v3?s=Qez9JwjL7EgqTfvdMOSCEeyOj8Yfp%2BNW2FDRkNSoZn%2FKuPNgNJNSfGDKkw8WGw1gtnd1t2TNlgNdTq8RhtjXaYv%2F7aOP6oa7Qoda2bEcA1S3cLOb%2Fop%2B%2Fcc4JojVEz3jdCD%2FLSIorAw%3D"}],"group":"cf-nel","max_age":604800}'
      Server:
      - cloudflare
      Set-Cookie: ''
      Transfer-Encoding:
      - chunked
      cache-control:
      - max-age=0, private, must-revalidate
      content-security-policy:
      - default-src 'none'
      etag:
      - W/"6937778a28edbb15fa770d54c7c43fd9"
      gitlab-lb:
      - haproxy-main-55-lb-gprd
      gitlab-sv:
      - api-gke-us-east1-c
      referrer-policy:
      - strict-origin-when-cross-origin
      strict-transport-security:
      - max-age=31536000
      vary:
      - Origin, Accept-Encoding
      x-content-type-options:
      - nosniff
      x-frame-options:
      - SAMEORIGIN
      x-gitlab-meta:
      - '{"correlation_id":"6dcab2b6c183cc36edab53a8b451f9a4","version":"1"}'
      x-request-id:
      - 6dcab2b6c183cc36edab53a8b451f9a4
      x-runtime:
      - '0.116736'
    status:
      code: 200
      message: OK
- request:
    body: null
    headers:
      Accept:
      - '*/*'
      Accept-Encoding:
      - gzip, deflate
      Connection:
      - keep-alive
      User-Agent:
      - python-requests/2.31.0
    method: GET
    uri: https://pagure.io/api/0/protop2g-test-srce/issue/2
  response:
    body:
      string: "{\n  \"assignee\": null, \n  \"blocks\": [], \n  \"close_status\":
        null, \n  \"closed_at\": \"1697170032\", \n  \"closed_by\": {\n    \"full_url\":
        \"https://pagure.io/user/t0xic0der\", \n    \"fullname\": \"Akashdeep Dhar\",
        \n    \"name\": \"t0xic0der\", \n    \"url_path\": \"user/t0xic0der\"\n  },
        \n  \"comments\": [\n    {\n      \"comment\": \"**Metadata Update from @t0xic0der**:\\n-
        Issue tagged with: cccc, dddd\", \n      \"date_created\": \"1697169810\",
        \n      \"edited_on\": null, \n      \"editor\": null, \n      \"id\": 878472,
        \n      \"notification\": true, \n      \"parent\": null, \n      \"reactions\":
        {}, \n      \"user\": {\n        \"full_url\": \"https://pagure.io/user/t0xic0der\",
        \n        \"fullname\": \"Akashdeep Dhar\", \n        \"name\": \"t0xic0der\",
        \n        \"url_path\": \"user/t0xic0der\"\n      }\n    }, \n    {\n      \"comment\":
        \"The is the first comment under the second test issue\", \n      \"date_created\":
        \"1697169964\", \n      \"edited_on\": null, \n      \"editor\": null, \n
        \     \"id\": 878475, \n      \"notification\": false, \n      \"parent\":
        null, \n      \"reactions\": {}, \n      \"user\": {\n        \"full_url\":
        \"https://pagure.io/user/t0xic0der\", \n        \"fullname\": \"Akashdeep
        Dhar\", \n        \"name\": \"t0xic0der\", \n        \"url_path\": \"user/t0xic0der\"\n
        \     }\n    }, \n    {\n      \"comment\": \"The is the second comment under
        the second test issue\", \n      \"date_created\": \"1697169976\", \n      \"edited_on\":
        null, \n      \"editor\": null, \n      \"id\": 878476, \n      \"notification\":
        false, \n      \"parent\": null, \n      \"reactions\": {}, \n      \"user\":
        {\n        \"full_url\": \"https://pagure.io/user/t0xic0der\", \n        \"fullname\":
        \"Akashdeep Dhar\", \n        \"name\": \"t0xic0der\", \n        \"url_path\":
        \"user/t0xic0der\"\n      }\n    }, \n    {\n      \"comment\": \"**Metadata
        Update from @t0xic0der**:\\n- Issue status updated to: Closed (was: Open)\",
        \n      \"date_created\": \"1697170032\", \n      \"edited_on\": null, \n
        \     \"editor\": null, \n      \"id\": 878477, \n      \"notification\":
        true, \n      \"parent\": null, \n      \"reactions\": {}, \n      \"user\":
        {\n        \"full_url\": \"https://pagure.io/user/t0xic0der\", \n        \"fullname\":
        \"Akashdeep Dhar\", \n        \"name\": \"t0xic0der\", \n        \"url_path\":
        \"user/t0xic0der\"\n      }\n    }\n  ], \n  \"content\": \"This is the body
        of the second test issue\", \n  \"custom_fields\": [], \n  \"date_created\":
        \"1697169676\", \n  \"depends\": [], \n  \"full_url\": \"https://pagure.io/protop2g-test-srce/issue/2\",
        \n  \"id\": 2, \n  \"last_updated\": \"1697170032\", \n  \"milestone\": null,
        \n  \"priority\": null, \n  \"private\": false, \n  \"related_prs\": [], \n
        \ \"status\": \"Closed\", \n  \"tags\": [\n    \"cccc\", \n    \"dddd\"\n
        \ ], \n  \"title\": \"This is the title of the second test issue\", \n  \"user\":
        {\n    \"full_url\": \"https://pagure.io/user/t0xic0der\", \n    \"fullname\":
        \"Akashdeep Dhar\", \n    \"name\": \"t0xic0der\", \n    \"url_path\": \"user/t0xic0der\"\n
        \ }\n}\n"
    headers:
      Connection:
      - Upgrade, Keep-Alive
      Content-Length:
      - '2784'
      Content-Security-Policy:
      - default-src 'self';script-src 'self' 'nonce-IGfxSVCICJ2DCAXy6Wlfx3Sd9'; style-src
        'self' 'nonce-IGfxSVCICJ2DCAXy6Wlfx3Sd9'; object-src 'none';base-uri 'self';img-src
        'self' https:;connect-src 'self' https://pagure.io:8088;frame-src https://docs.pagure.org;frame-ancestors
        https://pagure.io;
      Content-Type:
      - application/json
      Date:
      - Tue, 05 Mar 2024 04:22:00 GMT
      Keep-Alive:
      - timeout=5, max=100
      Referrer-Policy:
      - same-origin
      Server:
      - Apache/2.4.37 (Red Hat Enterprise Linux) OpenSSL/1.1.1k mod_wsgi/4.6.4 Python/3.6
      Set-Cookie: ''
      Strict-Transport-Security:
      - max-age=31536000; includeSubDomains; preload
      Upgrade:
      - h2,h2c
      X-Content-Type-Options:
      - nosniff
      X-Frame-Options:
      - ALLOW-FROM https://pagure.io/
      X-Xss-Protection:
      - 1; mode=block
    status:
      code: 200
      message: OK
- request:
    body: '{"title": "[SN#2] This is the title of the second test issue", "description":
      "\nThis is the body of the second test issue\n\n_This issue ticket was originally
      created [here](https://pagure.io/protop2g-test-srce/issue/2) on a Pagure repository,\n[**protop2g-test-srce**](https://pagure.io/protop2g-test-srce)
      by [**Akashdeep Dhar**](https://pagure.io/user/t0xic0der) on\n[**Fri Oct 13
      04:01:16 2023** UTC](https://savvytime.com/converter/utc/oct-13-2023/04-01)._\n\n_This
      issue ticket was automatically created by the\n[**Pagure Exporter**](https://github.com/gridhead/pagure-exporter)._\n",
      "iid": 2}'
    headers:
      Accept:
      - '*/*'
      Accept-Encoding:
      - gzip, deflate
      Connection:
      - keep-alive
      Content-Length:
      - '601'
      Content-type:
      - application/json
      Cookie:
      - _cfuvid=Ip385s29_AWMRU50D9Kkw0amAwHf4eIbwM0WIy33vP4-1709612519697-0.0.1.1-604800000
      User-Agent:
      - python-gitlab/4.4.0
    method: POST
    uri: https://gitlab.com/api/v4/projects/42823949/issues
  response:
    body:
      string: '{"id":142944656,"iid":2,"project_id":42823949,"title":"[SN#2] This
        is the title of the second test issue","description":"\nThis is the body of
        the second test issue\n\n_This issue ticket was originally created [here](https://pagure.io/protop2g-test-srce/issue/2)
        on a Pagure repository,\n[**protop2g-test-srce**](https://pagure.io/protop2g-test-srce)
        by [**Akashdeep Dhar**](https://pagure.io/user/t0xic0der) on\n[**Fri Oct 13
        04:01:16 2023** UTC](https://savvytime.com/converter/utc/oct-13-2023/04-01)._\n\n_This
        issue ticket was automatically created by the\n[**Pagure Exporter**](https://github.com/gridhead/pagure-exporter)._","state":"opened","created_at":"2024-03-05T04:22:01.683Z","updated_at":"2024-03-05T04:22:01.683Z","closed_at":null,"closed_by":null,"labels":[],"milestone":null,"assignees":[],"author":{"id":20210877,"username":"project_42823949_bot_23a338f5a77ff65fbe998fe3b9b3be40","name":"python-gitlab
        testing token for protop2g-test","state":"active","locked":false,"avatar_url":"https://secure.gravatar.com/avatar/af058ecaa20884749a3ce04c609cf7bcfc97ae3df418b9bab81d027921a138cf?s=80\u0026d=identicon","web_url":"https://gitlab.com/project_42823949_bot_23a338f5a77ff65fbe998fe3b9b3be40"},"type":"ISSUE","assignee":null,"user_notes_count":0,"merge_requests_count":0,"upvotes":0,"downvotes":0,"due_date":null,"confidential":false,"discussion_locked":null,"issue_type":"issue","web_url":"https://gitlab.com/gridhead/protop2g-test/-/issues/2","time_stats":{"time_estimate":0,"total_time_spent":0,"human_time_estimate":null,"human_total_time_spent":null},"task_completion_status":{"count":0,"completed_count":0},"blocking_issues_count":0,"has_tasks":true,"task_status":"0
        of 0 checklist items completed","_links":{"self":"https://gitlab.com/api/v4/projects/42823949/issues/2","notes":"https://gitlab.com/api/v4/projects/42823949/issues/2/notes","award_emoji":"https://gitlab.com/api/v4/projects/42823949/issues/2/award_emoji","project":"https://gitlab.com/api/v4/projects/42823949","closed_as_duplicate_of":null},"references":{"short":"#2","relative":"#2","full":"gridhead/protop2g-test#2"},"severity":"UNKNOWN","subscribed":true,"moved_to_id":null,"service_desk_reply_to":null}'
    headers:
      CF-Cache-Status:
      - DYNAMIC
      CF-RAY:
      - 85f75290f8e994b2-CCU
      Connection:
      - keep-alive
      Content-Length:
      - '2192'
      Content-Type:
      - application/json
      Date:
      - Tue, 05 Mar 2024 04:22:02 GMT
      NEL:
      - '{"success_fraction":0.01,"report_to":"cf-nel","max_age":604800}'
      Report-To:
      - '{"endpoints":[{"url":"https:\/\/a.nel.cloudflare.com\/report\/v3?s=XNMEoZinIbmEcaBECv111NtVq9sOQGEsoEzmRb3WzNevkIBy4zq0CdY0A5q9B0wzGPP7EfUTlenIBtXVpAHs2l2qVpTdTFdztQdnFPj9PWhu27OcVkQMCxCAKK0%2BW9qRXuKLrSTyAtM%3D"}],"group":"cf-nel","max_age":604800}'
      Server:
      - cloudflare
      Set-Cookie: ''
      cache-control:
      - max-age=0, private, must-revalidate
      content-security-policy:
      - default-src 'none'
      etag:
      - W/"8a02cae9b9a18ada4bafa16a2d024555"
      gitlab-lb:
      - haproxy-main-15-lb-gprd
      gitlab-sv:
      - api-gke-us-east1-b
      referrer-policy:
      - strict-origin-when-cross-origin
      strict-transport-security:
      - max-age=31536000
      vary:
      - Origin
      x-content-type-options:
      - nosniff
      x-frame-options:
      - SAMEORIGIN
      x-gitlab-meta:
      - '{"correlation_id":"88ea82568d07ffae20aef23d4b91c521","version":"1"}'
      x-request-id:
      - 88ea82568d07ffae20aef23d4b91c521
      x-runtime:
      - '1.080390'
    status:
      code: 201
      message: Created
- request:
    body: null
    headers:
      Accept:
      - '*/*'
      Accept-Encoding:
      - gzip, deflate
      Connection:
      - keep-alive
      Content-type:
      - application/json
      Cookie:
      - _cfuvid=Ip385s29_AWMRU50D9Kkw0amAwHf4eIbwM0WIy33vP4-1709612519697-0.0.1.1-604800000
      User-Agent:
      - python-gitlab/4.4.0
    method: GET
    uri: https://gitlab.com/api/v4/projects/42823949/issues/2
  response:
    body:
      string: '{"id":142944656,"iid":2,"project_id":42823949,"title":"[SN#2] This
        is the title of the second test issue","description":"\nThis is the body of
        the second test issue\n\n_This issue ticket was originally created [here](https://pagure.io/protop2g-test-srce/issue/2)
        on a Pagure repository,\n[**protop2g-test-srce**](https://pagure.io/protop2g-test-srce)
        by [**Akashdeep Dhar**](https://pagure.io/user/t0xic0der) on\n[**Fri Oct 13
        04:01:16 2023** UTC](https://savvytime.com/converter/utc/oct-13-2023/04-01)._\n\n_This
        issue ticket was automatically created by the\n[**Pagure Exporter**](https://github.com/gridhead/pagure-exporter)._","state":"opened","created_at":"2024-03-05T04:22:01.683Z","updated_at":"2024-03-05T04:22:01.683Z","closed_at":null,"closed_by":null,"labels":[],"milestone":null,"assignees":[],"author":{"id":20210877,"username":"project_42823949_bot_23a338f5a77ff65fbe998fe3b9b3be40","name":"python-gitlab
        testing token for protop2g-test","state":"active","locked":false,"avatar_url":"https://secure.gravatar.com/avatar/af058ecaa20884749a3ce04c609cf7bcfc97ae3df418b9bab81d027921a138cf?s=80\u0026d=identicon","web_url":"https://gitlab.com/project_42823949_bot_23a338f5a77ff65fbe998fe3b9b3be40"},"type":"ISSUE","assignee":null,"user_notes_count":0,"merge_requests_count":0,"upvotes":0,"downvotes":0,"due_date":null,"confidential":false,"discussion_locked":null,"issue_type":"issue","web_url":"https://gitlab.com/gridhead/protop2g-test/-/issues/2","time_stats":{"time_estimate":0,"total_time_spent":0,"human_time_estimate":null,"human_total_time_spent":null},"task_completion_status":{"count":0,"completed_count":0},"blocking_issues_count":0,"has_tasks":true,"task_status":"0
        of 0 checklist items completed","_links":{"self":"https://gitlab.com/api/v4/projects/42823949/issues/2","notes":"https://gitlab.com/api/v4/projects/42823949/issues/2/notes","award_emoji":"https://gitlab.com/api/v4/projects/42823949/issues/2/award_emoji","project":"https://gitlab.com/api/v4/projects/42823949","closed_as_duplicate_of":null},"references":{"short":"#2","relative":"#2","full":"gridhead/protop2g-test#2"},"severity":"UNKNOWN","subscribed":true,"moved_to_id":null,"service_desk_reply_to":null}'
    headers:
      CF-Cache-Status:
      - MISS
      CF-RAY:
      - 85f7529b3ab194b6-CCU
      Connection:
      - keep-alive
      Content-Encoding:
      - gzip
      Content-Type:
      - application/json
      Date:
      - Tue, 05 Mar 2024 04:22:03 GMT
      NEL:
      - '{"success_fraction":0.01,"report_to":"cf-nel","max_age":604800}'
      Report-To:
      - '{"endpoints":[{"url":"https:\/\/a.nel.cloudflare.com\/report\/v3?s=QJJFINW04Nm2kUhkOK9dz%2FVLAaDNpkTpAyIKyfs3maplU7si9GIZQEDQj%2BCEH2P56L4UtZfX6MPKewn72h6JqQrO5rsdE2CLA0UwV7zOw3A980S5RexrrwnmULrFSsW5hJ5kHZupT38%3D"}],"group":"cf-nel","max_age":604800}'
      Server:
      - cloudflare
      Set-Cookie: ''
      Transfer-Encoding:
      - chunked
      cache-control:
      - max-age=0, private, must-revalidate
      content-security-policy:
      - default-src 'none'
      etag:
      - W/"8a02cae9b9a18ada4bafa16a2d024555"
      gitlab-lb:
      - haproxy-main-53-lb-gprd
      gitlab-sv:
      - api-gke-us-east1-d
      referrer-policy:
      - strict-origin-when-cross-origin
      strict-transport-security:
      - max-age=31536000
      vary:
      - Origin, Accept-Encoding
      x-content-type-options:
      - nosniff
      x-frame-options:
      - SAMEORIGIN
      x-gitlab-meta:
      - '{"correlation_id":"a143a4169e0e0756c5d29d4747deb6e8","version":"1"}'
      x-request-id:
      - a143a4169e0e0756c5d29d4747deb6e8
      x-runtime:
      - '0.154315'
    status:
      code: 200
      message: OK
- request:
    body: '{"state_event": "close"}'
    headers:
      Accept:
      - '*/*'
      Accept-Encoding:
      - gzip, deflate
      Connection:
      - keep-alive
      Content-Length:
      - '24'
      Content-type:
      - application/json
      Cookie:
      - _cfuvid=Ip385s29_AWMRU50D9Kkw0amAwHf4eIbwM0WIy33vP4-1709612519697-0.0.1.1-604800000
      User-Agent:
      - python-gitlab/4.4.0
    method: PUT
    uri: https://gitlab.com/api/v4/projects/42823949/issues/2
  response:
    body:
      string: '{"id":142944656,"iid":2,"project_id":42823949,"title":"[SN#2] This
        is the title of the second test issue","description":"\nThis is the body of
        the second test issue\n\n_This issue ticket was originally created [here](https://pagure.io/protop2g-test-srce/issue/2)
        on a Pagure repository,\n[**protop2g-test-srce**](https://pagure.io/protop2g-test-srce)
        by [**Akashdeep Dhar**](https://pagure.io/user/t0xic0der) on\n[**Fri Oct 13
        04:01:16 2023** UTC](https://savvytime.com/converter/utc/oct-13-2023/04-01)._\n\n_This
        issue ticket was automatically created by the\n[**Pagure Exporter**](https://github.com/gridhead/pagure-exporter)._","state":"closed","created_at":"2024-03-05T04:22:01.683Z","updated_at":"2024-03-05T04:22:03.617Z","closed_at":"2024-03-05T04:22:03.607Z","closed_by":{"id":20210877,"username":"project_42823949_bot_23a338f5a77ff65fbe998fe3b9b3be40","name":"python-gitlab
        testing token for protop2g-test","state":"active","locked":false,"avatar_url":"https://secure.gravatar.com/avatar/af058ecaa20884749a3ce04c609cf7bcfc97ae3df418b9bab81d027921a138cf?s=80\u0026d=identicon","web_url":"https://gitlab.com/project_42823949_bot_23a338f5a77ff65fbe998fe3b9b3be40"},"labels":[],"milestone":null,"assignees":[],"author":{"id":20210877,"username":"project_42823949_bot_23a338f5a77ff65fbe998fe3b9b3be40","name":"python-gitlab
        testing token for protop2g-test","state":"active","locked":false,"avatar_url":"https://secure.gravatar.com/avatar/af058ecaa20884749a3ce04c609cf7bcfc97ae3df418b9bab81d027921a138cf?s=80\u0026d=identicon","web_url":"https://gitlab.com/project_42823949_bot_23a338f5a77ff65fbe998fe3b9b3be40"},"type":"ISSUE","assignee":null,"user_notes_count":0,"merge_requests_count":0,"upvotes":0,"downvotes":0,"due_date":null,"confidential":false,"discussion_locked":null,"issue_type":"issue","web_url":"https://gitlab.com/gridhead/protop2g-test/-/issues/2","time_stats":{"time_estimate":0,"total_time_spent":0,"human_time_estimate":null,"human_total_time_spent":null},"task_completion_status":{"count":0,"completed_count":0},"blocking_issues_count":0,"has_tasks":true,"task_status":"0
        of 0 checklist items completed","_links":{"self":"https://gitlab.com/api/v4/projects/42823949/issues/2","notes":"https://gitlab.com/api/v4/projects/42823949/issues/2/notes","award_emoji":"https://gitlab.com/api/v4/projects/42823949/issues/2/award_emoji","project":"https://gitlab.com/api/v4/projects/42823949","closed_as_duplicate_of":null},"references":{"short":"#2","relative":"#2","full":"gridhead/protop2g-test#2"},"severity":"UNKNOWN","subscribed":true,"moved_to_id":null,"service_desk_reply_to":null}'
    headers:
      CF-Cache-Status:
      - DYNAMIC
      CF-RAY:
      - 85f7529f1c0c93c1-CCU
      Connection:
      - keep-alive
      Content-Encoding:
      - gzip
      Content-Type:
      - application/json
      Date:
      - Tue, 05 Mar 2024 04:22:03 GMT
      NEL:
      - '{"success_fraction":0.01,"report_to":"cf-nel","max_age":604800}'
      Report-To:
      - '{"endpoints":[{"url":"https:\/\/a.nel.cloudflare.com\/report\/v3?s=NJJTH9clMI%2Fa2tQX64M%2FCeXGD2YiY1ZveIuPfADo%2FJ7yebLmGUjoE5oTjDDn8K4gYHQWK8DWGUpAKo%2BBt4rxN39nqoT3j6OyddTz9%2FhooySHgcSmpAu3lFEvWolB7yRb7vvOWnmtqZE%3D"}],"group":"cf-nel","max_age":604800}'
      Server:
      - cloudflare
      Set-Cookie: ''
      Transfer-Encoding:
      - chunked
      cache-control:
      - max-age=0, private, must-revalidate
      content-security-policy:
      - default-src 'none'
      etag:
      - W/"f9ba451f96efe83504e9322e5c6b5dbc"
      gitlab-lb:
      - haproxy-main-19-lb-gprd
      gitlab-sv:
      - api-gke-us-east1-c
      referrer-policy:
      - strict-origin-when-cross-origin
      strict-transport-security:
      - max-age=31536000
      vary:
      - Origin, Accept-Encoding
      x-content-type-options:
      - nosniff
      x-frame-options:
      - SAMEORIGIN
      x-gitlab-meta:
      - '{"correlation_id":"f5b889c938ca5b5c56814773556eeac3","version":"1"}'
      x-request-id:
      - f5b889c938ca5b5c56814773556eeac3
      x-runtime:
      - '0.229988'
    status:
      code: 200
      message: OK
- request:
    body: null
    headers:
      Accept:
      - '*/*'
      Accept-Encoding:
      - gzip, deflate
      Connection:
      - keep-alive
      Content-type:
      - application/json
      Cookie:
      - _cfuvid=Ip385s29_AWMRU50D9Kkw0amAwHf4eIbwM0WIy33vP4-1709612519697-0.0.1.1-604800000
      User-Agent:
      - python-gitlab/4.4.0
    method: GET
    uri: https://gitlab.com/api/v4/projects/42823949/issues/2
  response:
    body:
      string: '{"id":142944656,"iid":2,"project_id":42823949,"title":"[SN#2] This
        is the title of the second test issue","description":"\nThis is the body of
        the second test issue\n\n_This issue ticket was originally created [here](https://pagure.io/protop2g-test-srce/issue/2)
        on a Pagure repository,\n[**protop2g-test-srce**](https://pagure.io/protop2g-test-srce)
        by [**Akashdeep Dhar**](https://pagure.io/user/t0xic0der) on\n[**Fri Oct 13
        04:01:16 2023** UTC](https://savvytime.com/converter/utc/oct-13-2023/04-01)._\n\n_This
        issue ticket was automatically created by the\n[**Pagure Exporter**](https://github.com/gridhead/pagure-exporter)._","state":"closed","created_at":"2024-03-05T04:22:01.683Z","updated_at":"2024-03-05T04:22:03.617Z","closed_at":"2024-03-05T04:22:03.607Z","closed_by":{"id":20210877,"username":"project_42823949_bot_23a338f5a77ff65fbe998fe3b9b3be40","name":"python-gitlab
        testing token for protop2g-test","state":"active","locked":false,"avatar_url":"https://secure.gravatar.com/avatar/af058ecaa20884749a3ce04c609cf7bcfc97ae3df418b9bab81d027921a138cf?s=80\u0026d=identicon","web_url":"https://gitlab.com/project_42823949_bot_23a338f5a77ff65fbe998fe3b9b3be40"},"labels":[],"milestone":null,"assignees":[],"author":{"id":20210877,"username":"project_42823949_bot_23a338f5a77ff65fbe998fe3b9b3be40","name":"python-gitlab
        testing token for protop2g-test","state":"active","locked":false,"avatar_url":"https://secure.gravatar.com/avatar/af058ecaa20884749a3ce04c609cf7bcfc97ae3df418b9bab81d027921a138cf?s=80\u0026d=identicon","web_url":"https://gitlab.com/project_42823949_bot_23a338f5a77ff65fbe998fe3b9b3be40"},"type":"ISSUE","assignee":null,"user_notes_count":0,"merge_requests_count":0,"upvotes":0,"downvotes":0,"due_date":null,"confidential":false,"discussion_locked":null,"issue_type":"issue","web_url":"https://gitlab.com/gridhead/protop2g-test/-/issues/2","time_stats":{"time_estimate":0,"total_time_spent":0,"human_time_estimate":null,"human_total_time_spent":null},"task_completion_status":{"count":0,"completed_count":0},"blocking_issues_count":0,"has_tasks":true,"task_status":"0
        of 0 checklist items completed","_links":{"self":"https://gitlab.com/api/v4/projects/42823949/issues/2","notes":"https://gitlab.com/api/v4/projects/42823949/issues/2/notes","award_emoji":"https://gitlab.com/api/v4/projects/42823949/issues/2/award_emoji","project":"https://gitlab.com/api/v4/projects/42823949","closed_as_duplicate_of":null},"references":{"short":"#2","relative":"#2","full":"gridhead/protop2g-test#2"},"severity":"UNKNOWN","subscribed":true,"moved_to_id":null,"service_desk_reply_to":null}'
    headers:
      CF-Cache-Status:
      - MISS
      CF-RAY:
      - 85f752a419b193cb-CCU
      Connection:
      - keep-alive
      Content-Encoding:
      - gzip
      Content-Type:
      - application/json
      Date:
      - Tue, 05 Mar 2024 04:22:04 GMT
      NEL:
      - '{"success_fraction":0.01,"report_to":"cf-nel","max_age":604800}'
      Report-To:
      - '{"endpoints":[{"url":"https:\/\/a.nel.cloudflare.com\/report\/v3?s=mV2llQ8ujMJqIdfRksex84MBYlYiBdtLNy7mAO56KuPUpazIA26Uf2PZM%2FswrRO6esKJ5zXTp%2FTGWhNpSC9zIp%2BvpXIscLPLRSE%2FrRGj1iRs7tFjGJo9vy3RJiD7g4ql1%2B%2F0Vqt5ePk%3D"}],"group":"cf-nel","max_age":604800}'
      Server:
      - cloudflare
      Set-Cookie: ''
      Transfer-Encoding:
      - chunked
      cache-control:
      - max-age=0, private, must-revalidate
      content-security-policy:
      - default-src 'none'
      etag:
      - W/"f9ba451f96efe83504e9322e5c6b5dbc"
      gitlab-lb:
      - haproxy-main-11-lb-gprd
      gitlab-sv:
      - api-gke-us-east1-d
      referrer-policy:
      - strict-origin-when-cross-origin
      strict-transport-security:
      - max-age=31536000
      vary:
      - Origin, Accept-Encoding
      x-content-type-options:
      - nosniff
      x-frame-options:
      - SAMEORIGIN
      x-gitlab-meta:
      - '{"correlation_id":"cb021853dcc433f30e6c8b61610b63a8","version":"1"}'
      x-request-id:
      - cb021853dcc433f30e6c8b61610b63a8
      x-runtime:
      - '0.165594'
    status:
      code: 200
      message: OK
- request:
    body: '{"body": "\n**Metadata Update from &t0xic0der**:\n- Issue tagged with:
      cccc, dddd\n\n_This comment was originally created [here](https://pagure.io/protop2g-test-srce/issue/2#comment-878472)
      by [**Akashdeep Dhar**](https://pagure.io/user/t0xic0der) under\n[this](https://pagure.io/protop2g-test-srce/issue/2)
      issue ticket on a Pagure repository, [**protop2g-test-srce**](https://pagure.io/protop2g-test-srce)
      on\n[**Fri Oct 13 04:03:30 2023** UTC](https://savvytime.com/converter/utc/oct-13-2023/04-03)._\n\n_This
      comment was automatically created by the\n[**Pagure Exporter**](https://github.com/gridhead/pagure-exporter)._\n"}'
    headers:
      Accept:
      - '*/*'
      Accept-Encoding:
      - gzip, deflate
      Connection:
      - keep-alive
      Content-Length:
      - '627'
      Content-type:
      - application/json
      Cookie:
      - _cfuvid=Ip385s29_AWMRU50D9Kkw0amAwHf4eIbwM0WIy33vP4-1709612519697-0.0.1.1-604800000
      User-Agent:
      - python-gitlab/4.4.0
    method: POST
    uri: https://gitlab.com/api/v4/projects/42823949/issues/2/discussions
  response:
    body:
      string: '{"id":"e0df1653654c0d21b5f6724ea9d940f3e9dfad94","individual_note":false,"notes":[{"id":1800677230,"type":"DiscussionNote","body":"\n**Metadata
        Update from \u0026t0xic0der**:\n- Issue tagged with: cccc, dddd\n\n_This comment
        was originally created [here](https://pagure.io/protop2g-test-srce/issue/2#comment-878472)
        by [**Akashdeep Dhar**](https://pagure.io/user/t0xic0der) under\n[this](https://pagure.io/protop2g-test-srce/issue/2)
        issue ticket on a Pagure repository, [**protop2g-test-srce**](https://pagure.io/protop2g-test-srce)
        on\n[**Fri Oct 13 04:03:30 2023** UTC](https://savvytime.com/converter/utc/oct-13-2023/04-03)._\n\n_This
        comment was automatically created by the\n[**Pagure Exporter**](https://github.com/gridhead/pagure-exporter)._","attachment":null,"author":{"id":20210877,"username":"project_42823949_bot_23a338f5a77ff65fbe998fe3b9b3be40","name":"****","state":"active","locked":false,"avatar_url":"https://secure.gravatar.com/avatar/af058ecaa20884749a3ce04c609cf7bcfc97ae3df418b9bab81d027921a138cf?s=80\u0026d=identicon","web_url":"https://gitlab.com/project_42823949_bot_23a338f5a77ff65fbe998fe3b9b3be40"},"created_at":"2024-03-05T04:22:05.397Z","updated_at":"2024-03-05T04:22:05.397Z","system":false,"noteable_id":142944656,"noteable_type":"Issue","project_id":42823949,"resolvable":true,"resolved":false,"resolved_by":null,"resolved_at":null,"confidential":false,"internal":false,"noteable_iid":2,"commands_changes":{}}]}'
    headers:
      CF-Cache-Status:
      - DYNAMIC
      CF-RAY:
      - 85f752a80d8a94d0-CCU
      Connection:
      - keep-alive
      Content-Length:
      - '1446'
      Content-Type:
      - application/json
      Date:
      - Tue, 05 Mar 2024 04:22:05 GMT
      NEL:
      - '{"success_fraction":0.01,"report_to":"cf-nel","max_age":604800}'
      Report-To:
      - '{"endpoints":[{"url":"https:\/\/a.nel.cloudflare.com\/report\/v3?s=Jm2LnepPS6n06yePKfqdHpsS5SvlXHc9eVu2%2FYXapTuRVgNefSJ04e5Pd8pWFH2zBF2PdUZpZgpoUiPGQoY7rTivuZi6%2FWaMpA5nm7%2FIeuhQ9HICYsnoBYmXQSQi2cYoa7Z1cbSY1Vs%3D"}],"group":"cf-nel","max_age":604800}'
      Server:
      - cloudflare
      Set-Cookie: ''
      cache-control:
      - max-age=0, private, must-revalidate
      content-security-policy:
      - default-src 'none'
      etag:
      - W/"1d9ca78e891c7c90cd851d09a5a7a2d7"
      gitlab-lb:
      - haproxy-main-03-lb-gprd
      gitlab-sv:
      - api-gke-us-east1-b
      referrer-policy:
      - strict-origin-when-cross-origin
      strict-transport-security:
      - max-age=31536000
      vary:
      - Origin
      x-content-type-options:
      - nosniff
      x-frame-options:
      - SAMEORIGIN
      x-gitlab-meta:
      - '{"correlation_id":"231a15513759b37978544cdc1f2ff3b0","version":"1"}'
      x-request-id:
      - 231a15513759b37978544cdc1f2ff3b0
      x-runtime:
      - '0.396626'
    status:
      code: 201
      message: Created
- request:
    body: null
    headers:
      Accept:
      - '*/*'
      Accept-Encoding:
      - gzip, deflate
      Connection:
      - keep-alive
      Content-type:
      - application/json
      Cookie:
      - _cfuvid=Ip385s29_AWMRU50D9Kkw0amAwHf4eIbwM0WIy33vP4-1709612519697-0.0.1.1-604800000
      User-Agent:
      - python-gitlab/4.4.0
    method: GET
    uri: https://gitlab.com/api/v4/projects/42823949/issues/2
  response:
    body:
      string: '{"id":142944656,"iid":2,"project_id":42823949,"title":"[SN#2] This
        is the title of the second test issue","description":"\nThis is the body of
        the second test issue\n\n_This issue ticket was originally created [here](https://pagure.io/protop2g-test-srce/issue/2)
        on a Pagure repository,\n[**protop2g-test-srce**](https://pagure.io/protop2g-test-srce)
        by [**Akashdeep Dhar**](https://pagure.io/user/t0xic0der) on\n[**Fri Oct 13
        04:01:16 2023** UTC](https://savvytime.com/converter/utc/oct-13-2023/04-01)._\n\n_This
        issue ticket was automatically created by the\n[**Pagure Exporter**](https://github.com/gridhead/pagure-exporter)._","state":"closed","created_at":"2024-03-05T04:22:01.683Z","updated_at":"2024-03-05T04:22:03.617Z","closed_at":"2024-03-05T04:22:03.607Z","closed_by":{"id":20210877,"username":"project_42823949_bot_23a338f5a77ff65fbe998fe3b9b3be40","name":"python-gitlab
        testing token for protop2g-test","state":"active","locked":false,"avatar_url":"https://secure.gravatar.com/avatar/af058ecaa20884749a3ce04c609cf7bcfc97ae3df418b9bab81d027921a138cf?s=80\u0026d=identicon","web_url":"https://gitlab.com/project_42823949_bot_23a338f5a77ff65fbe998fe3b9b3be40"},"labels":[],"milestone":null,"assignees":[],"author":{"id":20210877,"username":"project_42823949_bot_23a338f5a77ff65fbe998fe3b9b3be40","name":"python-gitlab
        testing token for protop2g-test","state":"active","locked":false,"avatar_url":"https://secure.gravatar.com/avatar/af058ecaa20884749a3ce04c609cf7bcfc97ae3df418b9bab81d027921a138cf?s=80\u0026d=identicon","web_url":"https://gitlab.com/project_42823949_bot_23a338f5a77ff65fbe998fe3b9b3be40"},"type":"ISSUE","assignee":null,"user_notes_count":1,"merge_requests_count":0,"upvotes":0,"downvotes":0,"due_date":null,"confidential":false,"discussion_locked":null,"issue_type":"issue","web_url":"https://gitlab.com/gridhead/protop2g-test/-/issues/2","time_stats":{"time_estimate":0,"total_time_spent":0,"human_time_estimate":null,"human_total_time_spent":null},"task_completion_status":{"count":0,"completed_count":0},"blocking_issues_count":0,"has_tasks":true,"task_status":"0
        of 0 checklist items completed","_links":{"self":"https://gitlab.com/api/v4/projects/42823949/issues/2","notes":"https://gitlab.com/api/v4/projects/42823949/issues/2/notes","award_emoji":"https://gitlab.com/api/v4/projects/42823949/issues/2/award_emoji","project":"https://gitlab.com/api/v4/projects/42823949","closed_as_duplicate_of":null},"references":{"short":"#2","relative":"#2","full":"gridhead/protop2g-test#2"},"severity":"UNKNOWN","subscribed":true,"moved_to_id":null,"service_desk_reply_to":null}'
    headers:
      CF-Cache-Status:
      - MISS
      CF-RAY:
      - 85f752adc9ba93c1-CCU
      Connection:
      - keep-alive
      Content-Encoding:
      - gzip
      Content-Type:
      - application/json
      Date:
      - Tue, 05 Mar 2024 04:22:06 GMT
      NEL:
      - '{"success_fraction":0.01,"report_to":"cf-nel","max_age":604800}'
      Report-To:
      - '{"endpoints":[{"url":"https:\/\/a.nel.cloudflare.com\/report\/v3?s=T94zEkUumKVtvXh%2B1Lw0gtVUSU3lH%2FgCLzv3lpAq7SYQXFvfQD4Tc7P7HEAbHsd5cCnamXi18O72kfmTT4xu0vTFaD7RnEYKisZTlyjIkKDUO0%2F5%2FHqF4ccpCZJC%2B8WD2925j%2BPLjTQ%3D"}],"group":"cf-nel","max_age":604800}'
      Server:
      - cloudflare
      Set-Cookie: ''
      Transfer-Encoding:
      - chunked
      cache-control:
      - max-age=0, private, must-revalidate
      content-security-policy:
      - default-src 'none'
      etag:
      - W/"f4f65d65fea7dcd97859ba7770e8305c"
      gitlab-lb:
      - haproxy-main-21-lb-gprd
      gitlab-sv:
      - api-gke-us-east1-b
      referrer-policy:
      - strict-origin-when-cross-origin
      strict-transport-security:
      - max-age=31536000
      vary:
      - Origin, Accept-Encoding
      x-content-type-options:
      - nosniff
      x-frame-options:
      - SAMEORIGIN
      x-gitlab-meta:
      - '{"correlation_id":"54875a25e693e3fcc678551470acb61e","version":"1"}'
      x-request-id:
      - 54875a25e693e3fcc678551470acb61e
      x-runtime:
      - '0.136455'
    status:
      code: 200
      message: OK
- request:
    body: '{"body": "\nThe is the first comment under the second test issue\n\n_This
      comment was originally created [here](https://pagure.io/protop2g-test-srce/issue/2#comment-878475)
      by [**Akashdeep Dhar**](https://pagure.io/user/t0xic0der) under\n[this](https://pagure.io/protop2g-test-srce/issue/2)
      issue ticket on a Pagure repository, [**protop2g-test-srce**](https://pagure.io/protop2g-test-srce)
      on\n[**Fri Oct 13 04:06:04 2023** UTC](https://savvytime.com/converter/utc/oct-13-2023/04-06)._\n\n_This
      comment was automatically created by the\n[**Pagure Exporter**](https://github.com/gridhead/pagure-exporter)._\n"}'
    headers:
      Accept:
      - '*/*'
      Accept-Encoding:
      - gzip, deflate
      Connection:
      - keep-alive
      Content-Length:
      - '610'
      Content-type:
      - application/json
      Cookie:
      - _cfuvid=Ip385s29_AWMRU50D9Kkw0amAwHf4eIbwM0WIy33vP4-1709612519697-0.0.1.1-604800000
      User-Agent:
      - python-gitlab/4.4.0
    method: POST
    uri: https://gitlab.com/api/v4/projects/42823949/issues/2/discussions
  response:
    body:
      string: '{"id":"a4a786c03d1dd879e0c533ba8844d0175f639320","individual_note":false,"notes":[{"id":1800677250,"type":"DiscussionNote","body":"\nThe
        is the first comment under the second test issue\n\n_This comment was originally
        created [here](https://pagure.io/protop2g-test-srce/issue/2#comment-878475)
        by [**Akashdeep Dhar**](https://pagure.io/user/t0xic0der) under\n[this](https://pagure.io/protop2g-test-srce/issue/2)
        issue ticket on a Pagure repository, [**protop2g-test-srce**](https://pagure.io/protop2g-test-srce)
        on\n[**Fri Oct 13 04:06:04 2023** UTC](https://savvytime.com/converter/utc/oct-13-2023/04-06)._\n\n_This
        comment was automatically created by the\n[**Pagure Exporter**](https://github.com/gridhead/pagure-exporter)._","attachment":null,"author":{"id":20210877,"username":"project_42823949_bot_23a338f5a77ff65fbe998fe3b9b3be40","name":"****","state":"active","locked":false,"avatar_url":"https://secure.gravatar.com/avatar/af058ecaa20884749a3ce04c609cf7bcfc97ae3df418b9bab81d027921a138cf?s=80\u0026d=identicon","web_url":"https://gitlab.com/project_42823949_bot_23a338f5a77ff65fbe998fe3b9b3be40"},"created_at":"2024-03-05T04:22:06.807Z","updated_at":"2024-03-05T04:22:06.807Z","system":false,"noteable_id":142944656,"noteable_type":"Issue","project_id":42823949,"resolvable":true,"resolved":false,"resolved_by":null,"resolved_at":null,"confidential":false,"internal":false,"noteable_iid":2,"commands_changes":{}}]}'
    headers:
      CF-Cache-Status:
      - DYNAMIC
      CF-RAY:
      - 85f752b18a5993c2-CCU
      Connection:
      - keep-alive
      Content-Length:
      - '1424'
      Content-Type:
      - application/json
      Date:
      - Tue, 05 Mar 2024 04:22:07 GMT
      NEL:
      - '{"success_fraction":0.01,"report_to":"cf-nel","max_age":604800}'
      Report-To:
      - '{"endpoints":[{"url":"https:\/\/a.nel.cloudflare.com\/report\/v3?s=UnDgekVOamc3p4laNLlxwMok2f4P0lFjx7PnxoveReDqyM5uR6F9ZwTQvtSGeIYd5138KL%2BrZlsp%2BuXOy92JGqAsgLRl1ON660VEi2Pe2IGjCMTqrP3Gob1%2BccwHmeWIr%2FwDrPKGS7k%3D"}],"group":"cf-nel","max_age":604800}'
      Server:
      - cloudflare
      Set-Cookie: ''
      cache-control:
      - max-age=0, private, must-revalidate
      content-security-policy:
      - default-src 'none'
      etag:
      - W/"fbdc1da601027c3ef4f28b69f451c7e5"
      gitlab-lb:
      - haproxy-main-17-lb-gprd
      gitlab-sv:
      - api-gke-us-east1-d
      referrer-policy:
      - strict-origin-when-cross-origin
      strict-transport-security:
      - max-age=31536000
      vary:
      - Origin
      x-content-type-options:
      - nosniff
      x-frame-options:
      - SAMEORIGIN
      x-gitlab-meta:
      - '{"correlation_id":"f63faa3a0e696ec1d2f09c3d07265402","version":"1"}'
      x-request-id:
      - f63faa3a0e696ec1d2f09c3d07265402
      x-runtime:
      - '0.439076'
    status:
      code: 201
      message: Created
- request:
    body: null
    headers:
      Accept:
      - '*/*'
      Accept-Encoding:
      - gzip, deflate
      Connection:
      - keep-alive
      Content-type:
      - application/json
      Cookie:
      - _cfuvid=Ip385s29_AWMRU50D9Kkw0amAwHf4eIbwM0WIy33vP4-1709612519697-0.0.1.1-604800000
      User-Agent:
      - python-gitlab/4.4.0
    method: GET
    uri: https://gitlab.com/api/v4/projects/42823949/issues/2
  response:
    body:
      string: '{"id":142944656,"iid":2,"project_id":42823949,"title":"[SN#2] This
        is the title of the second test issue","description":"\nThis is the body of
        the second test issue\n\n_This issue ticket was originally created [here](https://pagure.io/protop2g-test-srce/issue/2)
        on a Pagure repository,\n[**protop2g-test-srce**](https://pagure.io/protop2g-test-srce)
        by [**Akashdeep Dhar**](https://pagure.io/user/t0xic0der) on\n[**Fri Oct 13
        04:01:16 2023** UTC](https://savvytime.com/converter/utc/oct-13-2023/04-01)._\n\n_This
        issue ticket was automatically created by the\n[**Pagure Exporter**](https://github.com/gridhead/pagure-exporter)._","state":"closed","created_at":"2024-03-05T04:22:01.683Z","updated_at":"2024-03-05T04:22:03.617Z","closed_at":"2024-03-05T04:22:03.607Z","closed_by":{"id":20210877,"username":"project_42823949_bot_23a338f5a77ff65fbe998fe3b9b3be40","name":"python-gitlab
        testing token for protop2g-test","state":"active","locked":false,"avatar_url":"https://secure.gravatar.com/avatar/af058ecaa20884749a3ce04c609cf7bcfc97ae3df418b9bab81d027921a138cf?s=80\u0026d=identicon","web_url":"https://gitlab.com/project_42823949_bot_23a338f5a77ff65fbe998fe3b9b3be40"},"labels":[],"milestone":null,"assignees":[],"author":{"id":20210877,"username":"project_42823949_bot_23a338f5a77ff65fbe998fe3b9b3be40","name":"python-gitlab
        testing token for protop2g-test","state":"active","locked":false,"avatar_url":"https://secure.gravatar.com/avatar/af058ecaa20884749a3ce04c609cf7bcfc97ae3df418b9bab81d027921a138cf?s=80\u0026d=identicon","web_url":"https://gitlab.com/project_42823949_bot_23a338f5a77ff65fbe998fe3b9b3be40"},"type":"ISSUE","assignee":null,"user_notes_count":2,"merge_requests_count":0,"upvotes":0,"downvotes":0,"due_date":null,"confidential":false,"discussion_locked":null,"issue_type":"issue","web_url":"https://gitlab.com/gridhead/protop2g-test/-/issues/2","time_stats":{"time_estimate":0,"total_time_spent":0,"human_time_estimate":null,"human_total_time_spent":null},"task_completion_status":{"count":0,"completed_count":0},"blocking_issues_count":0,"has_tasks":true,"task_status":"0
        of 0 checklist items completed","_links":{"self":"https://gitlab.com/api/v4/projects/42823949/issues/2","notes":"https://gitlab.com/api/v4/projects/42823949/issues/2/notes","award_emoji":"https://gitlab.com/api/v4/projects/42823949/issues/2/award_emoji","project":"https://gitlab.com/api/v4/projects/42823949","closed_as_duplicate_of":null},"references":{"short":"#2","relative":"#2","full":"gridhead/protop2g-test#2"},"severity":"UNKNOWN","subscribed":true,"moved_to_id":null,"service_desk_reply_to":null}'
    headers:
      CF-Cache-Status:
      - MISS
      CF-RAY:
      - 85f752b75b9c94be-CCU
      Connection:
      - keep-alive
      Content-Encoding:
      - gzip
      Content-Type:
      - application/json
      Date:
      - Tue, 05 Mar 2024 04:22:07 GMT
      NEL:
      - '{"success_fraction":0.01,"report_to":"cf-nel","max_age":604800}'
      Report-To:
      - '{"endpoints":[{"url":"https:\/\/a.nel.cloudflare.com\/report\/v3?s=0tQ4HwT39I6iF6mG%2B3e06DHD2lt9MvtPwScFPsjtlfdXqBSN3BXKB%2F2guO90e3M9M0YOFU85S%2FwR466%2BcuWhvvZwkwF64eLGcev8j2cY8eGuqWAu46GLCXJqNmqMWPKhysECBDSFNO4%3D"}],"group":"cf-nel","max_age":604800}'
      Server:
      - cloudflare
      Set-Cookie: ''
      Transfer-Encoding:
      - chunked
      cache-control:
      - max-age=0, private, must-revalidate
      content-security-policy:
      - default-src 'none'
      etag:
      - W/"70db0ecfb7f10287d905e1baece2e514"
      gitlab-lb:
      - haproxy-main-37-lb-gprd
      gitlab-sv:
      - api-gke-us-east1-c
      referrer-policy:
      - strict-origin-when-cross-origin
      strict-transport-security:
      - max-age=31536000
      vary:
      - Origin, Accept-Encoding
      x-content-type-options:
      - nosniff
      x-frame-options:
      - SAMEORIGIN
      x-gitlab-meta:
      - '{"correlation_id":"ce1282a1bcfe28cc1bf0321658072d2b","version":"1"}'
      x-request-id:
      - ce1282a1bcfe28cc1bf0321658072d2b
      x-runtime:
      - '0.183538'
    status:
      code: 200
      message: OK
- request:
    body: '{"body": "\nThe is the second comment under the second test issue\n\n_This
      comment was originally created [here](https://pagure.io/protop2g-test-srce/issue/2#comment-878476)
      by [**Akashdeep Dhar**](https://pagure.io/user/t0xic0der) under\n[this](https://pagure.io/protop2g-test-srce/issue/2)
      issue ticket on a Pagure repository, [**protop2g-test-srce**](https://pagure.io/protop2g-test-srce)
      on\n[**Fri Oct 13 04:06:16 2023** UTC](https://savvytime.com/converter/utc/oct-13-2023/04-06)._\n\n_This
      comment was automatically created by the\n[**Pagure Exporter**](https://github.com/gridhead/pagure-exporter)._\n"}'
    headers:
      Accept:
      - '*/*'
      Accept-Encoding:
      - gzip, deflate
      Connection:
      - keep-alive
      Content-Length:
      - '611'
      Content-type:
      - application/json
      Cookie:
      - _cfuvid=Ip385s29_AWMRU50D9Kkw0amAwHf4eIbwM0WIy33vP4-1709612519697-0.0.1.1-604800000
      User-Agent:
      - python-gitlab/4.4.0
    method: POST
    uri: https://gitlab.com/api/v4/projects/42823949/issues/2/discussions
  response:
    body:
      string: '{"id":"c60228bcabc296bd2ac209e85140d8dc40b35df6","individual_note":false,"notes":[{"id":1800677259,"type":"DiscussionNote","body":"\nThe
        is the second comment under the second test issue\n\n_This comment was originally
        created [here](https://pagure.io/protop2g-test-srce/issue/2#comment-878476)
        by [**Akashdeep Dhar**](https://pagure.io/user/t0xic0der) under\n[this](https://pagure.io/protop2g-test-srce/issue/2)
        issue ticket on a Pagure repository, [**protop2g-test-srce**](https://pagure.io/protop2g-test-srce)
        on\n[**Fri Oct 13 04:06:16 2023** UTC](https://savvytime.com/converter/utc/oct-13-2023/04-06)._\n\n_This
        comment was automatically created by the\n[**Pagure Exporter**](https://github.com/gridhead/pagure-exporter)._","attachment":null,"author":{"id":20210877,"username":"project_42823949_bot_23a338f5a77ff65fbe998fe3b9b3be40","name":"****","state":"active","locked":false,"avatar_url":"https://secure.gravatar.com/avatar/af058ecaa20884749a3ce04c609cf7bcfc97ae3df418b9bab81d027921a138cf?s=80\u0026d=identicon","web_url":"https://gitlab.com/project_42823949_bot_23a338f5a77ff65fbe998fe3b9b3be40"},"created_at":"2024-03-05T04:22:08.419Z","updated_at":"2024-03-05T04:22:08.419Z","system":false,"noteable_id":142944656,"noteable_type":"Issue","project_id":42823949,"resolvable":true,"resolved":false,"resolved_by":null,"resolved_at":null,"confidential":false,"internal":false,"noteable_iid":2,"commands_changes":{}}]}'
    headers:
      CF-Cache-Status:
      - DYNAMIC
      CF-RAY:
      - 85f752bbcfc493cb-CCU
      Connection:
      - keep-alive
      Content-Length:
      - '1425'
      Content-Type:
      - application/json
      Date:
      - Tue, 05 Mar 2024 04:22:08 GMT
      NEL:
      - '{"success_fraction":0.01,"report_to":"cf-nel","max_age":604800}'
      Report-To:
      - '{"endpoints":[{"url":"https:\/\/a.nel.cloudflare.com\/report\/v3?s=Y48NRTo%2Bc4CzIOfwPxnfiog7lTujMI3l6Npx%2BzVc9%2BmDvSidzgaAFXjESCKlZoDX7qc9KoKflQgSNSbR2C9R3y4vC6NFWugFpEtuKSbLhffFrRE1UdU%2FReRbzc5dxCwr0fBhB5hvGQs%3D"}],"group":"cf-nel","max_age":604800}'
      Server:
      - cloudflare
      Set-Cookie: ''
      cache-control:
      - max-age=0, private, must-revalidate
      content-security-policy:
      - default-src 'none'
      etag:
      - W/"c9a52a75ba8c4bc0e37cfabcc23e08e4"
      gitlab-lb:
      - haproxy-main-40-lb-gprd
      gitlab-sv:
      - api-gke-us-east1-c
      referrer-policy:
      - strict-origin-when-cross-origin
      strict-transport-security:
      - max-age=31536000
      vary:
      - Origin
      x-content-type-options:
      - nosniff
      x-frame-options:
      - SAMEORIGIN
      x-gitlab-meta:
      - '{"correlation_id":"a713da4fe362a5ffdab4d99edfa41426","version":"1"}'
      x-request-id:
      - a713da4fe362a5ffdab4d99edfa41426
      x-runtime:
      - '0.385310'
    status:
      code: 201
      message: Created
- request:
    body: null
    headers:
      Accept:
      - '*/*'
      Accept-Encoding:
      - gzip, deflate
      Connection:
      - keep-alive
      Content-type:
      - application/json
      Cookie:
      - _cfuvid=Ip385s29_AWMRU50D9Kkw0amAwHf4eIbwM0WIy33vP4-1709612519697-0.0.1.1-604800000
      User-Agent:
      - python-gitlab/4.4.0
    method: GET
    uri: https://gitlab.com/api/v4/projects/42823949/issues/2
  response:
    body:
      string: '{"id":142944656,"iid":2,"project_id":42823949,"title":"[SN#2] This
        is the title of the second test issue","description":"\nThis is the body of
        the second test issue\n\n_This issue ticket was originally created [here](https://pagure.io/protop2g-test-srce/issue/2)
        on a Pagure repository,\n[**protop2g-test-srce**](https://pagure.io/protop2g-test-srce)
        by [**Akashdeep Dhar**](https://pagure.io/user/t0xic0der) on\n[**Fri Oct 13
        04:01:16 2023** UTC](https://savvytime.com/converter/utc/oct-13-2023/04-01)._\n\n_This
        issue ticket was automatically created by the\n[**Pagure Exporter**](https://github.com/gridhead/pagure-exporter)._","state":"closed","created_at":"2024-03-05T04:22:01.683Z","updated_at":"2024-03-05T04:22:03.617Z","closed_at":"2024-03-05T04:22:03.607Z","closed_by":{"id":20210877,"username":"project_42823949_bot_23a338f5a77ff65fbe998fe3b9b3be40","name":"python-gitlab
        testing token for protop2g-test","state":"active","locked":false,"avatar_url":"https://secure.gravatar.com/avatar/af058ecaa20884749a3ce04c609cf7bcfc97ae3df418b9bab81d027921a138cf?s=80\u0026d=identicon","web_url":"https://gitlab.com/project_42823949_bot_23a338f5a77ff65fbe998fe3b9b3be40"},"labels":[],"milestone":null,"assignees":[],"author":{"id":20210877,"username":"project_42823949_bot_23a338f5a77ff65fbe998fe3b9b3be40","name":"python-gitlab
        testing token for protop2g-test","state":"active","locked":false,"avatar_url":"https://secure.gravatar.com/avatar/af058ecaa20884749a3ce04c609cf7bcfc97ae3df418b9bab81d027921a138cf?s=80\u0026d=identicon","web_url":"https://gitlab.com/project_42823949_bot_23a338f5a77ff65fbe998fe3b9b3be40"},"type":"ISSUE","assignee":null,"user_notes_count":3,"merge_requests_count":0,"upvotes":0,"downvotes":0,"due_date":null,"confidential":false,"discussion_locked":null,"issue_type":"issue","web_url":"https://gitlab.com/gridhead/protop2g-test/-/issues/2","time_stats":{"time_estimate":0,"total_time_spent":0,"human_time_estimate":null,"human_total_time_spent":null},"task_completion_status":{"count":0,"completed_count":0},"blocking_issues_count":0,"has_tasks":true,"task_status":"0
        of 0 checklist items completed","_links":{"self":"https://gitlab.com/api/v4/projects/42823949/issues/2","notes":"https://gitlab.com/api/v4/projects/42823949/issues/2/notes","award_emoji":"https://gitlab.com/api/v4/projects/42823949/issues/2/award_emoji","project":"https://gitlab.com/api/v4/projects/42823949","closed_as_duplicate_of":null},"references":{"short":"#2","relative":"#2","full":"gridhead/protop2g-test#2"},"severity":"UNKNOWN","subscribed":true,"moved_to_id":null,"service_desk_reply_to":null}'
    headers:
      CF-Cache-Status:
      - MISS
      CF-RAY:
      - 85f752c0499194b2-CCU
      Connection:
      - keep-alive
      Content-Encoding:
      - gzip
      Content-Type:
      - application/json
      Date:
      - Tue, 05 Mar 2024 04:22:09 GMT
      NEL:
      - '{"success_fraction":0.01,"report_to":"cf-nel","max_age":604800}'
      Report-To:
      - '{"endpoints":[{"url":"https:\/\/a.nel.cloudflare.com\/report\/v3?s=bOnjElscwN1d602fUgisOliJPdW3Oz3KkD%2FtFbrkt5YOyp5uWQAvMuiywPNBBkbJza1U4yFTjqpEp%2BrbkIru%2FAd1RGNQZ%2FR1Aqc95RX21qhRSDgiDmLbC143vYlyVM9o5vGZka2NSAo%3D"}],"group":"cf-nel","max_age":604800}'
      Server:
      - cloudflare
      Set-Cookie: ''
      Transfer-Encoding:
      - chunked
      cache-control:
      - max-age=0, private, must-revalidate
      content-security-policy:
      - default-src 'none'
      etag:
      - W/"4f4ffe82725220f6450df7bd20866edb"
      gitlab-lb:
      - haproxy-main-18-lb-gprd
      gitlab-sv:
      - gke-cny-api
      referrer-policy:
      - strict-origin-when-cross-origin
      strict-transport-security:
      - max-age=31536000
      vary:
      - Origin, Accept-Encoding
      x-content-type-options:
      - nosniff
      x-frame-options:
      - SAMEORIGIN
      x-gitlab-meta:
      - '{"correlation_id":"28bf3f7f3089865dbe2fca6ecac29f98","version":"1"}'
      x-request-id:
      - 28bf3f7f3089865dbe2fca6ecac29f98
      x-runtime:
      - '0.181273'
    status:
      code: 200
      message: OK
- request:
    body: '{"body": "\n**Metadata Update from &t0xic0der**:\n- Issue status updated
      to: Closed (was: Open)\n\n_This comment was originally created [here](https://pagure.io/protop2g-test-srce/issue/2#comment-878477)
      by [**Akashdeep Dhar**](https://pagure.io/user/t0xic0der) under\n[this](https://pagure.io/protop2g-test-srce/issue/2)
      issue ticket on a Pagure repository, [**protop2g-test-srce**](https://pagure.io/protop2g-test-srce)
      on\n[**Fri Oct 13 04:07:12 2023** UTC](https://savvytime.com/converter/utc/oct-13-2023/04-07)._\n\n_This
      comment was automatically created by the\n[**Pagure Exporter**](https://github.com/gridhead/pagure-exporter)._\n"}'
    headers:
      Accept:
      - '*/*'
      Accept-Encoding:
      - gzip, deflate
      Connection:
      - keep-alive
      Content-Length:
      - '641'
      Content-type:
      - application/json
      Cookie:
      - _cfuvid=Ip385s29_AWMRU50D9Kkw0amAwHf4eIbwM0WIy33vP4-1709612519697-0.0.1.1-604800000
      User-Agent:
      - python-gitlab/4.4.0
    method: POST
    uri: https://gitlab.com/api/v4/projects/42823949/issues/2/discussions
  response:
    body:
      string: '{"id":"6504a5e4535b8e4e849646ad460be23c09e15a8d","individual_note":false,"notes":[{"id":1800677273,"type":"DiscussionNote","body":"\n**Metadata
        Update from \u0026t0xic0der**:\n- Issue status updated to: Closed (was: Open)\n\n_This
        comment was originally created [here](https://pagure.io/protop2g-test-srce/issue/2#comment-878477)
        by [**Akashdeep Dhar**](https://pagure.io/user/t0xic0der) under\n[this](https://pagure.io/protop2g-test-srce/issue/2)
        issue ticket on a Pagure repository, [**protop2g-test-srce**](https://pagure.io/protop2g-test-srce)
        on\n[**Fri Oct 13 04:07:12 2023** UTC](https://savvytime.com/converter/utc/oct-13-2023/04-07)._\n\n_This
        comment was automatically created by the\n[**Pagure Exporter**](https://github.com/gridhead/pagure-exporter)._","attachment":null,"author":{"id":20210877,"username":"project_42823949_bot_23a338f5a77ff65fbe998fe3b9b3be40","name":"****","state":"active","locked":false,"avatar_url":"https://secure.gravatar.com/avatar/af058ecaa20884749a3ce04c609cf7bcfc97ae3df418b9bab81d027921a138cf?s=80\u0026d=identicon","web_url":"https://gitlab.com/project_42823949_bot_23a338f5a77ff65fbe998fe3b9b3be40"},"created_at":"2024-03-05T04:22:09.896Z","updated_at":"2024-03-05T04:22:09.896Z","system":false,"noteable_id":142944656,"noteable_type":"Issue","project_id":42823949,"resolvable":true,"resolved":false,"resolved_by":null,"resolved_at":null,"confidential":false,"internal":false,"noteable_iid":2,"commands_changes":{}}]}'
    headers:
      CF-Cache-Status:
      - DYNAMIC
      CF-RAY:
      - 85f752c4ce6a93c1-CCU
      Connection:
      - keep-alive
      Content-Length:
      - '1460'
      Content-Type:
      - application/json
      Date:
      - Tue, 05 Mar 2024 04:22:10 GMT
      NEL:
      - '{"success_fraction":0.01,"report_to":"cf-nel","max_age":604800}'
      Report-To:
      - '{"endpoints":[{"url":"https:\/\/a.nel.cloudflare.com\/report\/v3?s=DAUk3qZ2ROk9mndsLF8YhNY99q4QnqZCFJ8z%2FTOBNtEmI6Eu9NrKyKIwB0N%2FIuwbRB7QqLrbp1ID6atbpK7uWxw8bvo1EhukcvBdoMCCHuxsMFz4duU4sVuOUhDnPwZd9gq99m1VYCI%3D"}],"group":"cf-nel","max_age":604800}'
      Server:
      - cloudflare
      Set-Cookie: ''
      cache-control:
      - max-age=0, private, must-revalidate
      content-security-policy:
      - default-src 'none'
      etag:
      - W/"58de4884af0e0a0258f03b8f08750d9e"
      gitlab-lb:
      - haproxy-main-30-lb-gprd
      gitlab-sv:
      - api-gke-us-east1-b
      referrer-policy:
      - strict-origin-when-cross-origin
      strict-transport-security:
      - max-age=31536000
      vary:
      - Origin
      x-content-type-options:
      - nosniff
      x-frame-options:
      - SAMEORIGIN
      x-gitlab-meta:
      - '{"correlation_id":"bc72a65d1d7a4ece03f6ff280c9018a3","version":"1"}'
      x-request-id:
      - bc72a65d1d7a4ece03f6ff280c9018a3
      x-runtime:
      - '0.425460'
    status:
      code: 201
      message: Created
- request:
    body: null
    headers:
      Accept:
      - '*/*'
      Accept-Encoding:
      - gzip, deflate
      Connection:
      - keep-alive
      Content-type:
      - application/json
      User-Agent:
      - python-gitlab/4.4.0
    method: GET
    uri: https://gitlab.com/api/v4/projects/42823949
  response:
    body:
      string: '{"id":42823949,"description":null,"name":"protop2g-test","name_with_namespace":"Akashdeep
        Dhar / protop2g-test","path":"protop2g-test","path_with_namespace":"gridhead/protop2g-test","created_at":"2023-01-23T16:18:30.217Z","default_branch":"main","tag_list":[],"topics":[],"ssh_url_to_repo":"git@gitlab.com:gridhead/protop2g-test.git","http_url_to_repo":"https://gitlab.com/gridhead/protop2g-test.git","web_url":"https://gitlab.com/gridhead/protop2g-test","readme_url":"https://gitlab.com/gridhead/protop2g-test/-/blob/main/README.md","forks_count":0,"avatar_url":null,"star_count":0,"last_activity_at":"2024-03-05T05:21:09.615Z","namespace":{"id":13984834,"name":"Akashdeep
        Dhar","path":"gridhead","kind":"user","full_path":"gridhead","parent_id":null,"avatar_url":"https://secure.gravatar.com/avatar/e412343841597e2fb1e952dd2b1077fc95537604ce04a27c5bfb94bdb0dc3da8?s=80\u0026d=identicon","web_url":"https://gitlab.com/gridhead"},"container_registry_image_prefix":"registry.gitlab.com/gridhead/protop2g-test","_links":{"self":"https://gitlab.com/api/v4/projects/42823949","issues":"https://gitlab.com/api/v4/projects/42823949/issues","merge_requests":"https://gitlab.com/api/v4/projects/42823949/merge_requests","repo_branches":"https://gitlab.com/api/v4/projects/42823949/repository/branches","labels":"https://gitlab.com/api/v4/projects/42823949/labels","events":"https://gitlab.com/api/v4/projects/42823949/events","members":"https://gitlab.com/api/v4/projects/42823949/members","cluster_agents":"https://gitlab.com/api/v4/projects/42823949/cluster_agents"},"packages_enabled":true,"empty_repo":false,"archived":false,"visibility":"public","owner":{"id":10115999,"username":"gridhead","name":"Akashdeep
        Dhar","state":"active","locked":false,"avatar_url":"https://secure.gravatar.com/avatar/e412343841597e2fb1e952dd2b1077fc95537604ce04a27c5bfb94bdb0dc3da8?s=80\u0026d=identicon","web_url":"https://gitlab.com/gridhead"},"resolve_outdated_diff_discussions":false,"container_expiration_policy":{"cadence":"1d","enabled":false,"keep_n":10,"older_than":"90d","name_regex":".*","name_regex_keep":null,"next_run_at":"2023-01-24T16:18:30.271Z"},"repository_object_format":"sha1","issues_enabled":true,"merge_requests_enabled":true,"wiki_enabled":true,"jobs_enabled":true,"snippets_enabled":true,"container_registry_enabled":true,"service_desk_enabled":true,"service_desk_address":"contact-project+gridhead-protop2g-test-42823949-issue-@incoming.gitlab.com","can_create_merge_request_in":true,"issues_access_level":"enabled","repository_access_level":"enabled","merge_requests_access_level":"enabled","forking_access_level":"enabled","wiki_access_level":"enabled","builds_access_level":"enabled","snippets_access_level":"enabled","pages_access_level":"enabled","analytics_access_level":"enabled","container_registry_access_level":"enabled","security_and_compliance_access_level":"private","releases_access_level":"private","environments_access_level":"enabled","feature_flags_access_level":"private","infrastructure_access_level":"private","monitor_access_level":"enabled","model_experiments_access_level":"enabled","model_registry_access_level":"enabled","emails_disabled":false,"emails_enabled":true,"shared_runners_enabled":true,"lfs_enabled":true,"creator_id":10115999,"import_url":null,"import_type":null,"import_status":"none","import_error":null,"open_issues_count":1,"description_html":"","updated_at":"2024-03-05T05:21:09.615Z","ci_default_git_depth":20,"ci_forward_deployment_enabled":true,"ci_forward_deployment_rollback_allowed":true,"ci_job_token_scope_enabled":false,"ci_separated_caches":true,"ci_allow_fork_pipelines_to_run_in_parent_project":true,"build_git_strategy":"fetch","keep_latest_artifact":true,"restrict_user_defined_variables":false,"runners_token":"GR1348941S11UuXmU2P9KZ9wAZhCB","runner_token_expiration_interval":null,"group_runners_enabled":true,"auto_cancel_pending_pipelines":"enabled","build_timeout":3600,"auto_devops_enabled":false,"auto_devops_deploy_strategy":"continuous","ci_config_path":"","public_jobs":true,"shared_with_groups":[],"only_allow_merge_if_pipeline_succeeds":false,"allow_merge_on_skipped_pipeline":null,"request_access_enabled":true,"only_allow_merge_if_all_discussions_are_resolved":false,"remove_source_branch_after_merge":true,"printing_merge_request_link_enabled":true,"merge_method":"merge","squash_option":"default_off","enforce_auth_checks_on_uploads":true,"suggestion_commit_message":null,"merge_commit_template":null,"squash_commit_template":null,"issue_branch_template":null,"warn_about_potentially_unwanted_characters":true,"autoclose_referenced_issues":true,"external_authorization_classification_label":"","requirements_enabled":false,"requirements_access_level":"enabled","security_and_compliance_enabled":true,"compliance_frameworks":[],"permissions":{"project_access":{"access_level":50,"notification_level":3},"group_access":null}}'
    headers:
      CF-Cache-Status:
      - MISS
      CF-RAY:
      - 85f7ab63cbf994c2-CCU
      Connection:
      - keep-alive
      Content-Encoding:
      - gzip
      Content-Type:
      - application/json
      Date:
      - Tue, 05 Mar 2024 05:22:40 GMT
      NEL:
      - '{"success_fraction":0.01,"report_to":"cf-nel","max_age":604800}'
      Report-To:
      - '{"endpoints":[{"url":"https:\/\/a.nel.cloudflare.com\/report\/v3?s=6ZFr8QIi%2FTrWOPmZUj%2BoL7Ctzxa4GQL80NZDNBWboZwxf9VSQgsvrNfG%2BHqkw%2B7UjDhmj%2B1SXHtm5Eh%2BeaPFUQiPXblA2houjctFbzPw409cRJFQRD5kv1RZxPQgfCWv9eAtFOGDd4g%3D"}],"group":"cf-nel","max_age":604800}'
      Server:
      - cloudflare
      Set-Cookie: ''
      Transfer-Encoding:
      - chunked
      cache-control:
      - max-age=0, private, must-revalidate
      content-security-policy:
      - default-src 'none'
      etag:
      - W/"8df269f1c7e30344039fef73b07cf6f3"
      gitlab-lb:
      - haproxy-main-47-lb-gprd
      gitlab-sv:
      - api-gke-us-east1-d
      referrer-policy:
      - strict-origin-when-cross-origin
      strict-transport-security:
      - max-age=31536000
      vary:
      - Origin, Accept-Encoding
      x-content-type-options:
      - nosniff
      x-frame-options:
      - SAMEORIGIN
      x-gitlab-meta:
      - '{"correlation_id":"31b8b786f403ae73690bb367d9dee887","version":"1"}'
      x-request-id:
      - 31b8b786f403ae73690bb367d9dee887
      x-runtime:
      - '0.405813'
    status:
      code: 200
      message: OK
- request:
    body: null
    headers:
      Accept:
      - '*/*'
      Accept-Encoding:
      - gzip, deflate
      Connection:
      - keep-alive
      Content-Length:
      - '0'
      Content-type:
      - application/json
      Cookie:
      - _cfuvid=0Q.wtW7AGAz779T9AxD_2MB6LoQQITTRlHoUXT0lH8I-1709616160064-0.0.1.1-604800000
      User-Agent:
      - python-gitlab/4.4.0
    method: DELETE
    uri: https://gitlab.com/api/v4/projects/42823949/issues/1
  response:
    body:
      string: ''
    headers:
      CF-Cache-Status:
      - DYNAMIC
      CF-RAY:
      - 85f7ab68fe0b94b0-CCU
      Connection:
      - keep-alive
      Date:
      - Tue, 05 Mar 2024 05:22:40 GMT
      NEL:
      - '{"success_fraction":0.01,"report_to":"cf-nel","max_age":604800}'
      Report-To:
      - '{"endpoints":[{"url":"https:\/\/a.nel.cloudflare.com\/report\/v3?s=6LFuYNCuanaXZRMMpfXyD%2B9PpQhaJjoM4ukvYsHM38YvyLqa4KR%2FfS3IKSGK908opkw5tZowUFdxdD3aIY8AvScr%2BE6OWlT8SVvx3wugeFrb7epgJGOCHlFiEXjZcS%2BPBYuRUPWBAfs%3D"}],"group":"cf-nel","max_age":604800}'
      Server:
      - cloudflare
      Set-Cookie: ''
      cache-control:
      - no-cache
      content-security-policy:
      - default-src 'none'
      gitlab-lb:
      - haproxy-main-55-lb-gprd
      gitlab-sv:
      - api-gke-us-east1-c
      referrer-policy:
      - strict-origin-when-cross-origin
      strict-transport-security:
      - max-age=31536000
      vary:
      - Origin
      x-content-type-options:
      - nosniff
      x-frame-options:
      - SAMEORIGIN
      x-gitlab-meta:
      - '{"correlation_id":"493ce7cb9ed0a4a1f878dcf29877cdd9","version":"1"}'
      x-request-id:
      - 493ce7cb9ed0a4a1f878dcf29877cdd9
      x-runtime:
      - '0.242852'
    status:
      code: 204
      message: No Content
- request:
    body: null
    headers:
      Accept:
      - '*/*'
      Accept-Encoding:
      - gzip, deflate
      Connection:
      - keep-alive
      Content-Length:
      - '0'
      Content-type:
      - application/json
      Cookie:
      - _cfuvid=0Q.wtW7AGAz779T9AxD_2MB6LoQQITTRlHoUXT0lH8I-1709616160064-0.0.1.1-604800000
      User-Agent:
      - python-gitlab/4.4.0
    method: DELETE
    uri: https://gitlab.com/api/v4/projects/42823949/issues/2
  response:
    body:
      string: '{"message":"404 Issue Not Found"}'
    headers:
      CF-Cache-Status:
      - DYNAMIC
      CF-RAY:
      - 85f7ab6dcd4e94ce-CCU
      Connection:
      - keep-alive
      Content-Length:
      - '33'
      Content-Type:
      - application/json
      Date:
      - Tue, 05 Mar 2024 05:22:41 GMT
      NEL:
      - '{"success_fraction":0.01,"report_to":"cf-nel","max_age":604800}'
      Report-To:
      - '{"endpoints":[{"url":"https:\/\/a.nel.cloudflare.com\/report\/v3?s=Qh26eAu0tSMU4VIR5SHkJuktoMi2OXTc6anQ0WyY98gA5NcsTso6xpRVmTAC3W0vpWktT0e1LVO5LTGxLsnNpknF4Q1phimEpgnzMdQOeN%2Bi7h0Q17NWH92TE%2BD%2FKYBGouJUHsowMj8%3D"}],"group":"cf-nel","max_age":604800}'
      Server:
      - cloudflare
      Set-Cookie: ''
      cache-control:
      - no-cache
      content-security-policy:
      - default-src 'none'
      gitlab-lb:
      - haproxy-main-14-lb-gprd
      gitlab-sv:
      - api-gke-us-east1-d
      referrer-policy:
      - strict-origin-when-cross-origin
      strict-transport-security:
      - max-age=31536000
      vary:
      - Origin
      x-content-type-options:
      - nosniff
      x-frame-options:
      - SAMEORIGIN
      x-gitlab-meta:
      - '{"correlation_id":"088fa4c79d96d0c5bf1f7472f96d7aa1","version":"1"}'
      x-request-id:
      - 088fa4c79d96d0c5bf1f7472f96d7aa1
      x-runtime:
      - '0.068339'
    status:
      code: 404
      message: Not Found
- request:
    body: null
    headers:
      Accept:
      - '*/*'
      Accept-Encoding:
      - gzip, deflate
      Connection:
      - keep-alive
      Content-Length:
      - '0'
      Content-type:
      - application/json
      Cookie:
      - _cfuvid=0Q.wtW7AGAz779T9AxD_2MB6LoQQITTRlHoUXT0lH8I-1709616160064-0.0.1.1-604800000
      User-Agent:
      - python-gitlab/4.4.0
    method: DELETE
    uri: https://gitlab.com/api/v4/projects/42823949/issues/3
  response:
    body:
      string: '{"message":"404 Issue Not Found"}'
    headers:
      CF-Cache-Status:
      - DYNAMIC
      CF-RAY:
      - 85f7ab70bcf894b0-CCU
      Connection:
      - keep-alive
      Content-Length:
      - '33'
      Content-Type:
      - application/json
      Date:
      - Tue, 05 Mar 2024 05:22:41 GMT
      NEL:
      - '{"success_fraction":0.01,"report_to":"cf-nel","max_age":604800}'
      Report-To:
      - '{"endpoints":[{"url":"https:\/\/a.nel.cloudflare.com\/report\/v3?s=FG6XlEiNQSSGpRqriEBhdHxAeMqQu5wffawmCDbote7LcxX2XruAgVjlsted25RFcsU7NDumlCzD06TIPPZOt9ELZBard2%2BpeUTblh75kcqw58Ao9TTJs3Ku%2FQCe8OB7Mdv%2FzvzBwE0%3D"}],"group":"cf-nel","max_age":604800}'
      Server:
      - cloudflare
      Set-Cookie: ''
      cache-control:
      - no-cache
      content-security-policy:
      - default-src 'none'
      gitlab-lb:
      - haproxy-main-12-lb-gprd
      gitlab-sv:
      - api-gke-us-east1-b
      referrer-policy:
      - strict-origin-when-cross-origin
      strict-transport-security:
      - max-age=31536000
      vary:
      - Origin
      x-content-type-options:
      - nosniff
      x-frame-options:
      - SAMEORIGIN
      x-gitlab-meta:
      - '{"correlation_id":"3ab9fabc7b548ed1943685e2f39cf5dd","version":"1"}'
      x-request-id:
      - 3ab9fabc7b548ed1943685e2f39cf5dd
      x-runtime:
      - '0.120671'
    status:
      code: 404
      message: Not Found
- request:
    body: null
    headers:
      Accept:
      - '*/*'
      Accept-Encoding:
      - gzip, deflate
      Connection:
      - keep-alive
      Content-Length:
      - '0'
      Content-type:
      - application/json
      Cookie:
      - _cfuvid=0Q.wtW7AGAz779T9AxD_2MB6LoQQITTRlHoUXT0lH8I-1709616160064-0.0.1.1-604800000
      User-Agent:
      - python-gitlab/4.4.0
    method: DELETE
    uri: https://gitlab.com/api/v4/projects/42823949/issues/4
  response:
    body:
      string: '{"message":"404 Issue Not Found"}'
    headers:
      CF-Cache-Status:
      - DYNAMIC
      CF-RAY:
      - 85f7ab73ef8e94b9-CCU
      Connection:
      - keep-alive
      Content-Length:
      - '33'
      Content-Type:
      - application/json
      Date:
      - Tue, 05 Mar 2024 05:22:42 GMT
      NEL:
      - '{"success_fraction":0.01,"report_to":"cf-nel","max_age":604800}'
      Report-To:
      - '{"endpoints":[{"url":"https:\/\/a.nel.cloudflare.com\/report\/v3?s=IFIk5ueRki5QPRPuR%2BYA4UFSRdJ6DKrGc8TZpz%2BNYhkEwwlP49mUMXzF6zBR%2FlgKSsVrdazQ6DDnwHVFV8O7t70vxtwlqD6X203K7hP6hvmg3fB50ac4WTYAcmbwJmUmq4cgc6Jx1mI%3D"}],"group":"cf-nel","max_age":604800}'
      Server:
      - cloudflare
      Set-Cookie: ''
      cache-control:
      - no-cache
      content-security-policy:
      - default-src 'none'
      gitlab-lb:
      - haproxy-main-19-lb-gprd
      gitlab-sv:
      - api-gke-us-east1-c
      referrer-policy:
      - strict-origin-when-cross-origin
      strict-transport-security:
      - max-age=31536000
      vary:
      - Origin
      x-content-type-options:
      - nosniff
      x-frame-options:
      - SAMEORIGIN
      x-gitlab-meta:
      - '{"correlation_id":"38879c32ad7bb26ed1ecc224b1dde120","version":"1"}'
      x-request-id:
      - 38879c32ad7bb26ed1ecc224b1dde120
      x-runtime:
      - '0.039773'
    status:
      code: 404
      message: Not Found
- request:
    body: null
    headers:
      Accept:
      - '*/*'
      Accept-Encoding:
      - gzip, deflate
      Connection:
      - keep-alive
      User-Agent:
      - python-requests/2.31.0
    method: GET
    uri: https://pagure.io/api/0/protop2g-test-srce
  response:
    body:
      string: "{\n  \"access_groups\": {\n    \"admin\": [], \n    \"collaborator\":
        [], \n    \"commit\": [], \n    \"ticket\": []\n  }, \n  \"access_users\":
        {\n    \"admin\": [], \n    \"collaborator\": [], \n    \"commit\": [], \n
        \   \"owner\": [\n      \"t0xic0der\"\n    ], \n    \"ticket\": []\n  }, \n
        \ \"close_status\": [], \n  \"custom_keys\": [], \n  \"date_created\": \"1697168063\",
        \n  \"date_modified\": \"1697168063\", \n  \"description\": \"The source namespace
        for the Pagure Exporter project to run tests against\", \n  \"full_url\":
        \"https://pagure.io/protop2g-test-srce\", \n  \"fullname\": \"protop2g-test-srce\",
        \n  \"id\": 17042, \n  \"milestones\": {}, \n  \"name\": \"protop2g-test-srce\",
        \n  \"namespace\": null, \n  \"parent\": null, \n  \"priorities\": {}, \n
        \ \"tags\": [], \n  \"url_path\": \"protop2g-test-srce\", \n  \"user\": {\n
        \   \"full_url\": \"https://pagure.io/user/t0xic0der\", \n    \"fullname\":
        \"Akashdeep Dhar\", \n    \"name\": \"t0xic0der\", \n    \"url_path\": \"user/t0xic0der\"\n
        \ }\n}\n"
    headers:
      Connection:
      - Upgrade, Keep-Alive
      Content-Length:
      - '902'
      Content-Security-Policy:
      - default-src 'self';script-src 'self' 'nonce-q4hQ2i2NExmriBjSxvq2dHOct'; style-src
        'self' 'nonce-q4hQ2i2NExmriBjSxvq2dHOct'; object-src 'none';base-uri 'self';img-src
        'self' https:;connect-src 'self' https://pagure.io:8088;frame-src https://docs.pagure.org;frame-ancestors
        https://pagure.io;
      Content-Type:
      - application/json
      Date:
      - Tue, 05 Mar 2024 05:22:43 GMT
      Keep-Alive:
      - timeout=5, max=100
      Referrer-Policy:
      - same-origin
      Server:
      - Apache/2.4.37 (Red Hat Enterprise Linux) OpenSSL/1.1.1k mod_wsgi/4.6.4 Python/3.6
      Set-Cookie: ''
      Strict-Transport-Security:
      - max-age=31536000; includeSubDomains; preload
      Upgrade:
      - h2,h2c
      X-Content-Type-Options:
      - nosniff
      X-Frame-Options:
      - ALLOW-FROM https://pagure.io/
      X-Xss-Protection:
      - 1; mode=block
    status:
      code: 200
      message: OK
- request:
    body: null
    headers:
      Accept:
      - '*/*'
      Accept-Encoding:
      - gzip, deflate
      Connection:
      - keep-alive
      Content-type:
      - application/json
      User-Agent:
      - python-gitlab/4.4.0
    method: GET
    uri: https://gitlab.com/api/v4/projects/42823949
  response:
    body:
      string: '{"id":42823949,"description":null,"name":"protop2g-test","name_with_namespace":"Akashdeep
        Dhar / protop2g-test","path":"protop2g-test","path_with_namespace":"gridhead/protop2g-test","created_at":"2023-01-23T16:18:30.217Z","default_branch":"main","tag_list":[],"topics":[],"ssh_url_to_repo":"git@gitlab.com:gridhead/protop2g-test.git","http_url_to_repo":"https://gitlab.com/gridhead/protop2g-test.git","web_url":"https://gitlab.com/gridhead/protop2g-test","readme_url":"https://gitlab.com/gridhead/protop2g-test/-/blob/main/README.md","forks_count":0,"avatar_url":null,"star_count":0,"last_activity_at":"2024-03-05T05:21:09.615Z","namespace":{"id":13984834,"name":"Akashdeep
        Dhar","path":"gridhead","kind":"user","full_path":"gridhead","parent_id":null,"avatar_url":"https://secure.gravatar.com/avatar/e412343841597e2fb1e952dd2b1077fc95537604ce04a27c5bfb94bdb0dc3da8?s=80\u0026d=identicon","web_url":"https://gitlab.com/gridhead"},"container_registry_image_prefix":"registry.gitlab.com/gridhead/protop2g-test","_links":{"self":"https://gitlab.com/api/v4/projects/42823949","issues":"https://gitlab.com/api/v4/projects/42823949/issues","merge_requests":"https://gitlab.com/api/v4/projects/42823949/merge_requests","repo_branches":"https://gitlab.com/api/v4/projects/42823949/repository/branches","labels":"https://gitlab.com/api/v4/projects/42823949/labels","events":"https://gitlab.com/api/v4/projects/42823949/events","members":"https://gitlab.com/api/v4/projects/42823949/members","cluster_agents":"https://gitlab.com/api/v4/projects/42823949/cluster_agents"},"packages_enabled":true,"empty_repo":false,"archived":false,"visibility":"public","owner":{"id":10115999,"username":"gridhead","name":"Akashdeep
        Dhar","state":"active","locked":false,"avatar_url":"https://secure.gravatar.com/avatar/e412343841597e2fb1e952dd2b1077fc95537604ce04a27c5bfb94bdb0dc3da8?s=80\u0026d=identicon","web_url":"https://gitlab.com/gridhead"},"resolve_outdated_diff_discussions":false,"container_expiration_policy":{"cadence":"1d","enabled":false,"keep_n":10,"older_than":"90d","name_regex":".*","name_regex_keep":null,"next_run_at":"2023-01-24T16:18:30.271Z"},"repository_object_format":"sha1","issues_enabled":true,"merge_requests_enabled":true,"wiki_enabled":true,"jobs_enabled":true,"snippets_enabled":true,"container_registry_enabled":true,"service_desk_enabled":true,"service_desk_address":"contact-project+gridhead-protop2g-test-42823949-issue-@incoming.gitlab.com","can_create_merge_request_in":true,"issues_access_level":"enabled","repository_access_level":"enabled","merge_requests_access_level":"enabled","forking_access_level":"enabled","wiki_access_level":"enabled","builds_access_level":"enabled","snippets_access_level":"enabled","pages_access_level":"enabled","analytics_access_level":"enabled","container_registry_access_level":"enabled","security_and_compliance_access_level":"private","releases_access_level":"private","environments_access_level":"enabled","feature_flags_access_level":"private","infrastructure_access_level":"private","monitor_access_level":"enabled","model_experiments_access_level":"enabled","model_registry_access_level":"enabled","emails_disabled":false,"emails_enabled":true,"shared_runners_enabled":true,"lfs_enabled":true,"creator_id":10115999,"import_url":null,"import_type":null,"import_status":"none","import_error":null,"open_issues_count":0,"description_html":"","updated_at":"2024-03-05T05:21:09.615Z","ci_default_git_depth":20,"ci_forward_deployment_enabled":true,"ci_forward_deployment_rollback_allowed":true,"ci_job_token_scope_enabled":false,"ci_separated_caches":true,"ci_allow_fork_pipelines_to_run_in_parent_project":true,"build_git_strategy":"fetch","keep_latest_artifact":true,"restrict_user_defined_variables":false,"runners_token":"GR1348941S11UuXmU2P9KZ9wAZhCB","runner_token_expiration_interval":null,"group_runners_enabled":true,"auto_cancel_pending_pipelines":"enabled","build_timeout":3600,"auto_devops_enabled":false,"auto_devops_deploy_strategy":"continuous","ci_config_path":"","public_jobs":true,"shared_with_groups":[],"only_allow_merge_if_pipeline_succeeds":false,"allow_merge_on_skipped_pipeline":null,"request_access_enabled":true,"only_allow_merge_if_all_discussions_are_resolved":false,"remove_source_branch_after_merge":true,"printing_merge_request_link_enabled":true,"merge_method":"merge","squash_option":"default_off","enforce_auth_checks_on_uploads":true,"suggestion_commit_message":null,"merge_commit_template":null,"squash_commit_template":null,"issue_branch_template":null,"warn_about_potentially_unwanted_characters":true,"autoclose_referenced_issues":true,"external_authorization_classification_label":"","requirements_enabled":false,"requirements_access_level":"enabled","security_and_compliance_enabled":true,"compliance_frameworks":[],"permissions":{"project_access":{"access_level":50,"notification_level":3},"group_access":null}}'
    headers:
      CF-Cache-Status:
      - MISS
      CF-RAY:
      - 85f7ab7d7ab894b6-CCU
      Connection:
      - keep-alive
      Content-Encoding:
      - gzip
      Content-Type:
      - application/json
      Date:
      - Tue, 05 Mar 2024 05:22:43 GMT
      NEL:
      - '{"success_fraction":0.01,"report_to":"cf-nel","max_age":604800}'
      Report-To:
      - '{"endpoints":[{"url":"https:\/\/a.nel.cloudflare.com\/report\/v3?s=%2B95cv%2BgEFtwX4Anl8n0S5jxZ1YbUSJdZBIbARL0FHqNtEME2akY2CuH%2BpdomvkSVXrT4YCN5T2Et9gaLBUGWkqnuw%2FhZtwqaxD4bF0pbo908rtICGi%2FAuY17fsqsgMRmuyVa9%2F2re%2Fw%3D"}],"group":"cf-nel","max_age":604800}'
      Server:
      - cloudflare
      Set-Cookie: ''
      Transfer-Encoding:
      - chunked
      cache-control:
      - max-age=0, private, must-revalidate
      content-security-policy:
      - default-src 'none'
      etag:
      - W/"a5fa76d6149d19391a7cc6a9e6f76568"
      gitlab-lb:
      - haproxy-main-06-lb-gprd
      gitlab-sv:
      - api-gke-us-east1-b
      referrer-policy:
      - strict-origin-when-cross-origin
      strict-transport-security:
      - max-age=31536000
      vary:
      - Origin, Accept-Encoding
      x-content-type-options:
      - nosniff
      x-frame-options:
      - SAMEORIGIN
      x-gitlab-meta:
      - '{"correlation_id":"be215143bb158c7ac96106327d7b2f4e","version":"1"}'
      x-request-id:
      - be215143bb158c7ac96106327d7b2f4e
      x-runtime:
      - '0.113307'
    status:
      code: 200
      message: OK
- request:
    body: null
    headers:
      Accept:
      - '*/*'
      Accept-Encoding:
      - gzip, deflate
      Connection:
      - keep-alive
      User-Agent:
      - python-requests/2.31.0
    method: GET
    uri: https://pagure.io/api/0/protop2g-test-srce/issue/2
  response:
    body:
      string: "{\n  \"assignee\": null, \n  \"blocks\": [], \n  \"close_status\":
        null, \n  \"closed_at\": \"1697170032\", \n  \"closed_by\": {\n    \"full_url\":
        \"https://pagure.io/user/t0xic0der\", \n    \"fullname\": \"Akashdeep Dhar\",
        \n    \"name\": \"t0xic0der\", \n    \"url_path\": \"user/t0xic0der\"\n  },
        \n  \"comments\": [\n    {\n      \"comment\": \"**Metadata Update from @t0xic0der**:\\n-
        Issue tagged with: cccc, dddd\", \n      \"date_created\": \"1697169810\",
        \n      \"edited_on\": null, \n      \"editor\": null, \n      \"id\": 878472,
        \n      \"notification\": true, \n      \"parent\": null, \n      \"reactions\":
        {}, \n      \"user\": {\n        \"full_url\": \"https://pagure.io/user/t0xic0der\",
        \n        \"fullname\": \"Akashdeep Dhar\", \n        \"name\": \"t0xic0der\",
        \n        \"url_path\": \"user/t0xic0der\"\n      }\n    }, \n    {\n      \"comment\":
        \"The is the first comment under the second test issue\", \n      \"date_created\":
        \"1697169964\", \n      \"edited_on\": null, \n      \"editor\": null, \n
        \     \"id\": 878475, \n      \"notification\": false, \n      \"parent\":
        null, \n      \"reactions\": {}, \n      \"user\": {\n        \"full_url\":
        \"https://pagure.io/user/t0xic0der\", \n        \"fullname\": \"Akashdeep
        Dhar\", \n        \"name\": \"t0xic0der\", \n        \"url_path\": \"user/t0xic0der\"\n
        \     }\n    }, \n    {\n      \"comment\": \"The is the second comment under
        the second test issue\", \n      \"date_created\": \"1697169976\", \n      \"edited_on\":
        null, \n      \"editor\": null, \n      \"id\": 878476, \n      \"notification\":
        false, \n      \"parent\": null, \n      \"reactions\": {}, \n      \"user\":
        {\n        \"full_url\": \"https://pagure.io/user/t0xic0der\", \n        \"fullname\":
        \"Akashdeep Dhar\", \n        \"name\": \"t0xic0der\", \n        \"url_path\":
        \"user/t0xic0der\"\n      }\n    }, \n    {\n      \"comment\": \"**Metadata
        Update from @t0xic0der**:\\n- Issue status updated to: Closed (was: Open)\",
        \n      \"date_created\": \"1697170032\", \n      \"edited_on\": null, \n
        \     \"editor\": null, \n      \"id\": 878477, \n      \"notification\":
        true, \n      \"parent\": null, \n      \"reactions\": {}, \n      \"user\":
        {\n        \"full_url\": \"https://pagure.io/user/t0xic0der\", \n        \"fullname\":
        \"Akashdeep Dhar\", \n        \"name\": \"t0xic0der\", \n        \"url_path\":
        \"user/t0xic0der\"\n      }\n    }\n  ], \n  \"content\": \"This is the body
        of the second test issue\", \n  \"custom_fields\": [], \n  \"date_created\":
        \"1697169676\", \n  \"depends\": [], \n  \"full_url\": \"https://pagure.io/protop2g-test-srce/issue/2\",
        \n  \"id\": 2, \n  \"last_updated\": \"1697170032\", \n  \"milestone\": null,
        \n  \"priority\": null, \n  \"private\": false, \n  \"related_prs\": [], \n
        \ \"status\": \"Closed\", \n  \"tags\": [\n    \"cccc\", \n    \"dddd\"\n
        \ ], \n  \"title\": \"This is the title of the second test issue\", \n  \"user\":
        {\n    \"full_url\": \"https://pagure.io/user/t0xic0der\", \n    \"fullname\":
        \"Akashdeep Dhar\", \n    \"name\": \"t0xic0der\", \n    \"url_path\": \"user/t0xic0der\"\n
        \ }\n}\n"
    headers:
      Connection:
      - Upgrade, Keep-Alive
      Content-Length:
      - '2784'
      Content-Security-Policy:
      - default-src 'self';script-src 'self' 'nonce-iqgWac7n1FdNW5E4lqsVm2pbn'; style-src
        'self' 'nonce-iqgWac7n1FdNW5E4lqsVm2pbn'; object-src 'none';base-uri 'self';img-src
        'self' https:;connect-src 'self' https://pagure.io:8088;frame-src https://docs.pagure.org;frame-ancestors
        https://pagure.io;
      Content-Type:
      - application/json
      Date:
      - Tue, 05 Mar 2024 05:22:44 GMT
      Keep-Alive:
      - timeout=5, max=100
      Referrer-Policy:
      - same-origin
      Server:
      - Apache/2.4.37 (Red Hat Enterprise Linux) OpenSSL/1.1.1k mod_wsgi/4.6.4 Python/3.6
      Set-Cookie: ''
      Strict-Transport-Security:
      - max-age=31536000; includeSubDomains; preload
      Upgrade:
      - h2,h2c
      X-Content-Type-Options:
      - nosniff
      X-Frame-Options:
      - ALLOW-FROM https://pagure.io/
      X-Xss-Protection:
      - 1; mode=block
    status:
      code: 200
      message: OK
- request:
    body: '{"title": "[SN#2] This is the title of the second test issue", "description":
      "\nThis is the body of the second test issue\n\n_This issue ticket was originally
      created [here](https://pagure.io/protop2g-test-srce/issue/2) on a Pagure repository,\n[**protop2g-test-srce**](https://pagure.io/protop2g-test-srce)
      by [**Akashdeep Dhar**](https://pagure.io/user/t0xic0der) on\n[**Fri Oct 13
      04:01:16 2023** UTC](https://savvytime.com/converter/utc/oct-13-2023/04-01)._\n\n_This
      issue ticket was automatically created by the\n[**Pagure Exporter**](https://github.com/gridhead/pagure-exporter)._\n",
      "iid": 2}'
    headers:
      Accept:
      - '*/*'
      Accept-Encoding:
      - gzip, deflate
      Connection:
      - keep-alive
      Content-Length:
      - '601'
      Content-type:
      - application/json
      Cookie:
      - _cfuvid=KK9db2fNhGM3QR6tiGVto4pDUpZEbcsrmnxp2ZiZ4k4-1709616163895-0.0.1.1-604800000
      User-Agent:
      - python-gitlab/4.4.0
    method: POST
    uri: https://gitlab.com/api/v4/projects/42823949/issues
  response:
    body:
      string: '{"id":142945904,"iid":2,"project_id":42823949,"title":"[SN#2] This
        is the title of the second test issue","description":"\nThis is the body of
        the second test issue\n\n_This issue ticket was originally created [here](https://pagure.io/protop2g-test-srce/issue/2)
        on a Pagure repository,\n[**protop2g-test-srce**](https://pagure.io/protop2g-test-srce)
        by [**Akashdeep Dhar**](https://pagure.io/user/t0xic0der) on\n[**Fri Oct 13
        04:01:16 2023** UTC](https://savvytime.com/converter/utc/oct-13-2023/04-01)._\n\n_This
        issue ticket was automatically created by the\n[**Pagure Exporter**](https://github.com/gridhead/pagure-exporter)._","state":"opened","created_at":"2024-03-05T05:22:45.655Z","updated_at":"2024-03-05T05:22:45.655Z","closed_at":null,"closed_by":null,"labels":[],"milestone":null,"assignees":[],"author":{"id":20210877,"username":"project_42823949_bot_23a338f5a77ff65fbe998fe3b9b3be40","name":"python-gitlab
        testing token for protop2g-test","state":"active","locked":false,"avatar_url":"https://secure.gravatar.com/avatar/af058ecaa20884749a3ce04c609cf7bcfc97ae3df418b9bab81d027921a138cf?s=80\u0026d=identicon","web_url":"https://gitlab.com/project_42823949_bot_23a338f5a77ff65fbe998fe3b9b3be40"},"type":"ISSUE","assignee":null,"user_notes_count":0,"merge_requests_count":0,"upvotes":0,"downvotes":0,"due_date":null,"confidential":false,"discussion_locked":null,"issue_type":"issue","web_url":"https://gitlab.com/gridhead/protop2g-test/-/issues/2","time_stats":{"time_estimate":0,"total_time_spent":0,"human_time_estimate":null,"human_total_time_spent":null},"task_completion_status":{"count":0,"completed_count":0},"blocking_issues_count":0,"has_tasks":true,"task_status":"0
        of 0 checklist items completed","_links":{"self":"https://gitlab.com/api/v4/projects/42823949/issues/2","notes":"https://gitlab.com/api/v4/projects/42823949/issues/2/notes","award_emoji":"https://gitlab.com/api/v4/projects/42823949/issues/2/award_emoji","project":"https://gitlab.com/api/v4/projects/42823949","closed_as_duplicate_of":null},"references":{"short":"#2","relative":"#2","full":"gridhead/protop2g-test#2"},"severity":"UNKNOWN","subscribed":true,"moved_to_id":null,"service_desk_reply_to":null}'
    headers:
      CF-Cache-Status:
      - DYNAMIC
      CF-RAY:
      - 85f7ab888cbf94bc-CCU
      Connection:
      - keep-alive
      Content-Length:
      - '2192'
      Content-Type:
      - application/json
      Date:
      - Tue, 05 Mar 2024 05:22:46 GMT
      NEL:
      - '{"success_fraction":0.01,"report_to":"cf-nel","max_age":604800}'
      Report-To:
      - '{"endpoints":[{"url":"https:\/\/a.nel.cloudflare.com\/report\/v3?s=q6roqYbCWvftXO9HWlJhYmIwMXFiimAA5aEKPARMJESHt13fTPqzhwz3DCbtrs%2FuDPVaZN5xqjIWIktXD11o%2FxnlURNuMIsaGZem%2BzAxIIiFrDhF%2F8IEYRLtJyuVt8t8yxukZEAu6rE%3D"}],"group":"cf-nel","max_age":604800}'
      Server:
      - cloudflare
      Set-Cookie: ''
      cache-control:
      - max-age=0, private, must-revalidate
      content-security-policy:
      - default-src 'none'
      etag:
      - W/"7a9eea531cf4a9c00da9f1a46563dc51"
      gitlab-lb:
      - haproxy-main-22-lb-gprd
      gitlab-sv:
      - api-gke-us-east1-c
      referrer-policy:
      - strict-origin-when-cross-origin
      strict-transport-security:
      - max-age=31536000
      vary:
      - Origin
      x-content-type-options:
      - nosniff
      x-frame-options:
      - SAMEORIGIN
      x-gitlab-meta:
      - '{"correlation_id":"12b1846b441d23008d9b310813197878","version":"1"}'
      x-request-id:
      - 12b1846b441d23008d9b310813197878
      x-runtime:
      - '0.733038'
    status:
      code: 201
      message: Created
- request:
    body: null
    headers:
      Accept:
      - '*/*'
      Accept-Encoding:
      - gzip, deflate
      Connection:
      - keep-alive
      Content-type:
      - application/json
      Cookie:
      - _cfuvid=KK9db2fNhGM3QR6tiGVto4pDUpZEbcsrmnxp2ZiZ4k4-1709616163895-0.0.1.1-604800000
      User-Agent:
      - python-gitlab/4.4.0
    method: GET
    uri: https://gitlab.com/api/v4/projects/42823949/issues/2
  response:
    body:
      string: '{"id":142945904,"iid":2,"project_id":42823949,"title":"[SN#2] This
        is the title of the second test issue","description":"\nThis is the body of
        the second test issue\n\n_This issue ticket was originally created [here](https://pagure.io/protop2g-test-srce/issue/2)
        on a Pagure repository,\n[**protop2g-test-srce**](https://pagure.io/protop2g-test-srce)
        by [**Akashdeep Dhar**](https://pagure.io/user/t0xic0der) on\n[**Fri Oct 13
        04:01:16 2023** UTC](https://savvytime.com/converter/utc/oct-13-2023/04-01)._\n\n_This
        issue ticket was automatically created by the\n[**Pagure Exporter**](https://github.com/gridhead/pagure-exporter)._","state":"opened","created_at":"2024-03-05T05:22:45.655Z","updated_at":"2024-03-05T05:22:45.655Z","closed_at":null,"closed_by":null,"labels":[],"milestone":null,"assignees":[],"author":{"id":20210877,"username":"project_42823949_bot_23a338f5a77ff65fbe998fe3b9b3be40","name":"python-gitlab
        testing token for protop2g-test","state":"active","locked":false,"avatar_url":"https://secure.gravatar.com/avatar/af058ecaa20884749a3ce04c609cf7bcfc97ae3df418b9bab81d027921a138cf?s=80\u0026d=identicon","web_url":"https://gitlab.com/project_42823949_bot_23a338f5a77ff65fbe998fe3b9b3be40"},"type":"ISSUE","assignee":null,"user_notes_count":0,"merge_requests_count":0,"upvotes":0,"downvotes":0,"due_date":null,"confidential":false,"discussion_locked":null,"issue_type":"issue","web_url":"https://gitlab.com/gridhead/protop2g-test/-/issues/2","time_stats":{"time_estimate":0,"total_time_spent":0,"human_time_estimate":null,"human_total_time_spent":null},"task_completion_status":{"count":0,"completed_count":0},"blocking_issues_count":0,"has_tasks":true,"task_status":"0
        of 0 checklist items completed","_links":{"self":"https://gitlab.com/api/v4/projects/42823949/issues/2","notes":"https://gitlab.com/api/v4/projects/42823949/issues/2/notes","award_emoji":"https://gitlab.com/api/v4/projects/42823949/issues/2/award_emoji","project":"https://gitlab.com/api/v4/projects/42823949","closed_as_duplicate_of":null},"references":{"short":"#2","relative":"#2","full":"gridhead/protop2g-test#2"},"severity":"UNKNOWN","subscribed":true,"moved_to_id":null,"service_desk_reply_to":null}'
    headers:
      CF-Cache-Status:
      - MISS
      CF-RAY:
      - 85f7ab8f7bf294ce-CCU
      Connection:
      - keep-alive
      Content-Encoding:
      - gzip
      Content-Type:
      - application/json
      Date:
      - Tue, 05 Mar 2024 05:22:46 GMT
      NEL:
      - '{"success_fraction":0.01,"report_to":"cf-nel","max_age":604800}'
      Report-To:
      - '{"endpoints":[{"url":"https:\/\/a.nel.cloudflare.com\/report\/v3?s=VheW1xQe0hdX5psuyKnAWxs3mmgi52IYUfFqrHJq%2Fx2Jk4x2WzQ0yTW4W%2FepN3N9RtD2SROHItZ2DcAmcSYfCCxuBBGFK2fQZu39km9lBRdHSquUzlxWE%2FhxlPses4SN1maQXBxWurc%3D"}],"group":"cf-nel","max_age":604800}'
      Server:
      - cloudflare
      Set-Cookie: ''
      Transfer-Encoding:
      - chunked
      cache-control:
      - max-age=0, private, must-revalidate
      content-security-policy:
      - default-src 'none'
      etag:
      - W/"7a9eea531cf4a9c00da9f1a46563dc51"
      gitlab-lb:
      - haproxy-main-48-lb-gprd
      gitlab-sv:
      - api-gke-us-east1-b
      referrer-policy:
      - strict-origin-when-cross-origin
      strict-transport-security:
      - max-age=31536000
      vary:
      - Origin, Accept-Encoding
      x-content-type-options:
      - nosniff
      x-frame-options:
      - SAMEORIGIN
      x-gitlab-meta:
      - '{"correlation_id":"0c7d294ccbe71c4222ced47a87ac256f","version":"1"}'
      x-request-id:
      - 0c7d294ccbe71c4222ced47a87ac256f
      x-runtime:
      - '0.111392'
    status:
      code: 200
      message: OK
- request:
    body: '{"state_event": "close"}'
    headers:
      Accept:
      - '*/*'
      Accept-Encoding:
      - gzip, deflate
      Connection:
      - keep-alive
      Content-Length:
      - '24'
      Content-type:
      - application/json
      Cookie:
      - _cfuvid=KK9db2fNhGM3QR6tiGVto4pDUpZEbcsrmnxp2ZiZ4k4-1709616163895-0.0.1.1-604800000
      User-Agent:
      - python-gitlab/4.4.0
    method: PUT
    uri: https://gitlab.com/api/v4/projects/42823949/issues/2
  response:
    body:
      string: '{"id":142945904,"iid":2,"project_id":42823949,"title":"[SN#2] This
        is the title of the second test issue","description":"\nThis is the body of
        the second test issue\n\n_This issue ticket was originally created [here](https://pagure.io/protop2g-test-srce/issue/2)
        on a Pagure repository,\n[**protop2g-test-srce**](https://pagure.io/protop2g-test-srce)
        by [**Akashdeep Dhar**](https://pagure.io/user/t0xic0der) on\n[**Fri Oct 13
        04:01:16 2023** UTC](https://savvytime.com/converter/utc/oct-13-2023/04-01)._\n\n_This
        issue ticket was automatically created by the\n[**Pagure Exporter**](https://github.com/gridhead/pagure-exporter)._","state":"closed","created_at":"2024-03-05T05:22:45.655Z","updated_at":"2024-03-05T05:22:47.168Z","closed_at":"2024-03-05T05:22:47.159Z","closed_by":{"id":20210877,"username":"project_42823949_bot_23a338f5a77ff65fbe998fe3b9b3be40","name":"python-gitlab
        testing token for protop2g-test","state":"active","locked":false,"avatar_url":"https://secure.gravatar.com/avatar/af058ecaa20884749a3ce04c609cf7bcfc97ae3df418b9bab81d027921a138cf?s=80\u0026d=identicon","web_url":"https://gitlab.com/project_42823949_bot_23a338f5a77ff65fbe998fe3b9b3be40"},"labels":[],"milestone":null,"assignees":[],"author":{"id":20210877,"username":"project_42823949_bot_23a338f5a77ff65fbe998fe3b9b3be40","name":"python-gitlab
        testing token for protop2g-test","state":"active","locked":false,"avatar_url":"https://secure.gravatar.com/avatar/af058ecaa20884749a3ce04c609cf7bcfc97ae3df418b9bab81d027921a138cf?s=80\u0026d=identicon","web_url":"https://gitlab.com/project_42823949_bot_23a338f5a77ff65fbe998fe3b9b3be40"},"type":"ISSUE","assignee":null,"user_notes_count":0,"merge_requests_count":0,"upvotes":0,"downvotes":0,"due_date":null,"confidential":false,"discussion_locked":null,"issue_type":"issue","web_url":"https://gitlab.com/gridhead/protop2g-test/-/issues/2","time_stats":{"time_estimate":0,"total_time_spent":0,"human_time_estimate":null,"human_total_time_spent":null},"task_completion_status":{"count":0,"completed_count":0},"blocking_issues_count":0,"has_tasks":true,"task_status":"0
        of 0 checklist items completed","_links":{"self":"https://gitlab.com/api/v4/projects/42823949/issues/2","notes":"https://gitlab.com/api/v4/projects/42823949/issues/2/notes","award_emoji":"https://gitlab.com/api/v4/projects/42823949/issues/2/award_emoji","project":"https://gitlab.com/api/v4/projects/42823949","closed_as_duplicate_of":null},"references":{"short":"#2","relative":"#2","full":"gridhead/protop2g-test#2"},"severity":"UNKNOWN","subscribed":true,"moved_to_id":null,"service_desk_reply_to":null}'
    headers:
      CF-Cache-Status:
      - DYNAMIC
      CF-RAY:
      - 85f7ab935e0294bf-CCU
      Connection:
      - keep-alive
      Content-Encoding:
      - gzip
      Content-Type:
      - application/json
      Date:
      - Tue, 05 Mar 2024 05:22:47 GMT
      NEL:
      - '{"success_fraction":0.01,"report_to":"cf-nel","max_age":604800}'
      Report-To:
      - '{"endpoints":[{"url":"https:\/\/a.nel.cloudflare.com\/report\/v3?s=ESMunlKnc6rJ%2FQ1YsBmM0ZlE9ECIXXX912fFMdz7tnKrvyr4WNnvvBscpXNgTFGQoe3z5qfX9lN8iYNUO8WgArKJSDXF%2FLKbCYs4t5APdOJun99X2btfnyeQpdx8ubA2OM6U1lmCb6o%3D"}],"group":"cf-nel","max_age":604800}'
      Server:
      - cloudflare
      Set-Cookie: ''
      Transfer-Encoding:
      - chunked
      cache-control:
      - max-age=0, private, must-revalidate
      content-security-policy:
      - default-src 'none'
      etag:
      - W/"8f8b57a90868c4e3085b1d1823548c58"
      gitlab-lb:
      - haproxy-main-22-lb-gprd
      gitlab-sv:
      - api-gke-us-east1-c
      referrer-policy:
      - strict-origin-when-cross-origin
      strict-transport-security:
      - max-age=31536000
      vary:
      - Origin, Accept-Encoding
      x-content-type-options:
      - nosniff
      x-frame-options:
      - SAMEORIGIN
      x-gitlab-meta:
      - '{"correlation_id":"ea37fa0ddff59f347a777a113be8b8ab","version":"1"}'
      x-request-id:
      - ea37fa0ddff59f347a777a113be8b8ab
      x-runtime:
      - '0.261441'
    status:
      code: 200
      message: OK
- request:
    body: null
    headers:
      Accept:
      - '*/*'
      Accept-Encoding:
      - gzip, deflate
      Connection:
      - keep-alive
      Content-type:
      - application/json
      Cookie:
      - _cfuvid=KK9db2fNhGM3QR6tiGVto4pDUpZEbcsrmnxp2ZiZ4k4-1709616163895-0.0.1.1-604800000
      User-Agent:
      - python-gitlab/4.4.0
    method: GET
    uri: https://gitlab.com/api/v4/projects/42823949/issues/2
  response:
    body:
      string: '{"id":142945904,"iid":2,"project_id":42823949,"title":"[SN#2] This
        is the title of the second test issue","description":"\nThis is the body of
        the second test issue\n\n_This issue ticket was originally created [here](https://pagure.io/protop2g-test-srce/issue/2)
        on a Pagure repository,\n[**protop2g-test-srce**](https://pagure.io/protop2g-test-srce)
        by [**Akashdeep Dhar**](https://pagure.io/user/t0xic0der) on\n[**Fri Oct 13
        04:01:16 2023** UTC](https://savvytime.com/converter/utc/oct-13-2023/04-01)._\n\n_This
        issue ticket was automatically created by the\n[**Pagure Exporter**](https://github.com/gridhead/pagure-exporter)._","state":"closed","created_at":"2024-03-05T05:22:45.655Z","updated_at":"2024-03-05T05:22:47.168Z","closed_at":"2024-03-05T05:22:47.159Z","closed_by":{"id":20210877,"username":"project_42823949_bot_23a338f5a77ff65fbe998fe3b9b3be40","name":"python-gitlab
        testing token for protop2g-test","state":"active","locked":false,"avatar_url":"https://secure.gravatar.com/avatar/af058ecaa20884749a3ce04c609cf7bcfc97ae3df418b9bab81d027921a138cf?s=80\u0026d=identicon","web_url":"https://gitlab.com/project_42823949_bot_23a338f5a77ff65fbe998fe3b9b3be40"},"labels":[],"milestone":null,"assignees":[],"author":{"id":20210877,"username":"project_42823949_bot_23a338f5a77ff65fbe998fe3b9b3be40","name":"python-gitlab
        testing token for protop2g-test","state":"active","locked":false,"avatar_url":"https://secure.gravatar.com/avatar/af058ecaa20884749a3ce04c609cf7bcfc97ae3df418b9bab81d027921a138cf?s=80\u0026d=identicon","web_url":"https://gitlab.com/project_42823949_bot_23a338f5a77ff65fbe998fe3b9b3be40"},"type":"ISSUE","assignee":null,"user_notes_count":0,"merge_requests_count":0,"upvotes":0,"downvotes":0,"due_date":null,"confidential":false,"discussion_locked":null,"issue_type":"issue","web_url":"https://gitlab.com/gridhead/protop2g-test/-/issues/2","time_stats":{"time_estimate":0,"total_time_spent":0,"human_time_estimate":null,"human_total_time_spent":null},"task_completion_status":{"count":0,"completed_count":0},"blocking_issues_count":0,"has_tasks":true,"task_status":"0
        of 0 checklist items completed","_links":{"self":"https://gitlab.com/api/v4/projects/42823949/issues/2","notes":"https://gitlab.com/api/v4/projects/42823949/issues/2/notes","award_emoji":"https://gitlab.com/api/v4/projects/42823949/issues/2/award_emoji","project":"https://gitlab.com/api/v4/projects/42823949","closed_as_duplicate_of":null},"references":{"short":"#2","relative":"#2","full":"gridhead/protop2g-test#2"},"severity":"UNKNOWN","subscribed":true,"moved_to_id":null,"service_desk_reply_to":null}'
    headers:
      CF-Cache-Status:
      - MISS
      CF-RAY:
      - 85f7ab979b9994be-CCU
      Connection:
      - keep-alive
      Content-Encoding:
      - gzip
      Content-Type:
      - application/json
      Date:
      - Tue, 05 Mar 2024 05:22:48 GMT
      NEL:
      - '{"success_fraction":0.01,"report_to":"cf-nel","max_age":604800}'
      Report-To:
      - '{"endpoints":[{"url":"https:\/\/a.nel.cloudflare.com\/report\/v3?s=DrEdMZNZH2Bbzc19EZhLgjZXDzChQibAagTq8EU9c82SPQbDMt7Wzv1vu8F5B3MHJIW24Ighe6NiryVX29EaFiL3ZFOPX8vuQwtZu5KgMHN9ORDgqmahcxI1f7HdEV4e2zOlKOtfxZI%3D"}],"group":"cf-nel","max_age":604800}'
      Server:
      - cloudflare
      Set-Cookie: ''
      Transfer-Encoding:
      - chunked
      cache-control:
      - max-age=0, private, must-revalidate
      content-security-policy:
      - default-src 'none'
      etag:
      - W/"8f8b57a90868c4e3085b1d1823548c58"
      gitlab-lb:
      - haproxy-main-60-lb-gprd
      gitlab-sv:
      - api-gke-us-east1-b
      referrer-policy:
      - strict-origin-when-cross-origin
      strict-transport-security:
      - max-age=31536000
      vary:
      - Origin, Accept-Encoding
      x-content-type-options:
      - nosniff
      x-frame-options:
      - SAMEORIGIN
      x-gitlab-meta:
      - '{"correlation_id":"c17d8bc5d6a5a65f21c5326a05fd6f8b","version":"1"}'
      x-request-id:
      - c17d8bc5d6a5a65f21c5326a05fd6f8b
      x-runtime:
      - '0.153041'
    status:
      code: 200
      message: OK
- request:
    body: '{"body": "\n**Metadata Update from &t0xic0der**:\n- Issue tagged with:
      cccc, dddd\n\n_This comment was originally created [here](https://pagure.io/protop2g-test-srce/issue/2#comment-878472)
      by [**Akashdeep Dhar**](https://pagure.io/user/t0xic0der) under\n[this](https://pagure.io/protop2g-test-srce/issue/2)
      issue ticket on a Pagure repository, [**protop2g-test-srce**](https://pagure.io/protop2g-test-srce)
      on\n[**Fri Oct 13 04:03:30 2023** UTC](https://savvytime.com/converter/utc/oct-13-2023/04-03)._\n\n_This
      comment was automatically created by the\n[**Pagure Exporter**](https://github.com/gridhead/pagure-exporter)._\n"}'
    headers:
      Accept:
      - '*/*'
      Accept-Encoding:
      - gzip, deflate
      Connection:
      - keep-alive
      Content-Length:
      - '627'
      Content-type:
      - application/json
      Cookie:
      - _cfuvid=KK9db2fNhGM3QR6tiGVto4pDUpZEbcsrmnxp2ZiZ4k4-1709616163895-0.0.1.1-604800000
      User-Agent:
      - python-gitlab/4.4.0
    method: POST
    uri: https://gitlab.com/api/v4/projects/42823949/issues/2/discussions
  response:
    body:
      string: '{"id":"c41130331a60ac24cbd8e82130d7a7e8534f5ea9","individual_note":false,"notes":[{"id":1800716674,"type":"DiscussionNote","body":"\n**Metadata
        Update from \u0026t0xic0der**:\n- Issue tagged with: cccc, dddd\n\n_This comment
        was originally created [here](https://pagure.io/protop2g-test-srce/issue/2#comment-878472)
        by [**Akashdeep Dhar**](https://pagure.io/user/t0xic0der) under\n[this](https://pagure.io/protop2g-test-srce/issue/2)
        issue ticket on a Pagure repository, [**protop2g-test-srce**](https://pagure.io/protop2g-test-srce)
        on\n[**Fri Oct 13 04:03:30 2023** UTC](https://savvytime.com/converter/utc/oct-13-2023/04-03)._\n\n_This
        comment was automatically created by the\n[**Pagure Exporter**](https://github.com/gridhead/pagure-exporter)._","attachment":null,"author":{"id":20210877,"username":"project_42823949_bot_23a338f5a77ff65fbe998fe3b9b3be40","name":"****","state":"active","locked":false,"avatar_url":"https://secure.gravatar.com/avatar/af058ecaa20884749a3ce04c609cf7bcfc97ae3df418b9bab81d027921a138cf?s=80\u0026d=identicon","web_url":"https://gitlab.com/project_42823949_bot_23a338f5a77ff65fbe998fe3b9b3be40"},"created_at":"2024-03-05T05:22:48.743Z","updated_at":"2024-03-05T05:22:48.743Z","system":false,"noteable_id":142945904,"noteable_type":"Issue","project_id":42823949,"resolvable":true,"resolved":false,"resolved_by":null,"resolved_at":null,"confidential":false,"internal":false,"noteable_iid":2,"commands_changes":{}}]}'
    headers:
      CF-Cache-Status:
      - DYNAMIC
      CF-RAY:
      - 85f7ab9b9d3f94d0-CCU
      Connection:
      - keep-alive
      Content-Length:
      - '1446'
      Content-Type:
      - application/json
      Date:
      - Tue, 05 Mar 2024 05:22:48 GMT
      NEL:
      - '{"success_fraction":0.01,"report_to":"cf-nel","max_age":604800}'
      Report-To:
      - '{"endpoints":[{"url":"https:\/\/a.nel.cloudflare.com\/report\/v3?s=%2FjqmeEp1QJmRZ%2BFzMhq1k3J%2FvCw5Q8ss%2BmWZ3uZEj4EVk%2BvnAcZtMs9Vc%2BchthYqm2IsMNS6HfLaeqos%2FyLAfYyp5SdDbp6O1MePpSKoaFVNVlgEbSuSXoFXwdGcLbW%2Bs18BEkQGNg8%3D"}],"group":"cf-nel","max_age":604800}'
      Server:
      - cloudflare
      Set-Cookie: ''
      cache-control:
      - max-age=0, private, must-revalidate
      content-security-policy:
      - default-src 'none'
      etag:
      - W/"2cee17868ebada5aacef42e04aaa5849"
      gitlab-lb:
      - haproxy-main-27-lb-gprd
      gitlab-sv:
      - api-gke-us-east1-b
      referrer-policy:
      - strict-origin-when-cross-origin
      strict-transport-security:
      - max-age=31536000
      vary:
      - Origin
      x-content-type-options:
      - nosniff
      x-frame-options:
      - SAMEORIGIN
      x-gitlab-meta:
      - '{"correlation_id":"6439a4261dd66cede08d86e7a7b11085","version":"1"}'
      x-request-id:
      - 6439a4261dd66cede08d86e7a7b11085
      x-runtime:
      - '0.390540'
    status:
      code: 201
      message: Created
- request:
    body: null
    headers:
      Accept:
      - '*/*'
      Accept-Encoding:
      - gzip, deflate
      Connection:
      - keep-alive
      Content-type:
      - application/json
      Cookie:
      - _cfuvid=KK9db2fNhGM3QR6tiGVto4pDUpZEbcsrmnxp2ZiZ4k4-1709616163895-0.0.1.1-604800000
      User-Agent:
      - python-gitlab/4.4.0
    method: GET
    uri: https://gitlab.com/api/v4/projects/42823949/issues/2
  response:
    body:
      string: '{"id":142945904,"iid":2,"project_id":42823949,"title":"[SN#2] This
        is the title of the second test issue","description":"\nThis is the body of
        the second test issue\n\n_This issue ticket was originally created [here](https://pagure.io/protop2g-test-srce/issue/2)
        on a Pagure repository,\n[**protop2g-test-srce**](https://pagure.io/protop2g-test-srce)
        by [**Akashdeep Dhar**](https://pagure.io/user/t0xic0der) on\n[**Fri Oct 13
        04:01:16 2023** UTC](https://savvytime.com/converter/utc/oct-13-2023/04-01)._\n\n_This
        issue ticket was automatically created by the\n[**Pagure Exporter**](https://github.com/gridhead/pagure-exporter)._","state":"closed","created_at":"2024-03-05T05:22:45.655Z","updated_at":"2024-03-05T05:22:47.168Z","closed_at":"2024-03-05T05:22:47.159Z","closed_by":{"id":20210877,"username":"project_42823949_bot_23a338f5a77ff65fbe998fe3b9b3be40","name":"python-gitlab
        testing token for protop2g-test","state":"active","locked":false,"avatar_url":"https://secure.gravatar.com/avatar/af058ecaa20884749a3ce04c609cf7bcfc97ae3df418b9bab81d027921a138cf?s=80\u0026d=identicon","web_url":"https://gitlab.com/project_42823949_bot_23a338f5a77ff65fbe998fe3b9b3be40"},"labels":[],"milestone":null,"assignees":[],"author":{"id":20210877,"username":"project_42823949_bot_23a338f5a77ff65fbe998fe3b9b3be40","name":"python-gitlab
        testing token for protop2g-test","state":"active","locked":false,"avatar_url":"https://secure.gravatar.com/avatar/af058ecaa20884749a3ce04c609cf7bcfc97ae3df418b9bab81d027921a138cf?s=80\u0026d=identicon","web_url":"https://gitlab.com/project_42823949_bot_23a338f5a77ff65fbe998fe3b9b3be40"},"type":"ISSUE","assignee":null,"user_notes_count":1,"merge_requests_count":0,"upvotes":0,"downvotes":0,"due_date":null,"confidential":false,"discussion_locked":null,"issue_type":"issue","web_url":"https://gitlab.com/gridhead/protop2g-test/-/issues/2","time_stats":{"time_estimate":0,"total_time_spent":0,"human_time_estimate":null,"human_total_time_spent":null},"task_completion_status":{"count":0,"completed_count":0},"blocking_issues_count":0,"has_tasks":true,"task_status":"0
        of 0 checklist items completed","_links":{"self":"https://gitlab.com/api/v4/projects/42823949/issues/2","notes":"https://gitlab.com/api/v4/projects/42823949/issues/2/notes","award_emoji":"https://gitlab.com/api/v4/projects/42823949/issues/2/award_emoji","project":"https://gitlab.com/api/v4/projects/42823949","closed_as_duplicate_of":null},"references":{"short":"#2","relative":"#2","full":"gridhead/protop2g-test#2"},"severity":"UNKNOWN","subscribed":true,"moved_to_id":null,"service_desk_reply_to":null}'
    headers:
      CF-Cache-Status:
      - MISS
      CF-RAY:
      - 85f7aba06db994b2-CCU
      Connection:
      - keep-alive
      Content-Encoding:
      - gzip
      Content-Type:
      - application/json
      Date:
      - Tue, 05 Mar 2024 05:22:49 GMT
      NEL:
      - '{"success_fraction":0.01,"report_to":"cf-nel","max_age":604800}'
      Report-To:
      - '{"endpoints":[{"url":"https:\/\/a.nel.cloudflare.com\/report\/v3?s=rdmsmuLz8kmtpwEoZ0rpUefpmA0jEjTz%2F323fP1BxgWiW79k8gbYYgVpkc6AgkjeFt2zVNp8dXCGcpB8MF0qrPvV%2BuYlT2QCj8Egzmqf5zgr5eeIYdI6pl0ZJfED0haemmrIJ0RS4rU%3D"}],"group":"cf-nel","max_age":604800}'
      Server:
      - cloudflare
      Set-Cookie: ''
      Transfer-Encoding:
      - chunked
      cache-control:
      - max-age=0, private, must-revalidate
      content-security-policy:
      - default-src 'none'
      etag:
      - W/"eece54cc04e2777623b9ca5f18255756"
      gitlab-lb:
      - haproxy-main-35-lb-gprd
      gitlab-sv:
      - api-gke-us-east1-d
      referrer-policy:
      - strict-origin-when-cross-origin
      strict-transport-security:
      - max-age=31536000
      vary:
      - Origin, Accept-Encoding
      x-content-type-options:
      - nosniff
      x-frame-options:
      - SAMEORIGIN
      x-gitlab-meta:
      - '{"correlation_id":"767f09c1b596fc6eada711dfa3ee6a80","version":"1"}'
      x-request-id:
      - 767f09c1b596fc6eada711dfa3ee6a80
      x-runtime:
      - '0.134927'
    status:
      code: 200
      message: OK
- request:
    body: '{"body": "\nThe is the first comment under the second test issue\n\n_This
      comment was originally created [here](https://pagure.io/protop2g-test-srce/issue/2#comment-878475)
      by [**Akashdeep Dhar**](https://pagure.io/user/t0xic0der) under\n[this](https://pagure.io/protop2g-test-srce/issue/2)
      issue ticket on a Pagure repository, [**protop2g-test-srce**](https://pagure.io/protop2g-test-srce)
      on\n[**Fri Oct 13 04:06:04 2023** UTC](https://savvytime.com/converter/utc/oct-13-2023/04-06)._\n\n_This
      comment was automatically created by the\n[**Pagure Exporter**](https://github.com/gridhead/pagure-exporter)._\n"}'
    headers:
      Accept:
      - '*/*'
      Accept-Encoding:
      - gzip, deflate
      Connection:
      - keep-alive
      Content-Length:
      - '610'
      Content-type:
      - application/json
      Cookie:
      - _cfuvid=KK9db2fNhGM3QR6tiGVto4pDUpZEbcsrmnxp2ZiZ4k4-1709616163895-0.0.1.1-604800000
      User-Agent:
      - python-gitlab/4.4.0
    method: POST
    uri: https://gitlab.com/api/v4/projects/42823949/issues/2/discussions
  response:
    body:
      string: '{"id":"3c63bb7df10dacc0d2e5947a215a03a324ccc5b4","individual_note":false,"notes":[{"id":1800716679,"type":"DiscussionNote","body":"\nThe
        is the first comment under the second test issue\n\n_This comment was originally
        created [here](https://pagure.io/protop2g-test-srce/issue/2#comment-878475)
        by [**Akashdeep Dhar**](https://pagure.io/user/t0xic0der) under\n[this](https://pagure.io/protop2g-test-srce/issue/2)
        issue ticket on a Pagure repository, [**protop2g-test-srce**](https://pagure.io/protop2g-test-srce)
        on\n[**Fri Oct 13 04:06:04 2023** UTC](https://savvytime.com/converter/utc/oct-13-2023/04-06)._\n\n_This
        comment was automatically created by the\n[**Pagure Exporter**](https://github.com/gridhead/pagure-exporter)._","attachment":null,"author":{"id":20210877,"username":"project_42823949_bot_23a338f5a77ff65fbe998fe3b9b3be40","name":"****","state":"active","locked":false,"avatar_url":"https://secure.gravatar.com/avatar/af058ecaa20884749a3ce04c609cf7bcfc97ae3df418b9bab81d027921a138cf?s=80\u0026d=identicon","web_url":"https://gitlab.com/project_42823949_bot_23a338f5a77ff65fbe998fe3b9b3be40"},"created_at":"2024-03-05T05:22:50.057Z","updated_at":"2024-03-05T05:22:50.057Z","system":false,"noteable_id":142945904,"noteable_type":"Issue","project_id":42823949,"resolvable":true,"resolved":false,"resolved_by":null,"resolved_at":null,"confidential":false,"internal":false,"noteable_iid":2,"commands_changes":{}}]}'
    headers:
      CF-Cache-Status:
      - DYNAMIC
      CF-RAY:
      - 85f7aba4092894b2-CCU
      Connection:
      - keep-alive
      Content-Length:
      - '1424'
      Content-Type:
      - application/json
      Date:
      - Tue, 05 Mar 2024 05:22:50 GMT
      NEL:
      - '{"success_fraction":0.01,"report_to":"cf-nel","max_age":604800}'
      Report-To:
      - '{"endpoints":[{"url":"https:\/\/a.nel.cloudflare.com\/report\/v3?s=YPxycY9%2FsYwTb68uKc0R53jGXb0q7KNWIGFoThKD5IGNODCpcdJXUW5wh4biB053daVaDz6HtjNZLOFdZ5qsEgrOyN7CHkKVV%2B1s422HskFKScODjiDrc2igtbeQ9BSbA56zBokHEAI%3D"}],"group":"cf-nel","max_age":604800}'
      Server:
      - cloudflare
      Set-Cookie: ''
      cache-control:
      - max-age=0, private, must-revalidate
      content-security-policy:
      - default-src 'none'
      etag:
      - W/"19df8f0320bf52ceceb967fde38646fb"
      gitlab-lb:
      - haproxy-main-43-lb-gprd
      gitlab-sv:
      - api-gke-us-east1-c
      referrer-policy:
      - strict-origin-when-cross-origin
      strict-transport-security:
      - max-age=31536000
      vary:
      - Origin
      x-content-type-options:
      - nosniff
      x-frame-options:
      - SAMEORIGIN
      x-gitlab-meta:
      - '{"correlation_id":"7582a6bb18ac45a21f762366aa61eeab","version":"1"}'
      x-request-id:
      - 7582a6bb18ac45a21f762366aa61eeab
      x-runtime:
      - '0.373178'
    status:
      code: 201
      message: Created
- request:
    body: null
    headers:
      Accept:
      - '*/*'
      Accept-Encoding:
      - gzip, deflate
      Connection:
      - keep-alive
      Content-type:
      - application/json
      Cookie:
      - _cfuvid=KK9db2fNhGM3QR6tiGVto4pDUpZEbcsrmnxp2ZiZ4k4-1709616163895-0.0.1.1-604800000
      User-Agent:
      - python-gitlab/4.4.0
    method: GET
    uri: https://gitlab.com/api/v4/projects/42823949/issues/2
  response:
    body:
      string: '{"id":142945904,"iid":2,"project_id":42823949,"title":"[SN#2] This
        is the title of the second test issue","description":"\nThis is the body of
        the second test issue\n\n_This issue ticket was originally created [here](https://pagure.io/protop2g-test-srce/issue/2)
        on a Pagure repository,\n[**protop2g-test-srce**](https://pagure.io/protop2g-test-srce)
        by [**Akashdeep Dhar**](https://pagure.io/user/t0xic0der) on\n[**Fri Oct 13
        04:01:16 2023** UTC](https://savvytime.com/converter/utc/oct-13-2023/04-01)._\n\n_This
        issue ticket was automatically created by the\n[**Pagure Exporter**](https://github.com/gridhead/pagure-exporter)._","state":"closed","created_at":"2024-03-05T05:22:45.655Z","updated_at":"2024-03-05T05:22:47.168Z","closed_at":"2024-03-05T05:22:47.159Z","closed_by":{"id":20210877,"username":"project_42823949_bot_23a338f5a77ff65fbe998fe3b9b3be40","name":"python-gitlab
        testing token for protop2g-test","state":"active","locked":false,"avatar_url":"https://secure.gravatar.com/avatar/af058ecaa20884749a3ce04c609cf7bcfc97ae3df418b9bab81d027921a138cf?s=80\u0026d=identicon","web_url":"https://gitlab.com/project_42823949_bot_23a338f5a77ff65fbe998fe3b9b3be40"},"labels":[],"milestone":null,"assignees":[],"author":{"id":20210877,"username":"project_42823949_bot_23a338f5a77ff65fbe998fe3b9b3be40","name":"python-gitlab
        testing token for protop2g-test","state":"active","locked":false,"avatar_url":"https://secure.gravatar.com/avatar/af058ecaa20884749a3ce04c609cf7bcfc97ae3df418b9bab81d027921a138cf?s=80\u0026d=identicon","web_url":"https://gitlab.com/project_42823949_bot_23a338f5a77ff65fbe998fe3b9b3be40"},"type":"ISSUE","assignee":null,"user_notes_count":2,"merge_requests_count":0,"upvotes":0,"downvotes":0,"due_date":null,"confidential":false,"discussion_locked":null,"issue_type":"issue","web_url":"https://gitlab.com/gridhead/protop2g-test/-/issues/2","time_stats":{"time_estimate":0,"total_time_spent":0,"human_time_estimate":null,"human_total_time_spent":null},"task_completion_status":{"count":0,"completed_count":0},"blocking_issues_count":0,"has_tasks":true,"task_status":"0
        of 0 checklist items completed","_links":{"self":"https://gitlab.com/api/v4/projects/42823949/issues/2","notes":"https://gitlab.com/api/v4/projects/42823949/issues/2/notes","award_emoji":"https://gitlab.com/api/v4/projects/42823949/issues/2/award_emoji","project":"https://gitlab.com/api/v4/projects/42823949","closed_as_duplicate_of":null},"references":{"short":"#2","relative":"#2","full":"gridhead/protop2g-test#2"},"severity":"UNKNOWN","subscribed":true,"moved_to_id":null,"service_desk_reply_to":null}'
    headers:
      CF-Cache-Status:
      - MISS
      CF-RAY:
      - 85f7aba8acda93c2-CCU
      Connection:
      - keep-alive
      Content-Encoding:
      - gzip
      Content-Type:
      - application/json
      Date:
      - Tue, 05 Mar 2024 05:22:50 GMT
      NEL:
      - '{"success_fraction":0.01,"report_to":"cf-nel","max_age":604800}'
      Report-To:
      - '{"endpoints":[{"url":"https:\/\/a.nel.cloudflare.com\/report\/v3?s=Mc19i5fGO2WkKz%2FY86J14JUrFP5kSuO0GUmW1LD097YI8izks18JM2VnwHxDlcZQ0qU57IF04%2FVWZCgxF24tbkSoFainaj15%2FeDogvhawB3KdYnpgGgc%2FYO22BO2rEoghfzW0ey5sVU%3D"}],"group":"cf-nel","max_age":604800}'
      Server:
      - cloudflare
      Set-Cookie: ''
      Transfer-Encoding:
      - chunked
      cache-control:
      - max-age=0, private, must-revalidate
      content-security-policy:
      - default-src 'none'
      etag:
      - W/"7466cf3a66d1c7c936eb8fd9ba919318"
      gitlab-lb:
      - haproxy-main-42-lb-gprd
      gitlab-sv:
      - api-gke-us-east1-b
      referrer-policy:
      - strict-origin-when-cross-origin
      strict-transport-security:
      - max-age=31536000
      vary:
      - Origin, Accept-Encoding
      x-content-type-options:
      - nosniff
      x-frame-options:
      - SAMEORIGIN
      x-gitlab-meta:
      - '{"correlation_id":"38bfb75c4ad222dea16e3cfa07881878","version":"1"}'
      x-request-id:
      - 38bfb75c4ad222dea16e3cfa07881878
      x-runtime:
      - '0.150036'
    status:
      code: 200
      message: OK
- request:
    body: '{"body": "\nThe is the second comment under the second test issue\n\n_This
      comment was originally created [here](https://pagure.io/protop2g-test-srce/issue/2#comment-878476)
      by [**Akashdeep Dhar**](https://pagure.io/user/t0xic0der) under\n[this](https://pagure.io/protop2g-test-srce/issue/2)
      issue ticket on a Pagure repository, [**protop2g-test-srce**](https://pagure.io/protop2g-test-srce)
      on\n[**Fri Oct 13 04:06:16 2023** UTC](https://savvytime.com/converter/utc/oct-13-2023/04-06)._\n\n_This
      comment was automatically created by the\n[**Pagure Exporter**](https://github.com/gridhead/pagure-exporter)._\n"}'
    headers:
      Accept:
      - '*/*'
      Accept-Encoding:
      - gzip, deflate
      Connection:
      - keep-alive
      Content-Length:
      - '611'
      Content-type:
      - application/json
      Cookie:
      - _cfuvid=KK9db2fNhGM3QR6tiGVto4pDUpZEbcsrmnxp2ZiZ4k4-1709616163895-0.0.1.1-604800000
      User-Agent:
      - python-gitlab/4.4.0
    method: POST
    uri: https://gitlab.com/api/v4/projects/42823949/issues/2/discussions
  response:
    body:
      string: '{"id":"398ff32757c57a6c21d5c5cd569f94fd535d04ab","individual_note":false,"notes":[{"id":1800716688,"type":"DiscussionNote","body":"\nThe
        is the second comment under the second test issue\n\n_This comment was originally
        created [here](https://pagure.io/protop2g-test-srce/issue/2#comment-878476)
        by [**Akashdeep Dhar**](https://pagure.io/user/t0xic0der) under\n[this](https://pagure.io/protop2g-test-srce/issue/2)
        issue ticket on a Pagure repository, [**protop2g-test-srce**](https://pagure.io/protop2g-test-srce)
        on\n[**Fri Oct 13 04:06:16 2023** UTC](https://savvytime.com/converter/utc/oct-13-2023/04-06)._\n\n_This
        comment was automatically created by the\n[**Pagure Exporter**](https://github.com/gridhead/pagure-exporter)._","attachment":null,"author":{"id":20210877,"username":"project_42823949_bot_23a338f5a77ff65fbe998fe3b9b3be40","name":"****","state":"active","locked":false,"avatar_url":"https://secure.gravatar.com/avatar/af058ecaa20884749a3ce04c609cf7bcfc97ae3df418b9bab81d027921a138cf?s=80\u0026d=identicon","web_url":"https://gitlab.com/project_42823949_bot_23a338f5a77ff65fbe998fe3b9b3be40"},"created_at":"2024-03-05T05:22:51.434Z","updated_at":"2024-03-05T05:22:51.434Z","system":false,"noteable_id":142945904,"noteable_type":"Issue","project_id":42823949,"resolvable":true,"resolved":false,"resolved_by":null,"resolved_at":null,"confidential":false,"internal":false,"noteable_iid":2,"commands_changes":{}}]}'
    headers:
      CF-Cache-Status:
      - DYNAMIC
      CF-RAY:
      - 85f7abac2eb094be-CCU
      Connection:
      - keep-alive
      Content-Length:
      - '1425'
      Content-Type:
      - application/json
      Date:
      - Tue, 05 Mar 2024 05:22:51 GMT
      NEL:
      - '{"success_fraction":0.01,"report_to":"cf-nel","max_age":604800}'
      Report-To:
      - '{"endpoints":[{"url":"https:\/\/a.nel.cloudflare.com\/report\/v3?s=xp5iaAo519cyJsbKl90YNjhcL2Wo78R8CvsyZpUaOOfsWnRaW1UB9om9cm6%2FFoeai3ejZkwv4DJWZolbt6zQNHo%2BmSNxHaQfY%2FSZxEB0g1AMVUzIPScbvc0oZeYqUqlDurEY9lQPAfI%3D"}],"group":"cf-nel","max_age":604800}'
      Server:
      - cloudflare
      Set-Cookie: ''
      cache-control:
      - max-age=0, private, must-revalidate
      content-security-policy:
      - default-src 'none'
      etag:
      - W/"5b5ce1429ca985f86f12d647a4668992"
      gitlab-lb:
      - haproxy-main-14-lb-gprd
      gitlab-sv:
      - api-gke-us-east1-d
      referrer-policy:
      - strict-origin-when-cross-origin
      strict-transport-security:
      - max-age=31536000
      vary:
      - Origin
      x-content-type-options:
      - nosniff
      x-frame-options:
      - SAMEORIGIN
      x-gitlab-meta:
      - '{"correlation_id":"aea69a53911df78bb1f9973b1ad050d2","version":"1"}'
      x-request-id:
      - aea69a53911df78bb1f9973b1ad050d2
      x-runtime:
      - '0.484139'
    status:
      code: 201
      message: Created
- request:
    body: null
    headers:
      Accept:
      - '*/*'
      Accept-Encoding:
      - gzip, deflate
      Connection:
      - keep-alive
      Content-type:
      - application/json
      Cookie:
      - _cfuvid=KK9db2fNhGM3QR6tiGVto4pDUpZEbcsrmnxp2ZiZ4k4-1709616163895-0.0.1.1-604800000
      User-Agent:
      - python-gitlab/4.4.0
    method: GET
    uri: https://gitlab.com/api/v4/projects/42823949/issues/2
  response:
    body:
      string: '{"id":142945904,"iid":2,"project_id":42823949,"title":"[SN#2] This
        is the title of the second test issue","description":"\nThis is the body of
        the second test issue\n\n_This issue ticket was originally created [here](https://pagure.io/protop2g-test-srce/issue/2)
        on a Pagure repository,\n[**protop2g-test-srce**](https://pagure.io/protop2g-test-srce)
        by [**Akashdeep Dhar**](https://pagure.io/user/t0xic0der) on\n[**Fri Oct 13
        04:01:16 2023** UTC](https://savvytime.com/converter/utc/oct-13-2023/04-01)._\n\n_This
        issue ticket was automatically created by the\n[**Pagure Exporter**](https://github.com/gridhead/pagure-exporter)._","state":"closed","created_at":"2024-03-05T05:22:45.655Z","updated_at":"2024-03-05T05:22:47.168Z","closed_at":"2024-03-05T05:22:47.159Z","closed_by":{"id":20210877,"username":"project_42823949_bot_23a338f5a77ff65fbe998fe3b9b3be40","name":"python-gitlab
        testing token for protop2g-test","state":"active","locked":false,"avatar_url":"https://secure.gravatar.com/avatar/af058ecaa20884749a3ce04c609cf7bcfc97ae3df418b9bab81d027921a138cf?s=80\u0026d=identicon","web_url":"https://gitlab.com/project_42823949_bot_23a338f5a77ff65fbe998fe3b9b3be40"},"labels":[],"milestone":null,"assignees":[],"author":{"id":20210877,"username":"project_42823949_bot_23a338f5a77ff65fbe998fe3b9b3be40","name":"python-gitlab
        testing token for protop2g-test","state":"active","locked":false,"avatar_url":"https://secure.gravatar.com/avatar/af058ecaa20884749a3ce04c609cf7bcfc97ae3df418b9bab81d027921a138cf?s=80\u0026d=identicon","web_url":"https://gitlab.com/project_42823949_bot_23a338f5a77ff65fbe998fe3b9b3be40"},"type":"ISSUE","assignee":null,"user_notes_count":3,"merge_requests_count":0,"upvotes":0,"downvotes":0,"due_date":null,"confidential":false,"discussion_locked":null,"issue_type":"issue","web_url":"https://gitlab.com/gridhead/protop2g-test/-/issues/2","time_stats":{"time_estimate":0,"total_time_spent":0,"human_time_estimate":null,"human_total_time_spent":null},"task_completion_status":{"count":0,"completed_count":0},"blocking_issues_count":0,"has_tasks":true,"task_status":"0
        of 0 checklist items completed","_links":{"self":"https://gitlab.com/api/v4/projects/42823949/issues/2","notes":"https://gitlab.com/api/v4/projects/42823949/issues/2/notes","award_emoji":"https://gitlab.com/api/v4/projects/42823949/issues/2/award_emoji","project":"https://gitlab.com/api/v4/projects/42823949","closed_as_duplicate_of":null},"references":{"short":"#2","relative":"#2","full":"gridhead/protop2g-test#2"},"severity":"UNKNOWN","subscribed":true,"moved_to_id":null,"service_desk_reply_to":null}'
    headers:
      CF-Cache-Status:
      - MISS
      CF-RAY:
      - 85f7abb14e1e93c2-CCU
      Connection:
      - keep-alive
      Content-Encoding:
      - gzip
      Content-Type:
      - application/json
      Date:
      - Tue, 05 Mar 2024 05:22:52 GMT
      NEL:
      - '{"success_fraction":0.01,"report_to":"cf-nel","max_age":604800}'
      Report-To:
      - '{"endpoints":[{"url":"https:\/\/a.nel.cloudflare.com\/report\/v3?s=MU9ZXnnuH1H52IWcSxORxWI9SV2aTUSi6SIAnxC0afJUkhlOAAJZ3Ilet5dxXsK0DLJcjKDZgQnBDJMP2VPq72HhzF1qM1L1XJjkwvXEvocp%2F7SWpDCz1U%2FGPt%2BFJojiicQ5K5ABlkI%3D"}],"group":"cf-nel","max_age":604800}'
      Server:
      - cloudflare
      Set-Cookie: ''
      Transfer-Encoding:
      - chunked
      cache-control:
      - max-age=0, private, must-revalidate
      content-security-policy:
      - default-src 'none'
      etag:
      - W/"48ce16427f4223a1656b18657c3ca5a8"
      gitlab-lb:
      - haproxy-main-59-lb-gprd
      gitlab-sv:
      - api-gke-us-east1-d
      referrer-policy:
      - strict-origin-when-cross-origin
      strict-transport-security:
      - max-age=31536000
      vary:
      - Origin, Accept-Encoding
      x-content-type-options:
      - nosniff
      x-frame-options:
      - SAMEORIGIN
      x-gitlab-meta:
      - '{"correlation_id":"402361a5396df594f26a79ed0f9f0046","version":"1"}'
      x-request-id:
      - 402361a5396df594f26a79ed0f9f0046
      x-runtime:
      - '0.181269'
    status:
      code: 200
      message: OK
- request:
    body: '{"body": "\n**Metadata Update from &t0xic0der**:\n- Issue status updated
      to: Closed (was: Open)\n\n_This comment was originally created [here](https://pagure.io/protop2g-test-srce/issue/2#comment-878477)
      by [**Akashdeep Dhar**](https://pagure.io/user/t0xic0der) under\n[this](https://pagure.io/protop2g-test-srce/issue/2)
      issue ticket on a Pagure repository, [**protop2g-test-srce**](https://pagure.io/protop2g-test-srce)
      on\n[**Fri Oct 13 04:07:12 2023** UTC](https://savvytime.com/converter/utc/oct-13-2023/04-07)._\n\n_This
      comment was automatically created by the\n[**Pagure Exporter**](https://github.com/gridhead/pagure-exporter)._\n"}'
    headers:
      Accept:
      - '*/*'
      Accept-Encoding:
      - gzip, deflate
      Connection:
      - keep-alive
      Content-Length:
      - '641'
      Content-type:
      - application/json
      Cookie:
      - _cfuvid=KK9db2fNhGM3QR6tiGVto4pDUpZEbcsrmnxp2ZiZ4k4-1709616163895-0.0.1.1-604800000
      User-Agent:
      - python-gitlab/4.4.0
    method: POST
    uri: https://gitlab.com/api/v4/projects/42823949/issues/2/discussions
  response:
    body:
      string: '{"id":"0a0d136a7956c520894b5866615ba5593d4826e9","individual_note":false,"notes":[{"id":1800716703,"type":"DiscussionNote","body":"\n**Metadata
        Update from \u0026t0xic0der**:\n- Issue status updated to: Closed (was: Open)\n\n_This
        comment was originally created [here](https://pagure.io/protop2g-test-srce/issue/2#comment-878477)
        by [**Akashdeep Dhar**](https://pagure.io/user/t0xic0der) under\n[this](https://pagure.io/protop2g-test-srce/issue/2)
        issue ticket on a Pagure repository, [**protop2g-test-srce**](https://pagure.io/protop2g-test-srce)
        on\n[**Fri Oct 13 04:07:12 2023** UTC](https://savvytime.com/converter/utc/oct-13-2023/04-07)._\n\n_This
        comment was automatically created by the\n[**Pagure Exporter**](https://github.com/gridhead/pagure-exporter)._","attachment":null,"author":{"id":20210877,"username":"project_42823949_bot_23a338f5a77ff65fbe998fe3b9b3be40","name":"****","state":"active","locked":false,"avatar_url":"https://secure.gravatar.com/avatar/af058ecaa20884749a3ce04c609cf7bcfc97ae3df418b9bab81d027921a138cf?s=80\u0026d=identicon","web_url":"https://gitlab.com/project_42823949_bot_23a338f5a77ff65fbe998fe3b9b3be40"},"created_at":"2024-03-05T05:22:52.788Z","updated_at":"2024-03-05T05:22:52.788Z","system":false,"noteable_id":142945904,"noteable_type":"Issue","project_id":42823949,"resolvable":true,"resolved":false,"resolved_by":null,"resolved_at":null,"confidential":false,"internal":false,"noteable_iid":2,"commands_changes":{}}]}'
    headers:
      CF-Cache-Status:
      - DYNAMIC
      CF-RAY:
      - 85f7abb4bf4a94ce-CCU
      Connection:
      - keep-alive
      Content-Length:
      - '1460'
      Content-Type:
      - application/json
      Date:
      - Tue, 05 Mar 2024 05:22:52 GMT
      NEL:
      - '{"success_fraction":0.01,"report_to":"cf-nel","max_age":604800}'
      Report-To:
      - '{"endpoints":[{"url":"https:\/\/a.nel.cloudflare.com\/report\/v3?s=WY6WNDXsIteuZTv1IHXbWtJOmcoyLcmLaVDYm6kxPVX%2BnjGyPA2UafF83LOFVRuhIFVqzOvSENRWJhINnd7yMKtoYXDL1l6E9KMh%2FFa5yvEa%2F6naiICkYxkRnhS0LNgBsnsOwSDgZM0%3D"}],"group":"cf-nel","max_age":604800}'
      Server:
      - cloudflare
      Set-Cookie: ''
      cache-control:
      - max-age=0, private, must-revalidate
      content-security-policy:
      - default-src 'none'
      etag:
      - W/"f626c26adb0029071d588ce0d007ae80"
      gitlab-lb:
      - haproxy-main-60-lb-gprd
      gitlab-sv:
      - api-gke-us-east1-b
      referrer-policy:
      - strict-origin-when-cross-origin
      strict-transport-security:
      - max-age=31536000
      vary:
      - Origin
      x-content-type-options:
      - nosniff
      x-frame-options:
      - SAMEORIGIN
      x-gitlab-meta:
      - '{"correlation_id":"aa93347dd5ca0953a9d7ae77c7ae7b1e","version":"1"}'
      x-request-id:
      - aa93347dd5ca0953a9d7ae77c7ae7b1e
      x-runtime:
      - '0.418841'
    status:
      code: 201
      message: Created
version: 1
