interactions:
- request:
    body: null
    headers:
      Accept:
      - '*/*'
      Accept-Encoding:
      - gzip, deflate
      Connection:
      - keep-alive
      Content-type:
      - application/json
      User-Agent:
      - python-gitlab/4.4.0
    method: GET
    uri: https://gitlab.com/api/v4/projects/42823949
  response:
    body:
      string: '{"id":42823949,"description":null,"name":"protop2g-test","name_with_namespace":"Akashdeep
        Dhar / protop2g-test","path":"protop2g-test","path_with_namespace":"gridhead/protop2g-test","created_at":"2023-01-23T16:18:30.217Z","default_branch":"main","tag_list":[],"topics":[],"ssh_url_to_repo":"git@gitlab.com:gridhead/protop2g-test.git","http_url_to_repo":"https://gitlab.com/gridhead/protop2g-test.git","web_url":"https://gitlab.com/gridhead/protop2g-test","readme_url":"https://gitlab.com/gridhead/protop2g-test/-/blob/main/README.md","forks_count":0,"avatar_url":null,"star_count":0,"last_activity_at":"2024-03-06T02:29:51.816Z","namespace":{"id":13984834,"name":"Akashdeep
        Dhar","path":"gridhead","kind":"user","full_path":"gridhead","parent_id":null,"avatar_url":"https://secure.gravatar.com/avatar/e412343841597e2fb1e952dd2b1077fc95537604ce04a27c5bfb94bdb0dc3da8?s=80\u0026d=identicon","web_url":"https://gitlab.com/gridhead"},"container_registry_image_prefix":"registry.gitlab.com/gridhead/protop2g-test","_links":{"self":"https://gitlab.com/api/v4/projects/42823949","issues":"https://gitlab.com/api/v4/projects/42823949/issues","merge_requests":"https://gitlab.com/api/v4/projects/42823949/merge_requests","repo_branches":"https://gitlab.com/api/v4/projects/42823949/repository/branches","labels":"https://gitlab.com/api/v4/projects/42823949/labels","events":"https://gitlab.com/api/v4/projects/42823949/events","members":"https://gitlab.com/api/v4/projects/42823949/members","cluster_agents":"https://gitlab.com/api/v4/projects/42823949/cluster_agents"},"packages_enabled":true,"empty_repo":false,"archived":false,"visibility":"public","owner":{"id":10115999,"username":"gridhead","name":"Akashdeep
        Dhar","state":"active","locked":false,"avatar_url":"https://secure.gravatar.com/avatar/e412343841597e2fb1e952dd2b1077fc95537604ce04a27c5bfb94bdb0dc3da8?s=80\u0026d=identicon","web_url":"https://gitlab.com/gridhead"},"resolve_outdated_diff_discussions":false,"container_expiration_policy":{"cadence":"1d","enabled":false,"keep_n":10,"older_than":"90d","name_regex":".*","name_regex_keep":null,"next_run_at":"2023-01-24T16:18:30.271Z"},"repository_object_format":"sha1","issues_enabled":true,"merge_requests_enabled":true,"wiki_enabled":true,"jobs_enabled":true,"snippets_enabled":true,"container_registry_enabled":true,"service_desk_enabled":true,"service_desk_address":"contact-project+gridhead-protop2g-test-42823949-issue-@incoming.gitlab.com","can_create_merge_request_in":true,"issues_access_level":"enabled","repository_access_level":"enabled","merge_requests_access_level":"enabled","forking_access_level":"enabled","wiki_access_level":"enabled","builds_access_level":"enabled","snippets_access_level":"enabled","pages_access_level":"enabled","analytics_access_level":"enabled","container_registry_access_level":"enabled","security_and_compliance_access_level":"private","releases_access_level":"private","environments_access_level":"enabled","feature_flags_access_level":"private","infrastructure_access_level":"private","monitor_access_level":"enabled","model_experiments_access_level":"enabled","model_registry_access_level":"enabled","emails_disabled":false,"emails_enabled":true,"shared_runners_enabled":true,"lfs_enabled":true,"creator_id":10115999,"import_url":null,"import_type":null,"import_status":"none","import_error":null,"open_issues_count":0,"description_html":"","updated_at":"2024-03-06T02:29:51.816Z","ci_default_git_depth":20,"ci_forward_deployment_enabled":true,"ci_forward_deployment_rollback_allowed":true,"ci_job_token_scope_enabled":false,"ci_separated_caches":true,"ci_allow_fork_pipelines_to_run_in_parent_project":true,"build_git_strategy":"fetch","keep_latest_artifact":true,"restrict_user_defined_variables":false,"runners_token":"SECURE_STANDARD_PASSWORD_HERE","runner_token_expiration_interval":null,"group_runners_enabled":true,"auto_cancel_pending_pipelines":"enabled","build_timeout":3600,"auto_devops_enabled":false,"auto_devops_deploy_strategy":"continuous","ci_config_path":"","public_jobs":true,"shared_with_groups":[],"only_allow_merge_if_pipeline_succeeds":false,"allow_merge_on_skipped_pipeline":null,"request_access_enabled":true,"only_allow_merge_if_all_discussions_are_resolved":false,"remove_source_branch_after_merge":true,"printing_merge_request_link_enabled":true,"merge_method":"merge","squash_option":"default_off","enforce_auth_checks_on_uploads":true,"suggestion_commit_message":null,"merge_commit_template":null,"squash_commit_template":null,"issue_branch_template":null,"warn_about_potentially_unwanted_characters":true,"autoclose_referenced_issues":true,"external_authorization_classification_label":"","requirements_enabled":false,"requirements_access_level":"enabled","security_and_compliance_enabled":true,"compliance_frameworks":[],"permissions":{"project_access":{"access_level":50,"notification_level":3},"group_access":null}}'
    headers:
      CF-Cache-Status:
      - MISS
      CF-RAY:
      - 85feed427db494be-CCU
      Connection:
      - keep-alive
      Content-Encoding:
      - gzip
      Content-Type:
      - application/json
      Date:
      - Wed, 06 Mar 2024 02:30:58 GMT
      NEL:
      - '{"success_fraction":0.01,"report_to":"cf-nel","max_age":604800}'
      Report-To:
      - '{"endpoints":[{"url":"https:\/\/a.nel.cloudflare.com\/report\/v3?s=PJJEBOn3Mv1VtZlDe3PNjXeeq9F4k8Jguywtjr1BwMzWwJQON8xdHpkDh6eywwVWPfQQ4%2Fk0mVp%2FKaiLX1ISBWUdNLp028f206%2BpG4IizO8w%2BjpAwInS5HDmeT6eQfJF6gxZmYDE5Ow%3D"}],"group":"cf-nel","max_age":604800}'
      Server:
      - cloudflare
      Set-Cookie: ''
      Transfer-Encoding:
      - chunked
      cache-control:
      - max-age=0, private, must-revalidate
      content-security-policy:
      - default-src 'none'
      etag:
      - W/"d7889926960e4033b27a5ebb12a1570f"
      gitlab-lb:
      - haproxy-main-06-lb-gprd
      gitlab-sv:
      - gke-cny-api
      referrer-policy:
      - strict-origin-when-cross-origin
      strict-transport-security:
      - max-age=31536000
      vary:
      - Origin, Accept-Encoding
      x-content-type-options:
      - nosniff
      x-frame-options:
      - SAMEORIGIN
      x-gitlab-meta:
      - '{"correlation_id":"64b04b492c4f63e31a152ce7db9c185b","version":"1"}'
      x-request-id:
      - 64b04b492c4f63e31a152ce7db9c185b
      x-runtime:
      - '0.128355'
    status:
      code: 200
      message: OK
- request:
    body: null
    headers:
      Accept:
      - '*/*'
      Accept-Encoding:
      - gzip, deflate
      Connection:
      - keep-alive
      Content-Length:
      - '0'
      Content-type:
      - application/json
      Cookie:
      - _cfuvid=6VJnxZVdO0vPVmqU3hiK4.PlJTgaRKEXD8FVJfJE8Us-1709692258146-0.0.1.1-604800000
      User-Agent:
      - python-gitlab/4.4.0
    method: DELETE
    uri: https://gitlab.com/api/v4/projects/42823949/issues/1
  response:
    body:
      string: '{"message":"404 Issue Not Found"}'
    headers:
      CF-Cache-Status:
      - DYNAMIC
      CF-RAY:
      - 85feed45c92294be-CCU
      Connection:
      - keep-alive
      Content-Length:
      - '33'
      Content-Type:
      - application/json
      Date:
      - Wed, 06 Mar 2024 02:30:58 GMT
      NEL:
      - '{"success_fraction":0.01,"report_to":"cf-nel","max_age":604800}'
      Report-To:
      - '{"endpoints":[{"url":"https:\/\/a.nel.cloudflare.com\/report\/v3?s=bpPpve8dsjS9az52sizHthXovNF2oVSmkYpG8tpT8IsYEcOCKstfKtxcQyKhvs%2FZZCom0a22WeR%2BWivyL%2BRRuUVsFPZbiIqtJmDBu5JJQjojgHlQemT%2BLPyJothr16fCeI7UgJQqqUQ%3D"}],"group":"cf-nel","max_age":604800}'
      Server:
      - cloudflare
      Set-Cookie: ''
      cache-control:
      - no-cache
      content-security-policy:
      - default-src 'none'
      gitlab-lb:
      - haproxy-main-06-lb-gprd
      gitlab-sv:
      - api-gke-us-east1-b
      referrer-policy:
      - strict-origin-when-cross-origin
      strict-transport-security:
      - max-age=31536000
      vary:
      - Origin
      x-content-type-options:
      - nosniff
      x-frame-options:
      - SAMEORIGIN
      x-gitlab-meta:
      - '{"correlation_id":"7a23fcb32ca3fed2540d4db2e380d616","version":"1"}'
      x-request-id:
      - 7a23fcb32ca3fed2540d4db2e380d616
      x-runtime:
      - '0.044432'
    status:
      code: 404
      message: Not Found
- request:
    body: null
    headers:
      Accept:
      - '*/*'
      Accept-Encoding:
      - gzip, deflate
      Connection:
      - keep-alive
      Content-Length:
      - '0'
      Content-type:
      - application/json
      Cookie:
      - _cfuvid=6VJnxZVdO0vPVmqU3hiK4.PlJTgaRKEXD8FVJfJE8Us-1709692258146-0.0.1.1-604800000
      User-Agent:
      - python-gitlab/4.4.0
    method: DELETE
    uri: https://gitlab.com/api/v4/projects/42823949/issues/2
  response:
    body:
      string: ''
    headers:
      CF-Cache-Status:
      - DYNAMIC
      CF-RAY:
      - 85feed494f8993c2-CCU
      Connection:
      - keep-alive
      Date:
      - Wed, 06 Mar 2024 02:30:59 GMT
      NEL:
      - '{"success_fraction":0.01,"report_to":"cf-nel","max_age":604800}'
      Report-To:
      - '{"endpoints":[{"url":"https:\/\/a.nel.cloudflare.com\/report\/v3?s=9cOhWCKgdkO2YFS8KUBzzMGw0lxubEsLu6zyR2EvhyS4mtUcPuzXlhjjrcMYmqo3%2B5Bxg83d29rfJ6%2FMw1l%2FqbL%2FDtCqyqvy0dv3PTkSaW%2BDGnzHdxg2P3hfcW75%2BszYAVCyZBbYozQ%3D"}],"group":"cf-nel","max_age":604800}'
      Server:
      - cloudflare
      Set-Cookie: ''
      cache-control:
      - no-cache
      content-security-policy:
      - default-src 'none'
      gitlab-lb:
      - haproxy-main-41-lb-gprd
      gitlab-sv:
      - api-gke-us-east1-d
      referrer-policy:
      - strict-origin-when-cross-origin
      strict-transport-security:
      - max-age=31536000
      vary:
      - Origin
      x-content-type-options:
      - nosniff
      x-frame-options:
      - SAMEORIGIN
      x-gitlab-meta:
      - '{"correlation_id":"0fa3bd254f54aef4db7c0deebab803cd","version":"1"}'
      x-request-id:
      - 0fa3bd254f54aef4db7c0deebab803cd
      x-runtime:
      - '0.520089'
    status:
      code: 204
      message: No Content
- request:
    body: null
    headers:
      Accept:
      - '*/*'
      Accept-Encoding:
      - gzip, deflate
      Connection:
      - keep-alive
      Content-Length:
      - '0'
      Content-type:
      - application/json
      Cookie:
      - _cfuvid=6VJnxZVdO0vPVmqU3hiK4.PlJTgaRKEXD8FVJfJE8Us-1709692258146-0.0.1.1-604800000
      User-Agent:
      - python-gitlab/4.4.0
    method: DELETE
    uri: https://gitlab.com/api/v4/projects/42823949/issues/3
  response:
    body:
      string: '{"message":"404 Issue Not Found"}'
    headers:
      CF-Cache-Status:
      - DYNAMIC
      CF-RAY:
      - 85feed4edb0093c1-CCU
      Connection:
      - keep-alive
      Content-Length:
      - '33'
      Content-Type:
      - application/json
      Date:
      - Wed, 06 Mar 2024 02:31:00 GMT
      NEL:
      - '{"success_fraction":0.01,"report_to":"cf-nel","max_age":604800}'
      Report-To:
      - '{"endpoints":[{"url":"https:\/\/a.nel.cloudflare.com\/report\/v3?s=9vIqqkFiMblb%2FEY07dMWOlukqui8PdKshKJgBQI%2FTiVVPdwWyueKqb%2BeqZ9x2ZckDcLaFzp3Fxl4%2BW9I4H1lsyiwd39F5jfrtm%2BThWMnrbEsEFlMYxcbR1Zz70OlD4CVxtAWBetpeNY%3D"}],"group":"cf-nel","max_age":604800}'
      Server:
      - cloudflare
      Set-Cookie: ''
      cache-control:
      - no-cache
      content-security-policy:
      - default-src 'none'
      gitlab-lb:
      - haproxy-main-03-lb-gprd
      gitlab-sv:
      - api-gke-us-east1-b
      referrer-policy:
      - strict-origin-when-cross-origin
      strict-transport-security:
      - max-age=31536000
      vary:
      - Origin
      x-content-type-options:
      - nosniff
      x-frame-options:
      - SAMEORIGIN
      x-gitlab-meta:
      - '{"correlation_id":"eef0dca21a5ef1aa2de842d2e76cae10","version":"1"}'
      x-request-id:
      - eef0dca21a5ef1aa2de842d2e76cae10
      x-runtime:
      - '0.512684'
    status:
      code: 404
      message: Not Found
- request:
    body: null
    headers:
      Accept:
      - '*/*'
      Accept-Encoding:
      - gzip, deflate
      Connection:
      - keep-alive
      Content-Length:
      - '0'
      Content-type:
      - application/json
      Cookie:
      - _cfuvid=6VJnxZVdO0vPVmqU3hiK4.PlJTgaRKEXD8FVJfJE8Us-1709692258146-0.0.1.1-604800000
      User-Agent:
      - python-gitlab/4.4.0
    method: DELETE
    uri: https://gitlab.com/api/v4/projects/42823949/issues/4
  response:
    body:
      string: ''
    headers:
      CF-Cache-Status:
      - DYNAMIC
      CF-RAY:
      - 85feed55cffb93cb-CCU
      Connection:
      - keep-alive
      Date:
      - Wed, 06 Mar 2024 02:31:01 GMT
      NEL:
      - '{"success_fraction":0.01,"report_to":"cf-nel","max_age":604800}'
      Report-To:
      - '{"endpoints":[{"url":"https:\/\/a.nel.cloudflare.com\/report\/v3?s=62VIbf2fYe8D%2BgQK6QxE88uayesQDaznW93w7UY5NFfM0q75qjQJ8kMTgnZm9GPTUW6LdAQJAu9WQu9CWHDB2Kzq6y2zzYysLE%2Fnc4v113xmyem4gf32MqWTFgrxJZ%2BsMYcK15lb7Tc%3D"}],"group":"cf-nel","max_age":604800}'
      Server:
      - cloudflare
      Set-Cookie: ''
      cache-control:
      - no-cache
      content-security-policy:
      - default-src 'none'
      gitlab-lb:
      - haproxy-main-41-lb-gprd
      gitlab-sv:
      - api-gke-us-east1-d
      referrer-policy:
      - strict-origin-when-cross-origin
      strict-transport-security:
      - max-age=31536000
      vary:
      - Origin
      x-content-type-options:
      - nosniff
      x-frame-options:
      - SAMEORIGIN
      x-gitlab-meta:
      - '{"correlation_id":"4be5961b6862e717e5289eaa08c4939e","version":"1"}'
      x-request-id:
      - 4be5961b6862e717e5289eaa08c4939e
      x-runtime:
      - '0.558989'
    status:
      code: 204
      message: No Content
- request:
    body: null
    headers:
      Accept:
      - '*/*'
      Accept-Encoding:
      - gzip, deflate
      Connection:
      - keep-alive
      User-Agent:
      - python-requests/2.31.0
    method: GET
    uri: https://pagure.io/api/0/protop2g-test-srce
  response:
    body:
      string: "{\n  \"access_groups\": {\n    \"admin\": [], \n    \"collaborator\":
        [], \n    \"commit\": [], \n    \"ticket\": []\n  }, \n  \"access_users\":
        {\n    \"admin\": [], \n    \"collaborator\": [], \n    \"commit\": [], \n
        \   \"owner\": [\n      \"t0xic0der\"\n    ], \n    \"ticket\": []\n  }, \n
        \ \"close_status\": [], \n  \"custom_keys\": [], \n  \"date_created\": \"1697168063\",
        \n  \"date_modified\": \"1697168063\", \n  \"description\": \"The source namespace
        for the Pagure Exporter project to run tests against\", \n  \"full_url\":
        \"https://pagure.io/protop2g-test-srce\", \n  \"fullname\": \"protop2g-test-srce\",
        \n  \"id\": 17042, \n  \"milestones\": {}, \n  \"name\": \"protop2g-test-srce\",
        \n  \"namespace\": null, \n  \"parent\": null, \n  \"priorities\": {}, \n
        \ \"tags\": [], \n  \"url_path\": \"protop2g-test-srce\", \n  \"user\": {\n
        \   \"full_url\": \"https://pagure.io/user/t0xic0der\", \n    \"fullname\":
        \"Akashdeep Dhar\", \n    \"name\": \"t0xic0der\", \n    \"url_path\": \"user/t0xic0der\"\n
        \ }\n}\n"
    headers:
      Connection:
      - Upgrade, Keep-Alive
      Content-Length:
      - '902'
      Content-Security-Policy:
      - default-src 'self';script-src 'self' 'nonce-SA4pl3RjepMgjXaVbRvldPv2s'; style-src
        'self' 'nonce-SA4pl3RjepMgjXaVbRvldPv2s'; object-src 'none';base-uri 'self';img-src
        'self' https:;connect-src 'self' https://pagure.io:8088;frame-src https://docs.pagure.org;frame-ancestors
        https://pagure.io;
      Content-Type:
      - application/json
      Date:
      - Wed, 06 Mar 2024 02:31:02 GMT
      Keep-Alive:
      - timeout=5, max=100
      Referrer-Policy:
      - same-origin
      Server:
      - Apache/2.4.37 (Red Hat Enterprise Linux) OpenSSL/1.1.1k mod_wsgi/4.6.4 Python/3.6
      Set-Cookie: ''
      Strict-Transport-Security:
      - max-age=31536000; includeSubDomains; preload
      Upgrade:
      - h2,h2c
      X-Content-Type-Options:
      - nosniff
      X-Frame-Options:
      - ALLOW-FROM https://pagure.io/
      X-Xss-Protection:
      - 1; mode=block
    status:
      code: 200
      message: OK
- request:
    body: null
    headers:
      Accept:
      - '*/*'
      Accept-Encoding:
      - gzip, deflate
      Connection:
      - keep-alive
      Content-type:
      - application/json
      User-Agent:
      - python-gitlab/4.4.0
    method: GET
    uri: https://gitlab.com/api/v4/projects/42823949
  response:
    body:
      string: '{"id":42823949,"description":null,"name":"protop2g-test","name_with_namespace":"Akashdeep
        Dhar / protop2g-test","path":"protop2g-test","path_with_namespace":"gridhead/protop2g-test","created_at":"2023-01-23T16:18:30.217Z","default_branch":"main","tag_list":[],"topics":[],"ssh_url_to_repo":"git@gitlab.com:gridhead/protop2g-test.git","http_url_to_repo":"https://gitlab.com/gridhead/protop2g-test.git","web_url":"https://gitlab.com/gridhead/protop2g-test","readme_url":"https://gitlab.com/gridhead/protop2g-test/-/blob/main/README.md","forks_count":0,"avatar_url":null,"star_count":0,"last_activity_at":"2024-03-06T02:29:51.816Z","namespace":{"id":13984834,"name":"Akashdeep
        Dhar","path":"gridhead","kind":"user","full_path":"gridhead","parent_id":null,"avatar_url":"https://secure.gravatar.com/avatar/e412343841597e2fb1e952dd2b1077fc95537604ce04a27c5bfb94bdb0dc3da8?s=80\u0026d=identicon","web_url":"https://gitlab.com/gridhead"},"container_registry_image_prefix":"registry.gitlab.com/gridhead/protop2g-test","_links":{"self":"https://gitlab.com/api/v4/projects/42823949","issues":"https://gitlab.com/api/v4/projects/42823949/issues","merge_requests":"https://gitlab.com/api/v4/projects/42823949/merge_requests","repo_branches":"https://gitlab.com/api/v4/projects/42823949/repository/branches","labels":"https://gitlab.com/api/v4/projects/42823949/labels","events":"https://gitlab.com/api/v4/projects/42823949/events","members":"https://gitlab.com/api/v4/projects/42823949/members","cluster_agents":"https://gitlab.com/api/v4/projects/42823949/cluster_agents"},"packages_enabled":true,"empty_repo":false,"archived":false,"visibility":"public","owner":{"id":10115999,"username":"gridhead","name":"Akashdeep
        Dhar","state":"active","locked":false,"avatar_url":"https://secure.gravatar.com/avatar/e412343841597e2fb1e952dd2b1077fc95537604ce04a27c5bfb94bdb0dc3da8?s=80\u0026d=identicon","web_url":"https://gitlab.com/gridhead"},"resolve_outdated_diff_discussions":false,"container_expiration_policy":{"cadence":"1d","enabled":false,"keep_n":10,"older_than":"90d","name_regex":".*","name_regex_keep":null,"next_run_at":"2023-01-24T16:18:30.271Z"},"repository_object_format":"sha1","issues_enabled":true,"merge_requests_enabled":true,"wiki_enabled":true,"jobs_enabled":true,"snippets_enabled":true,"container_registry_enabled":true,"service_desk_enabled":true,"service_desk_address":"contact-project+gridhead-protop2g-test-42823949-issue-@incoming.gitlab.com","can_create_merge_request_in":true,"issues_access_level":"enabled","repository_access_level":"enabled","merge_requests_access_level":"enabled","forking_access_level":"enabled","wiki_access_level":"enabled","builds_access_level":"enabled","snippets_access_level":"enabled","pages_access_level":"enabled","analytics_access_level":"enabled","container_registry_access_level":"enabled","security_and_compliance_access_level":"private","releases_access_level":"private","environments_access_level":"enabled","feature_flags_access_level":"private","infrastructure_access_level":"private","monitor_access_level":"enabled","model_experiments_access_level":"enabled","model_registry_access_level":"enabled","emails_disabled":false,"emails_enabled":true,"shared_runners_enabled":true,"lfs_enabled":true,"creator_id":10115999,"import_url":null,"import_type":null,"import_status":"none","import_error":null,"open_issues_count":0,"description_html":"","updated_at":"2024-03-06T02:29:51.816Z","ci_default_git_depth":20,"ci_forward_deployment_enabled":true,"ci_forward_deployment_rollback_allowed":true,"ci_job_token_scope_enabled":false,"ci_separated_caches":true,"ci_allow_fork_pipelines_to_run_in_parent_project":true,"build_git_strategy":"fetch","keep_latest_artifact":true,"restrict_user_defined_variables":false,"runners_token":"SECURE_STANDARD_PASSWORD_HERE","runner_token_expiration_interval":null,"group_runners_enabled":true,"auto_cancel_pending_pipelines":"enabled","build_timeout":3600,"auto_devops_enabled":false,"auto_devops_deploy_strategy":"continuous","ci_config_path":"","public_jobs":true,"shared_with_groups":[],"only_allow_merge_if_pipeline_succeeds":false,"allow_merge_on_skipped_pipeline":null,"request_access_enabled":true,"only_allow_merge_if_all_discussions_are_resolved":false,"remove_source_branch_after_merge":true,"printing_merge_request_link_enabled":true,"merge_method":"merge","squash_option":"default_off","enforce_auth_checks_on_uploads":true,"suggestion_commit_message":null,"merge_commit_template":null,"squash_commit_template":null,"issue_branch_template":null,"warn_about_potentially_unwanted_characters":true,"autoclose_referenced_issues":true,"external_authorization_classification_label":"","requirements_enabled":false,"requirements_access_level":"enabled","security_and_compliance_enabled":true,"compliance_frameworks":[],"permissions":{"project_access":{"access_level":50,"notification_level":3},"group_access":null}}'
    headers:
      CF-Cache-Status:
      - MISS
      CF-RAY:
      - 85feed636a6c94b0-CCU
      Connection:
      - keep-alive
      Content-Encoding:
      - gzip
      Content-Type:
      - application/json
      Date:
      - Wed, 06 Mar 2024 02:31:03 GMT
      NEL:
      - '{"success_fraction":0.01,"report_to":"cf-nel","max_age":604800}'
      Report-To:
      - '{"endpoints":[{"url":"https:\/\/a.nel.cloudflare.com\/report\/v3?s=%2FDfEkxoZqPeDC37vUInp4KDWFyqpMbbz9PWfu1%2Bwr0VOceS9rG0qdFj0fFpDQhhXHw3ECEPa9U6R5HhSUvtsQlv0j5ODTL3DQqR7sSzr3ArIfO06XK19GFA%2F%2BF7M3xOWrecAEAzra%2F8%3D"}],"group":"cf-nel","max_age":604800}'
      Server:
      - cloudflare
      Set-Cookie: ''
      Transfer-Encoding:
      - chunked
      cache-control:
      - max-age=0, private, must-revalidate
      content-security-policy:
      - default-src 'none'
      etag:
      - W/"d7889926960e4033b27a5ebb12a1570f"
      gitlab-lb:
      - haproxy-main-36-lb-gprd
      gitlab-sv:
      - api-gke-us-east1-b
      referrer-policy:
      - strict-origin-when-cross-origin
      strict-transport-security:
      - max-age=31536000
      vary:
      - Origin, Accept-Encoding
      x-content-type-options:
      - nosniff
      x-frame-options:
      - SAMEORIGIN
      x-gitlab-meta:
      - '{"correlation_id":"f9c01df8dbc4c9088b3b9616a448edb4","version":"1"}'
      x-request-id:
      - f9c01df8dbc4c9088b3b9616a448edb4
      x-runtime:
      - '0.174773'
    status:
      code: 200
      message: OK
- request:
    body: null
    headers:
      Accept:
      - '*/*'
      Accept-Encoding:
      - gzip, deflate
      Connection:
      - keep-alive
      User-Agent:
      - python-requests/2.31.0
    method: GET
    uri: https://pagure.io/api/0/protop2g-test-srce/issues?per_page=35&page=1
  response:
    body:
      string: "{\n  \"args\": {\n    \"assignee\": null, \n    \"author\": null, \n
        \   \"milestones\": [], \n    \"no_stones\": null, \n    \"order\": null,
        \n    \"priority\": null, \n    \"since\": null, \n    \"status\": null, \n
        \   \"tags\": []\n  }, \n  \"issues\": [\n    {\n      \"assignee\": null,
        \n      \"blocks\": [], \n      \"close_status\": null, \n      \"closed_at\":
        null, \n      \"closed_by\": null, \n      \"comments\": [\n        {\n          \"comment\":
        \"This is the first comment under the third test issue\", \n          \"date_created\":
        \"1700553880\", \n          \"edited_on\": null, \n          \"editor\": null,
        \n          \"id\": 885229, \n          \"notification\": false, \n          \"parent\":
        null, \n          \"reactions\": {}, \n          \"user\": {\n            \"full_url\":
        \"https://pagure.io/user/t0xic0der\", \n            \"fullname\": \"Akashdeep
        Dhar\", \n            \"name\": \"t0xic0der\", \n            \"url_path\":
        \"user/t0xic0der\"\n          }\n        }, \n        {\n          \"comment\":
        \"This is the second comment under the third test issue\", \n          \"date_created\":
        \"1700553892\", \n          \"edited_on\": null, \n          \"editor\": null,
        \n          \"id\": 885230, \n          \"notification\": false, \n          \"parent\":
        null, \n          \"reactions\": {}, \n          \"user\": {\n            \"full_url\":
        \"https://pagure.io/user/t0xic0der\", \n            \"fullname\": \"Akashdeep
        Dhar\", \n            \"name\": \"t0xic0der\", \n            \"url_path\":
        \"user/t0xic0der\"\n          }\n        }\n      ], \n      \"content\":
        \"This is the body of the third test issue\", \n      \"custom_fields\": [],
        \n      \"date_created\": \"1700553837\", \n      \"depends\": [], \n      \"full_url\":
        \"https://pagure.io/protop2g-test-srce/issue/3\", \n      \"id\": 3, \n      \"last_updated\":
        \"1700553892\", \n      \"milestone\": null, \n      \"priority\": null, \n
        \     \"private\": true, \n      \"related_prs\": [], \n      \"status\":
        \"Open\", \n      \"tags\": [\n        \"eeee\", \n        \"ffff\"\n      ],
        \n      \"title\": \"This is the title of the third test issue\", \n      \"user\":
        {\n        \"full_url\": \"https://pagure.io/user/t0xic0der\", \n        \"fullname\":
        \"Akashdeep Dhar\", \n        \"name\": \"t0xic0der\", \n        \"url_path\":
        \"user/t0xic0der\"\n      }\n    }, \n    {\n      \"assignee\": null, \n
        \     \"blocks\": [], \n      \"close_status\": null, \n      \"closed_at\":
        null, \n      \"closed_by\": null, \n      \"comments\": [\n        {\n          \"comment\":
        \"**Metadata Update from @t0xic0der**:\\n- Issue tagged with: aaaa, bbbb\",
        \n          \"date_created\": \"1697169699\", \n          \"edited_on\": null,
        \n          \"editor\": null, \n          \"id\": 878471, \n          \"notification\":
        true, \n          \"parent\": null, \n          \"reactions\": {}, \n          \"user\":
        {\n            \"full_url\": \"https://pagure.io/user/t0xic0der\", \n            \"fullname\":
        \"Akashdeep Dhar\", \n            \"name\": \"t0xic0der\", \n            \"url_path\":
        \"user/t0xic0der\"\n          }\n        }, \n        {\n          \"comment\":
        \"This is the first comment under the first test issue\", \n          \"date_created\":
        \"1697169880\", \n          \"edited_on\": null, \n          \"editor\": null,
        \n          \"id\": 878473, \n          \"notification\": false, \n          \"parent\":
        null, \n          \"reactions\": {}, \n          \"user\": {\n            \"full_url\":
        \"https://pagure.io/user/t0xic0der\", \n            \"fullname\": \"Akashdeep
        Dhar\", \n            \"name\": \"t0xic0der\", \n            \"url_path\":
        \"user/t0xic0der\"\n          }\n        }, \n        {\n          \"comment\":
        \"This is the second comment under the first test issue\", \n          \"date_created\":
        \"1697169924\", \n          \"edited_on\": null, \n          \"editor\": null,
        \n          \"id\": 878474, \n          \"notification\": false, \n          \"parent\":
        null, \n          \"reactions\": {}, \n          \"user\": {\n            \"full_url\":
        \"https://pagure.io/user/t0xic0der\", \n            \"fullname\": \"Akashdeep
        Dhar\", \n            \"name\": \"t0xic0der\", \n            \"url_path\":
        \"user/t0xic0der\"\n          }\n        }\n      ], \n      \"content\":
        \"This is the body of the first test issue\", \n      \"custom_fields\": [],
        \n      \"date_created\": \"1697169462\", \n      \"depends\": [], \n      \"full_url\":
        \"https://pagure.io/protop2g-test-srce/issue/1\", \n      \"id\": 1, \n      \"last_updated\":
        \"1697169924\", \n      \"milestone\": null, \n      \"priority\": null, \n
        \     \"private\": false, \n      \"related_prs\": [], \n      \"status\":
        \"Open\", \n      \"tags\": [\n        \"aaaa\", \n        \"bbbb\"\n      ],
        \n      \"title\": \"This is the title of the first test issue\", \n      \"user\":
        {\n        \"full_url\": \"https://pagure.io/user/t0xic0der\", \n        \"fullname\":
        \"Akashdeep Dhar\", \n        \"name\": \"t0xic0der\", \n        \"url_path\":
        \"user/t0xic0der\"\n      }\n    }\n  ], \n  \"pagination\": {\n    \"first\":
        \"https://pagure.io/api/0/protop2g-test-srce/issues?per_page=35&page=1\",
        \n    \"last\": \"https://pagure.io/api/0/protop2g-test-srce/issues?per_page=35&page=1\",
        \n    \"next\": null, \n    \"page\": 1, \n    \"pages\": 1, \n    \"per_page\":
        35, \n    \"prev\": null\n  }, \n  \"total_issues\": 2\n}\n"
    headers:
      Connection:
      - Upgrade, Keep-Alive
      Content-Length:
      - '4909'
      Content-Security-Policy:
      - default-src 'self';script-src 'self' 'nonce-jJrScBMcWmulQFaX6mMGKtwQq'; style-src
        'self' 'nonce-jJrScBMcWmulQFaX6mMGKtwQq'; object-src 'none';base-uri 'self';img-src
        'self' https:;connect-src 'self' https://pagure.io:8088;frame-src https://docs.pagure.org;frame-ancestors
        https://pagure.io;
      Content-Type:
      - application/json
      Date:
      - Wed, 06 Mar 2024 02:31:04 GMT
      Keep-Alive:
      - timeout=5, max=100
      Referrer-Policy:
      - same-origin
      Server:
      - Apache/2.4.37 (Red Hat Enterprise Linux) OpenSSL/1.1.1k mod_wsgi/4.6.4 Python/3.6
      Set-Cookie: ''
      Strict-Transport-Security:
      - max-age=31536000; includeSubDomains; preload
      Upgrade:
      - h2,h2c
      X-Content-Type-Options:
      - nosniff
      X-Frame-Options:
      - ALLOW-FROM https://pagure.io/
      X-Xss-Protection:
      - 1; mode=block
    status:
      code: 200
      message: OK
- request:
    body: null
    headers:
      Accept:
      - '*/*'
      Accept-Encoding:
      - gzip, deflate
      Connection:
      - keep-alive
      User-Agent:
      - python-requests/2.31.0
    method: GET
    uri: https://pagure.io/api/0/protop2g-test-srce/issues?per_page=35&page=1
  response:
    body:
      string: "{\n  \"args\": {\n    \"assignee\": null, \n    \"author\": null, \n
        \   \"milestones\": [], \n    \"no_stones\": null, \n    \"order\": null,
        \n    \"priority\": null, \n    \"since\": null, \n    \"status\": null, \n
        \   \"tags\": []\n  }, \n  \"issues\": [\n    {\n      \"assignee\": null,
        \n      \"blocks\": [], \n      \"close_status\": null, \n      \"closed_at\":
        null, \n      \"closed_by\": null, \n      \"comments\": [\n        {\n          \"comment\":
        \"This is the first comment under the third test issue\", \n          \"date_created\":
        \"1700553880\", \n          \"edited_on\": null, \n          \"editor\": null,
        \n          \"id\": 885229, \n          \"notification\": false, \n          \"parent\":
        null, \n          \"reactions\": {}, \n          \"user\": {\n            \"full_url\":
        \"https://pagure.io/user/t0xic0der\", \n            \"fullname\": \"Akashdeep
        Dhar\", \n            \"name\": \"t0xic0der\", \n            \"url_path\":
        \"user/t0xic0der\"\n          }\n        }, \n        {\n          \"comment\":
        \"This is the second comment under the third test issue\", \n          \"date_created\":
        \"1700553892\", \n          \"edited_on\": null, \n          \"editor\": null,
        \n          \"id\": 885230, \n          \"notification\": false, \n          \"parent\":
        null, \n          \"reactions\": {}, \n          \"user\": {\n            \"full_url\":
        \"https://pagure.io/user/t0xic0der\", \n            \"fullname\": \"Akashdeep
        Dhar\", \n            \"name\": \"t0xic0der\", \n            \"url_path\":
        \"user/t0xic0der\"\n          }\n        }\n      ], \n      \"content\":
        \"This is the body of the third test issue\", \n      \"custom_fields\": [],
        \n      \"date_created\": \"1700553837\", \n      \"depends\": [], \n      \"full_url\":
        \"https://pagure.io/protop2g-test-srce/issue/3\", \n      \"id\": 3, \n      \"last_updated\":
        \"1700553892\", \n      \"milestone\": null, \n      \"priority\": null, \n
        \     \"private\": true, \n      \"related_prs\": [], \n      \"status\":
        \"Open\", \n      \"tags\": [\n        \"eeee\", \n        \"ffff\"\n      ],
        \n      \"title\": \"This is the title of the third test issue\", \n      \"user\":
        {\n        \"full_url\": \"https://pagure.io/user/t0xic0der\", \n        \"fullname\":
        \"Akashdeep Dhar\", \n        \"name\": \"t0xic0der\", \n        \"url_path\":
        \"user/t0xic0der\"\n      }\n    }, \n    {\n      \"assignee\": null, \n
        \     \"blocks\": [], \n      \"close_status\": null, \n      \"closed_at\":
        null, \n      \"closed_by\": null, \n      \"comments\": [\n        {\n          \"comment\":
        \"**Metadata Update from @t0xic0der**:\\n- Issue tagged with: aaaa, bbbb\",
        \n          \"date_created\": \"1697169699\", \n          \"edited_on\": null,
        \n          \"editor\": null, \n          \"id\": 878471, \n          \"notification\":
        true, \n          \"parent\": null, \n          \"reactions\": {}, \n          \"user\":
        {\n            \"full_url\": \"https://pagure.io/user/t0xic0der\", \n            \"fullname\":
        \"Akashdeep Dhar\", \n            \"name\": \"t0xic0der\", \n            \"url_path\":
        \"user/t0xic0der\"\n          }\n        }, \n        {\n          \"comment\":
        \"This is the first comment under the first test issue\", \n          \"date_created\":
        \"1697169880\", \n          \"edited_on\": null, \n          \"editor\": null,
        \n          \"id\": 878473, \n          \"notification\": false, \n          \"parent\":
        null, \n          \"reactions\": {}, \n          \"user\": {\n            \"full_url\":
        \"https://pagure.io/user/t0xic0der\", \n            \"fullname\": \"Akashdeep
        Dhar\", \n            \"name\": \"t0xic0der\", \n            \"url_path\":
        \"user/t0xic0der\"\n          }\n        }, \n        {\n          \"comment\":
        \"This is the second comment under the first test issue\", \n          \"date_created\":
        \"1697169924\", \n          \"edited_on\": null, \n          \"editor\": null,
        \n          \"id\": 878474, \n          \"notification\": false, \n          \"parent\":
        null, \n          \"reactions\": {}, \n          \"user\": {\n            \"full_url\":
        \"https://pagure.io/user/t0xic0der\", \n            \"fullname\": \"Akashdeep
        Dhar\", \n            \"name\": \"t0xic0der\", \n            \"url_path\":
        \"user/t0xic0der\"\n          }\n        }\n      ], \n      \"content\":
        \"This is the body of the first test issue\", \n      \"custom_fields\": [],
        \n      \"date_created\": \"1697169462\", \n      \"depends\": [], \n      \"full_url\":
        \"https://pagure.io/protop2g-test-srce/issue/1\", \n      \"id\": 1, \n      \"last_updated\":
        \"1697169924\", \n      \"milestone\": null, \n      \"priority\": null, \n
        \     \"private\": false, \n      \"related_prs\": [], \n      \"status\":
        \"Open\", \n      \"tags\": [\n        \"aaaa\", \n        \"bbbb\"\n      ],
        \n      \"title\": \"This is the title of the first test issue\", \n      \"user\":
        {\n        \"full_url\": \"https://pagure.io/user/t0xic0der\", \n        \"fullname\":
        \"Akashdeep Dhar\", \n        \"name\": \"t0xic0der\", \n        \"url_path\":
        \"user/t0xic0der\"\n      }\n    }\n  ], \n  \"pagination\": {\n    \"first\":
        \"https://pagure.io/api/0/protop2g-test-srce/issues?per_page=35&page=1\",
        \n    \"last\": \"https://pagure.io/api/0/protop2g-test-srce/issues?per_page=35&page=1\",
        \n    \"next\": null, \n    \"page\": 1, \n    \"pages\": 1, \n    \"per_page\":
        35, \n    \"prev\": null\n  }, \n  \"total_issues\": 2\n}\n"
    headers:
      Connection:
      - Upgrade, Keep-Alive
      Content-Length:
      - '4909'
      Content-Security-Policy:
      - default-src 'self';script-src 'self' 'nonce-fjkriZrZUUToS1aDksGJAwyzA'; style-src
        'self' 'nonce-fjkriZrZUUToS1aDksGJAwyzA'; object-src 'none';base-uri 'self';img-src
        'self' https:;connect-src 'self' https://pagure.io:8088;frame-src https://docs.pagure.org;frame-ancestors
        https://pagure.io;
      Content-Type:
      - application/json
      Date:
      - Wed, 06 Mar 2024 02:31:05 GMT
      Keep-Alive:
      - timeout=5, max=100
      Referrer-Policy:
      - same-origin
      Server:
      - Apache/2.4.37 (Red Hat Enterprise Linux) OpenSSL/1.1.1k mod_wsgi/4.6.4 Python/3.6
      Set-Cookie: ''
      Strict-Transport-Security:
      - max-age=31536000; includeSubDomains; preload
      Upgrade:
      - h2,h2c
      X-Content-Type-Options:
      - nosniff
      X-Frame-Options:
      - ALLOW-FROM https://pagure.io/
      X-Xss-Protection:
      - 1; mode=block
    status:
      code: 200
      message: OK
- request:
    body: '{"title": "[SN#3] This is the title of the third test issue", "description":
      "\nThis is the body of the third test issue\n\n_This issue ticket was originally
      created [here](https://pagure.io/protop2g-test-srce/issue/3) on a Pagure repository,\n[**protop2g-test-srce**](https://pagure.io/protop2g-test-srce)
      by [**Akashdeep Dhar**](https://pagure.io/user/t0xic0der) on\n[**Tue Nov 21
      08:03:57 2023** UTC](https://savvytime.com/converter/utc/nov-21-2023/08-03)._\n\n_This
      issue ticket was automatically created by the\n[**Pagure Exporter**](https://github.com/gridhead/pagure-exporter)._\n",
      "confidential": true, "iid": 3}'
    headers:
      Accept:
      - '*/*'
      Accept-Encoding:
      - gzip, deflate
      Connection:
      - keep-alive
      Content-Length:
      - '621'
      Content-type:
      - application/json
      Cookie:
      - _cfuvid=Pxnahmad2TJ0mG7if0hrj97VNNB1aobqmrPH.2eFFMY-1709692263456-0.0.1.1-604800000
      User-Agent:
      - python-gitlab/4.4.0
    method: POST
    uri: https://gitlab.com/api/v4/projects/42823949/issues
  response:
    body:
      string: '{"id":142989065,"iid":3,"project_id":42823949,"title":"[SN#3] This
        is the title of the third test issue","description":"\nThis is the body of
        the third test issue\n\n_This issue ticket was originally created [here](https://pagure.io/protop2g-test-srce/issue/3)
        on a Pagure repository,\n[**protop2g-test-srce**](https://pagure.io/protop2g-test-srce)
        by [**Akashdeep Dhar**](https://pagure.io/user/t0xic0der) on\n[**Tue Nov 21
        08:03:57 2023** UTC](https://savvytime.com/converter/utc/nov-21-2023/08-03)._\n\n_This
        issue ticket was automatically created by the\n[**Pagure Exporter**](https://github.com/gridhead/pagure-exporter)._","state":"opened","created_at":"2024-03-06T02:31:06.986Z","updated_at":"2024-03-06T02:31:06.986Z","closed_at":null,"closed_by":null,"labels":[],"milestone":null,"assignees":[],"author":{"id":20210877,"username":"project_42823949_bot_23a338f5a77ff65fbe998fe3b9b3be40","name":"python-gitlab
        testing token for protop2g-test","state":"active","locked":false,"avatar_url":"https://secure.gravatar.com/avatar/af058ecaa20884749a3ce04c609cf7bcfc97ae3df418b9bab81d027921a138cf?s=80\u0026d=identicon","web_url":"https://gitlab.com/project_42823949_bot_23a338f5a77ff65fbe998fe3b9b3be40"},"type":"ISSUE","assignee":null,"user_notes_count":0,"merge_requests_count":0,"upvotes":0,"downvotes":0,"due_date":null,"confidential":true,"discussion_locked":null,"issue_type":"issue","web_url":"https://gitlab.com/gridhead/protop2g-test/-/issues/3","time_stats":{"time_estimate":0,"total_time_spent":0,"human_time_estimate":null,"human_total_time_spent":null},"task_completion_status":{"count":0,"completed_count":0},"blocking_issues_count":0,"has_tasks":true,"task_status":"0
        of 0 checklist items completed","_links":{"self":"https://gitlab.com/api/v4/projects/42823949/issues/3","notes":"https://gitlab.com/api/v4/projects/42823949/issues/3/notes","award_emoji":"https://gitlab.com/api/v4/projects/42823949/issues/3/award_emoji","project":"https://gitlab.com/api/v4/projects/42823949","closed_as_duplicate_of":null},"references":{"short":"#3","relative":"#3","full":"gridhead/protop2g-test#3"},"severity":"UNKNOWN","subscribed":true,"moved_to_id":null,"service_desk_reply_to":null}'
    headers:
      CF-Cache-Status:
      - DYNAMIC
      CF-RAY:
      - 85feed76bd3993cb-CCU
      Connection:
      - keep-alive
      Content-Length:
      - '2189'
      Content-Type:
      - application/json
      Date:
      - Wed, 06 Mar 2024 02:31:07 GMT
      NEL:
      - '{"success_fraction":0.01,"report_to":"cf-nel","max_age":604800}'
      Report-To:
      - '{"endpoints":[{"url":"https:\/\/a.nel.cloudflare.com\/report\/v3?s=2UUesP%2FkoKu9vq%2B7dPq40v0MSuThh9Tx1kvvdRREBexeGWtahXPKZ4mQeo6ZZYPWEfMUBltc%2B9WIzX%2BHzR3npL0oSULdknXGo6LiLj1AS3XqC0AacdMy0sg5RRGELWCZimqbh4qN%2FPk%3D"}],"group":"cf-nel","max_age":604800}'
      Server:
      - cloudflare
      Set-Cookie: ''
      cache-control:
      - max-age=0, private, must-revalidate
      content-security-policy:
      - default-src 'none'
      etag:
      - W/"dd166929557ea0529faba20cc16c4dd4"
      gitlab-lb:
      - haproxy-main-39-lb-gprd
      gitlab-sv:
      - api-gke-us-east1-b
      referrer-policy:
      - strict-origin-when-cross-origin
      strict-transport-security:
      - max-age=31536000
      vary:
      - Origin
      x-content-type-options:
      - nosniff
      x-frame-options:
      - SAMEORIGIN
      x-gitlab-meta:
      - '{"correlation_id":"eb035d74ab8c01a68d5816840c15342c","version":"1"}'
      x-request-id:
      - eb035d74ab8c01a68d5816840c15342c
      x-runtime:
      - '0.425902'
    status:
      code: 201
      message: Created
- request:
    body: '{"title": "[SN#1] This is the title of the first test issue", "description":
      "\nThis is the body of the first test issue\n\n_This issue ticket was originally
      created [here](https://pagure.io/protop2g-test-srce/issue/1) on a Pagure repository,\n[**protop2g-test-srce**](https://pagure.io/protop2g-test-srce)
      by [**Akashdeep Dhar**](https://pagure.io/user/t0xic0der) on\n[**Fri Oct 13
      03:57:42 2023** UTC](https://savvytime.com/converter/utc/oct-13-2023/03-57)._\n\n_This
      issue ticket was automatically created by the\n[**Pagure Exporter**](https://github.com/gridhead/pagure-exporter)._\n",
      "confidential": false, "iid": 1}'
    headers:
      Accept:
      - '*/*'
      Accept-Encoding:
      - gzip, deflate
      Connection:
      - keep-alive
      Content-Length:
      - '622'
      Content-type:
      - application/json
      Cookie:
      - _cfuvid=Pxnahmad2TJ0mG7if0hrj97VNNB1aobqmrPH.2eFFMY-1709692263456-0.0.1.1-604800000
      User-Agent:
      - python-gitlab/4.4.0
    method: POST
    uri: https://gitlab.com/api/v4/projects/42823949/issues
  response:
    body:
      string: '{"id":142989067,"iid":1,"project_id":42823949,"title":"[SN#1] This
        is the title of the first test issue","description":"\nThis is the body of
        the first test issue\n\n_This issue ticket was originally created [here](https://pagure.io/protop2g-test-srce/issue/1)
        on a Pagure repository,\n[**protop2g-test-srce**](https://pagure.io/protop2g-test-srce)
        by [**Akashdeep Dhar**](https://pagure.io/user/t0xic0der) on\n[**Fri Oct 13
        03:57:42 2023** UTC](https://savvytime.com/converter/utc/oct-13-2023/03-57)._\n\n_This
        issue ticket was automatically created by the\n[**Pagure Exporter**](https://github.com/gridhead/pagure-exporter)._","state":"opened","created_at":"2024-03-06T02:31:08.033Z","updated_at":"2024-03-06T02:31:08.033Z","closed_at":null,"closed_by":null,"labels":[],"milestone":null,"assignees":[],"author":{"id":20210877,"username":"project_42823949_bot_23a338f5a77ff65fbe998fe3b9b3be40","name":"python-gitlab
        testing token for protop2g-test","state":"active","locked":false,"avatar_url":"https://secure.gravatar.com/avatar/af058ecaa20884749a3ce04c609cf7bcfc97ae3df418b9bab81d027921a138cf?s=80\u0026d=identicon","web_url":"https://gitlab.com/project_42823949_bot_23a338f5a77ff65fbe998fe3b9b3be40"},"type":"ISSUE","assignee":null,"user_notes_count":0,"merge_requests_count":0,"upvotes":0,"downvotes":0,"due_date":null,"confidential":false,"discussion_locked":null,"issue_type":"issue","web_url":"https://gitlab.com/gridhead/protop2g-test/-/issues/1","time_stats":{"time_estimate":0,"total_time_spent":0,"human_time_estimate":null,"human_total_time_spent":null},"task_completion_status":{"count":0,"completed_count":0},"blocking_issues_count":0,"has_tasks":true,"task_status":"0
        of 0 checklist items completed","_links":{"self":"https://gitlab.com/api/v4/projects/42823949/issues/1","notes":"https://gitlab.com/api/v4/projects/42823949/issues/1/notes","award_emoji":"https://gitlab.com/api/v4/projects/42823949/issues/1/award_emoji","project":"https://gitlab.com/api/v4/projects/42823949","closed_as_duplicate_of":null},"references":{"short":"#1","relative":"#1","full":"gridhead/protop2g-test#1"},"severity":"UNKNOWN","subscribed":true,"moved_to_id":null,"service_desk_reply_to":null}'
    headers:
      CF-Cache-Status:
      - DYNAMIC
      CF-RAY:
      - 85feed7fbd8894ce-CCU
      Connection:
      - keep-alive
      Content-Length:
      - '2190'
      Content-Type:
      - application/json
      Date:
      - Wed, 06 Mar 2024 02:31:08 GMT
      NEL:
      - '{"success_fraction":0.01,"report_to":"cf-nel","max_age":604800}'
      Report-To:
      - '{"endpoints":[{"url":"https:\/\/a.nel.cloudflare.com\/report\/v3?s=nNDJGMp6D%2BjpqbTorybjKa1n19p7fHj9rL0PmMkDm3bk7ODcNIzqdxVTbS1q23JXC3OFpSp%2FD7km4utXqRYJrLcpHe5%2B9vug2ZhOjQ%2Fb9DCDkIC56AFxJ5o6cd5cugBntc7RI%2FVME88%3D"}],"group":"cf-nel","max_age":604800}'
      Server:
      - cloudflare
      Set-Cookie: ''
      cache-control:
      - max-age=0, private, must-revalidate
      content-security-policy:
      - default-src 'none'
      etag:
      - W/"a33cc8d200bcd39ed4c2d92feb433903"
      gitlab-lb:
      - haproxy-main-58-lb-gprd
      gitlab-sv:
      - api-gke-us-east1-c
      referrer-policy:
      - strict-origin-when-cross-origin
      strict-transport-security:
      - max-age=31536000
      vary:
      - Origin
      x-content-type-options:
      - nosniff
      x-frame-options:
      - SAMEORIGIN
      x-gitlab-meta:
      - '{"correlation_id":"b8c028a4054bf936bbcb440da4fa9993","version":"1"}'
      x-request-id:
      - b8c028a4054bf936bbcb440da4fa9993
      x-runtime:
      - '0.480131'
    status:
      code: 201
      message: Created
version: 1
