interactions:
- request:
    body: null
    headers:
      Accept:
      - '*/*'
      Accept-Encoding:
      - gzip, deflate
      Connection:
      - keep-alive
      Content-type:
      - application/json
      User-Agent:
      - python-gitlab/4.4.0
    method: GET
    uri: https://gitlab.com/api/v4/projects/42823949
  response:
    body:
      string: '{"id":42823949,"description":null,"name":"protop2g-test","name_with_namespace":"Akashdeep
        Dhar / protop2g-test","path":"protop2g-test","path_with_namespace":"gridhead/protop2g-test","created_at":"2023-01-23T16:18:30.217Z","default_branch":"main","tag_list":[],"topics":[],"ssh_url_to_repo":"git@gitlab.com:gridhead/protop2g-test.git","http_url_to_repo":"https://gitlab.com/gridhead/protop2g-test.git","web_url":"https://gitlab.com/gridhead/protop2g-test","readme_url":"https://gitlab.com/gridhead/protop2g-test/-/blob/main/README.md","forks_count":0,"avatar_url":null,"star_count":0,"last_activity_at":"2025-01-16T09:07:07.931Z","namespace":{"id":13984834,"name":"Akashdeep
        Dhar","path":"gridhead","kind":"user","full_path":"gridhead","parent_id":null,"avatar_url":"https://secure.gravatar.com/avatar/e412343841597e2fb1e952dd2b1077fc95537604ce04a27c5bfb94bdb0dc3da8?s=80\u0026d=identicon","web_url":"https://gitlab.com/gridhead"},"container_registry_image_prefix":"registry.gitlab.com/gridhead/protop2g-test","_links":{"self":"https://gitlab.com/api/v4/projects/42823949","issues":"https://gitlab.com/api/v4/projects/42823949/issues","merge_requests":"https://gitlab.com/api/v4/projects/42823949/merge_requests","repo_branches":"https://gitlab.com/api/v4/projects/42823949/repository/branches","labels":"https://gitlab.com/api/v4/projects/42823949/labels","events":"https://gitlab.com/api/v4/projects/42823949/events","members":"https://gitlab.com/api/v4/projects/42823949/members","cluster_agents":"https://gitlab.com/api/v4/projects/42823949/cluster_agents"},"packages_enabled":true,"empty_repo":false,"archived":false,"visibility":"public","owner":{"id":10115999,"username":"gridhead","name":"Akashdeep
        Dhar","state":"active","locked":false,"avatar_url":"https://secure.gravatar.com/avatar/e412343841597e2fb1e952dd2b1077fc95537604ce04a27c5bfb94bdb0dc3da8?s=80\u0026d=identicon","web_url":"https://gitlab.com/gridhead"},"resolve_outdated_diff_discussions":false,"container_expiration_policy":{"cadence":"1d","enabled":false,"keep_n":10,"older_than":"90d","name_regex":".*","name_regex_keep":null,"next_run_at":"2023-01-24T16:18:30.271Z"},"repository_object_format":"sha1","issues_enabled":true,"merge_requests_enabled":true,"wiki_enabled":true,"jobs_enabled":true,"snippets_enabled":true,"container_registry_enabled":true,"service_desk_enabled":true,"service_desk_address":"contact-project+gridhead-protop2g-test-42823949-issue-@incoming.gitlab.com","can_create_merge_request_in":true,"issues_access_level":"enabled","repository_access_level":"enabled","merge_requests_access_level":"enabled","forking_access_level":"enabled","wiki_access_level":"enabled","builds_access_level":"enabled","snippets_access_level":"enabled","pages_access_level":"enabled","analytics_access_level":"enabled","container_registry_access_level":"enabled","security_and_compliance_access_level":"private","releases_access_level":"private","environments_access_level":"enabled","feature_flags_access_level":"private","infrastructure_access_level":"private","monitor_access_level":"enabled","model_experiments_access_level":"enabled","model_registry_access_level":"enabled","emails_disabled":false,"emails_enabled":true,"shared_runners_enabled":true,"lfs_enabled":true,"creator_id":10115999,"import_url":null,"import_type":null,"import_status":"none","import_error":null,"open_issues_count":44,"description_html":"","updated_at":"2025-01-16T09:07:07.931Z","ci_default_git_depth":20,"ci_delete_pipelines_in_seconds":null,"ci_forward_deployment_enabled":true,"ci_forward_deployment_rollback_allowed":true,"ci_job_token_scope_enabled":false,"ci_separated_caches":true,"ci_allow_fork_pipelines_to_run_in_parent_project":true,"ci_id_token_sub_claim_components":["project_path","ref_type","ref"],"build_git_strategy":"fetch","keep_latest_artifact":true,"restrict_user_defined_variables":false,"ci_pipeline_variables_minimum_override_role":"maintainer","runners_token":"GR1348941sCx7wBz2q8f1o-w5YBm2","runner_token_expiration_interval":null,"group_runners_enabled":true,"auto_cancel_pending_pipelines":"enabled","build_timeout":3600,"auto_devops_enabled":false,"auto_devops_deploy_strategy":"continuous","ci_push_repository_for_job_token_allowed":false,"ci_config_path":"","public_jobs":true,"shared_with_groups":[],"only_allow_merge_if_pipeline_succeeds":false,"allow_merge_on_skipped_pipeline":null,"request_access_enabled":true,"only_allow_merge_if_all_discussions_are_resolved":false,"remove_source_branch_after_merge":true,"printing_merge_request_link_enabled":true,"merge_method":"merge","squash_option":"default_off","enforce_auth_checks_on_uploads":true,"suggestion_commit_message":null,"merge_commit_template":null,"squash_commit_template":null,"issue_branch_template":null,"warn_about_potentially_unwanted_characters":true,"autoclose_referenced_issues":true,"external_authorization_classification_label":"","requirements_enabled":false,"requirements_access_level":"enabled","security_and_compliance_enabled":true,"compliance_frameworks":[],"permissions":{"project_access":{"access_level":50,"notification_level":3},"group_access":null}}'
    headers:
      CF-Cache-Status:
      - MISS
      CF-Ray:
      - 902d340b092d3188-BOM
      Cache-Control:
      - max-age=0, private, must-revalidate
      Connection:
      - keep-alive
      Content-Encoding:
      - gzip
      Content-Type:
      - application/json
      Date:
      - Thu, 16 Jan 2025 09:50:48 GMT
      ETag:
      - W/"2671463c2f4dedbf4a220d0c07ccccfc"
      NEL:
      - '{"success_fraction":0.01,"report_to":"cf-nel","max_age":604800}'
      Report-To:
      - '{"endpoints":[{"url":"https:\/\/a.nel.cloudflare.com\/report\/v4?s=AgDdvP%2F5TtQgVFWadFkpMtzJgdRPsJPSSOrBugRFeMxrMDTMJBoIVfXlgeqkauepH19jASi8828cK%2Br63cVq7Hml4HHmM0fOui8nz7FTC6MoCRSXlqDXyvzWRlg%3D"}],"group":"cf-nel","max_age":604800}'
      Server:
      - cloudflare
      Set-Cookie: ''
      Strict-Transport-Security:
      - max-age=31536000
      Transfer-Encoding:
      - chunked
      Vary:
      - Origin, Accept-Encoding
      content-security-policy:
      - default-src 'none'
      gitlab-lb:
      - haproxy-main-42-lb-gprd
      gitlab-sv:
      - api-gke-us-east1-b
      referrer-policy:
      - strict-origin-when-cross-origin
      x-content-type-options:
      - nosniff
      x-frame-options:
      - SAMEORIGIN
      x-gitlab-meta:
      - '{"correlation_id":"38d88792e3d0634123188a60e4fbe0da","version":"1"}'
      x-request-id:
      - 38d88792e3d0634123188a60e4fbe0da
      x-runtime:
      - '0.194313'
    status:
      code: 200
      message: OK
- request:
    body: null
    headers:
      Accept:
      - '*/*'
      Accept-Encoding:
      - gzip, deflate
      Connection:
      - keep-alive
      Content-Length:
      - '0'
      Content-type:
      - application/json
      Cookie:
      - _cfuvid=MjnET_1_osSkHcyFIrRb3Wy_PUAdXjdpTPX8AgPCOzk-1737021048597-0.0.1.1-604800000
      User-Agent:
      - python-gitlab/4.4.0
    method: DELETE
    uri: https://gitlab.com/api/v4/projects/42823949/issues/1
  response:
    body:
      string: '{"message":"404 Issue Not Found"}'
    headers:
      CF-Cache-Status:
      - DYNAMIC
      CF-Ray:
      - 902d34128af5f30b-BOM
      Cache-Control:
      - no-cache
      Connection:
      - keep-alive
      Content-Length:
      - '33'
      Content-Type:
      - application/json
      Date:
      - Thu, 16 Jan 2025 09:50:49 GMT
      NEL:
      - '{"success_fraction":0.01,"report_to":"cf-nel","max_age":604800}'
      Report-To:
      - '{"endpoints":[{"url":"https:\/\/a.nel.cloudflare.com\/report\/v4?s=LLAzVCbLZuzZt3xWvIbIQr58W0%2BlRuh8ltm1vVXY36ygHGew607x2CtjdoZULt8qBS4GBiq9AEl8jV%2FIAGNeWGmoiQzYFdRxs30%2FCqwyzYEYeTCwYjH3LNltGcY%3D"}],"group":"cf-nel","max_age":604800}'
      Server:
      - cloudflare
      Set-Cookie: ''
      Strict-Transport-Security:
      - max-age=31536000
      Vary:
      - Origin, Accept-Encoding
      content-security-policy:
      - default-src 'none'
      gitlab-lb:
      - haproxy-main-59-lb-gprd
      gitlab-sv:
      - api-gke-us-east1-d
      referrer-policy:
      - strict-origin-when-cross-origin
      x-content-type-options:
      - nosniff
      x-frame-options:
      - SAMEORIGIN
      x-gitlab-meta:
      - '{"correlation_id":"8bc1b5a521c0bd976db6186b9032eabf","version":"1"}'
      x-request-id:
      - 8bc1b5a521c0bd976db6186b9032eabf
      x-runtime:
      - '0.067629'
    status:
      code: 404
      message: Not Found
- request:
    body: null
    headers:
      Accept:
      - '*/*'
      Accept-Encoding:
      - gzip, deflate
      Connection:
      - keep-alive
      Content-Length:
      - '0'
      Content-type:
      - application/json
      Cookie:
      - _cfuvid=MjnET_1_osSkHcyFIrRb3Wy_PUAdXjdpTPX8AgPCOzk-1737021048597-0.0.1.1-604800000
      User-Agent:
      - python-gitlab/4.4.0
    method: DELETE
    uri: https://gitlab.com/api/v4/projects/42823949/issues/2
  response:
    body:
      string: ''
    headers:
      CF-Cache-Status:
      - DYNAMIC
      CF-Ray:
      - 902d3415bb7c8593-BOM
      Cache-Control:
      - no-cache
      Connection:
      - keep-alive
      Date:
      - Thu, 16 Jan 2025 09:50:49 GMT
      NEL:
      - '{"success_fraction":0.01,"report_to":"cf-nel","max_age":604800}'
      Report-To:
      - '{"endpoints":[{"url":"https:\/\/a.nel.cloudflare.com\/report\/v4?s=3nCmEYLxfmkGnSJrj2Wiu7ruf79CJEE7lX3lUyxJI5ze0BoQgABmFyxugbNg%2B5zXxIcn7G4ROu%2F2BnNfKqtTqRK%2BntcA%2FCLyTTHmFnWZfq5ERa3%2BKd%2FxA57BsE8%3D"}],"group":"cf-nel","max_age":604800}'
      Server:
      - cloudflare
      Set-Cookie: ''
      Strict-Transport-Security:
      - max-age=31536000
      Vary:
      - Origin, Accept-Encoding
      content-security-policy:
      - default-src 'none'
      gitlab-lb:
      - haproxy-main-18-lb-gprd
      gitlab-sv:
      - api-gke-us-east1-b
      referrer-policy:
      - strict-origin-when-cross-origin
      x-content-type-options:
      - nosniff
      x-frame-options:
      - SAMEORIGIN
      x-gitlab-meta:
      - '{"correlation_id":"7b4378e76bff69cd4f1dc9a136bc4e01","version":"1"}'
      x-request-id:
      - 7b4378e76bff69cd4f1dc9a136bc4e01
      x-runtime:
      - '0.217764'
    status:
      code: 204
      message: No Content
- request:
    body: null
    headers:
      Accept:
      - '*/*'
      Accept-Encoding:
      - gzip, deflate
      Connection:
      - keep-alive
      Content-Length:
      - '0'
      Content-type:
      - application/json
      Cookie:
      - _cfuvid=MjnET_1_osSkHcyFIrRb3Wy_PUAdXjdpTPX8AgPCOzk-1737021048597-0.0.1.1-604800000
      User-Agent:
      - python-gitlab/4.4.0
    method: DELETE
    uri: https://gitlab.com/api/v4/projects/42823949/issues/3
  response:
    body:
      string: '{"message":"404 Issue Not Found"}'
    headers:
      CF-Cache-Status:
      - DYNAMIC
      CF-Ray:
      - 902d34198bb51c00-BOM
      Cache-Control:
      - no-cache
      Connection:
      - keep-alive
      Content-Length:
      - '33'
      Content-Type:
      - application/json
      Date:
      - Thu, 16 Jan 2025 09:50:50 GMT
      NEL:
      - '{"success_fraction":0.01,"report_to":"cf-nel","max_age":604800}'
      Report-To:
      - '{"endpoints":[{"url":"https:\/\/a.nel.cloudflare.com\/report\/v4?s=NwgCI0H9tkFXm91FTLxgtq%2BET7QFag0KtLA1BLGghxgcitDWK2fm2BhvhQXmESs7VMxGzsrX5Vlfb6ORIDc7hOWNGlvc4hL0QSlUpsOZpEogA0jeyG%2BbjzLS3m0%3D"}],"group":"cf-nel","max_age":604800}'
      Server:
      - cloudflare
      Set-Cookie: ''
      Strict-Transport-Security:
      - max-age=31536000
      Vary:
      - Origin, Accept-Encoding
      content-security-policy:
      - default-src 'none'
      gitlab-lb:
      - haproxy-main-26-lb-gprd
      gitlab-sv:
      - gke-cny-api
      referrer-policy:
      - strict-origin-when-cross-origin
      x-content-type-options:
      - nosniff
      x-frame-options:
      - SAMEORIGIN
      x-gitlab-meta:
      - '{"correlation_id":"5c8b95cd6a4915a0a484f71be8089b8c","version":"1"}'
      x-request-id:
      - 5c8b95cd6a4915a0a484f71be8089b8c
      x-runtime:
      - '0.112721'
    status:
      code: 404
      message: Not Found
- request:
    body: null
    headers:
      Accept:
      - '*/*'
      Accept-Encoding:
      - gzip, deflate
      Connection:
      - keep-alive
      Content-Length:
      - '0'
      Content-type:
      - application/json
      Cookie:
      - _cfuvid=MjnET_1_osSkHcyFIrRb3Wy_PUAdXjdpTPX8AgPCOzk-1737021048597-0.0.1.1-604800000
      User-Agent:
      - python-gitlab/4.4.0
    method: DELETE
    uri: https://gitlab.com/api/v4/projects/42823949/issues/4
  response:
    body:
      string: '{"message":"404 Issue Not Found"}'
    headers:
      CF-Cache-Status:
      - DYNAMIC
      CF-Ray:
      - 902d341cc96df377-BOM
      Cache-Control:
      - no-cache
      Connection:
      - keep-alive
      Content-Length:
      - '33'
      Content-Type:
      - application/json
      Date:
      - Thu, 16 Jan 2025 09:50:50 GMT
      NEL:
      - '{"success_fraction":0.01,"report_to":"cf-nel","max_age":604800}'
      Report-To:
      - '{"endpoints":[{"url":"https:\/\/a.nel.cloudflare.com\/report\/v4?s=MCcAkOWh16f0Y0zjDiXQh5bmMZNpt%2Bk6G9sP%2Bk1wYWBW3DBBuA5fbEQohveFzziTqCDzQ4r5psBL1wXZshtppFAOZJiYae1AIGIrZRkQYSWpmKCVSvb3wsai8SA%3D"}],"group":"cf-nel","max_age":604800}'
      Server:
      - cloudflare
      Set-Cookie: ''
      Strict-Transport-Security:
      - max-age=31536000
      Vary:
      - Origin, Accept-Encoding
      content-security-policy:
      - default-src 'none'
      gitlab-lb:
      - haproxy-main-17-lb-gprd
      gitlab-sv:
      - api-gke-us-east1-d
      referrer-policy:
      - strict-origin-when-cross-origin
      x-content-type-options:
      - nosniff
      x-frame-options:
      - SAMEORIGIN
      x-gitlab-meta:
      - '{"correlation_id":"177342dee53059ecad6378fdef9b208d","version":"1"}'
      x-request-id:
      - 177342dee53059ecad6378fdef9b208d
      x-runtime:
      - '0.049232'
    status:
      code: 404
      message: Not Found
- request:
    body: null
    headers:
      Accept:
      - '*/*'
      Accept-Encoding:
      - gzip, deflate
      Connection:
      - keep-alive
      User-Agent:
      - python-requests/2.32.3
    method: GET
    uri: https://pagure.io/api/0/protop2g-test-srce
  response:
    body:
      string: "{\n  \"access_groups\": {\n    \"admin\": [], \n    \"collaborator\"\
        : [], \n    \"commit\": [], \n    \"ticket\": []\n  }, \n  \"access_users\"\
        : {\n    \"admin\": [], \n    \"collaborator\": [], \n    \"commit\": [],\
        \ \n    \"owner\": [\n      \"t0xic0der\"\n    ], \n    \"ticket\": []\n \
        \ }, \n  \"close_status\": [], \n  \"custom_keys\": [], \n  \"date_created\"\
        : \"1697168063\", \n  \"date_modified\": \"1697168063\", \n  \"description\"\
        : \"The source namespace for the Pagure Exporter project to run tests against\"\
        , \n  \"full_url\": \"https://pagure.io/protop2g-test-srce\", \n  \"fullname\"\
        : \"protop2g-test-srce\", \n  \"id\": 17042, \n  \"milestones\": {}, \n  \"\
        name\": \"protop2g-test-srce\", \n  \"namespace\": null, \n  \"parent\": null,\
        \ \n  \"priorities\": {}, \n  \"tags\": [], \n  \"url_path\": \"protop2g-test-srce\"\
        , \n  \"user\": {\n    \"full_url\": \"https://pagure.io/user/t0xic0der\"\
        , \n    \"fullname\": \"Akashdeep Dhar\", \n    \"name\": \"t0xic0der\", \n\
        \    \"url_path\": \"user/t0xic0der\"\n  }\n}\n"
    headers:
      Connection:
      - Upgrade, Keep-Alive
      Content-Length:
      - '902'
      Content-Security-Policy:
      - default-src 'self';script-src 'self' 'nonce-M3QaipCuVgSgFsma81bIewiHO'; style-src
        'self' 'nonce-M3QaipCuVgSgFsma81bIewiHO'; object-src 'none';base-uri 'self';img-src
        'self' https:;connect-src 'self' https://pagure.io:8088;frame-src https://docs.pagure.org;frame-ancestors
        https://pagure.io;
      Content-Type:
      - application/json
      Date:
      - Thu, 16 Jan 2025 09:50:51 GMT
      Keep-Alive:
      - timeout=5, max=100
      Referrer-Policy:
      - same-origin
      Server:
      - Apache/2.4.37 (Red Hat Enterprise Linux) OpenSSL/1.1.1k mod_wsgi/4.6.4 Python/3.6
      Set-Cookie: ''
      Strict-Transport-Security:
      - max-age=31536000; includeSubDomains; preload
      Upgrade:
      - h2,h2c
      X-Content-Type-Options:
      - nosniff
      X-Frame-Options:
      - ALLOW-FROM https://pagure.io/
      X-Xss-Protection:
      - 1; mode=block
    status:
      code: 200
      message: OK
- request:
    body: null
    headers:
      Accept:
      - '*/*'
      Accept-Encoding:
      - gzip, deflate
      Connection:
      - keep-alive
      Content-type:
      - application/json
      User-Agent:
      - python-gitlab/4.4.0
    method: GET
    uri: https://gitlab.com/api/v4/projects/42823949
  response:
    body:
      string: '{"id":42823949,"description":null,"name":"protop2g-test","name_with_namespace":"Akashdeep
        Dhar / protop2g-test","path":"protop2g-test","path_with_namespace":"gridhead/protop2g-test","created_at":"2023-01-23T16:18:30.217Z","default_branch":"main","tag_list":[],"topics":[],"ssh_url_to_repo":"git@gitlab.com:gridhead/protop2g-test.git","http_url_to_repo":"https://gitlab.com/gridhead/protop2g-test.git","web_url":"https://gitlab.com/gridhead/protop2g-test","readme_url":"https://gitlab.com/gridhead/protop2g-test/-/blob/main/README.md","forks_count":0,"avatar_url":null,"star_count":0,"last_activity_at":"2025-01-16T09:07:07.931Z","namespace":{"id":13984834,"name":"Akashdeep
        Dhar","path":"gridhead","kind":"user","full_path":"gridhead","parent_id":null,"avatar_url":"https://secure.gravatar.com/avatar/e412343841597e2fb1e952dd2b1077fc95537604ce04a27c5bfb94bdb0dc3da8?s=80\u0026d=identicon","web_url":"https://gitlab.com/gridhead"},"container_registry_image_prefix":"registry.gitlab.com/gridhead/protop2g-test","_links":{"self":"https://gitlab.com/api/v4/projects/42823949","issues":"https://gitlab.com/api/v4/projects/42823949/issues","merge_requests":"https://gitlab.com/api/v4/projects/42823949/merge_requests","repo_branches":"https://gitlab.com/api/v4/projects/42823949/repository/branches","labels":"https://gitlab.com/api/v4/projects/42823949/labels","events":"https://gitlab.com/api/v4/projects/42823949/events","members":"https://gitlab.com/api/v4/projects/42823949/members","cluster_agents":"https://gitlab.com/api/v4/projects/42823949/cluster_agents"},"packages_enabled":true,"empty_repo":false,"archived":false,"visibility":"public","owner":{"id":10115999,"username":"gridhead","name":"Akashdeep
        Dhar","state":"active","locked":false,"avatar_url":"https://secure.gravatar.com/avatar/e412343841597e2fb1e952dd2b1077fc95537604ce04a27c5bfb94bdb0dc3da8?s=80\u0026d=identicon","web_url":"https://gitlab.com/gridhead"},"resolve_outdated_diff_discussions":false,"container_expiration_policy":{"cadence":"1d","enabled":false,"keep_n":10,"older_than":"90d","name_regex":".*","name_regex_keep":null,"next_run_at":"2023-01-24T16:18:30.271Z"},"repository_object_format":"sha1","issues_enabled":true,"merge_requests_enabled":true,"wiki_enabled":true,"jobs_enabled":true,"snippets_enabled":true,"container_registry_enabled":true,"service_desk_enabled":true,"service_desk_address":"contact-project+gridhead-protop2g-test-42823949-issue-@incoming.gitlab.com","can_create_merge_request_in":true,"issues_access_level":"enabled","repository_access_level":"enabled","merge_requests_access_level":"enabled","forking_access_level":"enabled","wiki_access_level":"enabled","builds_access_level":"enabled","snippets_access_level":"enabled","pages_access_level":"enabled","analytics_access_level":"enabled","container_registry_access_level":"enabled","security_and_compliance_access_level":"private","releases_access_level":"private","environments_access_level":"enabled","feature_flags_access_level":"private","infrastructure_access_level":"private","monitor_access_level":"enabled","model_experiments_access_level":"enabled","model_registry_access_level":"enabled","emails_disabled":false,"emails_enabled":true,"shared_runners_enabled":true,"lfs_enabled":true,"creator_id":10115999,"import_url":null,"import_type":null,"import_status":"none","import_error":null,"open_issues_count":43,"description_html":"","updated_at":"2025-01-16T09:07:07.931Z","ci_default_git_depth":20,"ci_delete_pipelines_in_seconds":null,"ci_forward_deployment_enabled":true,"ci_forward_deployment_rollback_allowed":true,"ci_job_token_scope_enabled":false,"ci_separated_caches":true,"ci_allow_fork_pipelines_to_run_in_parent_project":true,"ci_id_token_sub_claim_components":["project_path","ref_type","ref"],"build_git_strategy":"fetch","keep_latest_artifact":true,"restrict_user_defined_variables":false,"ci_pipeline_variables_minimum_override_role":"maintainer","runners_token":"GR1348941sCx7wBz2q8f1o-w5YBm2","runner_token_expiration_interval":null,"group_runners_enabled":true,"auto_cancel_pending_pipelines":"enabled","build_timeout":3600,"auto_devops_enabled":false,"auto_devops_deploy_strategy":"continuous","ci_push_repository_for_job_token_allowed":false,"ci_config_path":"","public_jobs":true,"shared_with_groups":[],"only_allow_merge_if_pipeline_succeeds":false,"allow_merge_on_skipped_pipeline":null,"request_access_enabled":true,"only_allow_merge_if_all_discussions_are_resolved":false,"remove_source_branch_after_merge":true,"printing_merge_request_link_enabled":true,"merge_method":"merge","squash_option":"default_off","enforce_auth_checks_on_uploads":true,"suggestion_commit_message":null,"merge_commit_template":null,"squash_commit_template":null,"issue_branch_template":null,"warn_about_potentially_unwanted_characters":true,"autoclose_referenced_issues":true,"external_authorization_classification_label":"","requirements_enabled":false,"requirements_access_level":"enabled","security_and_compliance_enabled":true,"compliance_frameworks":[],"permissions":{"project_access":{"access_level":50,"notification_level":3},"group_access":null}}'
    headers:
      CF-Cache-Status:
      - MISS
      CF-Ray:
      - 902d3426ce8b303c-BOM
      Cache-Control:
      - max-age=0, private, must-revalidate
      Connection:
      - keep-alive
      Content-Encoding:
      - gzip
      Content-Type:
      - application/json
      Date:
      - Thu, 16 Jan 2025 09:50:52 GMT
      ETag:
      - W/"1d2e3bcc4d72bed6881bc76e00feb45f"
      NEL:
      - '{"success_fraction":0.01,"report_to":"cf-nel","max_age":604800}'
      Report-To:
      - '{"endpoints":[{"url":"https:\/\/a.nel.cloudflare.com\/report\/v4?s=Kg06gShD1g4yCI7IiXIfZsL0v416BUzVLLWYMMXfYnGwwr%2BBfCwWG9HOG3WxgZdIR7p3hsBT9zVdmeQPp83fOfbWFXlkpiB9%2BXoE9FUj%2FCB5qf1g%2FRMvfh4Juj0%3D"}],"group":"cf-nel","max_age":604800}'
      Server:
      - cloudflare
      Set-Cookie: ''
      Strict-Transport-Security:
      - max-age=31536000
      Transfer-Encoding:
      - chunked
      Vary:
      - Origin, Accept-Encoding
      content-security-policy:
      - default-src 'none'
      gitlab-lb:
      - haproxy-main-15-lb-gprd
      gitlab-sv:
      - api-gke-us-east1-b
      referrer-policy:
      - strict-origin-when-cross-origin
      x-content-type-options:
      - nosniff
      x-frame-options:
      - SAMEORIGIN
      x-gitlab-meta:
      - '{"correlation_id":"5d0ce849c631b94b5bc3a51b4b4b0a24","version":"1"}'
      x-request-id:
      - 5d0ce849c631b94b5bc3a51b4b4b0a24
      x-runtime:
      - '0.371604'
    status:
      code: 200
      message: OK
- request:
    body: null
    headers:
      Accept:
      - '*/*'
      Accept-Encoding:
      - gzip, deflate
      Connection:
      - keep-alive
      User-Agent:
      - python-requests/2.32.3
    method: GET
    uri: https://pagure.io/api/0/protop2g-test-srce/issue/1
  response:
    body:
      string: "{\n  \"assignee\": null, \n  \"blocks\": [], \n  \"close_status\":\
        \ null, \n  \"closed_at\": null, \n  \"closed_by\": null, \n  \"comments\"\
        : [\n    {\n      \"comment\": \"**Metadata Update from @t0xic0der**:\\n-\
        \ Issue tagged with: aaaa, bbbb\", \n      \"date_created\": \"1697169699\"\
        , \n      \"edited_on\": null, \n      \"editor\": null, \n      \"id\": 878471,\
        \ \n      \"notification\": true, \n      \"parent\": null, \n      \"reactions\"\
        : {}, \n      \"user\": {\n        \"full_url\": \"https://pagure.io/user/t0xic0der\"\
        , \n        \"fullname\": \"Akashdeep Dhar\", \n        \"name\": \"t0xic0der\"\
        , \n        \"url_path\": \"user/t0xic0der\"\n      }\n    }, \n    {\n  \
        \    \"comment\": \"This is the first comment under the first test issue\"\
        , \n      \"date_created\": \"1697169880\", \n      \"edited_on\": null, \n\
        \      \"editor\": null, \n      \"id\": 878473, \n      \"notification\"\
        : false, \n      \"parent\": null, \n      \"reactions\": {}, \n      \"user\"\
        : {\n        \"full_url\": \"https://pagure.io/user/t0xic0der\", \n      \
        \  \"fullname\": \"Akashdeep Dhar\", \n        \"name\": \"t0xic0der\", \n\
        \        \"url_path\": \"user/t0xic0der\"\n      }\n    }, \n    {\n     \
        \ \"comment\": \"This is the second comment under the first test issue\",\
        \ \n      \"date_created\": \"1697169924\", \n      \"edited_on\": null, \n\
        \      \"editor\": null, \n      \"id\": 878474, \n      \"notification\"\
        : false, \n      \"parent\": null, \n      \"reactions\": {}, \n      \"user\"\
        : {\n        \"full_url\": \"https://pagure.io/user/t0xic0der\", \n      \
        \  \"fullname\": \"Akashdeep Dhar\", \n        \"name\": \"t0xic0der\", \n\
        \        \"url_path\": \"user/t0xic0der\"\n      }\n    }\n  ], \n  \"content\"\
        : \"This is the body of the first test issue\", \n  \"custom_fields\": [],\
        \ \n  \"date_created\": \"1697169462\", \n  \"depends\": [], \n  \"full_url\"\
        : \"https://pagure.io/protop2g-test-srce/issue/1\", \n  \"id\": 1, \n  \"\
        last_updated\": \"1697169924\", \n  \"milestone\": null, \n  \"priority\"\
        : null, \n  \"private\": false, \n  \"related_prs\": [], \n  \"status\": \"\
        Open\", \n  \"tags\": [\n    \"aaaa\", \n    \"bbbb\"\n  ], \n  \"title\"\
        : \"This is the title of the first test issue\", \n  \"user\": {\n    \"full_url\"\
        : \"https://pagure.io/user/t0xic0der\", \n    \"fullname\": \"Akashdeep Dhar\"\
        , \n    \"name\": \"t0xic0der\", \n    \"url_path\": \"user/t0xic0der\"\n\
        \  }\n}\n"
    headers:
      Connection:
      - Upgrade, Keep-Alive
      Content-Length:
      - '2135'
      Content-Security-Policy:
      - default-src 'self';script-src 'self' 'nonce-HgVT0KLB4jWXNQW9CBF1A78zf'; style-src
        'self' 'nonce-HgVT0KLB4jWXNQW9CBF1A78zf'; object-src 'none';base-uri 'self';img-src
        'self' https:;connect-src 'self' https://pagure.io:8088;frame-src https://docs.pagure.org;frame-ancestors
        https://pagure.io;
      Content-Type:
      - application/json
      Date:
      - Thu, 16 Jan 2025 09:50:53 GMT
      Keep-Alive:
      - timeout=5, max=100
      Referrer-Policy:
      - same-origin
      Server:
      - Apache/2.4.37 (Red Hat Enterprise Linux) OpenSSL/1.1.1k mod_wsgi/4.6.4 Python/3.6
      Set-Cookie: ''
      Strict-Transport-Security:
      - max-age=31536000; includeSubDomains; preload
      Upgrade:
      - h2,h2c
      X-Content-Type-Options:
      - nosniff
      X-Frame-Options:
      - ALLOW-FROM https://pagure.io/
      X-Xss-Protection:
      - 1; mode=block
    status:
      code: 200
      message: OK
- request:
    body: '{"title": "[SN#1] This is the title of the first test issue", "description":
      "\nThis is the body of the first test issue\n\n_This issue ticket was originally
      created [here](https://pagure.io/protop2g-test-srce/issue/1) on a Pagure repository,\n[**protop2g-test-srce**](https://pagure.io/protop2g-test-srce)
      by [**Akashdeep Dhar**](https://accounts.fedoraproject.org/user/t0xic0der) on\n[**Fri
      Oct 13 03:57:42 2023** UTC](https://savvytime.com/converter/utc/oct-13-2023/03-57)._\n\n_This
      issue ticket was automatically created by the\n[**Pagure Exporter**](https://github.com/gridhead/pagure-exporter)._\n",
      "iid": 1}'
    headers:
      Accept:
      - '*/*'
      Accept-Encoding:
      - gzip, deflate
      Connection:
      - keep-alive
      Content-Length:
      - '616'
      Content-type:
      - application/json
      Cookie:
      - _cfuvid=RVzLJpTgmNXcNBdWNM0rLvLks22rzKRFjZZ_C3j63SE-1737021052664-0.0.1.1-604800000
      User-Agent:
      - python-gitlab/4.4.0
    method: POST
    uri: https://gitlab.com/api/v4/projects/42823949/issues
  response:
    body:
      string: '{"id":160654624,"iid":1,"project_id":42823949,"title":"[SN#1] This
        is the title of the first test issue","description":"\nThis is the body of
        the first test issue\n\n_This issue ticket was originally created [here](https://pagure.io/protop2g-test-srce/issue/1)
        on a Pagure repository,\n[**protop2g-test-srce**](https://pagure.io/protop2g-test-srce)
        by [**Akashdeep Dhar**](https://accounts.fedoraproject.org/user/t0xic0der)
        on\n[**Fri Oct 13 03:57:42 2023** UTC](https://savvytime.com/converter/utc/oct-13-2023/03-57)._\n\n_This
        issue ticket was automatically created by the\n[**Pagure Exporter**](https://github.com/gridhead/pagure-exporter)._","state":"opened","created_at":"2025-01-16T09:50:54.369Z","updated_at":"2025-01-16T09:50:54.369Z","closed_at":null,"closed_by":null,"labels":[],"milestone":null,"assignees":[],"author":{"id":10115999,"username":"gridhead","name":"Akashdeep
        Dhar","state":"active","locked":false,"avatar_url":"https://secure.gravatar.com/avatar/e412343841597e2fb1e952dd2b1077fc95537604ce04a27c5bfb94bdb0dc3da8?s=80\u0026d=identicon","web_url":"https://gitlab.com/gridhead"},"type":"ISSUE","assignee":null,"user_notes_count":0,"merge_requests_count":0,"upvotes":0,"downvotes":0,"due_date":null,"confidential":false,"discussion_locked":null,"issue_type":"issue","web_url":"https://gitlab.com/gridhead/protop2g-test/-/issues/1","time_stats":{"time_estimate":0,"total_time_spent":0,"human_time_estimate":null,"human_total_time_spent":null},"task_completion_status":{"count":0,"completed_count":0},"blocking_issues_count":0,"has_tasks":true,"task_status":"0
        of 0 checklist items completed","_links":{"self":"https://gitlab.com/api/v4/projects/42823949/issues/1","notes":"https://gitlab.com/api/v4/projects/42823949/issues/1/notes","award_emoji":"https://gitlab.com/api/v4/projects/42823949/issues/1/award_emoji","project":"https://gitlab.com/api/v4/projects/42823949","closed_as_duplicate_of":null},"references":{"short":"#1","relative":"#1","full":"gridhead/protop2g-test#1"},"severity":"UNKNOWN","subscribed":true,"moved_to_id":null,"imported":false,"imported_from":"none","service_desk_reply_to":null}'
    headers:
      CF-Cache-Status:
      - DYNAMIC
      CF-Ray:
      - 902d3433c9673fe8-BOM
      Cache-Control:
      - max-age=0, private, must-revalidate
      Connection:
      - keep-alive
      Content-Length:
      - '2126'
      Content-Type:
      - application/json
      Date:
      - Thu, 16 Jan 2025 09:50:54 GMT
      ETag:
      - W/"9ab362ba81ac1d3aa9a21c58589d07fd"
      NEL:
      - '{"success_fraction":0.01,"report_to":"cf-nel","max_age":604800}'
      Report-To:
      - '{"endpoints":[{"url":"https:\/\/a.nel.cloudflare.com\/report\/v4?s=E2isZAVK84lyH%2FNmIpmBf1CjXZug4CqpQZEW7CZLwk6yj6Bjf32oGQCgheaMLypuSikc9JKHGow6GnU9N%2BuoHzu98EpjAR2LvbzRSDGtPouV4l5UUDj4bQvw2X0%3D"}],"group":"cf-nel","max_age":604800}'
      Server:
      - cloudflare
      Set-Cookie: ''
      Strict-Transport-Security:
      - max-age=31536000
      Vary:
      - Origin, Accept-Encoding
      content-security-policy:
      - default-src 'none'
      gitlab-lb:
      - haproxy-main-49-lb-gprd
      gitlab-sv:
      - api-gke-us-east1-c
      referrer-policy:
      - strict-origin-when-cross-origin
      x-content-type-options:
      - nosniff
      x-frame-options:
      - SAMEORIGIN
      x-gitlab-meta:
      - '{"correlation_id":"9f4892b8d53742d8b568d5cfdaaa4539","version":"1"}'
      x-request-id:
      - 9f4892b8d53742d8b568d5cfdaaa4539
      x-runtime:
      - '0.375645'
    status:
      code: 201
      message: Created
- request:
    body: null
    headers:
      Accept:
      - '*/*'
      Accept-Encoding:
      - gzip, deflate
      Connection:
      - keep-alive
      User-Agent:
      - python-requests/2.32.3
    method: GET
    uri: https://pagure.io/api/0/protop2g-test-srce/issue/2
  response:
    body:
      string: "{\n  \"assignee\": null, \n  \"blocks\": [], \n  \"close_status\":\
        \ null, \n  \"closed_at\": \"1697170032\", \n  \"closed_by\": {\n    \"full_url\"\
        : \"https://pagure.io/user/t0xic0der\", \n    \"fullname\": \"Akashdeep Dhar\"\
        , \n    \"name\": \"t0xic0der\", \n    \"url_path\": \"user/t0xic0der\"\n\
        \  }, \n  \"comments\": [\n    {\n      \"comment\": \"**Metadata Update from\
        \ @t0xic0der**:\\n- Issue tagged with: cccc, dddd\", \n      \"date_created\"\
        : \"1697169810\", \n      \"edited_on\": null, \n      \"editor\": null, \n\
        \      \"id\": 878472, \n      \"notification\": true, \n      \"parent\"\
        : null, \n      \"reactions\": {}, \n      \"user\": {\n        \"full_url\"\
        : \"https://pagure.io/user/t0xic0der\", \n        \"fullname\": \"Akashdeep\
        \ Dhar\", \n        \"name\": \"t0xic0der\", \n        \"url_path\": \"user/t0xic0der\"\
        \n      }\n    }, \n    {\n      \"comment\": \"The is the first comment under\
        \ the second test issue\", \n      \"date_created\": \"1697169964\", \n  \
        \    \"edited_on\": null, \n      \"editor\": null, \n      \"id\": 878475,\
        \ \n      \"notification\": false, \n      \"parent\": null, \n      \"reactions\"\
        : {}, \n      \"user\": {\n        \"full_url\": \"https://pagure.io/user/t0xic0der\"\
        , \n        \"fullname\": \"Akashdeep Dhar\", \n        \"name\": \"t0xic0der\"\
        , \n        \"url_path\": \"user/t0xic0der\"\n      }\n    }, \n    {\n  \
        \    \"comment\": \"The is the second comment under the second test issue\"\
        , \n      \"date_created\": \"1697169976\", \n      \"edited_on\": null, \n\
        \      \"editor\": null, \n      \"id\": 878476, \n      \"notification\"\
        : false, \n      \"parent\": null, \n      \"reactions\": {}, \n      \"user\"\
        : {\n        \"full_url\": \"https://pagure.io/user/t0xic0der\", \n      \
        \  \"fullname\": \"Akashdeep Dhar\", \n        \"name\": \"t0xic0der\", \n\
        \        \"url_path\": \"user/t0xic0der\"\n      }\n    }, \n    {\n     \
        \ \"comment\": \"**Metadata Update from @t0xic0der**:\\n- Issue status updated\
        \ to: Closed (was: Open)\", \n      \"date_created\": \"1697170032\", \n \
        \     \"edited_on\": null, \n      \"editor\": null, \n      \"id\": 878477,\
        \ \n      \"notification\": true, \n      \"parent\": null, \n      \"reactions\"\
        : {}, \n      \"user\": {\n        \"full_url\": \"https://pagure.io/user/t0xic0der\"\
        , \n        \"fullname\": \"Akashdeep Dhar\", \n        \"name\": \"t0xic0der\"\
        , \n        \"url_path\": \"user/t0xic0der\"\n      }\n    }\n  ], \n  \"\
        content\": \"This is the body of the second test issue\", \n  \"custom_fields\"\
        : [], \n  \"date_created\": \"1697169676\", \n  \"depends\": [], \n  \"full_url\"\
        : \"https://pagure.io/protop2g-test-srce/issue/2\", \n  \"id\": 2, \n  \"\
        last_updated\": \"1697170032\", \n  \"milestone\": null, \n  \"priority\"\
        : null, \n  \"private\": false, \n  \"related_prs\": [], \n  \"status\": \"\
        Closed\", \n  \"tags\": [\n    \"cccc\", \n    \"dddd\"\n  ], \n  \"title\"\
        : \"This is the title of the second test issue\", \n  \"user\": {\n    \"\
        full_url\": \"https://pagure.io/user/t0xic0der\", \n    \"fullname\": \"Akashdeep\
        \ Dhar\", \n    \"name\": \"t0xic0der\", \n    \"url_path\": \"user/t0xic0der\"\
        \n  }\n}\n"
    headers:
      Connection:
      - Upgrade, Keep-Alive
      Content-Length:
      - '2784'
      Content-Security-Policy:
      - default-src 'self';script-src 'self' 'nonce-yoNWlb5Y2JsEHMdJyypFrtsfn'; style-src
        'self' 'nonce-yoNWlb5Y2JsEHMdJyypFrtsfn'; object-src 'none';base-uri 'self';img-src
        'self' https:;connect-src 'self' https://pagure.io:8088;frame-src https://docs.pagure.org;frame-ancestors
        https://pagure.io;
      Content-Type:
      - application/json
      Date:
      - Thu, 16 Jan 2025 09:50:55 GMT
      Keep-Alive:
      - timeout=5, max=100
      Referrer-Policy:
      - same-origin
      Server:
      - Apache/2.4.37 (Red Hat Enterprise Linux) OpenSSL/1.1.1k mod_wsgi/4.6.4 Python/3.6
      Set-Cookie: ''
      Strict-Transport-Security:
      - max-age=31536000; includeSubDomains; preload
      Upgrade:
      - h2,h2c
      X-Content-Type-Options:
      - nosniff
      X-Frame-Options:
      - ALLOW-FROM https://pagure.io/
      X-Xss-Protection:
      - 1; mode=block
    status:
      code: 200
      message: OK
- request:
    body: '{"title": "[SN#2] This is the title of the second test issue", "description":
      "\nThis is the body of the second test issue\n\n_This issue ticket was originally
      created [here](https://pagure.io/protop2g-test-srce/issue/2) on a Pagure repository,\n[**protop2g-test-srce**](https://pagure.io/protop2g-test-srce)
      by [**Akashdeep Dhar**](https://accounts.fedoraproject.org/user/t0xic0der) on\n[**Fri
      Oct 13 04:01:16 2023** UTC](https://savvytime.com/converter/utc/oct-13-2023/04-01)._\n\n_This
      issue ticket was automatically created by the\n[**Pagure Exporter**](https://github.com/gridhead/pagure-exporter)._\n",
      "iid": 2}'
    headers:
      Accept:
      - '*/*'
      Accept-Encoding:
      - gzip, deflate
      Connection:
      - keep-alive
      Content-Length:
      - '618'
      Content-type:
      - application/json
      Cookie:
      - _cfuvid=RVzLJpTgmNXcNBdWNM0rLvLks22rzKRFjZZ_C3j63SE-1737021052664-0.0.1.1-604800000
      User-Agent:
      - python-gitlab/4.4.0
    method: POST
    uri: https://gitlab.com/api/v4/projects/42823949/issues
  response:
    body:
      string: '{"id":160654626,"iid":2,"project_id":42823949,"title":"[SN#2] This
        is the title of the second test issue","description":"\nThis is the body of
        the second test issue\n\n_This issue ticket was originally created [here](https://pagure.io/protop2g-test-srce/issue/2)
        on a Pagure repository,\n[**protop2g-test-srce**](https://pagure.io/protop2g-test-srce)
        by [**Akashdeep Dhar**](https://accounts.fedoraproject.org/user/t0xic0der)
        on\n[**Fri Oct 13 04:01:16 2023** UTC](https://savvytime.com/converter/utc/oct-13-2023/04-01)._\n\n_This
        issue ticket was automatically created by the\n[**Pagure Exporter**](https://github.com/gridhead/pagure-exporter)._","state":"opened","created_at":"2025-01-16T09:50:56.457Z","updated_at":"2025-01-16T09:50:56.457Z","closed_at":null,"closed_by":null,"labels":[],"milestone":null,"assignees":[],"author":{"id":10115999,"username":"gridhead","name":"Akashdeep
        Dhar","state":"active","locked":false,"avatar_url":"https://secure.gravatar.com/avatar/e412343841597e2fb1e952dd2b1077fc95537604ce04a27c5bfb94bdb0dc3da8?s=80\u0026d=identicon","web_url":"https://gitlab.com/gridhead"},"type":"ISSUE","assignee":null,"user_notes_count":0,"merge_requests_count":0,"upvotes":0,"downvotes":0,"due_date":null,"confidential":false,"discussion_locked":null,"issue_type":"issue","web_url":"https://gitlab.com/gridhead/protop2g-test/-/issues/2","time_stats":{"time_estimate":0,"total_time_spent":0,"human_time_estimate":null,"human_total_time_spent":null},"task_completion_status":{"count":0,"completed_count":0},"blocking_issues_count":0,"has_tasks":true,"task_status":"0
        of 0 checklist items completed","_links":{"self":"https://gitlab.com/api/v4/projects/42823949/issues/2","notes":"https://gitlab.com/api/v4/projects/42823949/issues/2/notes","award_emoji":"https://gitlab.com/api/v4/projects/42823949/issues/2/award_emoji","project":"https://gitlab.com/api/v4/projects/42823949","closed_as_duplicate_of":null},"references":{"short":"#2","relative":"#2","full":"gridhead/protop2g-test#2"},"severity":"UNKNOWN","subscribed":true,"moved_to_id":null,"imported":false,"imported_from":"none","service_desk_reply_to":null}'
    headers:
      CF-Cache-Status:
      - DYNAMIC
      CF-Ray:
      - 902d343fdc58f3a5-BOM
      Cache-Control:
      - max-age=0, private, must-revalidate
      Connection:
      - keep-alive
      Content-Length:
      - '2128'
      Content-Type:
      - application/json
      Date:
      - Thu, 16 Jan 2025 09:50:56 GMT
      ETag:
      - W/"c57f0d14b3d8f45a58ad8eeacb5c5844"
      NEL:
      - '{"success_fraction":0.01,"report_to":"cf-nel","max_age":604800}'
      Report-To:
      - '{"endpoints":[{"url":"https:\/\/a.nel.cloudflare.com\/report\/v4?s=oNruxSwx3VVL4W2qqHOL1EfIrY%2FBWM7rkaDUAqtYBjABtPq9u8DrcvtT7P4%2BqHqI8i%2Fg3tpyeHkxdUUhuC5CQgKP17dFDsQYFNx7aIR7vpmsQ3pHkqgSGcbFdGQ%3D"}],"group":"cf-nel","max_age":604800}'
      Server:
      - cloudflare
      Set-Cookie: ''
      Strict-Transport-Security:
      - max-age=31536000
      Vary:
      - Origin, Accept-Encoding
      content-security-policy:
      - default-src 'none'
      gitlab-lb:
      - haproxy-main-20-lb-gprd
      gitlab-sv:
      - api-gke-us-east1-d
      referrer-policy:
      - strict-origin-when-cross-origin
      x-content-type-options:
      - nosniff
      x-frame-options:
      - SAMEORIGIN
      x-gitlab-meta:
      - '{"correlation_id":"1bbd99b2d5664cc91315718438b81a07","version":"1"}'
      x-request-id:
      - 1bbd99b2d5664cc91315718438b81a07
      x-runtime:
      - '0.643359'
    status:
      code: 201
      message: Created
version: 1
