interactions:
- request:
    body: null
    headers:
      Accept:
      - '*/*'
      Accept-Encoding:
      - gzip, deflate
      Connection:
      - keep-alive
      Content-type:
      - application/json
      User-Agent:
      - python-gitlab/4.4.0
    method: GET
    uri: https://gitlab.com/api/v4/projects/42823949
  response:
    body:
      string: '{"id":42823949,"description":null,"name":"protop2g-test","name_with_namespace":"Akashdeep
        Dhar / protop2g-test","path":"protop2g-test","path_with_namespace":"gridhead/protop2g-test","created_at":"2023-01-23T16:18:30.217Z","default_branch":"main","tag_list":[],"topics":[],"ssh_url_to_repo":"git@gitlab.com:gridhead/protop2g-test.git","http_url_to_repo":"https://gitlab.com/gridhead/protop2g-test.git","web_url":"https://gitlab.com/gridhead/protop2g-test","readme_url":"https://gitlab.com/gridhead/protop2g-test/-/blob/main/README.md","forks_count":0,"avatar_url":null,"star_count":0,"last_activity_at":"2024-03-06T02:29:51.816Z","namespace":{"id":13984834,"name":"Akashdeep
        Dhar","path":"gridhead","kind":"user","full_path":"gridhead","parent_id":null,"avatar_url":"https://secure.gravatar.com/avatar/e412343841597e2fb1e952dd2b1077fc95537604ce04a27c5bfb94bdb0dc3da8?s=80\u0026d=identicon","web_url":"https://gitlab.com/gridhead"},"container_registry_image_prefix":"registry.gitlab.com/gridhead/protop2g-test","_links":{"self":"https://gitlab.com/api/v4/projects/42823949","issues":"https://gitlab.com/api/v4/projects/42823949/issues","merge_requests":"https://gitlab.com/api/v4/projects/42823949/merge_requests","repo_branches":"https://gitlab.com/api/v4/projects/42823949/repository/branches","labels":"https://gitlab.com/api/v4/projects/42823949/labels","events":"https://gitlab.com/api/v4/projects/42823949/events","members":"https://gitlab.com/api/v4/projects/42823949/members","cluster_agents":"https://gitlab.com/api/v4/projects/42823949/cluster_agents"},"packages_enabled":true,"empty_repo":false,"archived":false,"visibility":"public","owner":{"id":10115999,"username":"gridhead","name":"Akashdeep
        Dhar","state":"active","locked":false,"avatar_url":"https://secure.gravatar.com/avatar/e412343841597e2fb1e952dd2b1077fc95537604ce04a27c5bfb94bdb0dc3da8?s=80\u0026d=identicon","web_url":"https://gitlab.com/gridhead"},"resolve_outdated_diff_discussions":false,"container_expiration_policy":{"cadence":"1d","enabled":false,"keep_n":10,"older_than":"90d","name_regex":".*","name_regex_keep":null,"next_run_at":"2023-01-24T16:18:30.271Z"},"repository_object_format":"sha1","issues_enabled":true,"merge_requests_enabled":true,"wiki_enabled":true,"jobs_enabled":true,"snippets_enabled":true,"container_registry_enabled":true,"service_desk_enabled":true,"service_desk_address":"contact-project+gridhead-protop2g-test-42823949-issue-@incoming.gitlab.com","can_create_merge_request_in":true,"issues_access_level":"enabled","repository_access_level":"enabled","merge_requests_access_level":"enabled","forking_access_level":"enabled","wiki_access_level":"enabled","builds_access_level":"enabled","snippets_access_level":"enabled","pages_access_level":"enabled","analytics_access_level":"enabled","container_registry_access_level":"enabled","security_and_compliance_access_level":"private","releases_access_level":"private","environments_access_level":"enabled","feature_flags_access_level":"private","infrastructure_access_level":"private","monitor_access_level":"enabled","model_experiments_access_level":"enabled","model_registry_access_level":"enabled","emails_disabled":false,"emails_enabled":true,"shared_runners_enabled":true,"lfs_enabled":true,"creator_id":10115999,"import_url":null,"import_type":null,"import_status":"none","import_error":null,"open_issues_count":0,"description_html":"","updated_at":"2024-03-06T02:29:51.816Z","ci_default_git_depth":20,"ci_forward_deployment_enabled":true,"ci_forward_deployment_rollback_allowed":true,"ci_job_token_scope_enabled":false,"ci_separated_caches":true,"ci_allow_fork_pipelines_to_run_in_parent_project":true,"build_git_strategy":"fetch","keep_latest_artifact":true,"restrict_user_defined_variables":false,"runners_token":"SECURE_STANDARD_PASSWORD_HERE","runner_token_expiration_interval":null,"group_runners_enabled":true,"auto_cancel_pending_pipelines":"enabled","build_timeout":3600,"auto_devops_enabled":false,"auto_devops_deploy_strategy":"continuous","ci_config_path":"","public_jobs":true,"shared_with_groups":[],"only_allow_merge_if_pipeline_succeeds":false,"allow_merge_on_skipped_pipeline":null,"request_access_enabled":true,"only_allow_merge_if_all_discussions_are_resolved":false,"remove_source_branch_after_merge":true,"printing_merge_request_link_enabled":true,"merge_method":"merge","squash_option":"default_off","enforce_auth_checks_on_uploads":true,"suggestion_commit_message":null,"merge_commit_template":null,"squash_commit_template":null,"issue_branch_template":null,"warn_about_potentially_unwanted_characters":true,"autoclose_referenced_issues":true,"external_authorization_classification_label":"","requirements_enabled":false,"requirements_access_level":"enabled","security_and_compliance_enabled":true,"compliance_frameworks":[],"permissions":{"project_access":{"access_level":50,"notification_level":3},"group_access":null}}'
    headers:
      CF-Cache-Status:
      - MISS
      CF-RAY:
      - 85feee809c8a94ce-CCU
      Connection:
      - keep-alive
      Content-Encoding:
      - gzip
      Content-Type:
      - application/json
      Date:
      - Wed, 06 Mar 2024 02:31:49 GMT
      NEL:
      - '{"success_fraction":0.01,"report_to":"cf-nel","max_age":604800}'
      Report-To:
      - '{"endpoints":[{"url":"https:\/\/a.nel.cloudflare.com\/report\/v3?s=whyHIpcbf4EOGoAqGZF3g1%2BNRuFuBcbE%2BB9QyJON8mYFEkbFUhBVpNvNs0t1ItxcBb%2BWA0%2BVHgLwQ4T1LLYHe2BiPPhYimgTMyI5to%2Fzy9O4qHpv%2FIqbRm1rQZI76SRqsGJ99Ok3SNc%3D"}],"group":"cf-nel","max_age":604800}'
      Server:
      - cloudflare
      Set-Cookie: ''
      Transfer-Encoding:
      - chunked
      cache-control:
      - max-age=0, private, must-revalidate
      content-security-policy:
      - default-src 'none'
      etag:
      - W/"d7889926960e4033b27a5ebb12a1570f"
      gitlab-lb:
      - haproxy-main-57-lb-gprd
      gitlab-sv:
      - api-gke-us-east1-b
      referrer-policy:
      - strict-origin-when-cross-origin
      strict-transport-security:
      - max-age=31536000
      vary:
      - Origin, Accept-Encoding
      x-content-type-options:
      - nosniff
      x-frame-options:
      - SAMEORIGIN
      x-gitlab-meta:
      - '{"correlation_id":"d51b2eb34afaeaa23dd924e15ffe755d","version":"1"}'
      x-request-id:
      - d51b2eb34afaeaa23dd924e15ffe755d
      x-runtime:
      - '0.126014'
    status:
      code: 200
      message: OK
- request:
    body: null
    headers:
      Accept:
      - '*/*'
      Accept-Encoding:
      - gzip, deflate
      Connection:
      - keep-alive
      Content-Length:
      - '0'
      Content-type:
      - application/json
      Cookie:
      - _cfuvid=E7.z7D7pyTjtwSb9_JUr3GCgxZrUvTpXWNXLlMJBGwo-1709692309020-0.0.1.1-604800000
      User-Agent:
      - python-gitlab/4.4.0
    method: DELETE
    uri: https://gitlab.com/api/v4/projects/42823949/issues/1
  response:
    body:
      string: '{"message":"404 Issue Not Found"}'
    headers:
      CF-Cache-Status:
      - DYNAMIC
      CF-RAY:
      - 85feee83f8f894d0-CCU
      Connection:
      - keep-alive
      Content-Length:
      - '33'
      Content-Type:
      - application/json
      Date:
      - Wed, 06 Mar 2024 02:31:49 GMT
      NEL:
      - '{"success_fraction":0.01,"report_to":"cf-nel","max_age":604800}'
      Report-To:
      - '{"endpoints":[{"url":"https:\/\/a.nel.cloudflare.com\/report\/v3?s=w7Bhin%2BuyHRCPhtXSH4TGgzzzn9kr%2F1LBWxafszsGKfwW1pmeZTriKztqTd7yMlCX8QR0XLz1Ivjali5vg%2F58w8gqM0gL0eidJCw%2Bcy0pHUJvFdgZSL%2FYWBHGIrGJU8d%2Bg5hDZAuw3I%3D"}],"group":"cf-nel","max_age":604800}'
      Server:
      - cloudflare
      Set-Cookie: ''
      cache-control:
      - no-cache
      content-security-policy:
      - default-src 'none'
      gitlab-lb:
      - haproxy-main-52-lb-gprd
      gitlab-sv:
      - api-gke-us-east1-c
      referrer-policy:
      - strict-origin-when-cross-origin
      strict-transport-security:
      - max-age=31536000
      vary:
      - Origin
      x-content-type-options:
      - nosniff
      x-frame-options:
      - SAMEORIGIN
      x-gitlab-meta:
      - '{"correlation_id":"cea195bb78df1b59d11c5bfb46213f6c","version":"1"}'
      x-request-id:
      - cea195bb78df1b59d11c5bfb46213f6c
      x-runtime:
      - '0.052842'
    status:
      code: 404
      message: Not Found
- request:
    body: null
    headers:
      Accept:
      - '*/*'
      Accept-Encoding:
      - gzip, deflate
      Connection:
      - keep-alive
      Content-Length:
      - '0'
      Content-type:
      - application/json
      Cookie:
      - _cfuvid=E7.z7D7pyTjtwSb9_JUr3GCgxZrUvTpXWNXLlMJBGwo-1709692309020-0.0.1.1-604800000
      User-Agent:
      - python-gitlab/4.4.0
    method: DELETE
    uri: https://gitlab.com/api/v4/projects/42823949/issues/2
  response:
    body:
      string: ''
    headers:
      CF-Cache-Status:
      - DYNAMIC
      CF-RAY:
      - 85feee86898394b6-CCU
      Connection:
      - keep-alive
      Date:
      - Wed, 06 Mar 2024 02:31:50 GMT
      NEL:
      - '{"success_fraction":0.01,"report_to":"cf-nel","max_age":604800}'
      Report-To:
      - '{"endpoints":[{"url":"https:\/\/a.nel.cloudflare.com\/report\/v3?s=TOBHpulatWRmn1puqLr5Sxm9Ykgz8Jc7E3hv18RCFaD%2Bwz04p21tytSUEd3X5%2B4lCD8f1hZ7iX3CoG3cbtxXRR9bVC3dw5wXKW%2F4CvFrNdtWnGGr%2B4CR1xUoKdRZTV5EBAimQKcp3Kc%3D"}],"group":"cf-nel","max_age":604800}'
      Server:
      - cloudflare
      Set-Cookie: ''
      cache-control:
      - no-cache
      content-security-policy:
      - default-src 'none'
      gitlab-lb:
      - haproxy-main-37-lb-gprd
      gitlab-sv:
      - api-gke-us-east1-c
      referrer-policy:
      - strict-origin-when-cross-origin
      strict-transport-security:
      - max-age=31536000
      vary:
      - Origin
      x-content-type-options:
      - nosniff
      x-frame-options:
      - SAMEORIGIN
      x-gitlab-meta:
      - '{"correlation_id":"1c9c613c18b7090065bf9190368a37e9","version":"1"}'
      x-request-id:
      - 1c9c613c18b7090065bf9190368a37e9
      x-runtime:
      - '0.186099'
    status:
      code: 204
      message: No Content
- request:
    body: null
    headers:
      Accept:
      - '*/*'
      Accept-Encoding:
      - gzip, deflate
      Connection:
      - keep-alive
      Content-Length:
      - '0'
      Content-type:
      - application/json
      Cookie:
      - _cfuvid=E7.z7D7pyTjtwSb9_JUr3GCgxZrUvTpXWNXLlMJBGwo-1709692309020-0.0.1.1-604800000
      User-Agent:
      - python-gitlab/4.4.0
    method: DELETE
    uri: https://gitlab.com/api/v4/projects/42823949/issues/3
  response:
    body:
      string: '{"message":"404 Issue Not Found"}'
    headers:
      CF-Cache-Status:
      - DYNAMIC
      CF-RAY:
      - 85feee8a0a8694bc-CCU
      Connection:
      - keep-alive
      Content-Length:
      - '33'
      Content-Type:
      - application/json
      Date:
      - Wed, 06 Mar 2024 02:31:50 GMT
      NEL:
      - '{"success_fraction":0.01,"report_to":"cf-nel","max_age":604800}'
      Report-To:
      - '{"endpoints":[{"url":"https:\/\/a.nel.cloudflare.com\/report\/v3?s=MllZC9gG2%2BiIihHzRDFRZm3C2aMkTIpwee3N3HXGdYjmkbxQ9HjQ6Ofomg6Ce1CF8RhBD8Wq0epcInHLWaqd%2BOspfWzXFuj6oodz9Dclo2rZJkiUxcxeZ3h18SAu2pRS3nGLfrKJ%2Bn8%3D"}],"group":"cf-nel","max_age":604800}'
      Server:
      - cloudflare
      Set-Cookie: ''
      cache-control:
      - no-cache
      content-security-policy:
      - default-src 'none'
      gitlab-lb:
      - haproxy-main-55-lb-gprd
      gitlab-sv:
      - api-gke-us-east1-c
      referrer-policy:
      - strict-origin-when-cross-origin
      strict-transport-security:
      - max-age=31536000
      vary:
      - Origin
      x-content-type-options:
      - nosniff
      x-frame-options:
      - SAMEORIGIN
      x-gitlab-meta:
      - '{"correlation_id":"4b522598a1ee418e20d3d3bc436a83b0","version":"1"}'
      x-request-id:
      - 4b522598a1ee418e20d3d3bc436a83b0
      x-runtime:
      - '0.064647'
    status:
      code: 404
      message: Not Found
- request:
    body: null
    headers:
      Accept:
      - '*/*'
      Accept-Encoding:
      - gzip, deflate
      Connection:
      - keep-alive
      Content-Length:
      - '0'
      Content-type:
      - application/json
      Cookie:
      - _cfuvid=E7.z7D7pyTjtwSb9_JUr3GCgxZrUvTpXWNXLlMJBGwo-1709692309020-0.0.1.1-604800000
      User-Agent:
      - python-gitlab/4.4.0
    method: DELETE
    uri: https://gitlab.com/api/v4/projects/42823949/issues/4
  response:
    body:
      string: '{"message":"404 Issue Not Found"}'
    headers:
      CF-Cache-Status:
      - DYNAMIC
      CF-RAY:
      - 85feee8e5d2594b9-CCU
      Connection:
      - keep-alive
      Content-Length:
      - '33'
      Content-Type:
      - application/json
      Date:
      - Wed, 06 Mar 2024 02:31:51 GMT
      NEL:
      - '{"success_fraction":0.01,"report_to":"cf-nel","max_age":604800}'
      Report-To:
      - '{"endpoints":[{"url":"https:\/\/a.nel.cloudflare.com\/report\/v3?s=%2FT%2B03IZHD%2FefPxecFEhDHP21lCzs7d%2FzSTpHUc6oBwWffPWIuPHgE8fNtT0%2FChbyaWU34M%2BWdNS9xQ49j9Beb8ztOJlhlw8U6u5DwdkQpvZbnbe9mTMP6hVGtPC9p0N9JQuCTY5CrSQ%3D"}],"group":"cf-nel","max_age":604800}'
      Server:
      - cloudflare
      Set-Cookie: ''
      cache-control:
      - no-cache
      content-security-policy:
      - default-src 'none'
      gitlab-lb:
      - haproxy-main-43-lb-gprd
      gitlab-sv:
      - api-gke-us-east1-c
      referrer-policy:
      - strict-origin-when-cross-origin
      strict-transport-security:
      - max-age=31536000
      vary:
      - Origin
      x-content-type-options:
      - nosniff
      x-frame-options:
      - SAMEORIGIN
      x-gitlab-meta:
      - '{"correlation_id":"ea300a2851339e4c3c63fd5fbdb019ca","version":"1"}'
      x-request-id:
      - ea300a2851339e4c3c63fd5fbdb019ca
      x-runtime:
      - '0.040441'
    status:
      code: 404
      message: Not Found
- request:
    body: null
    headers:
      Accept:
      - '*/*'
      Accept-Encoding:
      - gzip, deflate
      Connection:
      - keep-alive
      User-Agent:
      - python-requests/2.31.0
    method: GET
    uri: https://pagure.io/api/0/protop2g-test-srce
  response:
    body:
      string: "{\n  \"access_groups\": {\n    \"admin\": [], \n    \"collaborator\":
        [], \n    \"commit\": [], \n    \"ticket\": []\n  }, \n  \"access_users\":
        {\n    \"admin\": [], \n    \"collaborator\": [], \n    \"commit\": [], \n
        \   \"owner\": [\n      \"t0xic0der\"\n    ], \n    \"ticket\": []\n  }, \n
        \ \"close_status\": [], \n  \"custom_keys\": [], \n  \"date_created\": \"1697168063\",
        \n  \"date_modified\": \"1697168063\", \n  \"description\": \"The source namespace
        for the Pagure Exporter project to run tests against\", \n  \"full_url\":
        \"https://pagure.io/protop2g-test-srce\", \n  \"fullname\": \"protop2g-test-srce\",
        \n  \"id\": 17042, \n  \"milestones\": {}, \n  \"name\": \"protop2g-test-srce\",
        \n  \"namespace\": null, \n  \"parent\": null, \n  \"priorities\": {}, \n
        \ \"tags\": [], \n  \"url_path\": \"protop2g-test-srce\", \n  \"user\": {\n
        \   \"full_url\": \"https://pagure.io/user/t0xic0der\", \n    \"fullname\":
        \"Akashdeep Dhar\", \n    \"name\": \"t0xic0der\", \n    \"url_path\": \"user/t0xic0der\"\n
        \ }\n}\n"
    headers:
      Connection:
      - Upgrade, Keep-Alive
      Content-Length:
      - '902'
      Content-Security-Policy:
      - default-src 'self';script-src 'self' 'nonce-tsM0pott7FakyCjnoudeS6Xnh'; style-src
        'self' 'nonce-tsM0pott7FakyCjnoudeS6Xnh'; object-src 'none';base-uri 'self';img-src
        'self' https:;connect-src 'self' https://pagure.io:8088;frame-src https://docs.pagure.org;frame-ancestors
        https://pagure.io;
      Content-Type:
      - application/json
      Date:
      - Wed, 06 Mar 2024 02:31:52 GMT
      Keep-Alive:
      - timeout=5, max=100
      Referrer-Policy:
      - same-origin
      Server:
      - Apache/2.4.37 (Red Hat Enterprise Linux) OpenSSL/1.1.1k mod_wsgi/4.6.4 Python/3.6
      Set-Cookie: ''
      Strict-Transport-Security:
      - max-age=31536000; includeSubDomains; preload
      Upgrade:
      - h2,h2c
      X-Content-Type-Options:
      - nosniff
      X-Frame-Options:
      - ALLOW-FROM https://pagure.io/
      X-Xss-Protection:
      - 1; mode=block
    status:
      code: 200
      message: OK
- request:
    body: null
    headers:
      Accept:
      - '*/*'
      Accept-Encoding:
      - gzip, deflate
      Connection:
      - keep-alive
      Content-type:
      - application/json
      User-Agent:
      - python-gitlab/4.4.0
    method: GET
    uri: https://gitlab.com/api/v4/projects/42823949
  response:
    body:
      string: '{"id":42823949,"description":null,"name":"protop2g-test","name_with_namespace":"Akashdeep
        Dhar / protop2g-test","path":"protop2g-test","path_with_namespace":"gridhead/protop2g-test","created_at":"2023-01-23T16:18:30.217Z","default_branch":"main","tag_list":[],"topics":[],"ssh_url_to_repo":"git@gitlab.com:gridhead/protop2g-test.git","http_url_to_repo":"https://gitlab.com/gridhead/protop2g-test.git","web_url":"https://gitlab.com/gridhead/protop2g-test","readme_url":"https://gitlab.com/gridhead/protop2g-test/-/blob/main/README.md","forks_count":0,"avatar_url":null,"star_count":0,"last_activity_at":"2024-03-06T02:29:51.816Z","namespace":{"id":13984834,"name":"Akashdeep
        Dhar","path":"gridhead","kind":"user","full_path":"gridhead","parent_id":null,"avatar_url":"https://secure.gravatar.com/avatar/e412343841597e2fb1e952dd2b1077fc95537604ce04a27c5bfb94bdb0dc3da8?s=80\u0026d=identicon","web_url":"https://gitlab.com/gridhead"},"container_registry_image_prefix":"registry.gitlab.com/gridhead/protop2g-test","_links":{"self":"https://gitlab.com/api/v4/projects/42823949","issues":"https://gitlab.com/api/v4/projects/42823949/issues","merge_requests":"https://gitlab.com/api/v4/projects/42823949/merge_requests","repo_branches":"https://gitlab.com/api/v4/projects/42823949/repository/branches","labels":"https://gitlab.com/api/v4/projects/42823949/labels","events":"https://gitlab.com/api/v4/projects/42823949/events","members":"https://gitlab.com/api/v4/projects/42823949/members","cluster_agents":"https://gitlab.com/api/v4/projects/42823949/cluster_agents"},"packages_enabled":true,"empty_repo":false,"archived":false,"visibility":"public","owner":{"id":10115999,"username":"gridhead","name":"Akashdeep
        Dhar","state":"active","locked":false,"avatar_url":"https://secure.gravatar.com/avatar/e412343841597e2fb1e952dd2b1077fc95537604ce04a27c5bfb94bdb0dc3da8?s=80\u0026d=identicon","web_url":"https://gitlab.com/gridhead"},"resolve_outdated_diff_discussions":false,"container_expiration_policy":{"cadence":"1d","enabled":false,"keep_n":10,"older_than":"90d","name_regex":".*","name_regex_keep":null,"next_run_at":"2023-01-24T16:18:30.271Z"},"repository_object_format":"sha1","issues_enabled":true,"merge_requests_enabled":true,"wiki_enabled":true,"jobs_enabled":true,"snippets_enabled":true,"container_registry_enabled":true,"service_desk_enabled":true,"service_desk_address":"contact-project+gridhead-protop2g-test-42823949-issue-@incoming.gitlab.com","can_create_merge_request_in":true,"issues_access_level":"enabled","repository_access_level":"enabled","merge_requests_access_level":"enabled","forking_access_level":"enabled","wiki_access_level":"enabled","builds_access_level":"enabled","snippets_access_level":"enabled","pages_access_level":"enabled","analytics_access_level":"enabled","container_registry_access_level":"enabled","security_and_compliance_access_level":"private","releases_access_level":"private","environments_access_level":"enabled","feature_flags_access_level":"private","infrastructure_access_level":"private","monitor_access_level":"enabled","model_experiments_access_level":"enabled","model_registry_access_level":"enabled","emails_disabled":false,"emails_enabled":true,"shared_runners_enabled":true,"lfs_enabled":true,"creator_id":10115999,"import_url":null,"import_type":null,"import_status":"none","import_error":null,"open_issues_count":0,"description_html":"","updated_at":"2024-03-06T02:29:51.816Z","ci_default_git_depth":20,"ci_forward_deployment_enabled":true,"ci_forward_deployment_rollback_allowed":true,"ci_job_token_scope_enabled":false,"ci_separated_caches":true,"ci_allow_fork_pipelines_to_run_in_parent_project":true,"build_git_strategy":"fetch","keep_latest_artifact":true,"restrict_user_defined_variables":false,"runners_token":"SECURE_STANDARD_PASSWORD_HERE","runner_token_expiration_interval":null,"group_runners_enabled":true,"auto_cancel_pending_pipelines":"enabled","build_timeout":3600,"auto_devops_enabled":false,"auto_devops_deploy_strategy":"continuous","ci_config_path":"","public_jobs":true,"shared_with_groups":[],"only_allow_merge_if_pipeline_succeeds":false,"allow_merge_on_skipped_pipeline":null,"request_access_enabled":true,"only_allow_merge_if_all_discussions_are_resolved":false,"remove_source_branch_after_merge":true,"printing_merge_request_link_enabled":true,"merge_method":"merge","squash_option":"default_off","enforce_auth_checks_on_uploads":true,"suggestion_commit_message":null,"merge_commit_template":null,"squash_commit_template":null,"issue_branch_template":null,"warn_about_potentially_unwanted_characters":true,"autoclose_referenced_issues":true,"external_authorization_classification_label":"","requirements_enabled":false,"requirements_access_level":"enabled","security_and_compliance_enabled":true,"compliance_frameworks":[],"permissions":{"project_access":{"access_level":50,"notification_level":3},"group_access":null}}'
    headers:
      CF-Cache-Status:
      - MISS
      CF-RAY:
      - 85feee988fa394b9-CCU
      Connection:
      - keep-alive
      Content-Encoding:
      - gzip
      Content-Type:
      - application/json
      Date:
      - Wed, 06 Mar 2024 02:31:52 GMT
      NEL:
      - '{"success_fraction":0.01,"report_to":"cf-nel","max_age":604800}'
      Report-To:
      - '{"endpoints":[{"url":"https:\/\/a.nel.cloudflare.com\/report\/v3?s=r%2F31W451MhIcU2ffkWoFaSNLl%2FYWhdauoGnjZBWRoR2v22E6%2B5Mwxoa9EPadxkBLP7IHOyKdWjSOCUo3r9RUw4TQBuFM%2FMtwHjUd7%2FNNwSyHP8h73TAvwvXnTAzrzwsZF1D%2BdApuLT8%3D"}],"group":"cf-nel","max_age":604800}'
      Server:
      - cloudflare
      Set-Cookie: ''
      Transfer-Encoding:
      - chunked
      cache-control:
      - max-age=0, private, must-revalidate
      content-security-policy:
      - default-src 'none'
      etag:
      - W/"d7889926960e4033b27a5ebb12a1570f"
      gitlab-lb:
      - haproxy-main-06-lb-gprd
      gitlab-sv:
      - api-gke-us-east1-b
      referrer-policy:
      - strict-origin-when-cross-origin
      strict-transport-security:
      - max-age=31536000
      vary:
      - Origin, Accept-Encoding
      x-content-type-options:
      - nosniff
      x-frame-options:
      - SAMEORIGIN
      x-gitlab-meta:
      - '{"correlation_id":"919c61366b976d587a6d4561d4c40fd5","version":"1"}'
      x-request-id:
      - 919c61366b976d587a6d4561d4c40fd5
      x-runtime:
      - '0.114689'
    status:
      code: 200
      message: OK
- request:
    body: null
    headers:
      Accept:
      - '*/*'
      Accept-Encoding:
      - gzip, deflate
      Connection:
      - keep-alive
      User-Agent:
      - python-requests/2.31.0
    method: GET
    uri: https://pagure.io/api/0/protop2g-test-srce/issue/1
  response:
    body:
      string: "{\n  \"assignee\": null, \n  \"blocks\": [], \n  \"close_status\":
        null, \n  \"closed_at\": null, \n  \"closed_by\": null, \n  \"comments\":
        [\n    {\n      \"comment\": \"**Metadata Update from @t0xic0der**:\\n- Issue
        tagged with: aaaa, bbbb\", \n      \"date_created\": \"1697169699\", \n      \"edited_on\":
        null, \n      \"editor\": null, \n      \"id\": 878471, \n      \"notification\":
        true, \n      \"parent\": null, \n      \"reactions\": {}, \n      \"user\":
        {\n        \"full_url\": \"https://pagure.io/user/t0xic0der\", \n        \"fullname\":
        \"Akashdeep Dhar\", \n        \"name\": \"t0xic0der\", \n        \"url_path\":
        \"user/t0xic0der\"\n      }\n    }, \n    {\n      \"comment\": \"This is
        the first comment under the first test issue\", \n      \"date_created\":
        \"1697169880\", \n      \"edited_on\": null, \n      \"editor\": null, \n
        \     \"id\": 878473, \n      \"notification\": false, \n      \"parent\":
        null, \n      \"reactions\": {}, \n      \"user\": {\n        \"full_url\":
        \"https://pagure.io/user/t0xic0der\", \n        \"fullname\": \"Akashdeep
        Dhar\", \n        \"name\": \"t0xic0der\", \n        \"url_path\": \"user/t0xic0der\"\n
        \     }\n    }, \n    {\n      \"comment\": \"This is the second comment under
        the first test issue\", \n      \"date_created\": \"1697169924\", \n      \"edited_on\":
        null, \n      \"editor\": null, \n      \"id\": 878474, \n      \"notification\":
        false, \n      \"parent\": null, \n      \"reactions\": {}, \n      \"user\":
        {\n        \"full_url\": \"https://pagure.io/user/t0xic0der\", \n        \"fullname\":
        \"Akashdeep Dhar\", \n        \"name\": \"t0xic0der\", \n        \"url_path\":
        \"user/t0xic0der\"\n      }\n    }\n  ], \n  \"content\": \"This is the body
        of the first test issue\", \n  \"custom_fields\": [], \n  \"date_created\":
        \"1697169462\", \n  \"depends\": [], \n  \"full_url\": \"https://pagure.io/protop2g-test-srce/issue/1\",
        \n  \"id\": 1, \n  \"last_updated\": \"1697169924\", \n  \"milestone\": null,
        \n  \"priority\": null, \n  \"private\": false, \n  \"related_prs\": [], \n
        \ \"status\": \"Open\", \n  \"tags\": [\n    \"aaaa\", \n    \"bbbb\"\n  ],
        \n  \"title\": \"This is the title of the first test issue\", \n  \"user\":
        {\n    \"full_url\": \"https://pagure.io/user/t0xic0der\", \n    \"fullname\":
        \"Akashdeep Dhar\", \n    \"name\": \"t0xic0der\", \n    \"url_path\": \"user/t0xic0der\"\n
        \ }\n}\n"
    headers:
      Connection:
      - Upgrade, Keep-Alive
      Content-Length:
      - '2135'
      Content-Security-Policy:
      - default-src 'self';script-src 'self' 'nonce-sc2wXJLOQc1HwfRB8jceA1WFN'; style-src
        'self' 'nonce-sc2wXJLOQc1HwfRB8jceA1WFN'; object-src 'none';base-uri 'self';img-src
        'self' https:;connect-src 'self' https://pagure.io:8088;frame-src https://docs.pagure.org;frame-ancestors
        https://pagure.io;
      Content-Type:
      - application/json
      Date:
      - Wed, 06 Mar 2024 02:31:54 GMT
      Keep-Alive:
      - timeout=5, max=100
      Referrer-Policy:
      - same-origin
      Server:
      - Apache/2.4.37 (Red Hat Enterprise Linux) OpenSSL/1.1.1k mod_wsgi/4.6.4 Python/3.6
      Set-Cookie: ''
      Strict-Transport-Security:
      - max-age=31536000; includeSubDomains; preload
      Upgrade:
      - h2,h2c
      X-Content-Type-Options:
      - nosniff
      X-Frame-Options:
      - ALLOW-FROM https://pagure.io/
      X-Xss-Protection:
      - 1; mode=block
    status:
      code: 200
      message: OK
version: 1
