interactions:
- request:
    body: null
    headers:
      Accept:
      - '*/*'
      Accept-Encoding:
      - gzip, deflate
      Connection:
      - keep-alive
      User-Agent:
      - python-requests/2.31.0
    method: GET
    uri: https://pagure.io/api/0/protop2g-test-srce
  response:
    body:
      string: "{\n  \"access_groups\": {\n    \"admin\": [], \n    \"collaborator\":
        [], \n    \"commit\": [], \n    \"ticket\": []\n  }, \n  \"access_users\":
        {\n    \"admin\": [], \n    \"collaborator\": [], \n    \"commit\": [], \n
        \   \"owner\": [\n      \"t0xic0der\"\n    ], \n    \"ticket\": []\n  }, \n
        \ \"close_status\": [], \n  \"custom_keys\": [], \n  \"date_created\": \"1697168063\",
        \n  \"date_modified\": \"1697168063\", \n  \"description\": \"The source namespace
        for the Pagure Exporter project to run tests against\", \n  \"full_url\":
        \"https://pagure.io/protop2g-test-srce\", \n  \"fullname\": \"protop2g-test-srce\",
        \n  \"id\": 17042, \n  \"milestones\": {}, \n  \"name\": \"protop2g-test-srce\",
        \n  \"namespace\": null, \n  \"parent\": null, \n  \"priorities\": {}, \n
        \ \"tags\": [], \n  \"url_path\": \"protop2g-test-srce\", \n  \"user\": {\n
        \   \"full_url\": \"https://pagure.io/user/t0xic0der\", \n    \"fullname\":
        \"Akashdeep Dhar\", \n    \"name\": \"t0xic0der\", \n    \"url_path\": \"user/t0xic0der\"\n
        \ }\n}\n"
    headers:
      Connection:
      - Upgrade, Keep-Alive
      Content-Length:
      - '902'
      Content-Security-Policy:
      - default-src 'self';script-src 'self' 'nonce-6MHv1YzsXwJGo7rGaazuyJUTT'; style-src
        'self' 'nonce-6MHv1YzsXwJGo7rGaazuyJUTT'; object-src 'none';base-uri 'self';img-src
        'self' https:;connect-src 'self' https://pagure.io:8088;frame-src https://docs.pagure.org;frame-ancestors
        https://pagure.io;
      Content-Type:
      - application/json
      Date:
      - Tue, 21 Nov 2023 17:59:00 GMT
      Keep-Alive:
      - timeout=5, max=100
      Referrer-Policy:
      - same-origin
      Server:
      - Apache/2.4.37 (Red Hat Enterprise Linux) OpenSSL/1.1.1k mod_wsgi/4.6.4 Python/3.6
      Set-Cookie:
      - pagure=eyJfcGVybWFuZW50Ijp0cnVlLCJjc3JmX3Rva2VuIjoiMjZlMWU4MGM2MjI3Nzg3ZTQ3NDk1N2MyNjUyMzQ5MDcwOGZhNDkwNyJ9.GD6BZA.zFDFZtYa5cRStfrqhdoIMHve0Qg;
        Expires=Fri, 22-Dec-2023 17:59:00 GMT; Secure; HttpOnly; Path=/
      Strict-Transport-Security:
      - max-age=31536000; includeSubDomains; preload
      Upgrade:
      - h2,h2c
      X-Content-Type-Options:
      - nosniff
      X-Frame-Options:
      - ALLOW-FROM https://pagure.io/
      X-Xss-Protection:
      - 1; mode=block
    status:
      code: 200
      message: OK
- request:
    body: null
    headers:
      Accept:
      - '*/*'
      Accept-Encoding:
      - gzip, deflate
      Connection:
      - keep-alive
      User-Agent:
      - python-requests/2.31.0
    method: GET
    uri: https://gitlab.com/api/v4/projects/42823949
  response:
    body:
      string: '{"id":42823949,"description":null,"name":"protop2g-test","name_with_namespace":"Akashdeep
        Dhar / protop2g-test","path":"protop2g-test","path_with_namespace":"gridhead/protop2g-test","created_at":"2023-01-23T16:18:30.217Z","default_branch":"main","tag_list":[],"topics":[],"ssh_url_to_repo":"git@gitlab.com:gridhead/protop2g-test.git","http_url_to_repo":"https://gitlab.com/gridhead/protop2g-test.git","web_url":"https://gitlab.com/gridhead/protop2g-test","readme_url":"https://gitlab.com/gridhead/protop2g-test/-/blob/main/README.md","forks_count":0,"avatar_url":null,"star_count":0,"last_activity_at":"2023-11-21T17:21:25.582Z","namespace":{"id":13984834,"name":"Akashdeep
        Dhar","path":"gridhead","kind":"user","full_path":"gridhead","parent_id":null,"avatar_url":"https://secure.gravatar.com/avatar/eba3058f529195e3b87d3383ada41661?s=80\u0026d=identicon","web_url":"https://gitlab.com/gridhead"},"container_registry_image_prefix":"registry.gitlab.com/gridhead/protop2g-test","_links":{"self":"https://gitlab.com/api/v4/projects/42823949","issues":"https://gitlab.com/api/v4/projects/42823949/issues","merge_requests":"https://gitlab.com/api/v4/projects/42823949/merge_requests","repo_branches":"https://gitlab.com/api/v4/projects/42823949/repository/branches","labels":"https://gitlab.com/api/v4/projects/42823949/labels","events":"https://gitlab.com/api/v4/projects/42823949/events","members":"https://gitlab.com/api/v4/projects/42823949/members","cluster_agents":"https://gitlab.com/api/v4/projects/42823949/cluster_agents"},"packages_enabled":true,"empty_repo":false,"archived":false,"visibility":"public","owner":{"id":10115999,"username":"gridhead","name":"Akashdeep
        Dhar","state":"active","locked":false,"avatar_url":"https://secure.gravatar.com/avatar/eba3058f529195e3b87d3383ada41661?s=80\u0026d=identicon","web_url":"https://gitlab.com/gridhead"},"resolve_outdated_diff_discussions":false,"container_expiration_policy":{"cadence":"1d","enabled":false,"keep_n":10,"older_than":"90d","name_regex":".*","name_regex_keep":null,"next_run_at":"2023-01-24T16:18:30.271Z"},"issues_enabled":true,"merge_requests_enabled":true,"wiki_enabled":true,"jobs_enabled":true,"snippets_enabled":true,"container_registry_enabled":true,"service_desk_enabled":true,"service_desk_address":"contact-project+gridhead-protop2g-test-42823949-issue-@incoming.gitlab.com","can_create_merge_request_in":true,"issues_access_level":"enabled","repository_access_level":"enabled","merge_requests_access_level":"enabled","forking_access_level":"enabled","wiki_access_level":"enabled","builds_access_level":"enabled","snippets_access_level":"enabled","pages_access_level":"enabled","analytics_access_level":"enabled","container_registry_access_level":"enabled","security_and_compliance_access_level":"private","releases_access_level":"private","environments_access_level":"enabled","feature_flags_access_level":"private","infrastructure_access_level":"private","monitor_access_level":"enabled","model_experiments_access_level":"enabled","emails_disabled":false,"emails_enabled":true,"shared_runners_enabled":true,"lfs_enabled":true,"creator_id":10115999,"import_url":null,"import_type":null,"import_status":"none","import_error":null,"open_issues_count":4917,"description_html":"","updated_at":"2023-11-21T17:21:25.582Z","ci_default_git_depth":20,"ci_forward_deployment_enabled":true,"ci_forward_deployment_rollback_allowed":true,"ci_job_token_scope_enabled":false,"ci_separated_caches":true,"ci_allow_fork_pipelines_to_run_in_parent_project":true,"build_git_strategy":"fetch","keep_latest_artifact":true,"restrict_user_defined_variables":false,"runners_token":"GR1348941S11UuXmU2P9KZ9wAZhCB","runner_token_expiration_interval":null,"group_runners_enabled":true,"auto_cancel_pending_pipelines":"enabled","build_timeout":3600,"auto_devops_enabled":false,"auto_devops_deploy_strategy":"continuous","ci_config_path":"","public_jobs":true,"shared_with_groups":[],"only_allow_merge_if_pipeline_succeeds":false,"allow_merge_on_skipped_pipeline":null,"request_access_enabled":true,"only_allow_merge_if_all_discussions_are_resolved":false,"remove_source_branch_after_merge":true,"printing_merge_request_link_enabled":true,"merge_method":"merge","squash_option":"default_off","enforce_auth_checks_on_uploads":true,"suggestion_commit_message":null,"merge_commit_template":null,"squash_commit_template":null,"issue_branch_template":null,"autoclose_referenced_issues":true,"external_authorization_classification_label":"","requirements_enabled":false,"requirements_access_level":"enabled","security_and_compliance_enabled":true,"compliance_frameworks":[],"permissions":{"project_access":{"access_level":40,"notification_level":3},"group_access":null}}'
    headers:
      CF-Cache-Status:
      - MISS
      CF-RAY:
      - 829ad2f5f86585dc-BOM
      Connection:
      - keep-alive
      Content-Encoding:
      - gzip
      Content-Type:
      - application/json
      Date:
      - Tue, 21 Nov 2023 17:59:01 GMT
      NEL:
      - '{"success_fraction":0.01,"report_to":"cf-nel","max_age":604800}'
      Report-To:
      - '{"endpoints":[{"url":"https:\/\/a.nel.cloudflare.com\/report\/v3?s=P4tUdhCl7TGbYPOxV6oAygUA4NuEXm%2Ffxv%2FK%2Fa2C2GK9%2FlKm%2Flkv902394NKWFKwPhRoNp8BCakYNtYrGDMI0JtSk7oadxqQSNQcxFzX9nxGjjc4UfzsoatUTsM%3D"}],"group":"cf-nel","max_age":604800}'
      Server:
      - cloudflare
      Set-Cookie:
      - _cfuvid=vWP1z4acJ.fL4dgG28qsx4_epg0EgmcINZVFc.iUnsM-1700589541309-0-604800000;
        path=/; domain=.gitlab.com; HttpOnly; Secure; SameSite=None
      Transfer-Encoding:
      - chunked
      cache-control:
      - max-age=0, private, must-revalidate
      content-security-policy:
      - default-src 'none'
      etag:
      - W/"14aba5ae6e988745a197f2a1c1960499"
      gitlab-lb:
      - haproxy-main-49-lb-gprd
      gitlab-sv:
      - localhost
      ratelimit-limit:
      - '2000'
      ratelimit-observed:
      - '33'
      ratelimit-remaining:
      - '1967'
      ratelimit-reset:
      - '1700589601'
      ratelimit-resettime:
      - Tue, 21 Nov 2023 18:00:01 GMT
      referrer-policy:
      - strict-origin-when-cross-origin
      strict-transport-security:
      - max-age=31536000
      vary:
      - Origin, Accept-Encoding
      x-content-type-options:
      - nosniff
      x-frame-options:
      - SAMEORIGIN
      x-gitlab-meta:
      - '{"correlation_id":"8cea4f8d064d984870b449767657ebcd","version":"1"}'
      x-request-id:
      - 8cea4f8d064d984870b449767657ebcd
      x-runtime:
      - '0.166380'
    status:
      code: 200
      message: OK
- request:
    body: null
    headers:
      Accept:
      - '*/*'
      Accept-Encoding:
      - gzip, deflate
      Connection:
      - keep-alive
      User-Agent:
      - python-requests/2.31.0
    method: GET
    uri: https://pagure.io/api/0/protop2g-test-srce/issues?per_page=35&page=1&status=closed
  response:
    body:
      string: "{\n  \"args\": {\n    \"assignee\": null, \n    \"author\": null, \n
        \   \"milestones\": [], \n    \"no_stones\": null, \n    \"order\": null,
        \n    \"priority\": null, \n    \"since\": null, \n    \"status\": \"closed\",
        \n    \"tags\": []\n  }, \n  \"issues\": [\n    {\n      \"assignee\": null,
        \n      \"blocks\": [], \n      \"close_status\": null, \n      \"closed_at\":
        \"1700554080\", \n      \"closed_by\": {\n        \"full_url\": \"https://pagure.io/user/t0xic0der\",
        \n        \"fullname\": \"Akashdeep Dhar\", \n        \"name\": \"t0xic0der\",
        \n        \"url_path\": \"user/t0xic0der\"\n      }, \n      \"comments\":
        [\n        {\n          \"comment\": \"This is the first comment under the
        fourth test issue\", \n          \"date_created\": \"1700554045\", \n          \"edited_on\":
        null, \n          \"editor\": null, \n          \"id\": 885231, \n          \"notification\":
        false, \n          \"parent\": null, \n          \"reactions\": {}, \n          \"user\":
        {\n            \"full_url\": \"https://pagure.io/user/t0xic0der\", \n            \"fullname\":
        \"Akashdeep Dhar\", \n            \"name\": \"t0xic0der\", \n            \"url_path\":
        \"user/t0xic0der\"\n          }\n        }, \n        {\n          \"comment\":
        \"This is the second comment under the fourth test issue\", \n          \"date_created\":
        \"1700554054\", \n          \"edited_on\": null, \n          \"editor\": null,
        \n          \"id\": 885232, \n          \"notification\": false, \n          \"parent\":
        null, \n          \"reactions\": {}, \n          \"user\": {\n            \"full_url\":
        \"https://pagure.io/user/t0xic0der\", \n            \"fullname\": \"Akashdeep
        Dhar\", \n            \"name\": \"t0xic0der\", \n            \"url_path\":
        \"user/t0xic0der\"\n          }\n        }, \n        {\n          \"comment\":
        \"**Metadata Update from @t0xic0der**:\\n- Issue status updated to: Closed
        (was: Open)\", \n          \"date_created\": \"1700554081\", \n          \"edited_on\":
        null, \n          \"editor\": null, \n          \"id\": 885233, \n          \"notification\":
        true, \n          \"parent\": null, \n          \"reactions\": {}, \n          \"user\":
        {\n            \"full_url\": \"https://pagure.io/user/t0xic0der\", \n            \"fullname\":
        \"Akashdeep Dhar\", \n            \"name\": \"t0xic0der\", \n            \"url_path\":
        \"user/t0xic0der\"\n          }\n        }\n      ], \n      \"content\":
        \"This is the body of the fourth test issue\", \n      \"custom_fields\":
        [], \n      \"date_created\": \"1700554016\", \n      \"depends\": [], \n
        \     \"full_url\": \"https://pagure.io/protop2g-test-srce/issue/4\", \n      \"id\":
        4, \n      \"last_updated\": \"1700554081\", \n      \"milestone\": null,
        \n      \"priority\": null, \n      \"private\": true, \n      \"related_prs\":
        [], \n      \"status\": \"Closed\", \n      \"tags\": [\n        \"gggg\",
        \n        \"hhhh\"\n      ], \n      \"title\": \"This is the title of the
        fourth test issue\", \n      \"user\": {\n        \"full_url\": \"https://pagure.io/user/t0xic0der\",
        \n        \"fullname\": \"Akashdeep Dhar\", \n        \"name\": \"t0xic0der\",
        \n        \"url_path\": \"user/t0xic0der\"\n      }\n    }, \n    {\n      \"assignee\":
        null, \n      \"blocks\": [], \n      \"close_status\": null, \n      \"closed_at\":
        \"1697170032\", \n      \"closed_by\": {\n        \"full_url\": \"https://pagure.io/user/t0xic0der\",
        \n        \"fullname\": \"Akashdeep Dhar\", \n        \"name\": \"t0xic0der\",
        \n        \"url_path\": \"user/t0xic0der\"\n      }, \n      \"comments\":
        [\n        {\n          \"comment\": \"**Metadata Update from @t0xic0der**:\\n-
        Issue tagged with: cccc, dddd\", \n          \"date_created\": \"1697169810\",
        \n          \"edited_on\": null, \n          \"editor\": null, \n          \"id\":
        878472, \n          \"notification\": true, \n          \"parent\": null,
        \n          \"reactions\": {}, \n          \"user\": {\n            \"full_url\":
        \"https://pagure.io/user/t0xic0der\", \n            \"fullname\": \"Akashdeep
        Dhar\", \n            \"name\": \"t0xic0der\", \n            \"url_path\":
        \"user/t0xic0der\"\n          }\n        }, \n        {\n          \"comment\":
        \"The is the first comment under the second test issue\", \n          \"date_created\":
        \"1697169964\", \n          \"edited_on\": null, \n          \"editor\": null,
        \n          \"id\": 878475, \n          \"notification\": false, \n          \"parent\":
        null, \n          \"reactions\": {}, \n          \"user\": {\n            \"full_url\":
        \"https://pagure.io/user/t0xic0der\", \n            \"fullname\": \"Akashdeep
        Dhar\", \n            \"name\": \"t0xic0der\", \n            \"url_path\":
        \"user/t0xic0der\"\n          }\n        }, \n        {\n          \"comment\":
        \"The is the second comment under the second test issue\", \n          \"date_created\":
        \"1697169976\", \n          \"edited_on\": null, \n          \"editor\": null,
        \n          \"id\": 878476, \n          \"notification\": false, \n          \"parent\":
        null, \n          \"reactions\": {}, \n          \"user\": {\n            \"full_url\":
        \"https://pagure.io/user/t0xic0der\", \n            \"fullname\": \"Akashdeep
        Dhar\", \n            \"name\": \"t0xic0der\", \n            \"url_path\":
        \"user/t0xic0der\"\n          }\n        }, \n        {\n          \"comment\":
        \"**Metadata Update from @t0xic0der**:\\n- Issue status updated to: Closed
        (was: Open)\", \n          \"date_created\": \"1697170032\", \n          \"edited_on\":
        null, \n          \"editor\": null, \n          \"id\": 878477, \n          \"notification\":
        true, \n          \"parent\": null, \n          \"reactions\": {}, \n          \"user\":
        {\n            \"full_url\": \"https://pagure.io/user/t0xic0der\", \n            \"fullname\":
        \"Akashdeep Dhar\", \n            \"name\": \"t0xic0der\", \n            \"url_path\":
        \"user/t0xic0der\"\n          }\n        }\n      ], \n      \"content\":
        \"This is the body of the second test issue\", \n      \"custom_fields\":
        [], \n      \"date_created\": \"1697169676\", \n      \"depends\": [], \n
        \     \"full_url\": \"https://pagure.io/protop2g-test-srce/issue/2\", \n      \"id\":
        2, \n      \"last_updated\": \"1697170032\", \n      \"milestone\": null,
        \n      \"priority\": null, \n      \"private\": false, \n      \"related_prs\":
        [], \n      \"status\": \"Closed\", \n      \"tags\": [\n        \"cccc\",
        \n        \"dddd\"\n      ], \n      \"title\": \"This is the title of the
        second test issue\", \n      \"user\": {\n        \"full_url\": \"https://pagure.io/user/t0xic0der\",
        \n        \"fullname\": \"Akashdeep Dhar\", \n        \"name\": \"t0xic0der\",
        \n        \"url_path\": \"user/t0xic0der\"\n      }\n    }\n  ], \n  \"pagination\":
        {\n    \"first\": \"https://pagure.io/api/0/protop2g-test-srce/issues?per_page=35&status=closed&page=1\",
        \n    \"last\": \"https://pagure.io/api/0/protop2g-test-srce/issues?per_page=35&status=closed&page=1\",
        \n    \"next\": null, \n    \"page\": 1, \n    \"pages\": 1, \n    \"per_page\":
        35, \n    \"prev\": null\n  }, \n  \"total_issues\": 2\n}\n"
    headers:
      Connection:
      - Upgrade, Keep-Alive
      Content-Length:
      - '6409'
      Content-Security-Policy:
      - default-src 'self';script-src 'self' 'nonce-HCDR87P6szK0QzNqZ2x7lZxmw'; style-src
        'self' 'nonce-HCDR87P6szK0QzNqZ2x7lZxmw'; object-src 'none';base-uri 'self';img-src
        'self' https:;connect-src 'self' https://pagure.io:8088;frame-src https://docs.pagure.org;frame-ancestors
        https://pagure.io;
      Content-Type:
      - application/json
      Date:
      - Tue, 21 Nov 2023 17:59:02 GMT
      Keep-Alive:
      - timeout=5, max=100
      Referrer-Policy:
      - same-origin
      Server:
      - Apache/2.4.37 (Red Hat Enterprise Linux) OpenSSL/1.1.1k mod_wsgi/4.6.4 Python/3.6
      Set-Cookie:
      - pagure=eyJfcGVybWFuZW50Ijp0cnVlLCJjc3JmX3Rva2VuIjoiOTk4MDkwN2ZlZDY1ZDlkMzVjNzAzYzI0NDBlZjI4NDQ0Nzk3MzVjZCJ9.GD6BZg.FwFTA2_yjt3PPSR-uqrjBhZ7K4s;
        Expires=Fri, 22-Dec-2023 17:59:02 GMT; Secure; HttpOnly; Path=/
      Strict-Transport-Security:
      - max-age=31536000; includeSubDomains; preload
      Upgrade:
      - h2,h2c
      X-Content-Type-Options:
      - nosniff
      X-Frame-Options:
      - ALLOW-FROM https://pagure.io/
      X-Xss-Protection:
      - 1; mode=block
    status:
      code: 200
      message: OK
- request:
    body: null
    headers:
      Accept:
      - '*/*'
      Accept-Encoding:
      - gzip, deflate
      Connection:
      - keep-alive
      User-Agent:
      - python-requests/2.31.0
    method: GET
    uri: https://pagure.io/api/0/protop2g-test-srce/issues?per_page=35&page=1&status=closed
  response:
    body:
      string: "{\n  \"args\": {\n    \"assignee\": null, \n    \"author\": null, \n
        \   \"milestones\": [], \n    \"no_stones\": null, \n    \"order\": null,
        \n    \"priority\": null, \n    \"since\": null, \n    \"status\": \"closed\",
        \n    \"tags\": []\n  }, \n  \"issues\": [\n    {\n      \"assignee\": null,
        \n      \"blocks\": [], \n      \"close_status\": null, \n      \"closed_at\":
        \"1700554080\", \n      \"closed_by\": {\n        \"full_url\": \"https://pagure.io/user/t0xic0der\",
        \n        \"fullname\": \"Akashdeep Dhar\", \n        \"name\": \"t0xic0der\",
        \n        \"url_path\": \"user/t0xic0der\"\n      }, \n      \"comments\":
        [\n        {\n          \"comment\": \"This is the first comment under the
        fourth test issue\", \n          \"date_created\": \"1700554045\", \n          \"edited_on\":
        null, \n          \"editor\": null, \n          \"id\": 885231, \n          \"notification\":
        false, \n          \"parent\": null, \n          \"reactions\": {}, \n          \"user\":
        {\n            \"full_url\": \"https://pagure.io/user/t0xic0der\", \n            \"fullname\":
        \"Akashdeep Dhar\", \n            \"name\": \"t0xic0der\", \n            \"url_path\":
        \"user/t0xic0der\"\n          }\n        }, \n        {\n          \"comment\":
        \"This is the second comment under the fourth test issue\", \n          \"date_created\":
        \"1700554054\", \n          \"edited_on\": null, \n          \"editor\": null,
        \n          \"id\": 885232, \n          \"notification\": false, \n          \"parent\":
        null, \n          \"reactions\": {}, \n          \"user\": {\n            \"full_url\":
        \"https://pagure.io/user/t0xic0der\", \n            \"fullname\": \"Akashdeep
        Dhar\", \n            \"name\": \"t0xic0der\", \n            \"url_path\":
        \"user/t0xic0der\"\n          }\n        }, \n        {\n          \"comment\":
        \"**Metadata Update from @t0xic0der**:\\n- Issue status updated to: Closed
        (was: Open)\", \n          \"date_created\": \"1700554081\", \n          \"edited_on\":
        null, \n          \"editor\": null, \n          \"id\": 885233, \n          \"notification\":
        true, \n          \"parent\": null, \n          \"reactions\": {}, \n          \"user\":
        {\n            \"full_url\": \"https://pagure.io/user/t0xic0der\", \n            \"fullname\":
        \"Akashdeep Dhar\", \n            \"name\": \"t0xic0der\", \n            \"url_path\":
        \"user/t0xic0der\"\n          }\n        }\n      ], \n      \"content\":
        \"This is the body of the fourth test issue\", \n      \"custom_fields\":
        [], \n      \"date_created\": \"1700554016\", \n      \"depends\": [], \n
        \     \"full_url\": \"https://pagure.io/protop2g-test-srce/issue/4\", \n      \"id\":
        4, \n      \"last_updated\": \"1700554081\", \n      \"milestone\": null,
        \n      \"priority\": null, \n      \"private\": true, \n      \"related_prs\":
        [], \n      \"status\": \"Closed\", \n      \"tags\": [\n        \"gggg\",
        \n        \"hhhh\"\n      ], \n      \"title\": \"This is the title of the
        fourth test issue\", \n      \"user\": {\n        \"full_url\": \"https://pagure.io/user/t0xic0der\",
        \n        \"fullname\": \"Akashdeep Dhar\", \n        \"name\": \"t0xic0der\",
        \n        \"url_path\": \"user/t0xic0der\"\n      }\n    }, \n    {\n      \"assignee\":
        null, \n      \"blocks\": [], \n      \"close_status\": null, \n      \"closed_at\":
        \"1697170032\", \n      \"closed_by\": {\n        \"full_url\": \"https://pagure.io/user/t0xic0der\",
        \n        \"fullname\": \"Akashdeep Dhar\", \n        \"name\": \"t0xic0der\",
        \n        \"url_path\": \"user/t0xic0der\"\n      }, \n      \"comments\":
        [\n        {\n          \"comment\": \"**Metadata Update from @t0xic0der**:\\n-
        Issue tagged with: cccc, dddd\", \n          \"date_created\": \"1697169810\",
        \n          \"edited_on\": null, \n          \"editor\": null, \n          \"id\":
        878472, \n          \"notification\": true, \n          \"parent\": null,
        \n          \"reactions\": {}, \n          \"user\": {\n            \"full_url\":
        \"https://pagure.io/user/t0xic0der\", \n            \"fullname\": \"Akashdeep
        Dhar\", \n            \"name\": \"t0xic0der\", \n            \"url_path\":
        \"user/t0xic0der\"\n          }\n        }, \n        {\n          \"comment\":
        \"The is the first comment under the second test issue\", \n          \"date_created\":
        \"1697169964\", \n          \"edited_on\": null, \n          \"editor\": null,
        \n          \"id\": 878475, \n          \"notification\": false, \n          \"parent\":
        null, \n          \"reactions\": {}, \n          \"user\": {\n            \"full_url\":
        \"https://pagure.io/user/t0xic0der\", \n            \"fullname\": \"Akashdeep
        Dhar\", \n            \"name\": \"t0xic0der\", \n            \"url_path\":
        \"user/t0xic0der\"\n          }\n        }, \n        {\n          \"comment\":
        \"The is the second comment under the second test issue\", \n          \"date_created\":
        \"1697169976\", \n          \"edited_on\": null, \n          \"editor\": null,
        \n          \"id\": 878476, \n          \"notification\": false, \n          \"parent\":
        null, \n          \"reactions\": {}, \n          \"user\": {\n            \"full_url\":
        \"https://pagure.io/user/t0xic0der\", \n            \"fullname\": \"Akashdeep
        Dhar\", \n            \"name\": \"t0xic0der\", \n            \"url_path\":
        \"user/t0xic0der\"\n          }\n        }, \n        {\n          \"comment\":
        \"**Metadata Update from @t0xic0der**:\\n- Issue status updated to: Closed
        (was: Open)\", \n          \"date_created\": \"1697170032\", \n          \"edited_on\":
        null, \n          \"editor\": null, \n          \"id\": 878477, \n          \"notification\":
        true, \n          \"parent\": null, \n          \"reactions\": {}, \n          \"user\":
        {\n            \"full_url\": \"https://pagure.io/user/t0xic0der\", \n            \"fullname\":
        \"Akashdeep Dhar\", \n            \"name\": \"t0xic0der\", \n            \"url_path\":
        \"user/t0xic0der\"\n          }\n        }\n      ], \n      \"content\":
        \"This is the body of the second test issue\", \n      \"custom_fields\":
        [], \n      \"date_created\": \"1697169676\", \n      \"depends\": [], \n
        \     \"full_url\": \"https://pagure.io/protop2g-test-srce/issue/2\", \n      \"id\":
        2, \n      \"last_updated\": \"1697170032\", \n      \"milestone\": null,
        \n      \"priority\": null, \n      \"private\": false, \n      \"related_prs\":
        [], \n      \"status\": \"Closed\", \n      \"tags\": [\n        \"cccc\",
        \n        \"dddd\"\n      ], \n      \"title\": \"This is the title of the
        second test issue\", \n      \"user\": {\n        \"full_url\": \"https://pagure.io/user/t0xic0der\",
        \n        \"fullname\": \"Akashdeep Dhar\", \n        \"name\": \"t0xic0der\",
        \n        \"url_path\": \"user/t0xic0der\"\n      }\n    }\n  ], \n  \"pagination\":
        {\n    \"first\": \"https://pagure.io/api/0/protop2g-test-srce/issues?per_page=35&status=closed&page=1\",
        \n    \"last\": \"https://pagure.io/api/0/protop2g-test-srce/issues?per_page=35&status=closed&page=1\",
        \n    \"next\": null, \n    \"page\": 1, \n    \"pages\": 1, \n    \"per_page\":
        35, \n    \"prev\": null\n  }, \n  \"total_issues\": 2\n}\n"
    headers:
      Connection:
      - Upgrade, Keep-Alive
      Content-Length:
      - '6409'
      Content-Security-Policy:
      - default-src 'self';script-src 'self' 'nonce-4z2oF4DzNdb1cp894DSnhci8u'; style-src
        'self' 'nonce-4z2oF4DzNdb1cp894DSnhci8u'; object-src 'none';base-uri 'self';img-src
        'self' https:;connect-src 'self' https://pagure.io:8088;frame-src https://docs.pagure.org;frame-ancestors
        https://pagure.io;
      Content-Type:
      - application/json
      Date:
      - Tue, 21 Nov 2023 17:59:04 GMT
      Keep-Alive:
      - timeout=5, max=100
      Referrer-Policy:
      - same-origin
      Server:
      - Apache/2.4.37 (Red Hat Enterprise Linux) OpenSSL/1.1.1k mod_wsgi/4.6.4 Python/3.6
      Set-Cookie:
      - pagure=eyJfcGVybWFuZW50Ijp0cnVlLCJjc3JmX3Rva2VuIjoiYjcwMmM2ZDBjMjllNzRmN2Q0MDQ3N2ExNzIxMTEyNTExOGE4Y2M1ZCJ9.GD6BaA.ttfDknKbd55IHw7Iw9utWebDWBo;
        Expires=Fri, 22-Dec-2023 17:59:04 GMT; Secure; HttpOnly; Path=/
      Strict-Transport-Security:
      - max-age=31536000; includeSubDomains; preload
      Upgrade:
      - h2,h2c
      X-Content-Type-Options:
      - nosniff
      X-Frame-Options:
      - ALLOW-FROM https://pagure.io/
      X-Xss-Protection:
      - 1; mode=block
    status:
      code: 200
      message: OK
- request:
    body: title=%5BSN%234%5D+This+is+the+title+of+the+fourth+test+issue&description=%0AThis+is+the+body+of+the+fourth+test+issue%0A%0A_This+issue+ticket+was+originally+created+%5Bhere%5D%28https%3A%2F%2Fpagure.io%2Fprotop2g-test-srce%2Fissue%2F4%29+on+a+Pagure+repository%2C%0A%5B%2A%2Aprotop2g-test-srce%2A%2A%5D%28https%3A%2F%2Fpagure.io%2Fprotop2g-test-srce%29+by+%5B%2A%2AAkashdeep+Dhar%2A%2A%5D%28https%3A%2F%2Fpagure.io%2Fuser%2Ft0xic0der%29+on%0A%5B%2A%2ATue+Nov+21+08%3A06%3A56+2023%2A%2A+UTC%5D%28https%3A%2F%2Fsavvytime.com%2Fconverter%2Futc%2Fnov-21-2023%2F08-06%29._%0A%0A_This+issue+ticket+was+automatically+created+by+the%0A%5B%2A%2APagure+Exporter%2A%2A%5D%28https%3A%2F%2Fgithub.com%2Fgridhead%2Fpagure-exporter%29._%0A&labels=gggg%2Chhhh
    headers:
      Accept:
      - '*/*'
      Accept-Encoding:
      - gzip, deflate
      Connection:
      - keep-alive
      Content-Length:
      - '744'
      Content-Type:
      - application/x-www-form-urlencoded
      User-Agent:
      - python-requests/2.31.0
    method: POST
    uri: https://gitlab.com/api/v4/projects/42823949/issues
  response:
    body:
      string: '{"id":138475358,"iid":5690,"project_id":42823949,"title":"[SN#4] This
        is the title of the fourth test issue","description":"\nThis is the body of
        the fourth test issue\n\n_This issue ticket was originally created [here](https://pagure.io/protop2g-test-srce/issue/4)
        on a Pagure repository,\n[**protop2g-test-srce**](https://pagure.io/protop2g-test-srce)
        by [**Akashdeep Dhar**](https://pagure.io/user/t0xic0der) on\n[**Tue Nov 21
        08:06:56 2023** UTC](https://savvytime.com/converter/utc/nov-21-2023/08-06)._\n\n_This
        issue ticket was automatically created by the\n[**Pagure Exporter**](https://github.com/gridhead/pagure-exporter)._","state":"opened","created_at":"2023-11-21T17:59:05.669Z","updated_at":"2023-11-21T17:59:05.669Z","closed_at":null,"closed_by":null,"labels":["gggg","hhhh"],"milestone":null,"assignees":[],"author":{"id":18339343,"username":"project_42823949_bot_992e5e9e997a7b44822ff32a4c634472","name":"protop2g-test","state":"active","locked":false,"avatar_url":"https://secure.gravatar.com/avatar/1b6289f6c729f1ba694aa2bc296a7277?s=80\u0026d=identicon","web_url":"https://gitlab.com/project_42823949_bot_992e5e9e997a7b44822ff32a4c634472"},"type":"ISSUE","assignee":null,"user_notes_count":0,"merge_requests_count":0,"upvotes":0,"downvotes":0,"due_date":null,"confidential":false,"discussion_locked":null,"issue_type":"issue","web_url":"https://gitlab.com/gridhead/protop2g-test/-/issues/5690","time_stats":{"time_estimate":0,"total_time_spent":0,"human_time_estimate":null,"human_total_time_spent":null},"task_completion_status":{"count":0,"completed_count":0},"blocking_issues_count":0,"has_tasks":true,"task_status":"0
        of 0 checklist items completed","_links":{"self":"https://gitlab.com/api/v4/projects/42823949/issues/5690","notes":"https://gitlab.com/api/v4/projects/42823949/issues/5690/notes","award_emoji":"https://gitlab.com/api/v4/projects/42823949/issues/5690/award_emoji","project":"https://gitlab.com/api/v4/projects/42823949","closed_as_duplicate_of":null},"references":{"short":"#5690","relative":"#5690","full":"gridhead/protop2g-test#5690"},"severity":"UNKNOWN","subscribed":true,"moved_to_id":null,"service_desk_reply_to":null}'
    headers:
      CF-Cache-Status:
      - DYNAMIC
      CF-RAY:
      - 829ad3117b483223-BOM
      Connection:
      - keep-alive
      Content-Length:
      - '2165'
      Content-Type:
      - application/json
      Date:
      - Tue, 21 Nov 2023 17:59:06 GMT
      NEL:
      - '{"success_fraction":0.01,"report_to":"cf-nel","max_age":604800}'
      Report-To:
      - '{"endpoints":[{"url":"https:\/\/a.nel.cloudflare.com\/report\/v3?s=06RUoDlMNyfG00tv%2FM1B86da3dwUc4iPn8X%2BSVxbQjtB4jInWpb2A57UwD6NWvEJvXVLxDAv412zLhET193mCYVhvi5i758gL0lgT4kSVgC7sFtUe18pAS1Jk%2BE%3D"}],"group":"cf-nel","max_age":604800}'
      Server:
      - cloudflare
      Set-Cookie:
      - _cfuvid=zfO1e_e6IFC0LLxl4TWaMuFsjhigDs3Mw76Fqml.67M-1700589546755-0-604800000;
        path=/; domain=.gitlab.com; HttpOnly; Secure; SameSite=None
      cache-control:
      - max-age=0, private, must-revalidate
      content-security-policy:
      - default-src 'none'
      etag:
      - W/"ebc693b0142e0d26a2dbe2e2bf5654f8"
      gitlab-lb:
      - haproxy-main-26-lb-gprd
      gitlab-sv:
      - localhost
      ratelimit-limit:
      - '2000'
      ratelimit-observed:
      - '31'
      ratelimit-remaining:
      - '1968'
      ratelimit-reset:
      - '1700589606'
      ratelimit-resettime:
      - Tue, 21 Nov 2023 18:00:06 GMT
      referrer-policy:
      - strict-origin-when-cross-origin
      strict-transport-security:
      - max-age=31536000
      vary:
      - Origin
      x-content-type-options:
      - nosniff
      x-frame-options:
      - SAMEORIGIN
      x-gitlab-meta:
      - '{"correlation_id":"64ea1d9685491543684256fb21b85768","version":"1"}'
      x-request-id:
      - 64ea1d9685491543684256fb21b85768
      x-runtime:
      - '1.329889'
    status:
      code: 201
      message: Created
- request:
    body: title=%5BSN%232%5D+This+is+the+title+of+the+second+test+issue&description=%0AThis+is+the+body+of+the+second+test+issue%0A%0A_This+issue+ticket+was+originally+created+%5Bhere%5D%28https%3A%2F%2Fpagure.io%2Fprotop2g-test-srce%2Fissue%2F2%29+on+a+Pagure+repository%2C%0A%5B%2A%2Aprotop2g-test-srce%2A%2A%5D%28https%3A%2F%2Fpagure.io%2Fprotop2g-test-srce%29+by+%5B%2A%2AAkashdeep+Dhar%2A%2A%5D%28https%3A%2F%2Fpagure.io%2Fuser%2Ft0xic0der%29+on%0A%5B%2A%2AFri+Oct+13+04%3A01%3A16+2023%2A%2A+UTC%5D%28https%3A%2F%2Fsavvytime.com%2Fconverter%2Futc%2Foct-13-2023%2F04-01%29._%0A%0A_This+issue+ticket+was+automatically+created+by+the%0A%5B%2A%2APagure+Exporter%2A%2A%5D%28https%3A%2F%2Fgithub.com%2Fgridhead%2Fpagure-exporter%29._%0A&labels=cccc%2Cdddd
    headers:
      Accept:
      - '*/*'
      Accept-Encoding:
      - gzip, deflate
      Connection:
      - keep-alive
      Content-Length:
      - '744'
      Content-Type:
      - application/x-www-form-urlencoded
      User-Agent:
      - python-requests/2.31.0
    method: POST
    uri: https://gitlab.com/api/v4/projects/42823949/issues
  response:
    body:
      string: '{"id":138475359,"iid":5691,"project_id":42823949,"title":"[SN#2] This
        is the title of the second test issue","description":"\nThis is the body of
        the second test issue\n\n_This issue ticket was originally created [here](https://pagure.io/protop2g-test-srce/issue/2)
        on a Pagure repository,\n[**protop2g-test-srce**](https://pagure.io/protop2g-test-srce)
        by [**Akashdeep Dhar**](https://pagure.io/user/t0xic0der) on\n[**Fri Oct 13
        04:01:16 2023** UTC](https://savvytime.com/converter/utc/oct-13-2023/04-01)._\n\n_This
        issue ticket was automatically created by the\n[**Pagure Exporter**](https://github.com/gridhead/pagure-exporter)._","state":"opened","created_at":"2023-11-21T17:59:07.339Z","updated_at":"2023-11-21T17:59:07.339Z","closed_at":null,"closed_by":null,"labels":["cccc","dddd"],"milestone":null,"assignees":[],"author":{"id":18339343,"username":"project_42823949_bot_992e5e9e997a7b44822ff32a4c634472","name":"protop2g-test","state":"active","locked":false,"avatar_url":"https://secure.gravatar.com/avatar/1b6289f6c729f1ba694aa2bc296a7277?s=80\u0026d=identicon","web_url":"https://gitlab.com/project_42823949_bot_992e5e9e997a7b44822ff32a4c634472"},"type":"ISSUE","assignee":null,"user_notes_count":0,"merge_requests_count":0,"upvotes":0,"downvotes":0,"due_date":null,"confidential":false,"discussion_locked":null,"issue_type":"issue","web_url":"https://gitlab.com/gridhead/protop2g-test/-/issues/5691","time_stats":{"time_estimate":0,"total_time_spent":0,"human_time_estimate":null,"human_total_time_spent":null},"task_completion_status":{"count":0,"completed_count":0},"blocking_issues_count":0,"has_tasks":true,"task_status":"0
        of 0 checklist items completed","_links":{"self":"https://gitlab.com/api/v4/projects/42823949/issues/5691","notes":"https://gitlab.com/api/v4/projects/42823949/issues/5691/notes","award_emoji":"https://gitlab.com/api/v4/projects/42823949/issues/5691/award_emoji","project":"https://gitlab.com/api/v4/projects/42823949","closed_as_duplicate_of":null},"references":{"short":"#5691","relative":"#5691","full":"gridhead/protop2g-test#5691"},"severity":"UNKNOWN","subscribed":true,"moved_to_id":null,"service_desk_reply_to":null}'
    headers:
      CF-Cache-Status:
      - DYNAMIC
      CF-RAY:
      - 829ad31ba8886eb9-BOM
      Connection:
      - keep-alive
      Content-Length:
      - '2165'
      Content-Type:
      - application/json
      Date:
      - Tue, 21 Nov 2023 17:59:07 GMT
      NEL:
      - '{"success_fraction":0.01,"report_to":"cf-nel","max_age":604800}'
      Report-To:
      - '{"endpoints":[{"url":"https:\/\/a.nel.cloudflare.com\/report\/v3?s=K19NaCsrjvLjgHzkxHZI29QdsDf5iY0DxcMBw3Uczx%2BrwWHUGMrBtpqe3vsBxeLhCgxeXs4oG2rk%2B5XkVrQak0AynI1QR8BgbWNGTTsv1z%2FJeG2lgi48XB8yjfo%3D"}],"group":"cf-nel","max_age":604800}'
      Server:
      - cloudflare
      Set-Cookie:
      - _cfuvid=t8iUN_SiO.eFhCQuq7z75T83.TtnqWRmjgULO2QXXYs-1700589547985-0-604800000;
        path=/; domain=.gitlab.com; HttpOnly; Secure; SameSite=None
      cache-control:
      - max-age=0, private, must-revalidate
      content-security-policy:
      - default-src 'none'
      etag:
      - W/"82b8cd97f76c4b317bfc8bba71daf928"
      gitlab-lb:
      - haproxy-main-47-lb-gprd
      gitlab-sv:
      - localhost
      ratelimit-limit:
      - '2000'
      ratelimit-observed:
      - '31'
      ratelimit-remaining:
      - '1968'
      ratelimit-reset:
      - '1700589607'
      ratelimit-resettime:
      - Tue, 21 Nov 2023 18:00:07 GMT
      referrer-policy:
      - strict-origin-when-cross-origin
      strict-transport-security:
      - max-age=31536000
      vary:
      - Origin
      x-content-type-options:
      - nosniff
      x-frame-options:
      - SAMEORIGIN
      x-gitlab-meta:
      - '{"correlation_id":"8b376fa3f6c58502758d0c3c82f68fda","version":"1"}'
      x-request-id:
      - 8b376fa3f6c58502758d0c3c82f68fda
      x-runtime:
      - '0.916450'
    status:
      code: 201
      message: Created
version: 1
