interactions:
- request:
    body: null
    headers:
      Accept:
      - '*/*'
      Accept-Encoding:
      - gzip, deflate
      Connection:
      - keep-alive
      User-Agent:
      - python-requests/2.31.0
    method: GET
    uri: https://pagure.io/api/0/protop2g-test-srce
  response:
    body:
      string: "{\n  \"access_groups\": {\n    \"admin\": [], \n    \"collaborator\":
        [], \n    \"commit\": [], \n    \"ticket\": []\n  }, \n  \"access_users\":
        {\n    \"admin\": [], \n    \"collaborator\": [], \n    \"commit\": [], \n
        \   \"owner\": [\n      \"t0xic0der\"\n    ], \n    \"ticket\": []\n  }, \n
        \ \"close_status\": [], \n  \"custom_keys\": [], \n  \"date_created\": \"1697168063\",
        \n  \"date_modified\": \"1697168063\", \n  \"description\": \"The source namespace
        for the Pagure Exporter project to run tests against\", \n  \"full_url\":
        \"https://pagure.io/protop2g-test-srce\", \n  \"fullname\": \"protop2g-test-srce\",
        \n  \"id\": 17042, \n  \"milestones\": {}, \n  \"name\": \"protop2g-test-srce\",
        \n  \"namespace\": null, \n  \"parent\": null, \n  \"priorities\": {}, \n
        \ \"tags\": [], \n  \"url_path\": \"protop2g-test-srce\", \n  \"user\": {\n
        \   \"full_url\": \"https://pagure.io/user/t0xic0der\", \n    \"fullname\":
        \"Akashdeep Dhar\", \n    \"name\": \"t0xic0der\", \n    \"url_path\": \"user/t0xic0der\"\n
        \ }\n}\n"
    headers:
      Connection:
      - Upgrade, Keep-Alive
      Content-Length:
      - '902'
      Content-Security-Policy:
      - default-src 'self';script-src 'self' 'nonce-5y3hyWoLgFUAogCMzefoLj9CY'; style-src
        'self' 'nonce-5y3hyWoLgFUAogCMzefoLj9CY'; object-src 'none';base-uri 'self';img-src
        'self' https:;connect-src 'self' https://pagure.io:8088;frame-src https://docs.pagure.org;frame-ancestors
        https://pagure.io;
      Content-Type:
      - application/json
      Date:
      - Tue, 21 Nov 2023 17:59:17 GMT
      Keep-Alive:
      - timeout=5, max=100
      Referrer-Policy:
      - same-origin
      Server:
      - Apache/2.4.37 (Red Hat Enterprise Linux) OpenSSL/1.1.1k mod_wsgi/4.6.4 Python/3.6
      Set-Cookie:
      - pagure=eyJfcGVybWFuZW50Ijp0cnVlLCJjc3JmX3Rva2VuIjoiZmRjNjMzMTUzMmUwNDQwN2QzYWRkNmU5YTE5OGZhMDM3MjE3MDZjNCJ9.GD6BdQ.cr2-UbymJFDD2ef4KFpb8MCds2g;
        Expires=Fri, 22-Dec-2023 17:59:17 GMT; Secure; HttpOnly; Path=/
      Strict-Transport-Security:
      - max-age=31536000; includeSubDomains; preload
      Upgrade:
      - h2,h2c
      X-Content-Type-Options:
      - nosniff
      X-Frame-Options:
      - ALLOW-FROM https://pagure.io/
      X-Xss-Protection:
      - 1; mode=block
    status:
      code: 200
      message: OK
- request:
    body: null
    headers:
      Accept:
      - '*/*'
      Accept-Encoding:
      - gzip, deflate
      Connection:
      - keep-alive
      User-Agent:
      - python-requests/2.31.0
    method: GET
    uri: https://gitlab.com/api/v4/projects/42823949
  response:
    body:
      string: '{"id":42823949,"description":null,"name":"protop2g-test","name_with_namespace":"Akashdeep
        Dhar / protop2g-test","path":"protop2g-test","path_with_namespace":"gridhead/protop2g-test","created_at":"2023-01-23T16:18:30.217Z","default_branch":"main","tag_list":[],"topics":[],"ssh_url_to_repo":"git@gitlab.com:gridhead/protop2g-test.git","http_url_to_repo":"https://gitlab.com/gridhead/protop2g-test.git","web_url":"https://gitlab.com/gridhead/protop2g-test","readme_url":"https://gitlab.com/gridhead/protop2g-test/-/blob/main/README.md","forks_count":0,"avatar_url":null,"star_count":0,"last_activity_at":"2023-11-21T17:21:25.582Z","namespace":{"id":13984834,"name":"Akashdeep
        Dhar","path":"gridhead","kind":"user","full_path":"gridhead","parent_id":null,"avatar_url":"https://secure.gravatar.com/avatar/eba3058f529195e3b87d3383ada41661?s=80\u0026d=identicon","web_url":"https://gitlab.com/gridhead"},"container_registry_image_prefix":"registry.gitlab.com/gridhead/protop2g-test","_links":{"self":"https://gitlab.com/api/v4/projects/42823949","issues":"https://gitlab.com/api/v4/projects/42823949/issues","merge_requests":"https://gitlab.com/api/v4/projects/42823949/merge_requests","repo_branches":"https://gitlab.com/api/v4/projects/42823949/repository/branches","labels":"https://gitlab.com/api/v4/projects/42823949/labels","events":"https://gitlab.com/api/v4/projects/42823949/events","members":"https://gitlab.com/api/v4/projects/42823949/members","cluster_agents":"https://gitlab.com/api/v4/projects/42823949/cluster_agents"},"packages_enabled":true,"empty_repo":false,"archived":false,"visibility":"public","owner":{"id":10115999,"username":"gridhead","name":"Akashdeep
        Dhar","state":"active","locked":false,"avatar_url":"https://secure.gravatar.com/avatar/eba3058f529195e3b87d3383ada41661?s=80\u0026d=identicon","web_url":"https://gitlab.com/gridhead"},"resolve_outdated_diff_discussions":false,"container_expiration_policy":{"cadence":"1d","enabled":false,"keep_n":10,"older_than":"90d","name_regex":".*","name_regex_keep":null,"next_run_at":"2023-01-24T16:18:30.271Z"},"issues_enabled":true,"merge_requests_enabled":true,"wiki_enabled":true,"jobs_enabled":true,"snippets_enabled":true,"container_registry_enabled":true,"service_desk_enabled":true,"service_desk_address":"contact-project+gridhead-protop2g-test-42823949-issue-@incoming.gitlab.com","can_create_merge_request_in":true,"issues_access_level":"enabled","repository_access_level":"enabled","merge_requests_access_level":"enabled","forking_access_level":"enabled","wiki_access_level":"enabled","builds_access_level":"enabled","snippets_access_level":"enabled","pages_access_level":"enabled","analytics_access_level":"enabled","container_registry_access_level":"enabled","security_and_compliance_access_level":"private","releases_access_level":"private","environments_access_level":"enabled","feature_flags_access_level":"private","infrastructure_access_level":"private","monitor_access_level":"enabled","model_experiments_access_level":"enabled","emails_disabled":false,"emails_enabled":true,"shared_runners_enabled":true,"lfs_enabled":true,"creator_id":10115999,"import_url":null,"import_type":null,"import_status":"none","import_error":null,"open_issues_count":4923,"description_html":"","updated_at":"2023-11-21T17:21:25.582Z","ci_default_git_depth":20,"ci_forward_deployment_enabled":true,"ci_forward_deployment_rollback_allowed":true,"ci_job_token_scope_enabled":false,"ci_separated_caches":true,"ci_allow_fork_pipelines_to_run_in_parent_project":true,"build_git_strategy":"fetch","keep_latest_artifact":true,"restrict_user_defined_variables":false,"runners_token":"GR1348941S11UuXmU2P9KZ9wAZhCB","runner_token_expiration_interval":null,"group_runners_enabled":true,"auto_cancel_pending_pipelines":"enabled","build_timeout":3600,"auto_devops_enabled":false,"auto_devops_deploy_strategy":"continuous","ci_config_path":"","public_jobs":true,"shared_with_groups":[],"only_allow_merge_if_pipeline_succeeds":false,"allow_merge_on_skipped_pipeline":null,"request_access_enabled":true,"only_allow_merge_if_all_discussions_are_resolved":false,"remove_source_branch_after_merge":true,"printing_merge_request_link_enabled":true,"merge_method":"merge","squash_option":"default_off","enforce_auth_checks_on_uploads":true,"suggestion_commit_message":null,"merge_commit_template":null,"squash_commit_template":null,"issue_branch_template":null,"autoclose_referenced_issues":true,"external_authorization_classification_label":"","requirements_enabled":false,"requirements_access_level":"enabled","security_and_compliance_enabled":true,"compliance_frameworks":[],"permissions":{"project_access":{"access_level":40,"notification_level":3},"group_access":null}}'
    headers:
      CF-Cache-Status:
      - MISS
      CF-RAY:
      - 829ad3602bc4f56b-BOM
      Connection:
      - keep-alive
      Content-Encoding:
      - gzip
      Content-Type:
      - application/json
      Date:
      - Tue, 21 Nov 2023 17:59:18 GMT
      NEL:
      - '{"success_fraction":0.01,"report_to":"cf-nel","max_age":604800}'
      Report-To:
      - '{"endpoints":[{"url":"https:\/\/a.nel.cloudflare.com\/report\/v3?s=fCZqDmTIeA27JHML3baWvCsDEctAGWRENZ7mK1dJYq5DIRsYrCoMf%2BNaprdZuCp6W8Op0inhLMfORAK1tiQP7MqROYhO%2BR72UleUVBgkjt0wpAVpXyogh7%2FV2sY%3D"}],"group":"cf-nel","max_age":604800}'
      Server:
      - cloudflare
      Set-Cookie:
      - _cfuvid=oGf8yIyt9I1R4eanCEZqm6d8dxrC7_WA.OsO021_7jk-1700589558328-0-604800000;
        path=/; domain=.gitlab.com; HttpOnly; Secure; SameSite=None
      Transfer-Encoding:
      - chunked
      cache-control:
      - max-age=0, private, must-revalidate
      content-security-policy:
      - default-src 'none'
      etag:
      - W/"05020f7b8f9fef6ff5379afc0fa28bfd"
      gitlab-lb:
      - haproxy-main-48-lb-gprd
      gitlab-sv:
      - localhost
      ratelimit-limit:
      - '2000'
      ratelimit-observed:
      - '32'
      ratelimit-remaining:
      - '1968'
      ratelimit-reset:
      - '1700589618'
      ratelimit-resettime:
      - Tue, 21 Nov 2023 18:00:18 GMT
      referrer-policy:
      - strict-origin-when-cross-origin
      strict-transport-security:
      - max-age=31536000
      vary:
      - Origin, Accept-Encoding
      x-content-type-options:
      - nosniff
      x-frame-options:
      - SAMEORIGIN
      x-gitlab-meta:
      - '{"correlation_id":"a351f316822a400492c308db87d1d26a","version":"1"}'
      x-request-id:
      - a351f316822a400492c308db87d1d26a
      x-runtime:
      - '0.178987'
    status:
      code: 200
      message: OK
- request:
    body: null
    headers:
      Accept:
      - '*/*'
      Accept-Encoding:
      - gzip, deflate
      Connection:
      - keep-alive
      User-Agent:
      - python-requests/2.31.0
    method: GET
    uri: https://pagure.io/api/0/protop2g-test-srce/issues?per_page=35&page=1
  response:
    body:
      string: "{\n  \"args\": {\n    \"assignee\": null, \n    \"author\": null, \n
        \   \"milestones\": [], \n    \"no_stones\": null, \n    \"order\": null,
        \n    \"priority\": null, \n    \"since\": null, \n    \"status\": null, \n
        \   \"tags\": []\n  }, \n  \"issues\": [\n    {\n      \"assignee\": null,
        \n      \"blocks\": [], \n      \"close_status\": null, \n      \"closed_at\":
        null, \n      \"closed_by\": null, \n      \"comments\": [\n        {\n          \"comment\":
        \"This is the first comment under the third test issue\", \n          \"date_created\":
        \"1700553880\", \n          \"edited_on\": null, \n          \"editor\": null,
        \n          \"id\": 885229, \n          \"notification\": false, \n          \"parent\":
        null, \n          \"reactions\": {}, \n          \"user\": {\n            \"full_url\":
        \"https://pagure.io/user/t0xic0der\", \n            \"fullname\": \"Akashdeep
        Dhar\", \n            \"name\": \"t0xic0der\", \n            \"url_path\":
        \"user/t0xic0der\"\n          }\n        }, \n        {\n          \"comment\":
        \"This is the second comment under the third test issue\", \n          \"date_created\":
        \"1700553892\", \n          \"edited_on\": null, \n          \"editor\": null,
        \n          \"id\": 885230, \n          \"notification\": false, \n          \"parent\":
        null, \n          \"reactions\": {}, \n          \"user\": {\n            \"full_url\":
        \"https://pagure.io/user/t0xic0der\", \n            \"fullname\": \"Akashdeep
        Dhar\", \n            \"name\": \"t0xic0der\", \n            \"url_path\":
        \"user/t0xic0der\"\n          }\n        }\n      ], \n      \"content\":
        \"This is the body of the third test issue\", \n      \"custom_fields\": [],
        \n      \"date_created\": \"1700553837\", \n      \"depends\": [], \n      \"full_url\":
        \"https://pagure.io/protop2g-test-srce/issue/3\", \n      \"id\": 3, \n      \"last_updated\":
        \"1700553892\", \n      \"milestone\": null, \n      \"priority\": null, \n
        \     \"private\": true, \n      \"related_prs\": [], \n      \"status\":
        \"Open\", \n      \"tags\": [\n        \"eeee\", \n        \"ffff\"\n      ],
        \n      \"title\": \"This is the title of the third test issue\", \n      \"user\":
        {\n        \"full_url\": \"https://pagure.io/user/t0xic0der\", \n        \"fullname\":
        \"Akashdeep Dhar\", \n        \"name\": \"t0xic0der\", \n        \"url_path\":
        \"user/t0xic0der\"\n      }\n    }, \n    {\n      \"assignee\": null, \n
        \     \"blocks\": [], \n      \"close_status\": null, \n      \"closed_at\":
        null, \n      \"closed_by\": null, \n      \"comments\": [\n        {\n          \"comment\":
        \"**Metadata Update from @t0xic0der**:\\n- Issue tagged with: aaaa, bbbb\",
        \n          \"date_created\": \"1697169699\", \n          \"edited_on\": null,
        \n          \"editor\": null, \n          \"id\": 878471, \n          \"notification\":
        true, \n          \"parent\": null, \n          \"reactions\": {}, \n          \"user\":
        {\n            \"full_url\": \"https://pagure.io/user/t0xic0der\", \n            \"fullname\":
        \"Akashdeep Dhar\", \n            \"name\": \"t0xic0der\", \n            \"url_path\":
        \"user/t0xic0der\"\n          }\n        }, \n        {\n          \"comment\":
        \"This is the first comment under the first test issue\", \n          \"date_created\":
        \"1697169880\", \n          \"edited_on\": null, \n          \"editor\": null,
        \n          \"id\": 878473, \n          \"notification\": false, \n          \"parent\":
        null, \n          \"reactions\": {}, \n          \"user\": {\n            \"full_url\":
        \"https://pagure.io/user/t0xic0der\", \n            \"fullname\": \"Akashdeep
        Dhar\", \n            \"name\": \"t0xic0der\", \n            \"url_path\":
        \"user/t0xic0der\"\n          }\n        }, \n        {\n          \"comment\":
        \"This is the second comment under the first test issue\", \n          \"date_created\":
        \"1697169924\", \n          \"edited_on\": null, \n          \"editor\": null,
        \n          \"id\": 878474, \n          \"notification\": false, \n          \"parent\":
        null, \n          \"reactions\": {}, \n          \"user\": {\n            \"full_url\":
        \"https://pagure.io/user/t0xic0der\", \n            \"fullname\": \"Akashdeep
        Dhar\", \n            \"name\": \"t0xic0der\", \n            \"url_path\":
        \"user/t0xic0der\"\n          }\n        }\n      ], \n      \"content\":
        \"This is the body of the first test issue\", \n      \"custom_fields\": [],
        \n      \"date_created\": \"1697169462\", \n      \"depends\": [], \n      \"full_url\":
        \"https://pagure.io/protop2g-test-srce/issue/1\", \n      \"id\": 1, \n      \"last_updated\":
        \"1697169924\", \n      \"milestone\": null, \n      \"priority\": null, \n
        \     \"private\": false, \n      \"related_prs\": [], \n      \"status\":
        \"Open\", \n      \"tags\": [\n        \"aaaa\", \n        \"bbbb\"\n      ],
        \n      \"title\": \"This is the title of the first test issue\", \n      \"user\":
        {\n        \"full_url\": \"https://pagure.io/user/t0xic0der\", \n        \"fullname\":
        \"Akashdeep Dhar\", \n        \"name\": \"t0xic0der\", \n        \"url_path\":
        \"user/t0xic0der\"\n      }\n    }\n  ], \n  \"pagination\": {\n    \"first\":
        \"https://pagure.io/api/0/protop2g-test-srce/issues?per_page=35&page=1\",
        \n    \"last\": \"https://pagure.io/api/0/protop2g-test-srce/issues?per_page=35&page=1\",
        \n    \"next\": null, \n    \"page\": 1, \n    \"pages\": 1, \n    \"per_page\":
        35, \n    \"prev\": null\n  }, \n  \"total_issues\": 2\n}\n"
    headers:
      Connection:
      - Upgrade, Keep-Alive
      Content-Length:
      - '4909'
      Content-Security-Policy:
      - default-src 'self';script-src 'self' 'nonce-mxkxzJ9vhkMNP1Eh22rdtnJer'; style-src
        'self' 'nonce-mxkxzJ9vhkMNP1Eh22rdtnJer'; object-src 'none';base-uri 'self';img-src
        'self' https:;connect-src 'self' https://pagure.io:8088;frame-src https://docs.pagure.org;frame-ancestors
        https://pagure.io;
      Content-Type:
      - application/json
      Date:
      - Tue, 21 Nov 2023 17:59:19 GMT
      Keep-Alive:
      - timeout=5, max=100
      Referrer-Policy:
      - same-origin
      Server:
      - Apache/2.4.37 (Red Hat Enterprise Linux) OpenSSL/1.1.1k mod_wsgi/4.6.4 Python/3.6
      Set-Cookie:
      - pagure=eyJfcGVybWFuZW50Ijp0cnVlLCJjc3JmX3Rva2VuIjoiOTk0NDljZWIyMzJiYjFhMWJlMTE3MGQwYjc1ZDY1MWYyM2RjODczOSJ9.GD6Bdw.a1gHMKez09meLUDKOELG8OmP5sI;
        Expires=Fri, 22-Dec-2023 17:59:19 GMT; Secure; HttpOnly; Path=/
      Strict-Transport-Security:
      - max-age=31536000; includeSubDomains; preload
      Upgrade:
      - h2,h2c
      X-Content-Type-Options:
      - nosniff
      X-Frame-Options:
      - ALLOW-FROM https://pagure.io/
      X-Xss-Protection:
      - 1; mode=block
    status:
      code: 200
      message: OK
- request:
    body: null
    headers:
      Accept:
      - '*/*'
      Accept-Encoding:
      - gzip, deflate
      Connection:
      - keep-alive
      User-Agent:
      - python-requests/2.31.0
    method: GET
    uri: https://pagure.io/api/0/protop2g-test-srce/issues?per_page=35&page=1
  response:
    body:
      string: "{\n  \"args\": {\n    \"assignee\": null, \n    \"author\": null, \n
        \   \"milestones\": [], \n    \"no_stones\": null, \n    \"order\": null,
        \n    \"priority\": null, \n    \"since\": null, \n    \"status\": null, \n
        \   \"tags\": []\n  }, \n  \"issues\": [\n    {\n      \"assignee\": null,
        \n      \"blocks\": [], \n      \"close_status\": null, \n      \"closed_at\":
        null, \n      \"closed_by\": null, \n      \"comments\": [\n        {\n          \"comment\":
        \"This is the first comment under the third test issue\", \n          \"date_created\":
        \"1700553880\", \n          \"edited_on\": null, \n          \"editor\": null,
        \n          \"id\": 885229, \n          \"notification\": false, \n          \"parent\":
        null, \n          \"reactions\": {}, \n          \"user\": {\n            \"full_url\":
        \"https://pagure.io/user/t0xic0der\", \n            \"fullname\": \"Akashdeep
        Dhar\", \n            \"name\": \"t0xic0der\", \n            \"url_path\":
        \"user/t0xic0der\"\n          }\n        }, \n        {\n          \"comment\":
        \"This is the second comment under the third test issue\", \n          \"date_created\":
        \"1700553892\", \n          \"edited_on\": null, \n          \"editor\": null,
        \n          \"id\": 885230, \n          \"notification\": false, \n          \"parent\":
        null, \n          \"reactions\": {}, \n          \"user\": {\n            \"full_url\":
        \"https://pagure.io/user/t0xic0der\", \n            \"fullname\": \"Akashdeep
        Dhar\", \n            \"name\": \"t0xic0der\", \n            \"url_path\":
        \"user/t0xic0der\"\n          }\n        }\n      ], \n      \"content\":
        \"This is the body of the third test issue\", \n      \"custom_fields\": [],
        \n      \"date_created\": \"1700553837\", \n      \"depends\": [], \n      \"full_url\":
        \"https://pagure.io/protop2g-test-srce/issue/3\", \n      \"id\": 3, \n      \"last_updated\":
        \"1700553892\", \n      \"milestone\": null, \n      \"priority\": null, \n
        \     \"private\": true, \n      \"related_prs\": [], \n      \"status\":
        \"Open\", \n      \"tags\": [\n        \"eeee\", \n        \"ffff\"\n      ],
        \n      \"title\": \"This is the title of the third test issue\", \n      \"user\":
        {\n        \"full_url\": \"https://pagure.io/user/t0xic0der\", \n        \"fullname\":
        \"Akashdeep Dhar\", \n        \"name\": \"t0xic0der\", \n        \"url_path\":
        \"user/t0xic0der\"\n      }\n    }, \n    {\n      \"assignee\": null, \n
        \     \"blocks\": [], \n      \"close_status\": null, \n      \"closed_at\":
        null, \n      \"closed_by\": null, \n      \"comments\": [\n        {\n          \"comment\":
        \"**Metadata Update from @t0xic0der**:\\n- Issue tagged with: aaaa, bbbb\",
        \n          \"date_created\": \"1697169699\", \n          \"edited_on\": null,
        \n          \"editor\": null, \n          \"id\": 878471, \n          \"notification\":
        true, \n          \"parent\": null, \n          \"reactions\": {}, \n          \"user\":
        {\n            \"full_url\": \"https://pagure.io/user/t0xic0der\", \n            \"fullname\":
        \"Akashdeep Dhar\", \n            \"name\": \"t0xic0der\", \n            \"url_path\":
        \"user/t0xic0der\"\n          }\n        }, \n        {\n          \"comment\":
        \"This is the first comment under the first test issue\", \n          \"date_created\":
        \"1697169880\", \n          \"edited_on\": null, \n          \"editor\": null,
        \n          \"id\": 878473, \n          \"notification\": false, \n          \"parent\":
        null, \n          \"reactions\": {}, \n          \"user\": {\n            \"full_url\":
        \"https://pagure.io/user/t0xic0der\", \n            \"fullname\": \"Akashdeep
        Dhar\", \n            \"name\": \"t0xic0der\", \n            \"url_path\":
        \"user/t0xic0der\"\n          }\n        }, \n        {\n          \"comment\":
        \"This is the second comment under the first test issue\", \n          \"date_created\":
        \"1697169924\", \n          \"edited_on\": null, \n          \"editor\": null,
        \n          \"id\": 878474, \n          \"notification\": false, \n          \"parent\":
        null, \n          \"reactions\": {}, \n          \"user\": {\n            \"full_url\":
        \"https://pagure.io/user/t0xic0der\", \n            \"fullname\": \"Akashdeep
        Dhar\", \n            \"name\": \"t0xic0der\", \n            \"url_path\":
        \"user/t0xic0der\"\n          }\n        }\n      ], \n      \"content\":
        \"This is the body of the first test issue\", \n      \"custom_fields\": [],
        \n      \"date_created\": \"1697169462\", \n      \"depends\": [], \n      \"full_url\":
        \"https://pagure.io/protop2g-test-srce/issue/1\", \n      \"id\": 1, \n      \"last_updated\":
        \"1697169924\", \n      \"milestone\": null, \n      \"priority\": null, \n
        \     \"private\": false, \n      \"related_prs\": [], \n      \"status\":
        \"Open\", \n      \"tags\": [\n        \"aaaa\", \n        \"bbbb\"\n      ],
        \n      \"title\": \"This is the title of the first test issue\", \n      \"user\":
        {\n        \"full_url\": \"https://pagure.io/user/t0xic0der\", \n        \"fullname\":
        \"Akashdeep Dhar\", \n        \"name\": \"t0xic0der\", \n        \"url_path\":
        \"user/t0xic0der\"\n      }\n    }\n  ], \n  \"pagination\": {\n    \"first\":
        \"https://pagure.io/api/0/protop2g-test-srce/issues?per_page=35&page=1\",
        \n    \"last\": \"https://pagure.io/api/0/protop2g-test-srce/issues?per_page=35&page=1\",
        \n    \"next\": null, \n    \"page\": 1, \n    \"pages\": 1, \n    \"per_page\":
        35, \n    \"prev\": null\n  }, \n  \"total_issues\": 2\n}\n"
    headers:
      Connection:
      - Upgrade, Keep-Alive
      Content-Length:
      - '4909'
      Content-Security-Policy:
      - default-src 'self';script-src 'self' 'nonce-9S9ZiTJPlqi70OGUJ8wsj80ue'; style-src
        'self' 'nonce-9S9ZiTJPlqi70OGUJ8wsj80ue'; object-src 'none';base-uri 'self';img-src
        'self' https:;connect-src 'self' https://pagure.io:8088;frame-src https://docs.pagure.org;frame-ancestors
        https://pagure.io;
      Content-Type:
      - application/json
      Date:
      - Tue, 21 Nov 2023 17:59:20 GMT
      Keep-Alive:
      - timeout=5, max=100
      Referrer-Policy:
      - same-origin
      Server:
      - Apache/2.4.37 (Red Hat Enterprise Linux) OpenSSL/1.1.1k mod_wsgi/4.6.4 Python/3.6
      Set-Cookie:
      - pagure=eyJfcGVybWFuZW50Ijp0cnVlLCJjc3JmX3Rva2VuIjoiNTFhMGFhMGI5Yjc4M2RkNzZiN2RlZjA0ZGYwYWU0YTE5NThlOWZiMSJ9.GD6Bfg.sg0K7JsHz8WRor1yoaxmbifOzrg;
        Expires=Fri, 22-Dec-2023 17:59:26 GMT; Secure; HttpOnly; Path=/
      Strict-Transport-Security:
      - max-age=31536000; includeSubDomains; preload
      Upgrade:
      - h2,h2c
      X-Content-Type-Options:
      - nosniff
      X-Frame-Options:
      - ALLOW-FROM https://pagure.io/
      X-Xss-Protection:
      - 1; mode=block
    status:
      code: 200
      message: OK
- request:
    body: title=%5BSN%233%5D+This+is+the+title+of+the+third+test+issue&description=%0AThis+is+the+body+of+the+third+test+issue%0A%0A_This+issue+ticket+was+originally+created+%5Bhere%5D%28https%3A%2F%2Fpagure.io%2Fprotop2g-test-srce%2Fissue%2F3%29+on+a+Pagure+repository%2C%0A%5B%2A%2Aprotop2g-test-srce%2A%2A%5D%28https%3A%2F%2Fpagure.io%2Fprotop2g-test-srce%29+by+%5B%2A%2AAkashdeep+Dhar%2A%2A%5D%28https%3A%2F%2Fpagure.io%2Fuser%2Ft0xic0der%29+on%0A%5B%2A%2ATue+Nov+21+08%3A03%3A57+2023%2A%2A+UTC%5D%28https%3A%2F%2Fsavvytime.com%2Fconverter%2Futc%2Fnov-21-2023%2F08-03%29._%0A%0A_This+issue+ticket+was+automatically+created+by+the%0A%5B%2A%2APagure+Exporter%2A%2A%5D%28https%3A%2F%2Fgithub.com%2Fgridhead%2Fpagure-exporter%29._%0A
    headers:
      Accept:
      - '*/*'
      Accept-Encoding:
      - gzip, deflate
      Connection:
      - keep-alive
      Content-Length:
      - '723'
      Content-Type:
      - application/x-www-form-urlencoded
      User-Agent:
      - python-requests/2.31.0
    method: POST
    uri: https://gitlab.com/api/v4/projects/42823949/issues
  response:
    body:
      string: '{"id":138475369,"iid":5696,"project_id":42823949,"title":"[SN#3] This
        is the title of the third test issue","description":"\nThis is the body of
        the third test issue\n\n_This issue ticket was originally created [here](https://pagure.io/protop2g-test-srce/issue/3)
        on a Pagure repository,\n[**protop2g-test-srce**](https://pagure.io/protop2g-test-srce)
        by [**Akashdeep Dhar**](https://pagure.io/user/t0xic0der) on\n[**Tue Nov 21
        08:03:57 2023** UTC](https://savvytime.com/converter/utc/nov-21-2023/08-03)._\n\n_This
        issue ticket was automatically created by the\n[**Pagure Exporter**](https://github.com/gridhead/pagure-exporter)._","state":"opened","created_at":"2023-11-21T17:59:27.484Z","updated_at":"2023-11-21T17:59:27.484Z","closed_at":null,"closed_by":null,"labels":[],"milestone":null,"assignees":[],"author":{"id":18339343,"username":"project_42823949_bot_992e5e9e997a7b44822ff32a4c634472","name":"protop2g-test","state":"active","locked":false,"avatar_url":"https://secure.gravatar.com/avatar/1b6289f6c729f1ba694aa2bc296a7277?s=80\u0026d=identicon","web_url":"https://gitlab.com/project_42823949_bot_992e5e9e997a7b44822ff32a4c634472"},"type":"ISSUE","assignee":null,"user_notes_count":0,"merge_requests_count":0,"upvotes":0,"downvotes":0,"due_date":null,"confidential":false,"discussion_locked":null,"issue_type":"issue","web_url":"https://gitlab.com/gridhead/protop2g-test/-/issues/5696","time_stats":{"time_estimate":0,"total_time_spent":0,"human_time_estimate":null,"human_total_time_spent":null},"task_completion_status":{"count":0,"completed_count":0},"blocking_issues_count":0,"has_tasks":true,"task_status":"0
        of 0 checklist items completed","_links":{"self":"https://gitlab.com/api/v4/projects/42823949/issues/5696","notes":"https://gitlab.com/api/v4/projects/42823949/issues/5696/notes","award_emoji":"https://gitlab.com/api/v4/projects/42823949/issues/5696/award_emoji","project":"https://gitlab.com/api/v4/projects/42823949","closed_as_duplicate_of":null},"references":{"short":"#5696","relative":"#5696","full":"gridhead/protop2g-test#5696"},"severity":"UNKNOWN","subscribed":true,"moved_to_id":null,"service_desk_reply_to":null}'
    headers:
      CF-Cache-Status:
      - DYNAMIC
      CF-RAY:
      - 829ad39a4e50f37b-BOM
      Connection:
      - keep-alive
      Content-Length:
      - '2150'
      Content-Type:
      - application/json
      Date:
      - Tue, 21 Nov 2023 17:59:27 GMT
      NEL:
      - '{"success_fraction":0.01,"report_to":"cf-nel","max_age":604800}'
      Report-To:
      - '{"endpoints":[{"url":"https:\/\/a.nel.cloudflare.com\/report\/v3?s=ndtkN2RYkXoV7lfqzWp1xiaap0t5txz%2FrZJ8Mgozke6JKTZYb3G6IR01TZJXqM%2FAPTBz7NmpFIkVnm1OoUSJ8o1dUJ6Wxb%2BhUUw8rEAtBy%2B94ZUt5r6A%2BO%2FnEHE%3D"}],"group":"cf-nel","max_age":604800}'
      Server:
      - cloudflare
      Set-Cookie:
      - _cfuvid=0uKq.FMiJNX6zDgAqmKPWogieHNn_.OC26MN_O.BwOQ-1700589567841-0-604800000;
        path=/; domain=.gitlab.com; HttpOnly; Secure; SameSite=None
      cache-control:
      - max-age=0, private, must-revalidate
      content-security-policy:
      - default-src 'none'
      etag:
      - W/"7ba3c6d6dd208f6904d07b14dae6ca62"
      gitlab-lb:
      - haproxy-main-51-lb-gprd
      gitlab-sv:
      - localhost
      ratelimit-limit:
      - '2000'
      ratelimit-observed:
      - '28'
      ratelimit-remaining:
      - '1971'
      ratelimit-reset:
      - '1700589627'
      ratelimit-resettime:
      - Tue, 21 Nov 2023 18:00:27 GMT
      referrer-policy:
      - strict-origin-when-cross-origin
      strict-transport-security:
      - max-age=31536000
      vary:
      - Origin
      x-content-type-options:
      - nosniff
      x-frame-options:
      - SAMEORIGIN
      x-gitlab-meta:
      - '{"correlation_id":"34f0455dd37856711d2858f16885876a","version":"1"}'
      x-request-id:
      - 34f0455dd37856711d2858f16885876a
      x-runtime:
      - '0.458028'
    status:
      code: 201
      message: Created
- request:
    body: body=%0AThis+is+the+first+comment+under+the+third+test+issue%0A%0A_This+comment+was+originally+created+%5Bhere%5D%28https%3A%2F%2Fpagure.io%2Fprotop2g-test-srce%2Fissue%2F3%23comment-885229%29+by+%5B%2A%2AAkashdeep+Dhar%2A%2A%5D%28https%3A%2F%2Fpagure.io%2Fuser%2Ft0xic0der%29+under%0A%5Bthis%5D%28https%3A%2F%2Fpagure.io%2Fprotop2g-test-srce%2Fissue%2F3%29+issue+ticket+on+a+Pagure+repository%2C+%5B%2A%2Aprotop2g-test-srce%2A%2A%5D%28https%3A%2F%2Fpagure.io%2Fprotop2g-test-srce%29+on%0A%5B%2A%2ATue+Nov+21+08%3A04%3A40+2023%2A%2A+UTC%5D%28https%3A%2F%2Fsavvytime.com%2Fconverter%2Futc%2Fnov-21-2023%2F08-04%29._%0A%0A_This+comment+was+automatically+created+by+the%0A%5B%2A%2APagure+Exporter%2A%2A%5D%28https%3A%2F%2Fgithub.com%2Fgridhead%2Fpagure-exporter%29._%0A
    headers:
      Accept:
      - '*/*'
      Accept-Encoding:
      - gzip, deflate
      Connection:
      - keep-alive
      Content-Length:
      - '766'
      Content-Type:
      - application/x-www-form-urlencoded
      User-Agent:
      - python-requests/2.31.0
    method: POST
    uri: https://gitlab.com/api/v4/projects/42823949/issues/5696/notes
  response:
    body:
      string: '{"id":1661137547,"type":null,"body":"\nThis is the first comment under
        the third test issue\n\n_This comment was originally created [here](https://pagure.io/protop2g-test-srce/issue/3#comment-885229)
        by [**Akashdeep Dhar**](https://pagure.io/user/t0xic0der) under\n[this](https://pagure.io/protop2g-test-srce/issue/3)
        issue ticket on a Pagure repository, [**protop2g-test-srce**](https://pagure.io/protop2g-test-srce)
        on\n[**Tue Nov 21 08:04:40 2023** UTC](https://savvytime.com/converter/utc/nov-21-2023/08-04)._\n\n_This
        comment was automatically created by the\n[**Pagure Exporter**](https://github.com/gridhead/pagure-exporter)._","attachment":null,"author":{"id":18339343,"username":"project_42823949_bot_992e5e9e997a7b44822ff32a4c634472","name":"****","state":"active","locked":false,"avatar_url":"https://secure.gravatar.com/avatar/1b6289f6c729f1ba694aa2bc296a7277?s=80\u0026d=identicon","web_url":"https://gitlab.com/project_42823949_bot_992e5e9e997a7b44822ff32a4c634472"},"created_at":"2023-11-21T17:59:28.501Z","updated_at":"2023-11-21T17:59:28.501Z","system":false,"noteable_id":138475369,"noteable_type":"Issue","project_id":42823949,"resolvable":false,"confidential":false,"internal":false,"noteable_iid":5696,"commands_changes":{}}'
    headers:
      CF-Cache-Status:
      - DYNAMIC
      CF-RAY:
      - 829ad39ffb43f4c0-BOM
      Connection:
      - keep-alive
      Content-Length:
      - '1245'
      Content-Type:
      - application/json
      Date:
      - Tue, 21 Nov 2023 17:59:28 GMT
      NEL:
      - '{"success_fraction":0.01,"report_to":"cf-nel","max_age":604800}'
      Report-To:
      - '{"endpoints":[{"url":"https:\/\/a.nel.cloudflare.com\/report\/v3?s=CuUIILpRv%2BL3ymF0TXQDyBZbGlkBdb80YTLkE%2FSQhY6NI42kxhMFuGUluz2viI82CAqNdXd7DjWpQwqJv3cb9yeghyxkj1b%2BWVk4qs7nJ2mQyuwTPx1VctjGY%2Fw%3D"}],"group":"cf-nel","max_age":604800}'
      Server:
      - cloudflare
      Set-Cookie:
      - _cfuvid=Oi9UyCmupRFeaBf7URf5UP3oEtkI4Vg6v57v_J4kkgc-1700589568720-0-604800000;
        path=/; domain=.gitlab.com; HttpOnly; Secure; SameSite=None
      cache-control:
      - max-age=0, private, must-revalidate
      content-security-policy:
      - default-src 'none'
      etag:
      - W/"2129df66551aec0b834544b0596e67a8"
      gitlab-lb:
      - haproxy-main-27-lb-gprd
      gitlab-sv:
      - localhost
      ratelimit-limit:
      - '2000'
      ratelimit-observed:
      - '29'
      ratelimit-remaining:
      - '1971'
      ratelimit-reset:
      - '1700589628'
      ratelimit-resettime:
      - Tue, 21 Nov 2023 18:00:28 GMT
      referrer-policy:
      - strict-origin-when-cross-origin
      strict-transport-security:
      - max-age=31536000
      vary:
      - Origin
      x-content-type-options:
      - nosniff
      x-frame-options:
      - SAMEORIGIN
      x-gitlab-meta:
      - '{"correlation_id":"245f82c36a7aaae0fc8de6505effa8e4","version":"1"}'
      x-request-id:
      - 245f82c36a7aaae0fc8de6505effa8e4
      x-runtime:
      - '0.484019'
    status:
      code: 201
      message: Created
- request:
    body: body=%0AThis+is+the+second+comment+under+the+third+test+issue%0A%0A_This+comment+was+originally+created+%5Bhere%5D%28https%3A%2F%2Fpagure.io%2Fprotop2g-test-srce%2Fissue%2F3%23comment-885230%29+by+%5B%2A%2AAkashdeep+Dhar%2A%2A%5D%28https%3A%2F%2Fpagure.io%2Fuser%2Ft0xic0der%29+under%0A%5Bthis%5D%28https%3A%2F%2Fpagure.io%2Fprotop2g-test-srce%2Fissue%2F3%29+issue+ticket+on+a+Pagure+repository%2C+%5B%2A%2Aprotop2g-test-srce%2A%2A%5D%28https%3A%2F%2Fpagure.io%2Fprotop2g-test-srce%29+on%0A%5B%2A%2ATue+Nov+21+08%3A04%3A52+2023%2A%2A+UTC%5D%28https%3A%2F%2Fsavvytime.com%2Fconverter%2Futc%2Fnov-21-2023%2F08-04%29._%0A%0A_This+comment+was+automatically+created+by+the%0A%5B%2A%2APagure+Exporter%2A%2A%5D%28https%3A%2F%2Fgithub.com%2Fgridhead%2Fpagure-exporter%29._%0A
    headers:
      Accept:
      - '*/*'
      Accept-Encoding:
      - gzip, deflate
      Connection:
      - keep-alive
      Content-Length:
      - '767'
      Content-Type:
      - application/x-www-form-urlencoded
      User-Agent:
      - python-requests/2.31.0
    method: POST
    uri: https://gitlab.com/api/v4/projects/42823949/issues/5696/notes
  response:
    body:
      string: '{"id":1661137566,"type":null,"body":"\nThis is the second comment under
        the third test issue\n\n_This comment was originally created [here](https://pagure.io/protop2g-test-srce/issue/3#comment-885230)
        by [**Akashdeep Dhar**](https://pagure.io/user/t0xic0der) under\n[this](https://pagure.io/protop2g-test-srce/issue/3)
        issue ticket on a Pagure repository, [**protop2g-test-srce**](https://pagure.io/protop2g-test-srce)
        on\n[**Tue Nov 21 08:04:52 2023** UTC](https://savvytime.com/converter/utc/nov-21-2023/08-04)._\n\n_This
        comment was automatically created by the\n[**Pagure Exporter**](https://github.com/gridhead/pagure-exporter)._","attachment":null,"author":{"id":18339343,"username":"project_42823949_bot_992e5e9e997a7b44822ff32a4c634472","name":"****","state":"active","locked":false,"avatar_url":"https://secure.gravatar.com/avatar/1b6289f6c729f1ba694aa2bc296a7277?s=80\u0026d=identicon","web_url":"https://gitlab.com/project_42823949_bot_992e5e9e997a7b44822ff32a4c634472"},"created_at":"2023-11-21T17:59:29.313Z","updated_at":"2023-11-21T17:59:29.313Z","system":false,"noteable_id":138475369,"noteable_type":"Issue","project_id":42823949,"resolvable":false,"confidential":false,"internal":false,"noteable_iid":5696,"commands_changes":{}}'
    headers:
      CF-Cache-Status:
      - DYNAMIC
      CF-RAY:
      - 829ad3a52b6f84bf-BOM
      Connection:
      - keep-alive
      Content-Length:
      - '1246'
      Content-Type:
      - application/json
      Date:
      - Tue, 21 Nov 2023 17:59:29 GMT
      NEL:
      - '{"success_fraction":0.01,"report_to":"cf-nel","max_age":604800}'
      Report-To:
      - '{"endpoints":[{"url":"https:\/\/a.nel.cloudflare.com\/report\/v3?s=hBmJXlxiMMe94419L57W8wWBwiq%2BvxT3C4g5%2FjKC8J0R7iTxalzkXH96giSYjUNE8ORJVulyN9krh6tf38wJmKhrB0LC1%2BTvSZFBZX949DvBlWw%2FsAYt4%2BopTbA%3D"}],"group":"cf-nel","max_age":604800}'
      Server:
      - cloudflare
      Set-Cookie:
      - _cfuvid=NH9P5Np72Aw8tRdQnA4L9G2OJpGilVnBae12LubUJqc-1700589569835-0-604800000;
        path=/; domain=.gitlab.com; HttpOnly; Secure; SameSite=None
      cache-control:
      - max-age=0, private, must-revalidate
      content-security-policy:
      - default-src 'none'
      etag:
      - W/"cf155dd04f4c01046ff6cecbe58c317c"
      gitlab-lb:
      - haproxy-main-32-lb-gprd
      gitlab-sv:
      - localhost
      ratelimit-limit:
      - '2000'
      ratelimit-observed:
      - '29'
      ratelimit-remaining:
      - '1970'
      ratelimit-reset:
      - '1700589629'
      ratelimit-resettime:
      - Tue, 21 Nov 2023 18:00:29 GMT
      referrer-policy:
      - strict-origin-when-cross-origin
      strict-transport-security:
      - max-age=31536000
      vary:
      - Origin
      x-content-type-options:
      - nosniff
      x-frame-options:
      - SAMEORIGIN
      x-gitlab-meta:
      - '{"correlation_id":"f622986ba93456020524c2bf9b3d0b15","version":"1"}'
      x-request-id:
      - f622986ba93456020524c2bf9b3d0b15
      x-runtime:
      - '0.759958'
    status:
      code: 201
      message: Created
- request:
    body: title=%5BSN%231%5D+This+is+the+title+of+the+first+test+issue&description=%0AThis+is+the+body+of+the+first+test+issue%0A%0A_This+issue+ticket+was+originally+created+%5Bhere%5D%28https%3A%2F%2Fpagure.io%2Fprotop2g-test-srce%2Fissue%2F1%29+on+a+Pagure+repository%2C%0A%5B%2A%2Aprotop2g-test-srce%2A%2A%5D%28https%3A%2F%2Fpagure.io%2Fprotop2g-test-srce%29+by+%5B%2A%2AAkashdeep+Dhar%2A%2A%5D%28https%3A%2F%2Fpagure.io%2Fuser%2Ft0xic0der%29+on%0A%5B%2A%2AFri+Oct+13+03%3A57%3A42+2023%2A%2A+UTC%5D%28https%3A%2F%2Fsavvytime.com%2Fconverter%2Futc%2Foct-13-2023%2F03-57%29._%0A%0A_This+issue+ticket+was+automatically+created+by+the%0A%5B%2A%2APagure+Exporter%2A%2A%5D%28https%3A%2F%2Fgithub.com%2Fgridhead%2Fpagure-exporter%29._%0A
    headers:
      Accept:
      - '*/*'
      Accept-Encoding:
      - gzip, deflate
      Connection:
      - keep-alive
      Content-Length:
      - '723'
      Content-Type:
      - application/x-www-form-urlencoded
      User-Agent:
      - python-requests/2.31.0
    method: POST
    uri: https://gitlab.com/api/v4/projects/42823949/issues
  response:
    body:
      string: '{"id":138475371,"iid":5697,"project_id":42823949,"title":"[SN#1] This
        is the title of the first test issue","description":"\nThis is the body of
        the first test issue\n\n_This issue ticket was originally created [here](https://pagure.io/protop2g-test-srce/issue/1)
        on a Pagure repository,\n[**protop2g-test-srce**](https://pagure.io/protop2g-test-srce)
        by [**Akashdeep Dhar**](https://pagure.io/user/t0xic0der) on\n[**Fri Oct 13
        03:57:42 2023** UTC](https://savvytime.com/converter/utc/oct-13-2023/03-57)._\n\n_This
        issue ticket was automatically created by the\n[**Pagure Exporter**](https://github.com/gridhead/pagure-exporter)._","state":"opened","created_at":"2023-11-21T17:59:30.427Z","updated_at":"2023-11-21T17:59:30.427Z","closed_at":null,"closed_by":null,"labels":[],"milestone":null,"assignees":[],"author":{"id":18339343,"username":"project_42823949_bot_992e5e9e997a7b44822ff32a4c634472","name":"protop2g-test","state":"active","locked":false,"avatar_url":"https://secure.gravatar.com/avatar/1b6289f6c729f1ba694aa2bc296a7277?s=80\u0026d=identicon","web_url":"https://gitlab.com/project_42823949_bot_992e5e9e997a7b44822ff32a4c634472"},"type":"ISSUE","assignee":null,"user_notes_count":0,"merge_requests_count":0,"upvotes":0,"downvotes":0,"due_date":null,"confidential":false,"discussion_locked":null,"issue_type":"issue","web_url":"https://gitlab.com/gridhead/protop2g-test/-/issues/5697","time_stats":{"time_estimate":0,"total_time_spent":0,"human_time_estimate":null,"human_total_time_spent":null},"task_completion_status":{"count":0,"completed_count":0},"blocking_issues_count":0,"has_tasks":true,"task_status":"0
        of 0 checklist items completed","_links":{"self":"https://gitlab.com/api/v4/projects/42823949/issues/5697","notes":"https://gitlab.com/api/v4/projects/42823949/issues/5697/notes","award_emoji":"https://gitlab.com/api/v4/projects/42823949/issues/5697/award_emoji","project":"https://gitlab.com/api/v4/projects/42823949","closed_as_duplicate_of":null},"references":{"short":"#5697","relative":"#5697","full":"gridhead/protop2g-test#5697"},"severity":"UNKNOWN","subscribed":true,"moved_to_id":null,"service_desk_reply_to":null}'
    headers:
      CF-Cache-Status:
      - DYNAMIC
      CF-RAY:
      - 829ad3abed71f337-BOM
      Connection:
      - keep-alive
      Content-Length:
      - '2150'
      Content-Type:
      - application/json
      Date:
      - Tue, 21 Nov 2023 17:59:31 GMT
      NEL:
      - '{"success_fraction":0.01,"report_to":"cf-nel","max_age":604800}'
      Report-To:
      - '{"endpoints":[{"url":"https:\/\/a.nel.cloudflare.com\/report\/v3?s=u%2FBFS32zf69HYQVcq1OxDq4YcA%2F5pHsmTQYbBVkekOcuvfHmXl%2BMKu2zdBiL3kv6o6l%2FrOZFgR0JomaO3FqbvN6cCAAL8B7pud7ILvt8097f7ih8YAjKDTfAPqo%3D"}],"group":"cf-nel","max_age":604800}'
      Server:
      - cloudflare
      Set-Cookie:
      - _cfuvid=Fpq6oBjciUlZEcHIkcG7fY75z2m7e_wX5AO3QXyVmc8-1700589571182-0-604800000;
        path=/; domain=.gitlab.com; HttpOnly; Secure; SameSite=None
      cache-control:
      - max-age=0, private, must-revalidate
      content-security-policy:
      - default-src 'none'
      etag:
      - W/"ecd5de45b48610bbb9d6f050d24ba63a"
      gitlab-lb:
      - haproxy-main-22-lb-gprd
      gitlab-sv:
      - localhost
      ratelimit-limit:
      - '2000'
      ratelimit-observed:
      - '29'
      ratelimit-remaining:
      - '1970'
      ratelimit-reset:
      - '1700589631'
      ratelimit-resettime:
      - Tue, 21 Nov 2023 18:00:31 GMT
      referrer-policy:
      - strict-origin-when-cross-origin
      strict-transport-security:
      - max-age=31536000
      vary:
      - Origin
      x-content-type-options:
      - nosniff
      x-frame-options:
      - SAMEORIGIN
      x-gitlab-meta:
      - '{"correlation_id":"eb1bf298e56553e555c757cca2a5c902","version":"1"}'
      x-request-id:
      - eb1bf298e56553e555c757cca2a5c902
      x-runtime:
      - '0.974639'
    status:
      code: 201
      message: Created
- request:
    body: body=%0A%2A%2AMetadata+Update+from+%26t0xic0der%2A%2A%3A%0A-+Issue+tagged+with%3A+aaaa%2C+bbbb%0A%0A_This+comment+was+originally+created+%5Bhere%5D%28https%3A%2F%2Fpagure.io%2Fprotop2g-test-srce%2Fissue%2F1%23comment-878471%29+by+%5B%2A%2AAkashdeep+Dhar%2A%2A%5D%28https%3A%2F%2Fpagure.io%2Fuser%2Ft0xic0der%29+under%0A%5Bthis%5D%28https%3A%2F%2Fpagure.io%2Fprotop2g-test-srce%2Fissue%2F1%29+issue+ticket+on+a+Pagure+repository%2C+%5B%2A%2Aprotop2g-test-srce%2A%2A%5D%28https%3A%2F%2Fpagure.io%2Fprotop2g-test-srce%29+on%0A%5B%2A%2AFri+Oct+13+04%3A01%3A39+2023%2A%2A+UTC%5D%28https%3A%2F%2Fsavvytime.com%2Fconverter%2Futc%2Foct-13-2023%2F04-01%29._%0A%0A_This+comment+was+automatically+created+by+the%0A%5B%2A%2APagure+Exporter%2A%2A%5D%28https%3A%2F%2Fgithub.com%2Fgridhead%2Fpagure-exporter%29._%0A
    headers:
      Accept:
      - '*/*'
      Accept-Encoding:
      - gzip, deflate
      Connection:
      - keep-alive
      Content-Length:
      - '800'
      Content-Type:
      - application/x-www-form-urlencoded
      User-Agent:
      - python-requests/2.31.0
    method: POST
    uri: https://gitlab.com/api/v4/projects/42823949/issues/5697/notes
  response:
    body:
      string: '{"id":1661137638,"type":null,"body":"\n**Metadata Update from \u0026t0xic0der**:\n-
        Issue tagged with: aaaa, bbbb\n\n_This comment was originally created [here](https://pagure.io/protop2g-test-srce/issue/1#comment-878471)
        by [**Akashdeep Dhar**](https://pagure.io/user/t0xic0der) under\n[this](https://pagure.io/protop2g-test-srce/issue/1)
        issue ticket on a Pagure repository, [**protop2g-test-srce**](https://pagure.io/protop2g-test-srce)
        on\n[**Fri Oct 13 04:01:39 2023** UTC](https://savvytime.com/converter/utc/oct-13-2023/04-01)._\n\n_This
        comment was automatically created by the\n[**Pagure Exporter**](https://github.com/gridhead/pagure-exporter)._","attachment":null,"author":{"id":18339343,"username":"project_42823949_bot_992e5e9e997a7b44822ff32a4c634472","name":"****","state":"active","locked":false,"avatar_url":"https://secure.gravatar.com/avatar/1b6289f6c729f1ba694aa2bc296a7277?s=80\u0026d=identicon","web_url":"https://gitlab.com/project_42823949_bot_992e5e9e997a7b44822ff32a4c634472"},"created_at":"2023-11-21T17:59:31.755Z","updated_at":"2023-11-21T17:59:31.755Z","system":false,"noteable_id":138475371,"noteable_type":"Issue","project_id":42823949,"resolvable":false,"confidential":false,"internal":false,"noteable_iid":5697,"commands_changes":{}}'
    headers:
      CF-Cache-Status:
      - DYNAMIC
      CF-RAY:
      - 829ad3b48a092967-BOM
      Connection:
      - keep-alive
      Content-Length:
      - '1267'
      Content-Type:
      - application/json
      Date:
      - Tue, 21 Nov 2023 17:59:32 GMT
      NEL:
      - '{"success_fraction":0.01,"report_to":"cf-nel","max_age":604800}'
      Report-To:
      - '{"endpoints":[{"url":"https:\/\/a.nel.cloudflare.com\/report\/v3?s=lwX%2BwEFVPZTlNL8vzI3lYqTBcte%2BTXbv9keRXWrDpWF1xFtGC13PIh4KjXVgdoPrnhQW%2FhtS2IV7%2FjmweWsN4CiqNym8sbpBoDJUjYUoEjX3N2cVmHxAFoLUOjE%3D"}],"group":"cf-nel","max_age":604800}'
      Server:
      - cloudflare
      Set-Cookie:
      - _cfuvid=GU7NamxzXxbEZkFAA8Oz_z0hNksOD6sMdrYRi0cDTNY-1700589572285-0-604800000;
        path=/; domain=.gitlab.com; HttpOnly; Secure; SameSite=None
      cache-control:
      - max-age=0, private, must-revalidate
      content-security-policy:
      - default-src 'none'
      etag:
      - W/"7575c0dd64145398acbff8ae040f115e"
      gitlab-lb:
      - haproxy-main-33-lb-gprd
      gitlab-sv:
      - localhost
      ratelimit-limit:
      - '2000'
      ratelimit-observed:
      - '30'
      ratelimit-remaining:
      - '1970'
      ratelimit-reset:
      - '1700589632'
      ratelimit-resettime:
      - Tue, 21 Nov 2023 18:00:32 GMT
      referrer-policy:
      - strict-origin-when-cross-origin
      strict-transport-security:
      - max-age=31536000
      vary:
      - Origin
      x-content-type-options:
      - nosniff
      x-frame-options:
      - SAMEORIGIN
      x-gitlab-meta:
      - '{"correlation_id":"21d7cabd3aebe73fbe56ab4ffa729e12","version":"1"}'
      x-request-id:
      - 21d7cabd3aebe73fbe56ab4ffa729e12
      x-runtime:
      - '0.761750'
    status:
      code: 201
      message: Created
- request:
    body: body=%0AThis+is+the+first+comment+under+the+first+test+issue%0A%0A_This+comment+was+originally+created+%5Bhere%5D%28https%3A%2F%2Fpagure.io%2Fprotop2g-test-srce%2Fissue%2F1%23comment-878473%29+by+%5B%2A%2AAkashdeep+Dhar%2A%2A%5D%28https%3A%2F%2Fpagure.io%2Fuser%2Ft0xic0der%29+under%0A%5Bthis%5D%28https%3A%2F%2Fpagure.io%2Fprotop2g-test-srce%2Fissue%2F1%29+issue+ticket+on+a+Pagure+repository%2C+%5B%2A%2Aprotop2g-test-srce%2A%2A%5D%28https%3A%2F%2Fpagure.io%2Fprotop2g-test-srce%29+on%0A%5B%2A%2AFri+Oct+13+04%3A04%3A40+2023%2A%2A+UTC%5D%28https%3A%2F%2Fsavvytime.com%2Fconverter%2Futc%2Foct-13-2023%2F04-04%29._%0A%0A_This+comment+was+automatically+created+by+the%0A%5B%2A%2APagure+Exporter%2A%2A%5D%28https%3A%2F%2Fgithub.com%2Fgridhead%2Fpagure-exporter%29._%0A
    headers:
      Accept:
      - '*/*'
      Accept-Encoding:
      - gzip, deflate
      Connection:
      - keep-alive
      Content-Length:
      - '766'
      Content-Type:
      - application/x-www-form-urlencoded
      User-Agent:
      - python-requests/2.31.0
    method: POST
    uri: https://gitlab.com/api/v4/projects/42823949/issues/5697/notes
  response:
    body:
      string: '{"id":1661137669,"type":null,"body":"\nThis is the first comment under
        the first test issue\n\n_This comment was originally created [here](https://pagure.io/protop2g-test-srce/issue/1#comment-878473)
        by [**Akashdeep Dhar**](https://pagure.io/user/t0xic0der) under\n[this](https://pagure.io/protop2g-test-srce/issue/1)
        issue ticket on a Pagure repository, [**protop2g-test-srce**](https://pagure.io/protop2g-test-srce)
        on\n[**Fri Oct 13 04:04:40 2023** UTC](https://savvytime.com/converter/utc/oct-13-2023/04-04)._\n\n_This
        comment was automatically created by the\n[**Pagure Exporter**](https://github.com/gridhead/pagure-exporter)._","attachment":null,"author":{"id":18339343,"username":"project_42823949_bot_992e5e9e997a7b44822ff32a4c634472","name":"****","state":"active","locked":false,"avatar_url":"https://secure.gravatar.com/avatar/1b6289f6c729f1ba694aa2bc296a7277?s=80\u0026d=identicon","web_url":"https://gitlab.com/project_42823949_bot_992e5e9e997a7b44822ff32a4c634472"},"created_at":"2023-11-21T17:59:32.913Z","updated_at":"2023-11-21T17:59:32.913Z","system":false,"noteable_id":138475371,"noteable_type":"Issue","project_id":42823949,"resolvable":false,"confidential":false,"internal":false,"noteable_iid":5697,"commands_changes":{}}'
    headers:
      CF-Cache-Status:
      - DYNAMIC
      CF-RAY:
      - 829ad3bb7fbf6ec2-BOM
      Connection:
      - keep-alive
      Content-Length:
      - '1245'
      Content-Type:
      - application/json
      Date:
      - Tue, 21 Nov 2023 17:59:33 GMT
      NEL:
      - '{"success_fraction":0.01,"report_to":"cf-nel","max_age":604800}'
      Report-To:
      - '{"endpoints":[{"url":"https:\/\/a.nel.cloudflare.com\/report\/v3?s=wBmG%2B%2FPq7RRDQVcJbxeCHSLP07F6gK67rutVuJ1ImLMogI9eQ4vRbTbQYAiRyTvNO7cqTN9TKcLLljN9ozbaTsIk5JsBd9x4M8PdJSh6xsvOxRZvQ6jawAxj3KQ%3D"}],"group":"cf-nel","max_age":604800}'
      Server:
      - cloudflare
      Set-Cookie:
      - _cfuvid=voFkXUAPymOCtwGO3Jh78TqyS0npiGfJKT.KXx9QUmY-1700589573431-0-604800000;
        path=/; domain=.gitlab.com; HttpOnly; Secure; SameSite=None
      cache-control:
      - max-age=0, private, must-revalidate
      content-security-policy:
      - default-src 'none'
      etag:
      - W/"d75ec9af0d2fd584a17dbec3265e1394"
      gitlab-lb:
      - haproxy-main-43-lb-gprd
      gitlab-sv:
      - localhost
      ratelimit-limit:
      - '2000'
      ratelimit-observed:
      - '30'
      ratelimit-remaining:
      - '1969'
      ratelimit-reset:
      - '1700589633'
      ratelimit-resettime:
      - Tue, 21 Nov 2023 18:00:33 GMT
      referrer-policy:
      - strict-origin-when-cross-origin
      strict-transport-security:
      - max-age=31536000
      vary:
      - Origin
      x-content-type-options:
      - nosniff
      x-frame-options:
      - SAMEORIGIN
      x-gitlab-meta:
      - '{"correlation_id":"9bc2b3d302cc88a1e8273fb5eef6fc13","version":"1"}'
      x-request-id:
      - 9bc2b3d302cc88a1e8273fb5eef6fc13
      x-runtime:
      - '0.800899'
    status:
      code: 201
      message: Created
- request:
    body: body=%0AThis+is+the+second+comment+under+the+first+test+issue%0A%0A_This+comment+was+originally+created+%5Bhere%5D%28https%3A%2F%2Fpagure.io%2Fprotop2g-test-srce%2Fissue%2F1%23comment-878474%29+by+%5B%2A%2AAkashdeep+Dhar%2A%2A%5D%28https%3A%2F%2Fpagure.io%2Fuser%2Ft0xic0der%29+under%0A%5Bthis%5D%28https%3A%2F%2Fpagure.io%2Fprotop2g-test-srce%2Fissue%2F1%29+issue+ticket+on+a+Pagure+repository%2C+%5B%2A%2Aprotop2g-test-srce%2A%2A%5D%28https%3A%2F%2Fpagure.io%2Fprotop2g-test-srce%29+on%0A%5B%2A%2AFri+Oct+13+04%3A05%3A24+2023%2A%2A+UTC%5D%28https%3A%2F%2Fsavvytime.com%2Fconverter%2Futc%2Foct-13-2023%2F04-05%29._%0A%0A_This+comment+was+automatically+created+by+the%0A%5B%2A%2APagure+Exporter%2A%2A%5D%28https%3A%2F%2Fgithub.com%2Fgridhead%2Fpagure-exporter%29._%0A
    headers:
      Accept:
      - '*/*'
      Accept-Encoding:
      - gzip, deflate
      Connection:
      - keep-alive
      Content-Length:
      - '767'
      Content-Type:
      - application/x-www-form-urlencoded
      User-Agent:
      - python-requests/2.31.0
    method: POST
    uri: https://gitlab.com/api/v4/projects/42823949/issues/5697/notes
  response:
    body:
      string: '{"id":1661137692,"type":null,"body":"\nThis is the second comment under
        the first test issue\n\n_This comment was originally created [here](https://pagure.io/protop2g-test-srce/issue/1#comment-878474)
        by [**Akashdeep Dhar**](https://pagure.io/user/t0xic0der) under\n[this](https://pagure.io/protop2g-test-srce/issue/1)
        issue ticket on a Pagure repository, [**protop2g-test-srce**](https://pagure.io/protop2g-test-srce)
        on\n[**Fri Oct 13 04:05:24 2023** UTC](https://savvytime.com/converter/utc/oct-13-2023/04-05)._\n\n_This
        comment was automatically created by the\n[**Pagure Exporter**](https://github.com/gridhead/pagure-exporter)._","attachment":null,"author":{"id":18339343,"username":"project_42823949_bot_992e5e9e997a7b44822ff32a4c634472","name":"****","state":"active","locked":false,"avatar_url":"https://secure.gravatar.com/avatar/1b6289f6c729f1ba694aa2bc296a7277?s=80\u0026d=identicon","web_url":"https://gitlab.com/project_42823949_bot_992e5e9e997a7b44822ff32a4c634472"},"created_at":"2023-11-21T17:59:34.081Z","updated_at":"2023-11-21T17:59:34.081Z","system":false,"noteable_id":138475371,"noteable_type":"Issue","project_id":42823949,"resolvable":false,"confidential":false,"internal":false,"noteable_iid":5697,"commands_changes":{}}'
    headers:
      CF-Cache-Status:
      - DYNAMIC
      CF-RAY:
      - 829ad3c29971f33b-BOM
      Connection:
      - keep-alive
      Content-Length:
      - '1246'
      Content-Type:
      - application/json
      Date:
      - Tue, 21 Nov 2023 17:59:34 GMT
      NEL:
      - '{"success_fraction":0.01,"report_to":"cf-nel","max_age":604800}'
      Report-To:
      - '{"endpoints":[{"url":"https:\/\/a.nel.cloudflare.com\/report\/v3?s=c18WI%2Bpw39t3O5s5aV6j9s2iLCyt1AKRNQ8fA2yubZmOQY3j9Ln9KN9KJFx1LJFezVyga7h%2F9jJb6RY5eEM7PFmk2rYEs5%2Fv6Sa2aZdUd6tzyYGpaoUPlr4AiSk%3D"}],"group":"cf-nel","max_age":604800}'
      Server:
      - cloudflare
      Set-Cookie:
      - _cfuvid=Q.ohBBFPvWt1LRHsF9IDbaWARbKBfcHxmyvIjo4pIRw-1700589574450-0-604800000;
        path=/; domain=.gitlab.com; HttpOnly; Secure; SameSite=None
      cache-control:
      - max-age=0, private, must-revalidate
      content-security-policy:
      - default-src 'none'
      etag:
      - W/"16fb2ddb28e4ad608a113aaad053d5ed"
      gitlab-lb:
      - haproxy-main-33-lb-gprd
      gitlab-sv:
      - localhost
      ratelimit-limit:
      - '2000'
      ratelimit-observed:
      - '31'
      ratelimit-remaining:
      - '1969'
      ratelimit-reset:
      - '1700589634'
      ratelimit-resettime:
      - Tue, 21 Nov 2023 18:00:34 GMT
      referrer-policy:
      - strict-origin-when-cross-origin
      strict-transport-security:
      - max-age=31536000
      vary:
      - Origin
      x-content-type-options:
      - nosniff
      x-frame-options:
      - SAMEORIGIN
      x-gitlab-meta:
      - '{"correlation_id":"cef047ff6ec8cedb7d46855b1d39b32b","version":"1"}'
      x-request-id:
      - cef047ff6ec8cedb7d46855b1d39b32b
      x-runtime:
      - '0.627455'
    status:
      code: 201
      message: Created
version: 1
