interactions:
- request:
    body: null
    headers:
      Accept:
      - '*/*'
      Accept-Encoding:
      - gzip, deflate
      Connection:
      - keep-alive
      Content-type:
      - application/json
      User-Agent:
      - python-gitlab/4.4.0
    method: GET
    uri: https://gitlab.com/api/v4/projects/42823949
  response:
    body:
      string: '{"id":42823949,"description":null,"name":"protop2g-test","name_with_namespace":"Akashdeep
        Dhar / protop2g-test","path":"protop2g-test","path_with_namespace":"gridhead/protop2g-test","created_at":"2023-01-23T16:18:30.217Z","default_branch":"main","tag_list":[],"topics":[],"ssh_url_to_repo":"git@gitlab.com:gridhead/protop2g-test.git","http_url_to_repo":"https://gitlab.com/gridhead/protop2g-test.git","web_url":"https://gitlab.com/gridhead/protop2g-test","readme_url":"https://gitlab.com/gridhead/protop2g-test/-/blob/main/README.md","forks_count":0,"avatar_url":null,"star_count":0,"last_activity_at":"2025-01-16T09:07:07.931Z","namespace":{"id":13984834,"name":"Akashdeep
        Dhar","path":"gridhead","kind":"user","full_path":"gridhead","parent_id":null,"avatar_url":"https://secure.gravatar.com/avatar/e412343841597e2fb1e952dd2b1077fc95537604ce04a27c5bfb94bdb0dc3da8?s=80\u0026d=identicon","web_url":"https://gitlab.com/gridhead"},"container_registry_image_prefix":"registry.gitlab.com/gridhead/protop2g-test","_links":{"self":"https://gitlab.com/api/v4/projects/42823949","issues":"https://gitlab.com/api/v4/projects/42823949/issues","merge_requests":"https://gitlab.com/api/v4/projects/42823949/merge_requests","repo_branches":"https://gitlab.com/api/v4/projects/42823949/repository/branches","labels":"https://gitlab.com/api/v4/projects/42823949/labels","events":"https://gitlab.com/api/v4/projects/42823949/events","members":"https://gitlab.com/api/v4/projects/42823949/members","cluster_agents":"https://gitlab.com/api/v4/projects/42823949/cluster_agents"},"packages_enabled":true,"empty_repo":false,"archived":false,"visibility":"public","owner":{"id":10115999,"username":"gridhead","name":"Akashdeep
        Dhar","state":"active","locked":false,"avatar_url":"https://secure.gravatar.com/avatar/e412343841597e2fb1e952dd2b1077fc95537604ce04a27c5bfb94bdb0dc3da8?s=80\u0026d=identicon","web_url":"https://gitlab.com/gridhead"},"resolve_outdated_diff_discussions":false,"container_expiration_policy":{"cadence":"1d","enabled":false,"keep_n":10,"older_than":"90d","name_regex":".*","name_regex_keep":null,"next_run_at":"2023-01-24T16:18:30.271Z"},"repository_object_format":"sha1","issues_enabled":true,"merge_requests_enabled":true,"wiki_enabled":true,"jobs_enabled":true,"snippets_enabled":true,"container_registry_enabled":true,"service_desk_enabled":true,"service_desk_address":"contact-project+gridhead-protop2g-test-42823949-issue-@incoming.gitlab.com","can_create_merge_request_in":true,"issues_access_level":"enabled","repository_access_level":"enabled","merge_requests_access_level":"enabled","forking_access_level":"enabled","wiki_access_level":"enabled","builds_access_level":"enabled","snippets_access_level":"enabled","pages_access_level":"enabled","analytics_access_level":"enabled","container_registry_access_level":"enabled","security_and_compliance_access_level":"private","releases_access_level":"private","environments_access_level":"enabled","feature_flags_access_level":"private","infrastructure_access_level":"private","monitor_access_level":"enabled","model_experiments_access_level":"enabled","model_registry_access_level":"enabled","emails_disabled":false,"emails_enabled":true,"shared_runners_enabled":true,"lfs_enabled":true,"creator_id":10115999,"import_url":null,"import_type":null,"import_status":"none","import_error":null,"open_issues_count":43,"description_html":"","updated_at":"2025-01-16T09:07:07.931Z","ci_default_git_depth":20,"ci_delete_pipelines_in_seconds":null,"ci_forward_deployment_enabled":true,"ci_forward_deployment_rollback_allowed":true,"ci_job_token_scope_enabled":false,"ci_separated_caches":true,"ci_allow_fork_pipelines_to_run_in_parent_project":true,"ci_id_token_sub_claim_components":["project_path","ref_type","ref"],"build_git_strategy":"fetch","keep_latest_artifact":true,"restrict_user_defined_variables":false,"ci_pipeline_variables_minimum_override_role":"maintainer","runners_token":"EXPUNGED","runner_token_expiration_interval":null,"group_runners_enabled":true,"auto_cancel_pending_pipelines":"enabled","build_timeout":3600,"auto_devops_enabled":false,"auto_devops_deploy_strategy":"continuous","ci_push_repository_for_job_token_allowed":false,"ci_config_path":"","public_jobs":true,"shared_with_groups":[],"only_allow_merge_if_pipeline_succeeds":false,"allow_merge_on_skipped_pipeline":null,"request_access_enabled":true,"only_allow_merge_if_all_discussions_are_resolved":false,"remove_source_branch_after_merge":true,"printing_merge_request_link_enabled":true,"merge_method":"merge","squash_option":"default_off","enforce_auth_checks_on_uploads":true,"suggestion_commit_message":null,"merge_commit_template":null,"squash_commit_template":null,"issue_branch_template":null,"warn_about_potentially_unwanted_characters":true,"autoclose_referenced_issues":true,"external_authorization_classification_label":"","requirements_enabled":false,"requirements_access_level":"enabled","security_and_compliance_enabled":true,"compliance_frameworks":[],"permissions":{"project_access":{"access_level":50,"notification_level":3},"group_access":null}}'
    headers:
      CF-Cache-Status:
      - MISS
      CF-Ray:
      - 902d30b9adc68ee3-BOM
      Cache-Control:
      - max-age=0, private, must-revalidate
      Connection:
      - keep-alive
      Content-Encoding:
      - gzip
      Content-Type:
      - application/json
      Date:
      - Thu, 16 Jan 2025 09:48:32 GMT
      ETag:
      - W/"1d2e3bcc4d72bed6881bc76e00feb45f"
      NEL:
      - '{"success_fraction":0.01,"report_to":"cf-nel","max_age":604800}'
      Report-To:
      - '{"endpoints":[{"url":"https:\/\/a.nel.cloudflare.com\/report\/v4?s=vS2dIXaDpQMoFh73TOOubtuX1o%2FsF3NiaweFFh%2FUNVb87DskF7b6efegXgdUX5eXPl0qAPDRUaODERWn7GmqLhiz0wWrAkECuOhja6IDIfCV06HJut8cLv0EcBQ%3D"}],"group":"cf-nel","max_age":604800}'
      Server:
      - cloudflare
      Set-Cookie: ''
      Strict-Transport-Security:
      - max-age=31536000
      Transfer-Encoding:
      - chunked
      Vary:
      - Origin, Accept-Encoding
      content-security-policy:
      - default-src 'none'
      gitlab-lb:
      - haproxy-main-44-lb-gprd
      gitlab-sv:
      - api-gke-us-east1-d
      referrer-policy:
      - strict-origin-when-cross-origin
      x-content-type-options:
      - nosniff
      x-frame-options:
      - SAMEORIGIN
      x-gitlab-meta:
      - '{"correlation_id":"c8d8f848fd8e1b5007c36261b74c9562","version":"1"}'
      x-request-id:
      - c8d8f848fd8e1b5007c36261b74c9562
      x-runtime:
      - '0.117136'
    status:
      code: 200
      message: OK
- request:
    body: null
    headers:
      Accept:
      - '*/*'
      Accept-Encoding:
      - gzip, deflate
      Connection:
      - keep-alive
      Content-Length:
      - '0'
      Content-type:
      - application/json
      Cookie:
      - _cfuvid=Qo.o77NSNrQegdl6ByLqg_sUnfIjX4immrX8fdOfCvs-1737020912067-0.0.1.1-604800000
      User-Agent:
      - python-gitlab/4.4.0
    method: DELETE
    uri: https://gitlab.com/api/v4/projects/42823949/issues/1
  response:
    body:
      string: '{"message":"404 Issue Not Found"}'
    headers:
      CF-Cache-Status:
      - DYNAMIC
      CF-Ray:
      - 902d30bccbbf85c9-BOM
      Cache-Control:
      - no-cache
      Connection:
      - keep-alive
      Content-Length:
      - '33'
      Content-Type:
      - application/json
      Date:
      - Thu, 16 Jan 2025 09:48:32 GMT
      NEL:
      - '{"success_fraction":0.01,"report_to":"cf-nel","max_age":604800}'
      Report-To:
      - '{"endpoints":[{"url":"https:\/\/a.nel.cloudflare.com\/report\/v4?s=9VKZNb5dtgZi4gdX6h%2Bd%2FIljcB%2FG0ZF8XYfRITCV%2BdJxBqdxZXBgUhKB%2FYfk0vGF1YfTtKhYjm%2BXichmtMvZ42%2B5%2Bczwg7hVy4I3cHLxNpv2dd%2B%2BWP2KqNIRKIw%3D"}],"group":"cf-nel","max_age":604800}'
      Server:
      - cloudflare
      Set-Cookie: ''
      Strict-Transport-Security:
      - max-age=31536000
      Vary:
      - Origin, Accept-Encoding
      content-security-policy:
      - default-src 'none'
      gitlab-lb:
      - haproxy-main-09-lb-gprd
      gitlab-sv:
      - api-gke-us-east1-b
      referrer-policy:
      - strict-origin-when-cross-origin
      x-content-type-options:
      - nosniff
      x-frame-options:
      - SAMEORIGIN
      x-gitlab-meta:
      - '{"correlation_id":"001202f0542729f848744a242a522e0e","version":"1"}'
      x-request-id:
      - 001202f0542729f848744a242a522e0e
      x-runtime:
      - '0.066019'
    status:
      code: 404
      message: Not Found
- request:
    body: null
    headers:
      Accept:
      - '*/*'
      Accept-Encoding:
      - gzip, deflate
      Connection:
      - keep-alive
      Content-Length:
      - '0'
      Content-type:
      - application/json
      Cookie:
      - _cfuvid=Qo.o77NSNrQegdl6ByLqg_sUnfIjX4immrX8fdOfCvs-1737020912067-0.0.1.1-604800000
      User-Agent:
      - python-gitlab/4.4.0
    method: DELETE
    uri: https://gitlab.com/api/v4/projects/42823949/issues/2
  response:
    body:
      string: '{"message":"404 Issue Not Found"}'
    headers:
      CF-Cache-Status:
      - DYNAMIC
      CF-Ray:
      - 902d30bf4ad18d31-BOM
      Cache-Control:
      - no-cache
      Connection:
      - keep-alive
      Content-Length:
      - '33'
      Content-Type:
      - application/json
      Date:
      - Thu, 16 Jan 2025 09:48:32 GMT
      NEL:
      - '{"success_fraction":0.01,"report_to":"cf-nel","max_age":604800}'
      Report-To:
      - '{"endpoints":[{"url":"https:\/\/a.nel.cloudflare.com\/report\/v4?s=LW%2Fj12zta1LCUAWSxs2WWeAeTnBo%2FFQx5gPHU%2B92ZXQrfGvdg2tU15by9PAl6TKT%2FgzSngZ9de15e2lRtYGQsUaAAYWRbqG4uyGCWNWkZAve6rYWJlT%2BkUJd12U%3D"}],"group":"cf-nel","max_age":604800}'
      Server:
      - cloudflare
      Set-Cookie: ''
      Strict-Transport-Security:
      - max-age=31536000
      Vary:
      - Origin, Accept-Encoding
      content-security-policy:
      - default-src 'none'
      gitlab-lb:
      - haproxy-main-07-lb-gprd
      gitlab-sv:
      - api-gke-us-east1-c
      referrer-policy:
      - strict-origin-when-cross-origin
      x-content-type-options:
      - nosniff
      x-frame-options:
      - SAMEORIGIN
      x-gitlab-meta:
      - '{"correlation_id":"02a2df282232d203ec98ef98cfb539f9","version":"1"}'
      x-request-id:
      - 02a2df282232d203ec98ef98cfb539f9
      x-runtime:
      - '0.064284'
    status:
      code: 404
      message: Not Found
- request:
    body: null
    headers:
      Accept:
      - '*/*'
      Accept-Encoding:
      - gzip, deflate
      Connection:
      - keep-alive
      Content-Length:
      - '0'
      Content-type:
      - application/json
      Cookie:
      - _cfuvid=Qo.o77NSNrQegdl6ByLqg_sUnfIjX4immrX8fdOfCvs-1737020912067-0.0.1.1-604800000
      User-Agent:
      - python-gitlab/4.4.0
    method: DELETE
    uri: https://gitlab.com/api/v4/projects/42823949/issues/3
  response:
    body:
      string: '{"message":"404 Issue Not Found"}'
    headers:
      CF-Cache-Status:
      - DYNAMIC
      CF-Ray:
      - 902d30c1ef3246fc-BOM
      Cache-Control:
      - no-cache
      Connection:
      - keep-alive
      Content-Length:
      - '33'
      Content-Type:
      - application/json
      Date:
      - Thu, 16 Jan 2025 09:48:33 GMT
      NEL:
      - '{"success_fraction":0.01,"report_to":"cf-nel","max_age":604800}'
      Report-To:
      - '{"endpoints":[{"url":"https:\/\/a.nel.cloudflare.com\/report\/v4?s=t6U8%2FOKrh%2F03CihmrgYzSK8yeKgNCmJCJXurjEvAO3QK1fFn6oHkcR0yX0PcwBwjous1k7xlWVpLKvBpW5UXjBVSPkQemcw0Z%2F8%2B2qpJhTujitg2qU4wloJBPwE%3D"}],"group":"cf-nel","max_age":604800}'
      Server:
      - cloudflare
      Set-Cookie: ''
      Strict-Transport-Security:
      - max-age=31536000
      Vary:
      - Origin, Accept-Encoding
      content-security-policy:
      - default-src 'none'
      gitlab-lb:
      - haproxy-main-55-lb-gprd
      gitlab-sv:
      - api-gke-us-east1-c
      referrer-policy:
      - strict-origin-when-cross-origin
      x-content-type-options:
      - nosniff
      x-frame-options:
      - SAMEORIGIN
      x-gitlab-meta:
      - '{"correlation_id":"06d4ade70a310d354bcb51aa5bd67778","version":"1"}'
      x-request-id:
      - 06d4ade70a310d354bcb51aa5bd67778
      x-runtime:
      - '0.055984'
    status:
      code: 404
      message: Not Found
- request:
    body: null
    headers:
      Accept:
      - '*/*'
      Accept-Encoding:
      - gzip, deflate
      Connection:
      - keep-alive
      Content-Length:
      - '0'
      Content-type:
      - application/json
      Cookie:
      - _cfuvid=Qo.o77NSNrQegdl6ByLqg_sUnfIjX4immrX8fdOfCvs-1737020912067-0.0.1.1-604800000
      User-Agent:
      - python-gitlab/4.4.0
    method: DELETE
    uri: https://gitlab.com/api/v4/projects/42823949/issues/4
  response:
    body:
      string: '{"message":"404 Issue Not Found"}'
    headers:
      CF-Cache-Status:
      - DYNAMIC
      CF-Ray:
      - 902d30c46e2085fc-BOM
      Cache-Control:
      - no-cache
      Connection:
      - keep-alive
      Content-Length:
      - '33'
      Content-Type:
      - application/json
      Date:
      - Thu, 16 Jan 2025 09:48:33 GMT
      NEL:
      - '{"success_fraction":0.01,"report_to":"cf-nel","max_age":604800}'
      Report-To:
      - '{"endpoints":[{"url":"https:\/\/a.nel.cloudflare.com\/report\/v4?s=IewqgvMqe2C0UYug2mJ3wHkRo43FZoyvQU6FuK14%2FLxrLQHUO7MxbrLAlJa7o9kEpeb3acUUJm4Lr81eytTVr4i5xLWTgc%2Bxan2N6f5A3b2T0ZC2%2F8Kq3TIOuGk%3D"}],"group":"cf-nel","max_age":604800}'
      Server:
      - cloudflare
      Set-Cookie: ''
      Strict-Transport-Security:
      - max-age=31536000
      Vary:
      - Origin, Accept-Encoding
      content-security-policy:
      - default-src 'none'
      gitlab-lb:
      - haproxy-main-03-lb-gprd
      gitlab-sv:
      - api-gke-us-east1-b
      referrer-policy:
      - strict-origin-when-cross-origin
      x-content-type-options:
      - nosniff
      x-frame-options:
      - SAMEORIGIN
      x-gitlab-meta:
      - '{"correlation_id":"438308677c85db8328d45cf31e94af8a","version":"1"}'
      x-request-id:
      - 438308677c85db8328d45cf31e94af8a
      x-runtime:
      - '0.057883'
    status:
      code: 404
      message: Not Found
- request:
    body: null
    headers:
      Accept:
      - '*/*'
      Accept-Encoding:
      - gzip, deflate
      Connection:
      - keep-alive
      User-Agent:
      - python-requests/2.32.3
    method: GET
    uri: https://pagure.io/api/0/protop2g-test-srce
  response:
    body:
      string: "{\n  \"access_groups\": {\n    \"admin\": [], \n    \"collaborator\"\
        : [], \n    \"commit\": [], \n    \"ticket\": []\n  }, \n  \"access_users\"\
        : {\n    \"admin\": [], \n    \"collaborator\": [], \n    \"commit\": [],\
        \ \n    \"owner\": [\n      \"t0xic0der\"\n    ], \n    \"ticket\": []\n \
        \ }, \n  \"close_status\": [], \n  \"custom_keys\": [], \n  \"date_created\"\
        : \"1697168063\", \n  \"date_modified\": \"1697168063\", \n  \"description\"\
        : \"The source namespace for the Pagure Exporter project to run tests against\"\
        , \n  \"full_url\": \"https://pagure.io/protop2g-test-srce\", \n  \"fullname\"\
        : \"protop2g-test-srce\", \n  \"id\": 17042, \n  \"milestones\": {}, \n  \"\
        name\": \"protop2g-test-srce\", \n  \"namespace\": null, \n  \"parent\": null,\
        \ \n  \"priorities\": {}, \n  \"tags\": [], \n  \"url_path\": \"protop2g-test-srce\"\
        , \n  \"user\": {\n    \"full_url\": \"https://pagure.io/user/t0xic0der\"\
        , \n    \"fullname\": \"Akashdeep Dhar\", \n    \"name\": \"t0xic0der\", \n\
        \    \"url_path\": \"user/t0xic0der\"\n  }\n}\n"
    headers:
      Connection:
      - Upgrade, Keep-Alive
      Content-Length:
      - '902'
      Content-Security-Policy:
      - default-src 'self';script-src 'self' 'nonce-DdVedh7IR5epe6pR64Ag5itT2'; style-src
        'self' 'nonce-DdVedh7IR5epe6pR64Ag5itT2'; object-src 'none';base-uri 'self';img-src
        'self' https:;connect-src 'self' https://pagure.io:8088;frame-src https://docs.pagure.org;frame-ancestors
        https://pagure.io;
      Content-Type:
      - application/json
      Date:
      - Thu, 16 Jan 2025 09:48:34 GMT
      Keep-Alive:
      - timeout=5, max=100
      Referrer-Policy:
      - same-origin
      Server:
      - Apache/2.4.37 (Red Hat Enterprise Linux) OpenSSL/1.1.1k mod_wsgi/4.6.4 Python/3.6
      Set-Cookie: ''
      Strict-Transport-Security:
      - max-age=31536000; includeSubDomains; preload
      Upgrade:
      - h2,h2c
      X-Content-Type-Options:
      - nosniff
      X-Frame-Options:
      - ALLOW-FROM https://pagure.io/
      X-Xss-Protection:
      - 1; mode=block
    status:
      code: 200
      message: OK
- request:
    body: null
    headers:
      Accept:
      - '*/*'
      Accept-Encoding:
      - gzip, deflate
      Connection:
      - keep-alive
      Content-type:
      - application/json
      User-Agent:
      - python-gitlab/4.4.0
    method: GET
    uri: https://gitlab.com/api/v4/projects/42823949
  response:
    body:
      string: '{"id":42823949,"description":null,"name":"protop2g-test","name_with_namespace":"Akashdeep
        Dhar / protop2g-test","path":"protop2g-test","path_with_namespace":"gridhead/protop2g-test","created_at":"2023-01-23T16:18:30.217Z","default_branch":"main","tag_list":[],"topics":[],"ssh_url_to_repo":"git@gitlab.com:gridhead/protop2g-test.git","http_url_to_repo":"https://gitlab.com/gridhead/protop2g-test.git","web_url":"https://gitlab.com/gridhead/protop2g-test","readme_url":"https://gitlab.com/gridhead/protop2g-test/-/blob/main/README.md","forks_count":0,"avatar_url":null,"star_count":0,"last_activity_at":"2025-01-16T09:07:07.931Z","namespace":{"id":13984834,"name":"Akashdeep
        Dhar","path":"gridhead","kind":"user","full_path":"gridhead","parent_id":null,"avatar_url":"https://secure.gravatar.com/avatar/e412343841597e2fb1e952dd2b1077fc95537604ce04a27c5bfb94bdb0dc3da8?s=80\u0026d=identicon","web_url":"https://gitlab.com/gridhead"},"container_registry_image_prefix":"registry.gitlab.com/gridhead/protop2g-test","_links":{"self":"https://gitlab.com/api/v4/projects/42823949","issues":"https://gitlab.com/api/v4/projects/42823949/issues","merge_requests":"https://gitlab.com/api/v4/projects/42823949/merge_requests","repo_branches":"https://gitlab.com/api/v4/projects/42823949/repository/branches","labels":"https://gitlab.com/api/v4/projects/42823949/labels","events":"https://gitlab.com/api/v4/projects/42823949/events","members":"https://gitlab.com/api/v4/projects/42823949/members","cluster_agents":"https://gitlab.com/api/v4/projects/42823949/cluster_agents"},"packages_enabled":true,"empty_repo":false,"archived":false,"visibility":"public","owner":{"id":10115999,"username":"gridhead","name":"Akashdeep
        Dhar","state":"active","locked":false,"avatar_url":"https://secure.gravatar.com/avatar/e412343841597e2fb1e952dd2b1077fc95537604ce04a27c5bfb94bdb0dc3da8?s=80\u0026d=identicon","web_url":"https://gitlab.com/gridhead"},"resolve_outdated_diff_discussions":false,"container_expiration_policy":{"cadence":"1d","enabled":false,"keep_n":10,"older_than":"90d","name_regex":".*","name_regex_keep":null,"next_run_at":"2023-01-24T16:18:30.271Z"},"repository_object_format":"sha1","issues_enabled":true,"merge_requests_enabled":true,"wiki_enabled":true,"jobs_enabled":true,"snippets_enabled":true,"container_registry_enabled":true,"service_desk_enabled":true,"service_desk_address":"contact-project+gridhead-protop2g-test-42823949-issue-@incoming.gitlab.com","can_create_merge_request_in":true,"issues_access_level":"enabled","repository_access_level":"enabled","merge_requests_access_level":"enabled","forking_access_level":"enabled","wiki_access_level":"enabled","builds_access_level":"enabled","snippets_access_level":"enabled","pages_access_level":"enabled","analytics_access_level":"enabled","container_registry_access_level":"enabled","security_and_compliance_access_level":"private","releases_access_level":"private","environments_access_level":"enabled","feature_flags_access_level":"private","infrastructure_access_level":"private","monitor_access_level":"enabled","model_experiments_access_level":"enabled","model_registry_access_level":"enabled","emails_disabled":false,"emails_enabled":true,"shared_runners_enabled":true,"lfs_enabled":true,"creator_id":10115999,"import_url":null,"import_type":null,"import_status":"none","import_error":null,"open_issues_count":43,"description_html":"","updated_at":"2025-01-16T09:07:07.931Z","ci_default_git_depth":20,"ci_delete_pipelines_in_seconds":null,"ci_forward_deployment_enabled":true,"ci_forward_deployment_rollback_allowed":true,"ci_job_token_scope_enabled":false,"ci_separated_caches":true,"ci_allow_fork_pipelines_to_run_in_parent_project":true,"ci_id_token_sub_claim_components":["project_path","ref_type","ref"],"build_git_strategy":"fetch","keep_latest_artifact":true,"restrict_user_defined_variables":false,"ci_pipeline_variables_minimum_override_role":"maintainer","runners_token":"EXPUNGED","runner_token_expiration_interval":null,"group_runners_enabled":true,"auto_cancel_pending_pipelines":"enabled","build_timeout":3600,"auto_devops_enabled":false,"auto_devops_deploy_strategy":"continuous","ci_push_repository_for_job_token_allowed":false,"ci_config_path":"","public_jobs":true,"shared_with_groups":[],"only_allow_merge_if_pipeline_succeeds":false,"allow_merge_on_skipped_pipeline":null,"request_access_enabled":true,"only_allow_merge_if_all_discussions_are_resolved":false,"remove_source_branch_after_merge":true,"printing_merge_request_link_enabled":true,"merge_method":"merge","squash_option":"default_off","enforce_auth_checks_on_uploads":true,"suggestion_commit_message":null,"merge_commit_template":null,"squash_commit_template":null,"issue_branch_template":null,"warn_about_potentially_unwanted_characters":true,"autoclose_referenced_issues":true,"external_authorization_classification_label":"","requirements_enabled":false,"requirements_access_level":"enabled","security_and_compliance_enabled":true,"compliance_frameworks":[],"permissions":{"project_access":{"access_level":50,"notification_level":3},"group_access":null}}'
    headers:
      CF-Cache-Status:
      - MISS
      CF-Ray:
      - 902d30ce6f04f2a2-BOM
      Cache-Control:
      - max-age=0, private, must-revalidate
      Connection:
      - keep-alive
      Content-Encoding:
      - gzip
      Content-Type:
      - application/json
      Date:
      - Thu, 16 Jan 2025 09:48:35 GMT
      ETag:
      - W/"1d2e3bcc4d72bed6881bc76e00feb45f"
      NEL:
      - '{"success_fraction":0.01,"report_to":"cf-nel","max_age":604800}'
      Report-To:
      - '{"endpoints":[{"url":"https:\/\/a.nel.cloudflare.com\/report\/v4?s=DPcJgPrmOf7qyK7XvXENq70zNk32MauVhGWWo0G3njJtyrbJ5qpBeSWhrq4JOC9jgmuvDHKVIlFhfwCTFqK69C6KlJhBNmYrgKXKCRQKan0wse3f28UlRum0at0%3D"}],"group":"cf-nel","max_age":604800}'
      Server:
      - cloudflare
      Set-Cookie: ''
      Strict-Transport-Security:
      - max-age=31536000
      Transfer-Encoding:
      - chunked
      Vary:
      - Origin, Accept-Encoding
      content-security-policy:
      - default-src 'none'
      gitlab-lb:
      - haproxy-main-37-lb-gprd
      gitlab-sv:
      - api-gke-us-east1-c
      referrer-policy:
      - strict-origin-when-cross-origin
      x-content-type-options:
      - nosniff
      x-frame-options:
      - SAMEORIGIN
      x-gitlab-meta:
      - '{"correlation_id":"a9f92157455c64d460ae071d94a2df80","version":"1"}'
      x-request-id:
      - a9f92157455c64d460ae071d94a2df80
      x-runtime:
      - '0.133089'
    status:
      code: 200
      message: OK
- request:
    body: null
    headers:
      Accept:
      - '*/*'
      Accept-Encoding:
      - gzip, deflate
      Connection:
      - keep-alive
      User-Agent:
      - python-requests/2.32.3
    method: GET
    uri: https://pagure.io/api/0/protop2g-test-srce/issues?per_page=35&page=1&status=all
  response:
    body:
      string: "{\n  \"args\": {\n    \"assignee\": null, \n    \"author\": null, \n\
        \    \"milestones\": [], \n    \"no_stones\": null, \n    \"order\": null,\
        \ \n    \"priority\": null, \n    \"since\": null, \n    \"status\": \"all\"\
        , \n    \"tags\": []\n  }, \n  \"issues\": [\n    {\n      \"assignee\": null,\
        \ \n      \"blocks\": [], \n      \"close_status\": null, \n      \"closed_at\"\
        : \"1700554080\", \n      \"closed_by\": {\n        \"full_url\": \"https://pagure.io/user/t0xic0der\"\
        , \n        \"fullname\": \"Akashdeep Dhar\", \n        \"name\": \"t0xic0der\"\
        , \n        \"url_path\": \"user/t0xic0der\"\n      }, \n      \"comments\"\
        : [\n        {\n          \"comment\": \"This is the first comment under the\
        \ fourth test issue\", \n          \"date_created\": \"1700554045\", \n  \
        \        \"edited_on\": null, \n          \"editor\": null, \n          \"\
        id\": 885231, \n          \"notification\": false, \n          \"parent\"\
        : null, \n          \"reactions\": {}, \n          \"user\": {\n         \
        \   \"full_url\": \"https://pagure.io/user/t0xic0der\", \n            \"fullname\"\
        : \"Akashdeep Dhar\", \n            \"name\": \"t0xic0der\", \n          \
        \  \"url_path\": \"user/t0xic0der\"\n          }\n        }, \n        {\n\
        \          \"comment\": \"This is the second comment under the fourth test\
        \ issue\", \n          \"date_created\": \"1700554054\", \n          \"edited_on\"\
        : null, \n          \"editor\": null, \n          \"id\": 885232, \n     \
        \     \"notification\": false, \n          \"parent\": null, \n          \"\
        reactions\": {}, \n          \"user\": {\n            \"full_url\": \"https://pagure.io/user/t0xic0der\"\
        , \n            \"fullname\": \"Akashdeep Dhar\", \n            \"name\":\
        \ \"t0xic0der\", \n            \"url_path\": \"user/t0xic0der\"\n        \
        \  }\n        }, \n        {\n          \"comment\": \"**Metadata Update from\
        \ @t0xic0der**:\\n- Issue status updated to: Closed (was: Open)\", \n    \
        \      \"date_created\": \"1700554081\", \n          \"edited_on\": null,\
        \ \n          \"editor\": null, \n          \"id\": 885233, \n          \"\
        notification\": true, \n          \"parent\": null, \n          \"reactions\"\
        : {}, \n          \"user\": {\n            \"full_url\": \"https://pagure.io/user/t0xic0der\"\
        , \n            \"fullname\": \"Akashdeep Dhar\", \n            \"name\":\
        \ \"t0xic0der\", \n            \"url_path\": \"user/t0xic0der\"\n        \
        \  }\n        }\n      ], \n      \"content\": \"This is the body of the fourth\
        \ test issue\", \n      \"custom_fields\": [], \n      \"date_created\": \"\
        1700554016\", \n      \"depends\": [], \n      \"full_url\": \"https://pagure.io/protop2g-test-srce/issue/4\"\
        , \n      \"id\": 4, \n      \"last_updated\": \"1700554081\", \n      \"\
        milestone\": null, \n      \"priority\": null, \n      \"private\": true,\
        \ \n      \"related_prs\": [], \n      \"status\": \"Closed\", \n      \"\
        tags\": [\n        \"gggg\", \n        \"hhhh\"\n      ], \n      \"title\"\
        : \"This is the title of the fourth test issue\", \n      \"user\": {\n  \
        \      \"full_url\": \"https://pagure.io/user/t0xic0der\", \n        \"fullname\"\
        : \"Akashdeep Dhar\", \n        \"name\": \"t0xic0der\", \n        \"url_path\"\
        : \"user/t0xic0der\"\n      }\n    }, \n    {\n      \"assignee\": null, \n\
        \      \"blocks\": [], \n      \"close_status\": null, \n      \"closed_at\"\
        : null, \n      \"closed_by\": null, \n      \"comments\": [\n        {\n\
        \          \"comment\": \"This is the first comment under the third test issue\"\
        , \n          \"date_created\": \"1700553880\", \n          \"edited_on\"\
        : null, \n          \"editor\": null, \n          \"id\": 885229, \n     \
        \     \"notification\": false, \n          \"parent\": null, \n          \"\
        reactions\": {}, \n          \"user\": {\n            \"full_url\": \"https://pagure.io/user/t0xic0der\"\
        , \n            \"fullname\": \"Akashdeep Dhar\", \n            \"name\":\
        \ \"t0xic0der\", \n            \"url_path\": \"user/t0xic0der\"\n        \
        \  }\n        }, \n        {\n          \"comment\": \"This is the second\
        \ comment under the third test issue\", \n          \"date_created\": \"1700553892\"\
        , \n          \"edited_on\": null, \n          \"editor\": null, \n      \
        \    \"id\": 885230, \n          \"notification\": false, \n          \"parent\"\
        : null, \n          \"reactions\": {}, \n          \"user\": {\n         \
        \   \"full_url\": \"https://pagure.io/user/t0xic0der\", \n            \"fullname\"\
        : \"Akashdeep Dhar\", \n            \"name\": \"t0xic0der\", \n          \
        \  \"url_path\": \"user/t0xic0der\"\n          }\n        }\n      ], \n \
        \     \"content\": \"This is the body of the third test issue\", \n      \"\
        custom_fields\": [], \n      \"date_created\": \"1700553837\", \n      \"\
        depends\": [], \n      \"full_url\": \"https://pagure.io/protop2g-test-srce/issue/3\"\
        , \n      \"id\": 3, \n      \"last_updated\": \"1700553892\", \n      \"\
        milestone\": null, \n      \"priority\": null, \n      \"private\": true,\
        \ \n      \"related_prs\": [], \n      \"status\": \"Open\", \n      \"tags\"\
        : [\n        \"eeee\", \n        \"ffff\"\n      ], \n      \"title\": \"\
        This is the title of the third test issue\", \n      \"user\": {\n       \
        \ \"full_url\": \"https://pagure.io/user/t0xic0der\", \n        \"fullname\"\
        : \"Akashdeep Dhar\", \n        \"name\": \"t0xic0der\", \n        \"url_path\"\
        : \"user/t0xic0der\"\n      }\n    }, \n    {\n      \"assignee\": null, \n\
        \      \"blocks\": [], \n      \"close_status\": null, \n      \"closed_at\"\
        : \"1697170032\", \n      \"closed_by\": {\n        \"full_url\": \"https://pagure.io/user/t0xic0der\"\
        , \n        \"fullname\": \"Akashdeep Dhar\", \n        \"name\": \"t0xic0der\"\
        , \n        \"url_path\": \"user/t0xic0der\"\n      }, \n      \"comments\"\
        : [\n        {\n          \"comment\": \"**Metadata Update from @t0xic0der**:\\\
        n- Issue tagged with: cccc, dddd\", \n          \"date_created\": \"1697169810\"\
        , \n          \"edited_on\": null, \n          \"editor\": null, \n      \
        \    \"id\": 878472, \n          \"notification\": true, \n          \"parent\"\
        : null, \n          \"reactions\": {}, \n          \"user\": {\n         \
        \   \"full_url\": \"https://pagure.io/user/t0xic0der\", \n            \"fullname\"\
        : \"Akashdeep Dhar\", \n            \"name\": \"t0xic0der\", \n          \
        \  \"url_path\": \"user/t0xic0der\"\n          }\n        }, \n        {\n\
        \          \"comment\": \"The is the first comment under the second test issue\"\
        , \n          \"date_created\": \"1697169964\", \n          \"edited_on\"\
        : null, \n          \"editor\": null, \n          \"id\": 878475, \n     \
        \     \"notification\": false, \n          \"parent\": null, \n          \"\
        reactions\": {}, \n          \"user\": {\n            \"full_url\": \"https://pagure.io/user/t0xic0der\"\
        , \n            \"fullname\": \"Akashdeep Dhar\", \n            \"name\":\
        \ \"t0xic0der\", \n            \"url_path\": \"user/t0xic0der\"\n        \
        \  }\n        }, \n        {\n          \"comment\": \"The is the second comment\
        \ under the second test issue\", \n          \"date_created\": \"1697169976\"\
        , \n          \"edited_on\": null, \n          \"editor\": null, \n      \
        \    \"id\": 878476, \n          \"notification\": false, \n          \"parent\"\
        : null, \n          \"reactions\": {}, \n          \"user\": {\n         \
        \   \"full_url\": \"https://pagure.io/user/t0xic0der\", \n            \"fullname\"\
        : \"Akashdeep Dhar\", \n            \"name\": \"t0xic0der\", \n          \
        \  \"url_path\": \"user/t0xic0der\"\n          }\n        }, \n        {\n\
        \          \"comment\": \"**Metadata Update from @t0xic0der**:\\n- Issue status\
        \ updated to: Closed (was: Open)\", \n          \"date_created\": \"1697170032\"\
        , \n          \"edited_on\": null, \n          \"editor\": null, \n      \
        \    \"id\": 878477, \n          \"notification\": true, \n          \"parent\"\
        : null, \n          \"reactions\": {}, \n          \"user\": {\n         \
        \   \"full_url\": \"https://pagure.io/user/t0xic0der\", \n            \"fullname\"\
        : \"Akashdeep Dhar\", \n            \"name\": \"t0xic0der\", \n          \
        \  \"url_path\": \"user/t0xic0der\"\n          }\n        }\n      ], \n \
        \     \"content\": \"This is the body of the second test issue\", \n     \
        \ \"custom_fields\": [], \n      \"date_created\": \"1697169676\", \n    \
        \  \"depends\": [], \n      \"full_url\": \"https://pagure.io/protop2g-test-srce/issue/2\"\
        , \n      \"id\": 2, \n      \"last_updated\": \"1697170032\", \n      \"\
        milestone\": null, \n      \"priority\": null, \n      \"private\": false,\
        \ \n      \"related_prs\": [], \n      \"status\": \"Closed\", \n      \"\
        tags\": [\n        \"cccc\", \n        \"dddd\"\n      ], \n      \"title\"\
        : \"This is the title of the second test issue\", \n      \"user\": {\n  \
        \      \"full_url\": \"https://pagure.io/user/t0xic0der\", \n        \"fullname\"\
        : \"Akashdeep Dhar\", \n        \"name\": \"t0xic0der\", \n        \"url_path\"\
        : \"user/t0xic0der\"\n      }\n    }, \n    {\n      \"assignee\": null, \n\
        \      \"blocks\": [], \n      \"close_status\": null, \n      \"closed_at\"\
        : null, \n      \"closed_by\": null, \n      \"comments\": [\n        {\n\
        \          \"comment\": \"**Metadata Update from @t0xic0der**:\\n- Issue tagged\
        \ with: aaaa, bbbb\", \n          \"date_created\": \"1697169699\", \n   \
        \       \"edited_on\": null, \n          \"editor\": null, \n          \"\
        id\": 878471, \n          \"notification\": true, \n          \"parent\":\
        \ null, \n          \"reactions\": {}, \n          \"user\": {\n         \
        \   \"full_url\": \"https://pagure.io/user/t0xic0der\", \n            \"fullname\"\
        : \"Akashdeep Dhar\", \n            \"name\": \"t0xic0der\", \n          \
        \  \"url_path\": \"user/t0xic0der\"\n          }\n        }, \n        {\n\
        \          \"comment\": \"This is the first comment under the first test issue\"\
        , \n          \"date_created\": \"1697169880\", \n          \"edited_on\"\
        : null, \n          \"editor\": null, \n          \"id\": 878473, \n     \
        \     \"notification\": false, \n          \"parent\": null, \n          \"\
        reactions\": {}, \n          \"user\": {\n            \"full_url\": \"https://pagure.io/user/t0xic0der\"\
        , \n            \"fullname\": \"Akashdeep Dhar\", \n            \"name\":\
        \ \"t0xic0der\", \n            \"url_path\": \"user/t0xic0der\"\n        \
        \  }\n        }, \n        {\n          \"comment\": \"This is the second\
        \ comment under the first test issue\", \n          \"date_created\": \"1697169924\"\
        , \n          \"edited_on\": null, \n          \"editor\": null, \n      \
        \    \"id\": 878474, \n          \"notification\": false, \n          \"parent\"\
        : null, \n          \"reactions\": {}, \n          \"user\": {\n         \
        \   \"full_url\": \"https://pagure.io/user/t0xic0der\", \n            \"fullname\"\
        : \"Akashdeep Dhar\", \n            \"name\": \"t0xic0der\", \n          \
        \  \"url_path\": \"user/t0xic0der\"\n          }\n        }\n      ], \n \
        \     \"content\": \"This is the body of the first test issue\", \n      \"\
        custom_fields\": [], \n      \"date_created\": \"1697169462\", \n      \"\
        depends\": [], \n      \"full_url\": \"https://pagure.io/protop2g-test-srce/issue/1\"\
        , \n      \"id\": 1, \n      \"last_updated\": \"1697169924\", \n      \"\
        milestone\": null, \n      \"priority\": null, \n      \"private\": false,\
        \ \n      \"related_prs\": [], \n      \"status\": \"Open\", \n      \"tags\"\
        : [\n        \"aaaa\", \n        \"bbbb\"\n      ], \n      \"title\": \"\
        This is the title of the first test issue\", \n      \"user\": {\n       \
        \ \"full_url\": \"https://pagure.io/user/t0xic0der\", \n        \"fullname\"\
        : \"Akashdeep Dhar\", \n        \"name\": \"t0xic0der\", \n        \"url_path\"\
        : \"user/t0xic0der\"\n      }\n    }\n  ], \n  \"pagination\": {\n    \"first\"\
        : \"https://pagure.io/api/0/protop2g-test-srce/issues?per_page=35&status=all&page=1\"\
        , \n    \"last\": \"https://pagure.io/api/0/protop2g-test-srce/issues?per_page=35&status=all&page=1\"\
        , \n    \"next\": null, \n    \"page\": 1, \n    \"pages\": 1, \n    \"per_page\"\
        : 35, \n    \"prev\": null\n  }, \n  \"total_issues\": 4\n}\n"
    headers:
      Connection:
      - Upgrade, Keep-Alive
      Content-Length:
      - '10774'
      Content-Security-Policy:
      - default-src 'self';script-src 'self' 'nonce-vY4o4JKkicTJQulQczIFEf2oJ'; style-src
        'self' 'nonce-vY4o4JKkicTJQulQczIFEf2oJ'; object-src 'none';base-uri 'self';img-src
        'self' https:;connect-src 'self' https://pagure.io:8088;frame-src https://docs.pagure.org;frame-ancestors
        https://pagure.io;
      Content-Type:
      - application/json
      Date:
      - Thu, 16 Jan 2025 09:48:36 GMT
      Keep-Alive:
      - timeout=5, max=100
      Referrer-Policy:
      - same-origin
      Server:
      - Apache/2.4.37 (Red Hat Enterprise Linux) OpenSSL/1.1.1k mod_wsgi/4.6.4 Python/3.6
      Set-Cookie: ''
      Strict-Transport-Security:
      - max-age=31536000; includeSubDomains; preload
      Upgrade:
      - h2,h2c
      X-Content-Type-Options:
      - nosniff
      X-Frame-Options:
      - ALLOW-FROM https://pagure.io/
      X-Xss-Protection:
      - 1; mode=block
    status:
      code: 200
      message: OK
- request:
    body: null
    headers:
      Accept:
      - '*/*'
      Accept-Encoding:
      - gzip, deflate
      Connection:
      - keep-alive
      User-Agent:
      - python-requests/2.32.3
    method: GET
    uri: https://pagure.io/api/0/protop2g-test-srce/issues?per_page=35&page=1&status=all
  response:
    body:
      string: "{\n  \"args\": {\n    \"assignee\": null, \n    \"author\": null, \n\
        \    \"milestones\": [], \n    \"no_stones\": null, \n    \"order\": null,\
        \ \n    \"priority\": null, \n    \"since\": null, \n    \"status\": \"all\"\
        , \n    \"tags\": []\n  }, \n  \"issues\": [\n    {\n      \"assignee\": null,\
        \ \n      \"blocks\": [], \n      \"close_status\": null, \n      \"closed_at\"\
        : \"1700554080\", \n      \"closed_by\": {\n        \"full_url\": \"https://pagure.io/user/t0xic0der\"\
        , \n        \"fullname\": \"Akashdeep Dhar\", \n        \"name\": \"t0xic0der\"\
        , \n        \"url_path\": \"user/t0xic0der\"\n      }, \n      \"comments\"\
        : [\n        {\n          \"comment\": \"This is the first comment under the\
        \ fourth test issue\", \n          \"date_created\": \"1700554045\", \n  \
        \        \"edited_on\": null, \n          \"editor\": null, \n          \"\
        id\": 885231, \n          \"notification\": false, \n          \"parent\"\
        : null, \n          \"reactions\": {}, \n          \"user\": {\n         \
        \   \"full_url\": \"https://pagure.io/user/t0xic0der\", \n            \"fullname\"\
        : \"Akashdeep Dhar\", \n            \"name\": \"t0xic0der\", \n          \
        \  \"url_path\": \"user/t0xic0der\"\n          }\n        }, \n        {\n\
        \          \"comment\": \"This is the second comment under the fourth test\
        \ issue\", \n          \"date_created\": \"1700554054\", \n          \"edited_on\"\
        : null, \n          \"editor\": null, \n          \"id\": 885232, \n     \
        \     \"notification\": false, \n          \"parent\": null, \n          \"\
        reactions\": {}, \n          \"user\": {\n            \"full_url\": \"https://pagure.io/user/t0xic0der\"\
        , \n            \"fullname\": \"Akashdeep Dhar\", \n            \"name\":\
        \ \"t0xic0der\", \n            \"url_path\": \"user/t0xic0der\"\n        \
        \  }\n        }, \n        {\n          \"comment\": \"**Metadata Update from\
        \ @t0xic0der**:\\n- Issue status updated to: Closed (was: Open)\", \n    \
        \      \"date_created\": \"1700554081\", \n          \"edited_on\": null,\
        \ \n          \"editor\": null, \n          \"id\": 885233, \n          \"\
        notification\": true, \n          \"parent\": null, \n          \"reactions\"\
        : {}, \n          \"user\": {\n            \"full_url\": \"https://pagure.io/user/t0xic0der\"\
        , \n            \"fullname\": \"Akashdeep Dhar\", \n            \"name\":\
        \ \"t0xic0der\", \n            \"url_path\": \"user/t0xic0der\"\n        \
        \  }\n        }\n      ], \n      \"content\": \"This is the body of the fourth\
        \ test issue\", \n      \"custom_fields\": [], \n      \"date_created\": \"\
        1700554016\", \n      \"depends\": [], \n      \"full_url\": \"https://pagure.io/protop2g-test-srce/issue/4\"\
        , \n      \"id\": 4, \n      \"last_updated\": \"1700554081\", \n      \"\
        milestone\": null, \n      \"priority\": null, \n      \"private\": true,\
        \ \n      \"related_prs\": [], \n      \"status\": \"Closed\", \n      \"\
        tags\": [\n        \"gggg\", \n        \"hhhh\"\n      ], \n      \"title\"\
        : \"This is the title of the fourth test issue\", \n      \"user\": {\n  \
        \      \"full_url\": \"https://pagure.io/user/t0xic0der\", \n        \"fullname\"\
        : \"Akashdeep Dhar\", \n        \"name\": \"t0xic0der\", \n        \"url_path\"\
        : \"user/t0xic0der\"\n      }\n    }, \n    {\n      \"assignee\": null, \n\
        \      \"blocks\": [], \n      \"close_status\": null, \n      \"closed_at\"\
        : null, \n      \"closed_by\": null, \n      \"comments\": [\n        {\n\
        \          \"comment\": \"This is the first comment under the third test issue\"\
        , \n          \"date_created\": \"1700553880\", \n          \"edited_on\"\
        : null, \n          \"editor\": null, \n          \"id\": 885229, \n     \
        \     \"notification\": false, \n          \"parent\": null, \n          \"\
        reactions\": {}, \n          \"user\": {\n            \"full_url\": \"https://pagure.io/user/t0xic0der\"\
        , \n            \"fullname\": \"Akashdeep Dhar\", \n            \"name\":\
        \ \"t0xic0der\", \n            \"url_path\": \"user/t0xic0der\"\n        \
        \  }\n        }, \n        {\n          \"comment\": \"This is the second\
        \ comment under the third test issue\", \n          \"date_created\": \"1700553892\"\
        , \n          \"edited_on\": null, \n          \"editor\": null, \n      \
        \    \"id\": 885230, \n          \"notification\": false, \n          \"parent\"\
        : null, \n          \"reactions\": {}, \n          \"user\": {\n         \
        \   \"full_url\": \"https://pagure.io/user/t0xic0der\", \n            \"fullname\"\
        : \"Akashdeep Dhar\", \n            \"name\": \"t0xic0der\", \n          \
        \  \"url_path\": \"user/t0xic0der\"\n          }\n        }\n      ], \n \
        \     \"content\": \"This is the body of the third test issue\", \n      \"\
        custom_fields\": [], \n      \"date_created\": \"1700553837\", \n      \"\
        depends\": [], \n      \"full_url\": \"https://pagure.io/protop2g-test-srce/issue/3\"\
        , \n      \"id\": 3, \n      \"last_updated\": \"1700553892\", \n      \"\
        milestone\": null, \n      \"priority\": null, \n      \"private\": true,\
        \ \n      \"related_prs\": [], \n      \"status\": \"Open\", \n      \"tags\"\
        : [\n        \"eeee\", \n        \"ffff\"\n      ], \n      \"title\": \"\
        This is the title of the third test issue\", \n      \"user\": {\n       \
        \ \"full_url\": \"https://pagure.io/user/t0xic0der\", \n        \"fullname\"\
        : \"Akashdeep Dhar\", \n        \"name\": \"t0xic0der\", \n        \"url_path\"\
        : \"user/t0xic0der\"\n      }\n    }, \n    {\n      \"assignee\": null, \n\
        \      \"blocks\": [], \n      \"close_status\": null, \n      \"closed_at\"\
        : \"1697170032\", \n      \"closed_by\": {\n        \"full_url\": \"https://pagure.io/user/t0xic0der\"\
        , \n        \"fullname\": \"Akashdeep Dhar\", \n        \"name\": \"t0xic0der\"\
        , \n        \"url_path\": \"user/t0xic0der\"\n      }, \n      \"comments\"\
        : [\n        {\n          \"comment\": \"**Metadata Update from @t0xic0der**:\\\
        n- Issue tagged with: cccc, dddd\", \n          \"date_created\": \"1697169810\"\
        , \n          \"edited_on\": null, \n          \"editor\": null, \n      \
        \    \"id\": 878472, \n          \"notification\": true, \n          \"parent\"\
        : null, \n          \"reactions\": {}, \n          \"user\": {\n         \
        \   \"full_url\": \"https://pagure.io/user/t0xic0der\", \n            \"fullname\"\
        : \"Akashdeep Dhar\", \n            \"name\": \"t0xic0der\", \n          \
        \  \"url_path\": \"user/t0xic0der\"\n          }\n        }, \n        {\n\
        \          \"comment\": \"The is the first comment under the second test issue\"\
        , \n          \"date_created\": \"1697169964\", \n          \"edited_on\"\
        : null, \n          \"editor\": null, \n          \"id\": 878475, \n     \
        \     \"notification\": false, \n          \"parent\": null, \n          \"\
        reactions\": {}, \n          \"user\": {\n            \"full_url\": \"https://pagure.io/user/t0xic0der\"\
        , \n            \"fullname\": \"Akashdeep Dhar\", \n            \"name\":\
        \ \"t0xic0der\", \n            \"url_path\": \"user/t0xic0der\"\n        \
        \  }\n        }, \n        {\n          \"comment\": \"The is the second comment\
        \ under the second test issue\", \n          \"date_created\": \"1697169976\"\
        , \n          \"edited_on\": null, \n          \"editor\": null, \n      \
        \    \"id\": 878476, \n          \"notification\": false, \n          \"parent\"\
        : null, \n          \"reactions\": {}, \n          \"user\": {\n         \
        \   \"full_url\": \"https://pagure.io/user/t0xic0der\", \n            \"fullname\"\
        : \"Akashdeep Dhar\", \n            \"name\": \"t0xic0der\", \n          \
        \  \"url_path\": \"user/t0xic0der\"\n          }\n        }, \n        {\n\
        \          \"comment\": \"**Metadata Update from @t0xic0der**:\\n- Issue status\
        \ updated to: Closed (was: Open)\", \n          \"date_created\": \"1697170032\"\
        , \n          \"edited_on\": null, \n          \"editor\": null, \n      \
        \    \"id\": 878477, \n          \"notification\": true, \n          \"parent\"\
        : null, \n          \"reactions\": {}, \n          \"user\": {\n         \
        \   \"full_url\": \"https://pagure.io/user/t0xic0der\", \n            \"fullname\"\
        : \"Akashdeep Dhar\", \n            \"name\": \"t0xic0der\", \n          \
        \  \"url_path\": \"user/t0xic0der\"\n          }\n        }\n      ], \n \
        \     \"content\": \"This is the body of the second test issue\", \n     \
        \ \"custom_fields\": [], \n      \"date_created\": \"1697169676\", \n    \
        \  \"depends\": [], \n      \"full_url\": \"https://pagure.io/protop2g-test-srce/issue/2\"\
        , \n      \"id\": 2, \n      \"last_updated\": \"1697170032\", \n      \"\
        milestone\": null, \n      \"priority\": null, \n      \"private\": false,\
        \ \n      \"related_prs\": [], \n      \"status\": \"Closed\", \n      \"\
        tags\": [\n        \"cccc\", \n        \"dddd\"\n      ], \n      \"title\"\
        : \"This is the title of the second test issue\", \n      \"user\": {\n  \
        \      \"full_url\": \"https://pagure.io/user/t0xic0der\", \n        \"fullname\"\
        : \"Akashdeep Dhar\", \n        \"name\": \"t0xic0der\", \n        \"url_path\"\
        : \"user/t0xic0der\"\n      }\n    }, \n    {\n      \"assignee\": null, \n\
        \      \"blocks\": [], \n      \"close_status\": null, \n      \"closed_at\"\
        : null, \n      \"closed_by\": null, \n      \"comments\": [\n        {\n\
        \          \"comment\": \"**Metadata Update from @t0xic0der**:\\n- Issue tagged\
        \ with: aaaa, bbbb\", \n          \"date_created\": \"1697169699\", \n   \
        \       \"edited_on\": null, \n          \"editor\": null, \n          \"\
        id\": 878471, \n          \"notification\": true, \n          \"parent\":\
        \ null, \n          \"reactions\": {}, \n          \"user\": {\n         \
        \   \"full_url\": \"https://pagure.io/user/t0xic0der\", \n            \"fullname\"\
        : \"Akashdeep Dhar\", \n            \"name\": \"t0xic0der\", \n          \
        \  \"url_path\": \"user/t0xic0der\"\n          }\n        }, \n        {\n\
        \          \"comment\": \"This is the first comment under the first test issue\"\
        , \n          \"date_created\": \"1697169880\", \n          \"edited_on\"\
        : null, \n          \"editor\": null, \n          \"id\": 878473, \n     \
        \     \"notification\": false, \n          \"parent\": null, \n          \"\
        reactions\": {}, \n          \"user\": {\n            \"full_url\": \"https://pagure.io/user/t0xic0der\"\
        , \n            \"fullname\": \"Akashdeep Dhar\", \n            \"name\":\
        \ \"t0xic0der\", \n            \"url_path\": \"user/t0xic0der\"\n        \
        \  }\n        }, \n        {\n          \"comment\": \"This is the second\
        \ comment under the first test issue\", \n          \"date_created\": \"1697169924\"\
        , \n          \"edited_on\": null, \n          \"editor\": null, \n      \
        \    \"id\": 878474, \n          \"notification\": false, \n          \"parent\"\
        : null, \n          \"reactions\": {}, \n          \"user\": {\n         \
        \   \"full_url\": \"https://pagure.io/user/t0xic0der\", \n            \"fullname\"\
        : \"Akashdeep Dhar\", \n            \"name\": \"t0xic0der\", \n          \
        \  \"url_path\": \"user/t0xic0der\"\n          }\n        }\n      ], \n \
        \     \"content\": \"This is the body of the first test issue\", \n      \"\
        custom_fields\": [], \n      \"date_created\": \"1697169462\", \n      \"\
        depends\": [], \n      \"full_url\": \"https://pagure.io/protop2g-test-srce/issue/1\"\
        , \n      \"id\": 1, \n      \"last_updated\": \"1697169924\", \n      \"\
        milestone\": null, \n      \"priority\": null, \n      \"private\": false,\
        \ \n      \"related_prs\": [], \n      \"status\": \"Open\", \n      \"tags\"\
        : [\n        \"aaaa\", \n        \"bbbb\"\n      ], \n      \"title\": \"\
        This is the title of the first test issue\", \n      \"user\": {\n       \
        \ \"full_url\": \"https://pagure.io/user/t0xic0der\", \n        \"fullname\"\
        : \"Akashdeep Dhar\", \n        \"name\": \"t0xic0der\", \n        \"url_path\"\
        : \"user/t0xic0der\"\n      }\n    }\n  ], \n  \"pagination\": {\n    \"first\"\
        : \"https://pagure.io/api/0/protop2g-test-srce/issues?per_page=35&status=all&page=1\"\
        , \n    \"last\": \"https://pagure.io/api/0/protop2g-test-srce/issues?per_page=35&status=all&page=1\"\
        , \n    \"next\": null, \n    \"page\": 1, \n    \"pages\": 1, \n    \"per_page\"\
        : 35, \n    \"prev\": null\n  }, \n  \"total_issues\": 4\n}\n"
    headers:
      Connection:
      - Upgrade, Keep-Alive
      Content-Length:
      - '10774'
      Content-Security-Policy:
      - default-src 'self';script-src 'self' 'nonce-UpqwRJmL6f9Vfmy0ScBTtWn5V'; style-src
        'self' 'nonce-UpqwRJmL6f9Vfmy0ScBTtWn5V'; object-src 'none';base-uri 'self';img-src
        'self' https:;connect-src 'self' https://pagure.io:8088;frame-src https://docs.pagure.org;frame-ancestors
        https://pagure.io;
      Content-Type:
      - application/json
      Date:
      - Thu, 16 Jan 2025 09:48:37 GMT
      Keep-Alive:
      - timeout=5, max=100
      Referrer-Policy:
      - same-origin
      Server:
      - Apache/2.4.37 (Red Hat Enterprise Linux) OpenSSL/1.1.1k mod_wsgi/4.6.4 Python/3.6
      Set-Cookie: ''
      Strict-Transport-Security:
      - max-age=31536000; includeSubDomains; preload
      Upgrade:
      - h2,h2c
      X-Content-Type-Options:
      - nosniff
      X-Frame-Options:
      - ALLOW-FROM https://pagure.io/
      X-Xss-Protection:
      - 1; mode=block
    status:
      code: 200
      message: OK
- request:
    body: '{"title": "[SN#4] This is the title of the fourth test issue", "description":
      "\nThis is the body of the fourth test issue\n\n_This issue ticket was originally
      created [here](https://pagure.io/protop2g-test-srce/issue/4) on a Pagure repository,\n[**protop2g-test-srce**](https://pagure.io/protop2g-test-srce)
      by [**Akashdeep Dhar**](https://accounts.fedoraproject.org/user/t0xic0der) on\n[**Tue
      Nov 21 08:06:56 2023** UTC](https://savvytime.com/converter/utc/nov-21-2023/08-06)._\n\n_This
      issue ticket was automatically created by the\n[**Pagure Exporter**](https://github.com/gridhead/pagure-exporter)._\n",
      "iid": 4}'
    headers:
      Accept:
      - '*/*'
      Accept-Encoding:
      - gzip, deflate
      Connection:
      - keep-alive
      Content-Length:
      - '618'
      Content-type:
      - application/json
      Cookie:
      - _cfuvid=x3oemfPAiRUdnIJCOELrOsS.0NyVcq3l3u2ib01hTok-1737020915410-0.0.1.1-604800000
      User-Agent:
      - python-gitlab/4.4.0
    method: POST
    uri: https://gitlab.com/api/v4/projects/42823949/issues
  response:
    body:
      string: '{"id":160654510,"iid":4,"project_id":42823949,"title":"[SN#4] This
        is the title of the fourth test issue","description":"\nThis is the body of
        the fourth test issue\n\n_This issue ticket was originally created [here](https://pagure.io/protop2g-test-srce/issue/4)
        on a Pagure repository,\n[**protop2g-test-srce**](https://pagure.io/protop2g-test-srce)
        by [**Akashdeep Dhar**](https://accounts.fedoraproject.org/user/t0xic0der)
        on\n[**Tue Nov 21 08:06:56 2023** UTC](https://savvytime.com/converter/utc/nov-21-2023/08-06)._\n\n_This
        issue ticket was automatically created by the\n[**Pagure Exporter**](https://github.com/gridhead/pagure-exporter)._","state":"opened","created_at":"2025-01-16T09:48:38.889Z","updated_at":"2025-01-16T09:48:38.889Z","closed_at":null,"closed_by":null,"labels":[],"milestone":null,"assignees":[],"author":{"id":10115999,"username":"gridhead","name":"Akashdeep
        Dhar","state":"active","locked":false,"avatar_url":"https://secure.gravatar.com/avatar/e412343841597e2fb1e952dd2b1077fc95537604ce04a27c5bfb94bdb0dc3da8?s=80\u0026d=identicon","web_url":"https://gitlab.com/gridhead"},"type":"ISSUE","assignee":null,"user_notes_count":0,"merge_requests_count":0,"upvotes":0,"downvotes":0,"due_date":null,"confidential":false,"discussion_locked":null,"issue_type":"issue","web_url":"https://gitlab.com/gridhead/protop2g-test/-/issues/4","time_stats":{"time_estimate":0,"total_time_spent":0,"human_time_estimate":null,"human_total_time_spent":null},"task_completion_status":{"count":0,"completed_count":0},"blocking_issues_count":0,"has_tasks":true,"task_status":"0
        of 0 checklist items completed","_links":{"self":"https://gitlab.com/api/v4/projects/42823949/issues/4","notes":"https://gitlab.com/api/v4/projects/42823949/issues/4/notes","award_emoji":"https://gitlab.com/api/v4/projects/42823949/issues/4/award_emoji","project":"https://gitlab.com/api/v4/projects/42823949","closed_as_duplicate_of":null},"references":{"short":"#4","relative":"#4","full":"gridhead/protop2g-test#4"},"severity":"UNKNOWN","subscribed":true,"moved_to_id":null,"imported":false,"imported_from":"none","service_desk_reply_to":null}'
    headers:
      CF-Cache-Status:
      - DYNAMIC
      CF-Ray:
      - 902d30e51c5df4b0-BOM
      Cache-Control:
      - max-age=0, private, must-revalidate
      Connection:
      - keep-alive
      Content-Length:
      - '2128'
      Content-Type:
      - application/json
      Date:
      - Thu, 16 Jan 2025 09:48:39 GMT
      ETag:
      - W/"bb3be9f80d87f0ff45081b8a0e854d88"
      NEL:
      - '{"success_fraction":0.01,"report_to":"cf-nel","max_age":604800}'
      Report-To:
      - '{"endpoints":[{"url":"https:\/\/a.nel.cloudflare.com\/report\/v4?s=8sWjWZvSs5pywHtcpsQ3k1Sn2ko2zDVh8wa0Oa1CAlZiOtQV%2BqyMbYiRZp6mreuGNP6udp3pOJyi97JiVxVKw2qvBL%2FTldnG%2BysjGNyJdsMJ%2FzDqC8LGK8V%2B7SQ%3D"}],"group":"cf-nel","max_age":604800}'
      Server:
      - cloudflare
      Set-Cookie: ''
      Strict-Transport-Security:
      - max-age=31536000
      Vary:
      - Origin, Accept-Encoding
      content-security-policy:
      - default-src 'none'
      gitlab-lb:
      - haproxy-main-21-lb-gprd
      gitlab-sv:
      - api-gke-us-east1-b
      referrer-policy:
      - strict-origin-when-cross-origin
      x-content-type-options:
      - nosniff
      x-frame-options:
      - SAMEORIGIN
      x-gitlab-meta:
      - '{"correlation_id":"418b78476db10a3ca95029116e7b0181","version":"1"}'
      x-request-id:
      - 418b78476db10a3ca95029116e7b0181
      x-runtime:
      - '0.398835'
    status:
      code: 201
      message: Created
- request:
    body: null
    headers:
      Accept:
      - '*/*'
      Accept-Encoding:
      - gzip, deflate
      Connection:
      - keep-alive
      Content-type:
      - application/json
      Cookie:
      - _cfuvid=x3oemfPAiRUdnIJCOELrOsS.0NyVcq3l3u2ib01hTok-1737020915410-0.0.1.1-604800000
      User-Agent:
      - python-gitlab/4.4.0
    method: GET
    uri: https://gitlab.com/api/v4/projects/42823949/issues/4
  response:
    body:
      string: '{"id":160654510,"iid":4,"project_id":42823949,"title":"[SN#4] This
        is the title of the fourth test issue","description":"\nThis is the body of
        the fourth test issue\n\n_This issue ticket was originally created [here](https://pagure.io/protop2g-test-srce/issue/4)
        on a Pagure repository,\n[**protop2g-test-srce**](https://pagure.io/protop2g-test-srce)
        by [**Akashdeep Dhar**](https://accounts.fedoraproject.org/user/t0xic0der)
        on\n[**Tue Nov 21 08:06:56 2023** UTC](https://savvytime.com/converter/utc/nov-21-2023/08-06)._\n\n_This
        issue ticket was automatically created by the\n[**Pagure Exporter**](https://github.com/gridhead/pagure-exporter)._","state":"opened","created_at":"2025-01-16T09:48:38.889Z","updated_at":"2025-01-16T09:48:38.889Z","closed_at":null,"closed_by":null,"labels":[],"milestone":null,"assignees":[],"author":{"id":10115999,"username":"gridhead","name":"Akashdeep
        Dhar","state":"active","locked":false,"avatar_url":"https://secure.gravatar.com/avatar/e412343841597e2fb1e952dd2b1077fc95537604ce04a27c5bfb94bdb0dc3da8?s=80\u0026d=identicon","web_url":"https://gitlab.com/gridhead"},"type":"ISSUE","assignee":null,"user_notes_count":0,"merge_requests_count":0,"upvotes":0,"downvotes":0,"due_date":null,"confidential":false,"discussion_locked":null,"issue_type":"issue","web_url":"https://gitlab.com/gridhead/protop2g-test/-/issues/4","time_stats":{"time_estimate":0,"total_time_spent":0,"human_time_estimate":null,"human_total_time_spent":null},"task_completion_status":{"count":0,"completed_count":0},"blocking_issues_count":0,"has_tasks":true,"task_status":"0
        of 0 checklist items completed","_links":{"self":"https://gitlab.com/api/v4/projects/42823949/issues/4","notes":"https://gitlab.com/api/v4/projects/42823949/issues/4/notes","award_emoji":"https://gitlab.com/api/v4/projects/42823949/issues/4/award_emoji","project":"https://gitlab.com/api/v4/projects/42823949","closed_as_duplicate_of":null},"references":{"short":"#4","relative":"#4","full":"gridhead/protop2g-test#4"},"severity":"UNKNOWN","subscribed":true,"moved_to_id":null,"imported":false,"imported_from":"none","service_desk_reply_to":null}'
    headers:
      CF-Cache-Status:
      - MISS
      CF-Ray:
      - 902d30e9dbac3cee-BOM
      Cache-Control:
      - max-age=0, private, must-revalidate
      Connection:
      - keep-alive
      Content-Encoding:
      - gzip
      Content-Type:
      - application/json
      Date:
      - Thu, 16 Jan 2025 09:48:40 GMT
      ETag:
      - W/"bb3be9f80d87f0ff45081b8a0e854d88"
      NEL:
      - '{"success_fraction":0.01,"report_to":"cf-nel","max_age":604800}'
      Report-To:
      - '{"endpoints":[{"url":"https:\/\/a.nel.cloudflare.com\/report\/v4?s=Um%2FHeumn3W7wORq0oe8R66ufqeI5CCHbhEWAN7EpioelSQGJEV6B%2B0QfBPQ1og9%2FszjGc8kZV2VkpRVIvYu1RIZUkoVJb7DHExG1WeTuIHCd10RHKoGLSAXe5%2Fw%3D"}],"group":"cf-nel","max_age":604800}'
      Server:
      - cloudflare
      Set-Cookie: ''
      Strict-Transport-Security:
      - max-age=31536000
      Transfer-Encoding:
      - chunked
      Vary:
      - Origin, Accept-Encoding
      content-security-policy:
      - default-src 'none'
      gitlab-lb:
      - haproxy-main-50-lb-gprd
      gitlab-sv:
      - api-gke-us-east1-d
      referrer-policy:
      - strict-origin-when-cross-origin
      x-content-type-options:
      - nosniff
      x-frame-options:
      - SAMEORIGIN
      x-gitlab-meta:
      - '{"correlation_id":"5d80af345e3c1cbd356e474aa6bfd00e","version":"1"}'
      x-request-id:
      - 5d80af345e3c1cbd356e474aa6bfd00e
      x-runtime:
      - '0.343219'
    status:
      code: 200
      message: OK
- request:
    body: '{"state_event": "close"}'
    headers:
      Accept:
      - '*/*'
      Accept-Encoding:
      - gzip, deflate
      Connection:
      - keep-alive
      Content-Length:
      - '24'
      Content-type:
      - application/json
      Cookie:
      - _cfuvid=x3oemfPAiRUdnIJCOELrOsS.0NyVcq3l3u2ib01hTok-1737020915410-0.0.1.1-604800000
      User-Agent:
      - python-gitlab/4.4.0
    method: PUT
    uri: https://gitlab.com/api/v4/projects/42823949/issues/4
  response:
    body:
      string: '{"id":160654510,"iid":4,"project_id":42823949,"title":"[SN#4] This
        is the title of the fourth test issue","description":"\nThis is the body of
        the fourth test issue\n\n_This issue ticket was originally created [here](https://pagure.io/protop2g-test-srce/issue/4)
        on a Pagure repository,\n[**protop2g-test-srce**](https://pagure.io/protop2g-test-srce)
        by [**Akashdeep Dhar**](https://accounts.fedoraproject.org/user/t0xic0der)
        on\n[**Tue Nov 21 08:06:56 2023** UTC](https://savvytime.com/converter/utc/nov-21-2023/08-06)._\n\n_This
        issue ticket was automatically created by the\n[**Pagure Exporter**](https://github.com/gridhead/pagure-exporter)._","state":"closed","created_at":"2025-01-16T09:48:38.889Z","updated_at":"2025-01-16T09:48:40.316Z","closed_at":"2025-01-16T09:48:40.306Z","closed_by":{"id":10115999,"username":"gridhead","name":"Akashdeep
        Dhar","state":"active","locked":false,"avatar_url":"https://secure.gravatar.com/avatar/e412343841597e2fb1e952dd2b1077fc95537604ce04a27c5bfb94bdb0dc3da8?s=80\u0026d=identicon","web_url":"https://gitlab.com/gridhead"},"labels":[],"milestone":null,"assignees":[],"author":{"id":10115999,"username":"gridhead","name":"Akashdeep
        Dhar","state":"active","locked":false,"avatar_url":"https://secure.gravatar.com/avatar/e412343841597e2fb1e952dd2b1077fc95537604ce04a27c5bfb94bdb0dc3da8?s=80\u0026d=identicon","web_url":"https://gitlab.com/gridhead"},"type":"ISSUE","assignee":null,"user_notes_count":0,"merge_requests_count":0,"upvotes":0,"downvotes":0,"due_date":null,"confidential":false,"discussion_locked":null,"issue_type":"issue","web_url":"https://gitlab.com/gridhead/protop2g-test/-/issues/4","time_stats":{"time_estimate":0,"total_time_spent":0,"human_time_estimate":null,"human_total_time_spent":null},"task_completion_status":{"count":0,"completed_count":0},"blocking_issues_count":0,"has_tasks":true,"task_status":"0
        of 0 checklist items completed","_links":{"self":"https://gitlab.com/api/v4/projects/42823949/issues/4","notes":"https://gitlab.com/api/v4/projects/42823949/issues/4/notes","award_emoji":"https://gitlab.com/api/v4/projects/42823949/issues/4/award_emoji","project":"https://gitlab.com/api/v4/projects/42823949","closed_as_duplicate_of":null},"references":{"short":"#4","relative":"#4","full":"gridhead/protop2g-test#4"},"severity":"UNKNOWN","subscribed":true,"moved_to_id":null,"imported":false,"imported_from":"none","service_desk_reply_to":null}'
    headers:
      CF-Cache-Status:
      - DYNAMIC
      CF-Ray:
      - 902d30ee699f321e-BOM
      Cache-Control:
      - max-age=0, private, must-revalidate
      Connection:
      - keep-alive
      Content-Encoding:
      - gzip
      Content-Type:
      - application/json
      Date:
      - Thu, 16 Jan 2025 09:48:40 GMT
      ETag:
      - W/"b661dbf4d367143f1dc40f6d223c0580"
      NEL:
      - '{"success_fraction":0.01,"report_to":"cf-nel","max_age":604800}'
      Report-To:
      - '{"endpoints":[{"url":"https:\/\/a.nel.cloudflare.com\/report\/v4?s=BGjSBhJ2KHFshE9VxzqJV9OcwsuTsmqtqsJ8a8JNoIk4ptGAd9ZZOmEtUVlVoW9V5bwT38REzJkicW7%2BSm9rTnvZPMKRuT5rDDZCHbRYa2516JdFC7V0SzVAgEg%3D"}],"group":"cf-nel","max_age":604800}'
      Server:
      - cloudflare
      Set-Cookie: ''
      Strict-Transport-Security:
      - max-age=31536000
      Transfer-Encoding:
      - chunked
      Vary:
      - Origin, Accept-Encoding
      content-security-policy:
      - default-src 'none'
      gitlab-lb:
      - haproxy-main-45-lb-gprd
      gitlab-sv:
      - api-gke-us-east1-b
      referrer-policy:
      - strict-origin-when-cross-origin
      x-content-type-options:
      - nosniff
      x-frame-options:
      - SAMEORIGIN
      x-gitlab-meta:
      - '{"correlation_id":"314a07491bcc633b248a51962ff2cb5c","version":"1"}'
      x-request-id:
      - 314a07491bcc633b248a51962ff2cb5c
      x-runtime:
      - '0.305436'
    status:
      code: 200
      message: OK
- request:
    body: '{"title": "[SN#3] This is the title of the third test issue", "description":
      "\nThis is the body of the third test issue\n\n_This issue ticket was originally
      created [here](https://pagure.io/protop2g-test-srce/issue/3) on a Pagure repository,\n[**protop2g-test-srce**](https://pagure.io/protop2g-test-srce)
      by [**Akashdeep Dhar**](https://accounts.fedoraproject.org/user/t0xic0der) on\n[**Tue
      Nov 21 08:03:57 2023** UTC](https://savvytime.com/converter/utc/nov-21-2023/08-03)._\n\n_This
      issue ticket was automatically created by the\n[**Pagure Exporter**](https://github.com/gridhead/pagure-exporter)._\n",
      "iid": 3}'
    headers:
      Accept:
      - '*/*'
      Accept-Encoding:
      - gzip, deflate
      Connection:
      - keep-alive
      Content-Length:
      - '616'
      Content-type:
      - application/json
      Cookie:
      - _cfuvid=x3oemfPAiRUdnIJCOELrOsS.0NyVcq3l3u2ib01hTok-1737020915410-0.0.1.1-604800000
      User-Agent:
      - python-gitlab/4.4.0
    method: POST
    uri: https://gitlab.com/api/v4/projects/42823949/issues
  response:
    body:
      string: '{"id":160654514,"iid":3,"project_id":42823949,"title":"[SN#3] This
        is the title of the third test issue","description":"\nThis is the body of
        the third test issue\n\n_This issue ticket was originally created [here](https://pagure.io/protop2g-test-srce/issue/3)
        on a Pagure repository,\n[**protop2g-test-srce**](https://pagure.io/protop2g-test-srce)
        by [**Akashdeep Dhar**](https://accounts.fedoraproject.org/user/t0xic0der)
        on\n[**Tue Nov 21 08:03:57 2023** UTC](https://savvytime.com/converter/utc/nov-21-2023/08-03)._\n\n_This
        issue ticket was automatically created by the\n[**Pagure Exporter**](https://github.com/gridhead/pagure-exporter)._","state":"opened","created_at":"2025-01-16T09:48:41.091Z","updated_at":"2025-01-16T09:48:41.091Z","closed_at":null,"closed_by":null,"labels":[],"milestone":null,"assignees":[],"author":{"id":10115999,"username":"gridhead","name":"Akashdeep
        Dhar","state":"active","locked":false,"avatar_url":"https://secure.gravatar.com/avatar/e412343841597e2fb1e952dd2b1077fc95537604ce04a27c5bfb94bdb0dc3da8?s=80\u0026d=identicon","web_url":"https://gitlab.com/gridhead"},"type":"ISSUE","assignee":null,"user_notes_count":0,"merge_requests_count":0,"upvotes":0,"downvotes":0,"due_date":null,"confidential":false,"discussion_locked":null,"issue_type":"issue","web_url":"https://gitlab.com/gridhead/protop2g-test/-/issues/3","time_stats":{"time_estimate":0,"total_time_spent":0,"human_time_estimate":null,"human_total_time_spent":null},"task_completion_status":{"count":0,"completed_count":0},"blocking_issues_count":0,"has_tasks":true,"task_status":"0
        of 0 checklist items completed","_links":{"self":"https://gitlab.com/api/v4/projects/42823949/issues/3","notes":"https://gitlab.com/api/v4/projects/42823949/issues/3/notes","award_emoji":"https://gitlab.com/api/v4/projects/42823949/issues/3/award_emoji","project":"https://gitlab.com/api/v4/projects/42823949","closed_as_duplicate_of":null},"references":{"short":"#3","relative":"#3","full":"gridhead/protop2g-test#3"},"severity":"UNKNOWN","subscribed":true,"moved_to_id":null,"imported":false,"imported_from":"none","service_desk_reply_to":null}'
    headers:
      CF-Cache-Status:
      - DYNAMIC
      CF-Ray:
      - 902d30f28a70418c-BOM
      Cache-Control:
      - max-age=0, private, must-revalidate
      Connection:
      - keep-alive
      Content-Length:
      - '2126'
      Content-Type:
      - application/json
      Date:
      - Thu, 16 Jan 2025 09:48:41 GMT
      ETag:
      - W/"349f6ac7086c596677acf4ece919c3ae"
      NEL:
      - '{"success_fraction":0.01,"report_to":"cf-nel","max_age":604800}'
      Report-To:
      - '{"endpoints":[{"url":"https:\/\/a.nel.cloudflare.com\/report\/v4?s=DN9DyUBIHJmXA8GdVTPYWR2zPo%2FOmhtnQCGTdiHhxzNRV7lov0gfpdCP46MwZ%2BDveM%2FAIkrcbjF9HJJi3sd5M1%2BEjZ1rG5jDW7TT3B%2FFpWRjtlbgzuW56QHBh8Q%3D"}],"group":"cf-nel","max_age":604800}'
      Server:
      - cloudflare
      Set-Cookie: ''
      Strict-Transport-Security:
      - max-age=31536000
      Vary:
      - Origin, Accept-Encoding
      content-security-policy:
      - default-src 'none'
      gitlab-lb:
      - haproxy-main-15-lb-gprd
      gitlab-sv:
      - api-gke-us-east1-b
      referrer-policy:
      - strict-origin-when-cross-origin
      x-content-type-options:
      - nosniff
      x-frame-options:
      - SAMEORIGIN
      x-gitlab-meta:
      - '{"correlation_id":"cb58bdf0d4077c8bed5e593b37e6cade","version":"1"}'
      x-request-id:
      - cb58bdf0d4077c8bed5e593b37e6cade
      x-runtime:
      - '0.439031'
    status:
      code: 201
      message: Created
- request:
    body: '{"title": "[SN#2] This is the title of the second test issue", "description":
      "\nThis is the body of the second test issue\n\n_This issue ticket was originally
      created [here](https://pagure.io/protop2g-test-srce/issue/2) on a Pagure repository,\n[**protop2g-test-srce**](https://pagure.io/protop2g-test-srce)
      by [**Akashdeep Dhar**](https://accounts.fedoraproject.org/user/t0xic0der) on\n[**Fri
      Oct 13 04:01:16 2023** UTC](https://savvytime.com/converter/utc/oct-13-2023/04-01)._\n\n_This
      issue ticket was automatically created by the\n[**Pagure Exporter**](https://github.com/gridhead/pagure-exporter)._\n",
      "iid": 2}'
    headers:
      Accept:
      - '*/*'
      Accept-Encoding:
      - gzip, deflate
      Connection:
      - keep-alive
      Content-Length:
      - '618'
      Content-type:
      - application/json
      Cookie:
      - _cfuvid=x3oemfPAiRUdnIJCOELrOsS.0NyVcq3l3u2ib01hTok-1737020915410-0.0.1.1-604800000
      User-Agent:
      - python-gitlab/4.4.0
    method: POST
    uri: https://gitlab.com/api/v4/projects/42823949/issues
  response:
    body:
      string: '{"id":160654515,"iid":2,"project_id":42823949,"title":"[SN#2] This
        is the title of the second test issue","description":"\nThis is the body of
        the second test issue\n\n_This issue ticket was originally created [here](https://pagure.io/protop2g-test-srce/issue/2)
        on a Pagure repository,\n[**protop2g-test-srce**](https://pagure.io/protop2g-test-srce)
        by [**Akashdeep Dhar**](https://accounts.fedoraproject.org/user/t0xic0der)
        on\n[**Fri Oct 13 04:01:16 2023** UTC](https://savvytime.com/converter/utc/oct-13-2023/04-01)._\n\n_This
        issue ticket was automatically created by the\n[**Pagure Exporter**](https://github.com/gridhead/pagure-exporter)._","state":"opened","created_at":"2025-01-16T09:48:42.379Z","updated_at":"2025-01-16T09:48:42.379Z","closed_at":null,"closed_by":null,"labels":[],"milestone":null,"assignees":[],"author":{"id":10115999,"username":"gridhead","name":"Akashdeep
        Dhar","state":"active","locked":false,"avatar_url":"https://secure.gravatar.com/avatar/e412343841597e2fb1e952dd2b1077fc95537604ce04a27c5bfb94bdb0dc3da8?s=80\u0026d=identicon","web_url":"https://gitlab.com/gridhead"},"type":"ISSUE","assignee":null,"user_notes_count":0,"merge_requests_count":0,"upvotes":0,"downvotes":0,"due_date":null,"confidential":false,"discussion_locked":null,"issue_type":"issue","web_url":"https://gitlab.com/gridhead/protop2g-test/-/issues/2","time_stats":{"time_estimate":0,"total_time_spent":0,"human_time_estimate":null,"human_total_time_spent":null},"task_completion_status":{"count":0,"completed_count":0},"blocking_issues_count":0,"has_tasks":true,"task_status":"0
        of 0 checklist items completed","_links":{"self":"https://gitlab.com/api/v4/projects/42823949/issues/2","notes":"https://gitlab.com/api/v4/projects/42823949/issues/2/notes","award_emoji":"https://gitlab.com/api/v4/projects/42823949/issues/2/award_emoji","project":"https://gitlab.com/api/v4/projects/42823949","closed_as_duplicate_of":null},"references":{"short":"#2","relative":"#2","full":"gridhead/protop2g-test#2"},"severity":"UNKNOWN","subscribed":true,"moved_to_id":null,"imported":false,"imported_from":"none","service_desk_reply_to":null}'
    headers:
      CF-Cache-Status:
      - DYNAMIC
      CF-Ray:
      - 902d30f79b921bdd-BOM
      Cache-Control:
      - max-age=0, private, must-revalidate
      Connection:
      - keep-alive
      Content-Length:
      - '2128'
      Content-Type:
      - application/json
      Date:
      - Thu, 16 Jan 2025 09:48:42 GMT
      ETag:
      - W/"a1268c33f04e6572d00758d5aaa45a2b"
      NEL:
      - '{"success_fraction":0.01,"report_to":"cf-nel","max_age":604800}'
      Report-To:
      - '{"endpoints":[{"url":"https:\/\/a.nel.cloudflare.com\/report\/v4?s=XqkQ2YA7Xfih42F4W1wulgASSK3xRWRyUj0ikOLPFbL0iVOL0X5h6dVnxo5FiODHoMPno7yczePsTUx61W2tFjYUsFgQ0bk0K4kK4hL9F30e2lTH89ecP76G5G4%3D"}],"group":"cf-nel","max_age":604800}'
      Server:
      - cloudflare
      Set-Cookie: ''
      Strict-Transport-Security:
      - max-age=31536000
      Vary:
      - Origin, Accept-Encoding
      content-security-policy:
      - default-src 'none'
      gitlab-lb:
      - haproxy-main-29-lb-gprd
      gitlab-sv:
      - api-gke-us-east1-d
      referrer-policy:
      - strict-origin-when-cross-origin
      x-content-type-options:
      - nosniff
      x-frame-options:
      - SAMEORIGIN
      x-gitlab-meta:
      - '{"correlation_id":"0712df55b5b0a02af59f2e70ab6f1dd4","version":"1"}'
      x-request-id:
      - 0712df55b5b0a02af59f2e70ab6f1dd4
      x-runtime:
      - '0.351787'
    status:
      code: 201
      message: Created
- request:
    body: null
    headers:
      Accept:
      - '*/*'
      Accept-Encoding:
      - gzip, deflate
      Connection:
      - keep-alive
      Content-type:
      - application/json
      Cookie:
      - _cfuvid=x3oemfPAiRUdnIJCOELrOsS.0NyVcq3l3u2ib01hTok-1737020915410-0.0.1.1-604800000
      User-Agent:
      - python-gitlab/4.4.0
    method: GET
    uri: https://gitlab.com/api/v4/projects/42823949/issues/2
  response:
    body:
      string: '{"id":160654515,"iid":2,"project_id":42823949,"title":"[SN#2] This
        is the title of the second test issue","description":"\nThis is the body of
        the second test issue\n\n_This issue ticket was originally created [here](https://pagure.io/protop2g-test-srce/issue/2)
        on a Pagure repository,\n[**protop2g-test-srce**](https://pagure.io/protop2g-test-srce)
        by [**Akashdeep Dhar**](https://accounts.fedoraproject.org/user/t0xic0der)
        on\n[**Fri Oct 13 04:01:16 2023** UTC](https://savvytime.com/converter/utc/oct-13-2023/04-01)._\n\n_This
        issue ticket was automatically created by the\n[**Pagure Exporter**](https://github.com/gridhead/pagure-exporter)._","state":"opened","created_at":"2025-01-16T09:48:42.379Z","updated_at":"2025-01-16T09:48:42.379Z","closed_at":null,"closed_by":null,"labels":[],"milestone":null,"assignees":[],"author":{"id":10115999,"username":"gridhead","name":"Akashdeep
        Dhar","state":"active","locked":false,"avatar_url":"https://secure.gravatar.com/avatar/e412343841597e2fb1e952dd2b1077fc95537604ce04a27c5bfb94bdb0dc3da8?s=80\u0026d=identicon","web_url":"https://gitlab.com/gridhead"},"type":"ISSUE","assignee":null,"user_notes_count":0,"merge_requests_count":0,"upvotes":0,"downvotes":0,"due_date":null,"confidential":false,"discussion_locked":null,"issue_type":"issue","web_url":"https://gitlab.com/gridhead/protop2g-test/-/issues/2","time_stats":{"time_estimate":0,"total_time_spent":0,"human_time_estimate":null,"human_total_time_spent":null},"task_completion_status":{"count":0,"completed_count":0},"blocking_issues_count":0,"has_tasks":true,"task_status":"0
        of 0 checklist items completed","_links":{"self":"https://gitlab.com/api/v4/projects/42823949/issues/2","notes":"https://gitlab.com/api/v4/projects/42823949/issues/2/notes","award_emoji":"https://gitlab.com/api/v4/projects/42823949/issues/2/award_emoji","project":"https://gitlab.com/api/v4/projects/42823949","closed_as_duplicate_of":null},"references":{"short":"#2","relative":"#2","full":"gridhead/protop2g-test#2"},"severity":"UNKNOWN","subscribed":true,"moved_to_id":null,"imported":false,"imported_from":"none","service_desk_reply_to":null}'
    headers:
      CF-Cache-Status:
      - MISS
      CF-Ray:
      - 902d31009d4e6ef4-BOM
      Cache-Control:
      - max-age=0, private, must-revalidate
      Connection:
      - keep-alive
      Content-Encoding:
      - gzip
      Content-Type:
      - application/json
      Date:
      - Thu, 16 Jan 2025 09:48:43 GMT
      ETag:
      - W/"a1268c33f04e6572d00758d5aaa45a2b"
      NEL:
      - '{"success_fraction":0.01,"report_to":"cf-nel","max_age":604800}'
      Report-To:
      - '{"endpoints":[{"url":"https:\/\/a.nel.cloudflare.com\/report\/v4?s=C5a6IBMmgk6wXeWZvK0%2BZemMdB4AO5dnFJWYsuqGzm5UzHz26s78a4Wo%2FP9aCudNV6frN2gkCeNljb5gWmQVqYgTEl8whkHTIao%2FUqcPcmXIwX4c3Y2HqqEfn28%3D"}],"group":"cf-nel","max_age":604800}'
      Server:
      - cloudflare
      Set-Cookie: ''
      Strict-Transport-Security:
      - max-age=31536000
      Transfer-Encoding:
      - chunked
      Vary:
      - Origin, Accept-Encoding
      content-security-policy:
      - default-src 'none'
      gitlab-lb:
      - haproxy-main-57-lb-gprd
      gitlab-sv:
      - api-gke-us-east1-b
      referrer-policy:
      - strict-origin-when-cross-origin
      x-content-type-options:
      - nosniff
      x-frame-options:
      - SAMEORIGIN
      x-gitlab-meta:
      - '{"correlation_id":"9a01a86ff272895783721f5b666caf88","version":"1"}'
      x-request-id:
      - 9a01a86ff272895783721f5b666caf88
      x-runtime:
      - '0.198326'
    status:
      code: 200
      message: OK
- request:
    body: '{"state_event": "close"}'
    headers:
      Accept:
      - '*/*'
      Accept-Encoding:
      - gzip, deflate
      Connection:
      - keep-alive
      Content-Length:
      - '24'
      Content-type:
      - application/json
      Cookie:
      - _cfuvid=x3oemfPAiRUdnIJCOELrOsS.0NyVcq3l3u2ib01hTok-1737020915410-0.0.1.1-604800000
      User-Agent:
      - python-gitlab/4.4.0
    method: PUT
    uri: https://gitlab.com/api/v4/projects/42823949/issues/2
  response:
    body:
      string: '{"id":160654515,"iid":2,"project_id":42823949,"title":"[SN#2] This
        is the title of the second test issue","description":"\nThis is the body of
        the second test issue\n\n_This issue ticket was originally created [here](https://pagure.io/protop2g-test-srce/issue/2)
        on a Pagure repository,\n[**protop2g-test-srce**](https://pagure.io/protop2g-test-srce)
        by [**Akashdeep Dhar**](https://accounts.fedoraproject.org/user/t0xic0der)
        on\n[**Fri Oct 13 04:01:16 2023** UTC](https://savvytime.com/converter/utc/oct-13-2023/04-01)._\n\n_This
        issue ticket was automatically created by the\n[**Pagure Exporter**](https://github.com/gridhead/pagure-exporter)._","state":"closed","created_at":"2025-01-16T09:48:42.379Z","updated_at":"2025-01-16T09:48:43.949Z","closed_at":"2025-01-16T09:48:43.933Z","closed_by":{"id":10115999,"username":"gridhead","name":"Akashdeep
        Dhar","state":"active","locked":false,"avatar_url":"https://secure.gravatar.com/avatar/e412343841597e2fb1e952dd2b1077fc95537604ce04a27c5bfb94bdb0dc3da8?s=80\u0026d=identicon","web_url":"https://gitlab.com/gridhead"},"labels":[],"milestone":null,"assignees":[],"author":{"id":10115999,"username":"gridhead","name":"Akashdeep
        Dhar","state":"active","locked":false,"avatar_url":"https://secure.gravatar.com/avatar/e412343841597e2fb1e952dd2b1077fc95537604ce04a27c5bfb94bdb0dc3da8?s=80\u0026d=identicon","web_url":"https://gitlab.com/gridhead"},"type":"ISSUE","assignee":null,"user_notes_count":0,"merge_requests_count":0,"upvotes":0,"downvotes":0,"due_date":null,"confidential":false,"discussion_locked":null,"issue_type":"issue","web_url":"https://gitlab.com/gridhead/protop2g-test/-/issues/2","time_stats":{"time_estimate":0,"total_time_spent":0,"human_time_estimate":null,"human_total_time_spent":null},"task_completion_status":{"count":0,"completed_count":0},"blocking_issues_count":0,"has_tasks":true,"task_status":"0
        of 0 checklist items completed","_links":{"self":"https://gitlab.com/api/v4/projects/42823949/issues/2","notes":"https://gitlab.com/api/v4/projects/42823949/issues/2/notes","award_emoji":"https://gitlab.com/api/v4/projects/42823949/issues/2/award_emoji","project":"https://gitlab.com/api/v4/projects/42823949","closed_as_duplicate_of":null},"references":{"short":"#2","relative":"#2","full":"gridhead/protop2g-test#2"},"severity":"UNKNOWN","subscribed":true,"moved_to_id":null,"imported":false,"imported_from":"none","service_desk_reply_to":null}'
    headers:
      CF-Cache-Status:
      - DYNAMIC
      CF-Ray:
      - 902d31050bd6f44a-BOM
      Cache-Control:
      - max-age=0, private, must-revalidate
      Connection:
      - keep-alive
      Content-Encoding:
      - gzip
      Content-Type:
      - application/json
      Date:
      - Thu, 16 Jan 2025 09:48:44 GMT
      ETag:
      - W/"31e690a6cdbb8a0dae788ada1c0bab61"
      NEL:
      - '{"success_fraction":0.01,"report_to":"cf-nel","max_age":604800}'
      Report-To:
      - '{"endpoints":[{"url":"https:\/\/a.nel.cloudflare.com\/report\/v4?s=Yx2F8%2FvM2GwJwFAM2v6kCAqc6uiaIqj%2BmGb1jLcNI%2BfXrrtjgIwCczJRUhig42dIKCm9l2wmykCau2lxsyNOQSyE9rOzVdB2IgSuODhdBc6%2F97bKdmnnkeWAlL0%3D"}],"group":"cf-nel","max_age":604800}'
      Server:
      - cloudflare
      Set-Cookie: ''
      Strict-Transport-Security:
      - max-age=31536000
      Transfer-Encoding:
      - chunked
      Vary:
      - Origin, Accept-Encoding
      content-security-policy:
      - default-src 'none'
      gitlab-lb:
      - haproxy-main-13-lb-gprd
      gitlab-sv:
      - gke-cny-api
      referrer-policy:
      - strict-origin-when-cross-origin
      x-content-type-options:
      - nosniff
      x-frame-options:
      - SAMEORIGIN
      x-gitlab-meta:
      - '{"correlation_id":"8ba474a8fb833e767c2c551a5a679f0f","version":"1"}'
      x-request-id:
      - 8ba474a8fb833e767c2c551a5a679f0f
      x-runtime:
      - '0.359727'
    status:
      code: 200
      message: OK
- request:
    body: '{"title": "[SN#1] This is the title of the first test issue", "description":
      "\nThis is the body of the first test issue\n\n_This issue ticket was originally
      created [here](https://pagure.io/protop2g-test-srce/issue/1) on a Pagure repository,\n[**protop2g-test-srce**](https://pagure.io/protop2g-test-srce)
      by [**Akashdeep Dhar**](https://accounts.fedoraproject.org/user/t0xic0der) on\n[**Fri
      Oct 13 03:57:42 2023** UTC](https://savvytime.com/converter/utc/oct-13-2023/03-57)._\n\n_This
      issue ticket was automatically created by the\n[**Pagure Exporter**](https://github.com/gridhead/pagure-exporter)._\n",
      "iid": 1}'
    headers:
      Accept:
      - '*/*'
      Accept-Encoding:
      - gzip, deflate
      Connection:
      - keep-alive
      Content-Length:
      - '616'
      Content-type:
      - application/json
      Cookie:
      - _cfuvid=x3oemfPAiRUdnIJCOELrOsS.0NyVcq3l3u2ib01hTok-1737020915410-0.0.1.1-604800000
      User-Agent:
      - python-gitlab/4.4.0
    method: POST
    uri: https://gitlab.com/api/v4/projects/42823949/issues
  response:
    body:
      string: '{"id":160654516,"iid":1,"project_id":42823949,"title":"[SN#1] This
        is the title of the first test issue","description":"\nThis is the body of
        the first test issue\n\n_This issue ticket was originally created [here](https://pagure.io/protop2g-test-srce/issue/1)
        on a Pagure repository,\n[**protop2g-test-srce**](https://pagure.io/protop2g-test-srce)
        by [**Akashdeep Dhar**](https://accounts.fedoraproject.org/user/t0xic0der)
        on\n[**Fri Oct 13 03:57:42 2023** UTC](https://savvytime.com/converter/utc/oct-13-2023/03-57)._\n\n_This
        issue ticket was automatically created by the\n[**Pagure Exporter**](https://github.com/gridhead/pagure-exporter)._","state":"opened","created_at":"2025-01-16T09:48:44.752Z","updated_at":"2025-01-16T09:48:44.752Z","closed_at":null,"closed_by":null,"labels":[],"milestone":null,"assignees":[],"author":{"id":10115999,"username":"gridhead","name":"Akashdeep
        Dhar","state":"active","locked":false,"avatar_url":"https://secure.gravatar.com/avatar/e412343841597e2fb1e952dd2b1077fc95537604ce04a27c5bfb94bdb0dc3da8?s=80\u0026d=identicon","web_url":"https://gitlab.com/gridhead"},"type":"ISSUE","assignee":null,"user_notes_count":0,"merge_requests_count":0,"upvotes":0,"downvotes":0,"due_date":null,"confidential":false,"discussion_locked":null,"issue_type":"issue","web_url":"https://gitlab.com/gridhead/protop2g-test/-/issues/1","time_stats":{"time_estimate":0,"total_time_spent":0,"human_time_estimate":null,"human_total_time_spent":null},"task_completion_status":{"count":0,"completed_count":0},"blocking_issues_count":0,"has_tasks":true,"task_status":"0
        of 0 checklist items completed","_links":{"self":"https://gitlab.com/api/v4/projects/42823949/issues/1","notes":"https://gitlab.com/api/v4/projects/42823949/issues/1/notes","award_emoji":"https://gitlab.com/api/v4/projects/42823949/issues/1/award_emoji","project":"https://gitlab.com/api/v4/projects/42823949","closed_as_duplicate_of":null},"references":{"short":"#1","relative":"#1","full":"gridhead/protop2g-test#1"},"severity":"UNKNOWN","subscribed":true,"moved_to_id":null,"imported":false,"imported_from":"none","service_desk_reply_to":null}'
    headers:
      CF-Cache-Status:
      - DYNAMIC
      CF-Ray:
      - 902d31098ce331e1-BOM
      Cache-Control:
      - max-age=0, private, must-revalidate
      Connection:
      - keep-alive
      Content-Length:
      - '2126'
      Content-Type:
      - application/json
      Date:
      - Thu, 16 Jan 2025 09:48:45 GMT
      ETag:
      - W/"52b0649425395a7d4063f822701dd41c"
      NEL:
      - '{"success_fraction":0.01,"report_to":"cf-nel","max_age":604800}'
      Report-To:
      - '{"endpoints":[{"url":"https:\/\/a.nel.cloudflare.com\/report\/v4?s=gYa9hdxX24yryep4rtBP0IdEz4G7vCGLdcbdNXaQYomKRDmr5mkULkg7zk9NgKxxixOV6MZFUU%2FTN5KrP2fsbtq50jAEA1bGP0oRfCkZ9Vu0WpD%2B3AEIXixbpos%3D"}],"group":"cf-nel","max_age":604800}'
      Server:
      - cloudflare
      Set-Cookie: ''
      Strict-Transport-Security:
      - max-age=31536000
      Vary:
      - Origin, Accept-Encoding
      content-security-policy:
      - default-src 'none'
      gitlab-lb:
      - haproxy-main-18-lb-gprd
      gitlab-sv:
      - api-gke-us-east1-b
      referrer-policy:
      - strict-origin-when-cross-origin
      x-content-type-options:
      - nosniff
      x-frame-options:
      - SAMEORIGIN
      x-gitlab-meta:
      - '{"correlation_id":"399038db05544f286934baffc3aaa8b6","version":"1"}'
      x-request-id:
      - 399038db05544f286934baffc3aaa8b6
      x-runtime:
      - '0.417080'
    status:
      code: 201
      message: Created
version: 1
