interactions:
- request:
    body: null
    headers:
      Accept:
      - '*/*'
      Accept-Encoding:
      - gzip, deflate
      Connection:
      - keep-alive
      Content-type:
      - application/json
      User-Agent:
      - python-gitlab/4.4.0
    method: GET
    uri: https://gitlab.com/api/v4/projects/42823949
  response:
    body:
      string: '{"id":42823949,"description":null,"name":"protop2g-test","name_with_namespace":"Akashdeep
        Dhar / protop2g-test","path":"protop2g-test","path_with_namespace":"gridhead/protop2g-test","created_at":"2023-01-23T16:18:30.217Z","default_branch":"main","tag_list":[],"topics":[],"ssh_url_to_repo":"git@gitlab.com:gridhead/protop2g-test.git","http_url_to_repo":"https://gitlab.com/gridhead/protop2g-test.git","web_url":"https://gitlab.com/gridhead/protop2g-test","readme_url":"https://gitlab.com/gridhead/protop2g-test/-/blob/main/README.md","forks_count":0,"avatar_url":null,"star_count":0,"last_activity_at":"2024-04-04T06:14:00.869Z","namespace":{"id":13984834,"name":"Akashdeep
        Dhar","path":"gridhead","kind":"user","full_path":"gridhead","parent_id":null,"avatar_url":"https://secure.gravatar.com/avatar/e412343841597e2fb1e952dd2b1077fc95537604ce04a27c5bfb94bdb0dc3da8?s=80\u0026d=identicon","web_url":"https://gitlab.com/gridhead"},"container_registry_image_prefix":"registry.gitlab.com/gridhead/protop2g-test","_links":{"self":"https://gitlab.com/api/v4/projects/42823949","issues":"https://gitlab.com/api/v4/projects/42823949/issues","merge_requests":"https://gitlab.com/api/v4/projects/42823949/merge_requests","repo_branches":"https://gitlab.com/api/v4/projects/42823949/repository/branches","labels":"https://gitlab.com/api/v4/projects/42823949/labels","events":"https://gitlab.com/api/v4/projects/42823949/events","members":"https://gitlab.com/api/v4/projects/42823949/members","cluster_agents":"https://gitlab.com/api/v4/projects/42823949/cluster_agents"},"packages_enabled":true,"empty_repo":false,"archived":false,"visibility":"public","owner":{"id":10115999,"username":"gridhead","name":"Akashdeep
        Dhar","state":"active","locked":false,"avatar_url":"https://secure.gravatar.com/avatar/e412343841597e2fb1e952dd2b1077fc95537604ce04a27c5bfb94bdb0dc3da8?s=80\u0026d=identicon","web_url":"https://gitlab.com/gridhead"},"resolve_outdated_diff_discussions":false,"container_expiration_policy":{"cadence":"1d","enabled":false,"keep_n":10,"older_than":"90d","name_regex":".*","name_regex_keep":null,"next_run_at":"2023-01-24T16:18:30.271Z"},"repository_object_format":"sha1","issues_enabled":true,"merge_requests_enabled":true,"wiki_enabled":true,"jobs_enabled":true,"snippets_enabled":true,"container_registry_enabled":true,"service_desk_enabled":true,"service_desk_address":"contact-project+gridhead-protop2g-test-42823949-issue-@incoming.gitlab.com","can_create_merge_request_in":true,"issues_access_level":"enabled","repository_access_level":"enabled","merge_requests_access_level":"enabled","forking_access_level":"enabled","wiki_access_level":"enabled","builds_access_level":"enabled","snippets_access_level":"enabled","pages_access_level":"enabled","analytics_access_level":"enabled","container_registry_access_level":"enabled","security_and_compliance_access_level":"private","releases_access_level":"private","environments_access_level":"enabled","feature_flags_access_level":"private","infrastructure_access_level":"private","monitor_access_level":"enabled","model_experiments_access_level":"enabled","model_registry_access_level":"enabled","emails_disabled":false,"emails_enabled":true,"shared_runners_enabled":true,"lfs_enabled":true,"creator_id":10115999,"import_url":null,"import_type":null,"import_status":"none","import_error":null,"open_issues_count":15,"description_html":"","updated_at":"2024-04-04T06:14:00.869Z","ci_default_git_depth":20,"ci_forward_deployment_enabled":true,"ci_forward_deployment_rollback_allowed":true,"ci_job_token_scope_enabled":false,"ci_separated_caches":true,"ci_allow_fork_pipelines_to_run_in_parent_project":true,"build_git_strategy":"fetch","keep_latest_artifact":true,"restrict_user_defined_variables":false,"runners_token":"SECURE_STANDARD_PASSWORD_HERE","runner_token_expiration_interval":null,"group_runners_enabled":true,"auto_cancel_pending_pipelines":"enabled","build_timeout":3600,"auto_devops_enabled":false,"auto_devops_deploy_strategy":"continuous","ci_config_path":"","public_jobs":true,"shared_with_groups":[],"only_allow_merge_if_pipeline_succeeds":false,"allow_merge_on_skipped_pipeline":null,"request_access_enabled":true,"only_allow_merge_if_all_discussions_are_resolved":false,"remove_source_branch_after_merge":true,"printing_merge_request_link_enabled":true,"merge_method":"merge","squash_option":"default_off","enforce_auth_checks_on_uploads":true,"suggestion_commit_message":null,"merge_commit_template":null,"squash_commit_template":null,"issue_branch_template":null,"warn_about_potentially_unwanted_characters":true,"autoclose_referenced_issues":true,"external_authorization_classification_label":"","requirements_enabled":false,"requirements_access_level":"enabled","security_and_compliance_enabled":true,"compliance_frameworks":[],"permissions":{"project_access":{"access_level":40,"notification_level":3},"group_access":null}}'
    headers:
      CF-Cache-Status:
      - MISS
      CF-RAY:
      - 86ef2dd7dd781bfc-BOM
      Connection:
      - keep-alive
      Content-Encoding:
      - gzip
      Content-Type:
      - application/json
      Date:
      - Thu, 04 Apr 2024 06:18:05 GMT
      NEL:
      - '{"success_fraction":0.01,"report_to":"cf-nel","max_age":604800}'
      Report-To:
      - '{"endpoints":[{"url":"https:\/\/a.nel.cloudflare.com\/report\/v4?s=rqNc1uyvGEYXDZHDFb88GncsWk2K6nWkSY12aDmiSPospveqOXciBqqmqgMBsXdPzxGxny1OIv%2B4kZ4DulBM2z71%2BbLaTKMGmDJB9vm%2Br4LmLyNZ3cEHy8J%2BrzI%3D"}],"group":"cf-nel","max_age":604800}'
      Server:
      - cloudflare
      Set-Cookie: ''
      Transfer-Encoding:
      - chunked
      cache-control:
      - max-age=0, private, must-revalidate
      content-security-policy:
      - default-src 'none'
      etag:
      - W/"1cb1b0ada19dd86f4f836db15e78772b"
      gitlab-lb:
      - haproxy-main-06-lb-gprd
      gitlab-sv:
      - api-gke-us-east1-b
      referrer-policy:
      - strict-origin-when-cross-origin
      strict-transport-security:
      - max-age=31536000
      vary:
      - Origin, Accept-Encoding
      x-content-type-options:
      - nosniff
      x-frame-options:
      - SAMEORIGIN
      x-gitlab-meta:
      - '{"correlation_id":"1571978e51e4dc73423fb52c55308f22","version":"1"}'
      x-request-id:
      - 1571978e51e4dc73423fb52c55308f22
      x-runtime:
      - '0.111277'
    status:
      code: 200
      message: OK
- request:
    body: null
    headers:
      Accept:
      - '*/*'
      Accept-Encoding:
      - gzip, deflate
      Connection:
      - keep-alive
      Content-Length:
      - '0'
      Content-type:
      - application/json
      Cookie:
      - _cfuvid=sMYNxeMVjr0CJLriyzUplF7tmY.ZMiHowOKLB0ze_Ts-1712211485812-0.0.1.1-604800000
      User-Agent:
      - python-gitlab/4.4.0
    method: DELETE
    uri: https://gitlab.com/api/v4/projects/42823949/issues/1
  response:
    body:
      string: '{"message":"404 Issue Not Found"}'
    headers:
      CF-Cache-Status:
      - DYNAMIC
      CF-RAY:
      - 86ef2dda9b1c8595-BOM
      Connection:
      - keep-alive
      Content-Length:
      - '33'
      Content-Type:
      - application/json
      Date:
      - Thu, 04 Apr 2024 06:18:06 GMT
      NEL:
      - '{"success_fraction":0.01,"report_to":"cf-nel","max_age":604800}'
      Report-To:
      - '{"endpoints":[{"url":"https:\/\/a.nel.cloudflare.com\/report\/v4?s=XlrovZGuvId9%2BHJWP7uqxgdFjdKRJWx0Eiz6rBWFK3BiHFf571qJ7K3CoqqAn8p2bJRn1%2FPRGRWSX2845mSAJ5EFV%2BXVMjLhRZkk%2FC%2FnRUjBkYTcZKx20afwEok%3D"}],"group":"cf-nel","max_age":604800}'
      Server:
      - cloudflare
      Set-Cookie: ''
      cache-control:
      - no-cache
      content-security-policy:
      - default-src 'none'
      gitlab-lb:
      - haproxy-main-50-lb-gprd
      gitlab-sv:
      - api-gke-us-east1-d
      referrer-policy:
      - strict-origin-when-cross-origin
      strict-transport-security:
      - max-age=31536000
      vary:
      - Origin
      x-content-type-options:
      - nosniff
      x-frame-options:
      - SAMEORIGIN
      x-gitlab-meta:
      - '{"correlation_id":"55415a490643d7527e5424292f82915b","version":"1"}'
      x-request-id:
      - 55415a490643d7527e5424292f82915b
      x-runtime:
      - '0.043660'
    status:
      code: 404
      message: Not Found
- request:
    body: null
    headers:
      Accept:
      - '*/*'
      Accept-Encoding:
      - gzip, deflate
      Connection:
      - keep-alive
      Content-Length:
      - '0'
      Content-type:
      - application/json
      Cookie:
      - _cfuvid=sMYNxeMVjr0CJLriyzUplF7tmY.ZMiHowOKLB0ze_Ts-1712211485812-0.0.1.1-604800000
      User-Agent:
      - python-gitlab/4.4.0
    method: DELETE
    uri: https://gitlab.com/api/v4/projects/42823949/issues/2
  response:
    body:
      string: '{"message":"404 Issue Not Found"}'
    headers:
      CF-Cache-Status:
      - DYNAMIC
      CF-RAY:
      - 86ef2ddc8db0f28e-BOM
      Connection:
      - keep-alive
      Content-Length:
      - '33'
      Content-Type:
      - application/json
      Date:
      - Thu, 04 Apr 2024 06:18:06 GMT
      NEL:
      - '{"success_fraction":0.01,"report_to":"cf-nel","max_age":604800}'
      Report-To:
      - '{"endpoints":[{"url":"https:\/\/a.nel.cloudflare.com\/report\/v4?s=N7sAze7NWdYCF8RjaHeH3KAd5PpZ%2Feh0W%2BLko%2Bjw4yvErfNDiwvTXGqGOuvLM4gylokwbfjHhv4joBnTf1aKaO8GGaie66bQ3xNReESdyepWqQ202c2NaQT0E9I%3D"}],"group":"cf-nel","max_age":604800}'
      Server:
      - cloudflare
      Set-Cookie: ''
      cache-control:
      - no-cache
      content-security-policy:
      - default-src 'none'
      gitlab-lb:
      - haproxy-main-03-lb-gprd
      gitlab-sv:
      - api-gke-us-east1-b
      referrer-policy:
      - strict-origin-when-cross-origin
      strict-transport-security:
      - max-age=31536000
      vary:
      - Origin
      x-content-type-options:
      - nosniff
      x-frame-options:
      - SAMEORIGIN
      x-gitlab-meta:
      - '{"correlation_id":"2402e5f6879a3431448b7b99580a4190","version":"1"}'
      x-request-id:
      - 2402e5f6879a3431448b7b99580a4190
      x-runtime:
      - '0.060815'
    status:
      code: 404
      message: Not Found
- request:
    body: null
    headers:
      Accept:
      - '*/*'
      Accept-Encoding:
      - gzip, deflate
      Connection:
      - keep-alive
      Content-Length:
      - '0'
      Content-type:
      - application/json
      Cookie:
      - _cfuvid=sMYNxeMVjr0CJLriyzUplF7tmY.ZMiHowOKLB0ze_Ts-1712211485812-0.0.1.1-604800000
      User-Agent:
      - python-gitlab/4.4.0
    method: DELETE
    uri: https://gitlab.com/api/v4/projects/42823949/issues/3
  response:
    body:
      string: '{"message":"404 Issue Not Found"}'
    headers:
      CF-Cache-Status:
      - DYNAMIC
      CF-RAY:
      - 86ef2ddebdf585cc-BOM
      Connection:
      - keep-alive
      Content-Length:
      - '33'
      Content-Type:
      - application/json
      Date:
      - Thu, 04 Apr 2024 06:18:07 GMT
      NEL:
      - '{"success_fraction":0.01,"report_to":"cf-nel","max_age":604800}'
      Report-To:
      - '{"endpoints":[{"url":"https:\/\/a.nel.cloudflare.com\/report\/v4?s=OEVcnwRte8V5bZUcHB7xJ6Pg3XmZ%2BjpeONxHYUUIjpd4lSMy4klgJPipVHzsMmmFf6fZ%2Bi8b5RLlwj%2Bs1G0sifIGjgbm6YtdYo1hIm%2F0LUyM7JLgqPq6%2BYC7ZzU%3D"}],"group":"cf-nel","max_age":604800}'
      Server:
      - cloudflare
      Set-Cookie: ''
      cache-control:
      - no-cache
      content-security-policy:
      - default-src 'none'
      gitlab-lb:
      - haproxy-main-31-lb-gprd
      gitlab-sv:
      - gke-cny-api
      referrer-policy:
      - strict-origin-when-cross-origin
      strict-transport-security:
      - max-age=31536000
      vary:
      - Origin
      x-content-type-options:
      - nosniff
      x-frame-options:
      - SAMEORIGIN
      x-gitlab-meta:
      - '{"correlation_id":"98e9d26ff34cc7018cfca6007df93a63","version":"1"}'
      x-request-id:
      - 98e9d26ff34cc7018cfca6007df93a63
      x-runtime:
      - '0.203913'
    status:
      code: 404
      message: Not Found
- request:
    body: null
    headers:
      Accept:
      - '*/*'
      Accept-Encoding:
      - gzip, deflate
      Connection:
      - keep-alive
      Content-Length:
      - '0'
      Content-type:
      - application/json
      Cookie:
      - _cfuvid=sMYNxeMVjr0CJLriyzUplF7tmY.ZMiHowOKLB0ze_Ts-1712211485812-0.0.1.1-604800000
      User-Agent:
      - python-gitlab/4.4.0
    method: DELETE
    uri: https://gitlab.com/api/v4/projects/42823949/issues/4
  response:
    body:
      string: '{"message":"404 Issue Not Found"}'
    headers:
      CF-Cache-Status:
      - DYNAMIC
      CF-RAY:
      - 86ef2de2185585d1-BOM
      Connection:
      - keep-alive
      Content-Length:
      - '33'
      Content-Type:
      - application/json
      Date:
      - Thu, 04 Apr 2024 06:18:07 GMT
      NEL:
      - '{"success_fraction":0.01,"report_to":"cf-nel","max_age":604800}'
      Report-To:
      - '{"endpoints":[{"url":"https:\/\/a.nel.cloudflare.com\/report\/v4?s=cvQjZhqyUsOy7fnbfJalasKEFaLzPw5rDbLye2HtKjN24AE%2FWeqbMWTd1o5OwL%2FVJzKwCGIwF7dnr0Se%2BKZ8%2BSbjjQVtHOTMIlX%2F5btEMvslUBGpqbjVynZ8sGo%3D"}],"group":"cf-nel","max_age":604800}'
      Server:
      - cloudflare
      Set-Cookie: ''
      cache-control:
      - no-cache
      content-security-policy:
      - default-src 'none'
      gitlab-lb:
      - haproxy-main-50-lb-gprd
      gitlab-sv:
      - api-gke-us-east1-d
      referrer-policy:
      - strict-origin-when-cross-origin
      strict-transport-security:
      - max-age=31536000
      vary:
      - Origin
      x-content-type-options:
      - nosniff
      x-frame-options:
      - SAMEORIGIN
      x-gitlab-meta:
      - '{"correlation_id":"ac64633c74c418f4ec38f19fbeee46af","version":"1"}'
      x-request-id:
      - ac64633c74c418f4ec38f19fbeee46af
      x-runtime:
      - '0.049781'
    status:
      code: 404
      message: Not Found
- request:
    body: null
    headers:
      Accept:
      - '*/*'
      Accept-Encoding:
      - gzip, deflate
      Connection:
      - keep-alive
      User-Agent:
      - python-requests/2.31.0
    method: GET
    uri: https://pagure.io/api/0/protop2g-test-srce
  response:
    body:
      string: "{\n  \"access_groups\": {\n    \"admin\": [], \n    \"collaborator\":
        [], \n    \"commit\": [], \n    \"ticket\": []\n  }, \n  \"access_users\":
        {\n    \"admin\": [], \n    \"collaborator\": [], \n    \"commit\": [], \n
        \   \"owner\": [\n      \"t0xic0der\"\n    ], \n    \"ticket\": []\n  }, \n
        \ \"close_status\": [], \n  \"custom_keys\": [], \n  \"date_created\": \"1697168063\",
        \n  \"date_modified\": \"1697168063\", \n  \"description\": \"The source namespace
        for the Pagure Exporter project to run tests against\", \n  \"full_url\":
        \"https://pagure.io/protop2g-test-srce\", \n  \"fullname\": \"protop2g-test-srce\",
        \n  \"id\": 17042, \n  \"milestones\": {}, \n  \"name\": \"protop2g-test-srce\",
        \n  \"namespace\": null, \n  \"parent\": null, \n  \"priorities\": {}, \n
        \ \"tags\": [], \n  \"url_path\": \"protop2g-test-srce\", \n  \"user\": {\n
        \   \"full_url\": \"https://pagure.io/user/t0xic0der\", \n    \"fullname\":
        \"Akashdeep Dhar\", \n    \"name\": \"t0xic0der\", \n    \"url_path\": \"user/t0xic0der\"\n
        \ }\n}\n"
    headers:
      Connection:
      - Upgrade, Keep-Alive
      Content-Length:
      - '902'
      Content-Security-Policy:
      - default-src 'self';script-src 'self' 'nonce-e05uhdpcAlDsSnQSHq55YdrgW'; style-src
        'self' 'nonce-e05uhdpcAlDsSnQSHq55YdrgW'; object-src 'none';base-uri 'self';img-src
        'self' https:;connect-src 'self' https://pagure.io:8088;frame-src https://docs.pagure.org;frame-ancestors
        https://pagure.io;
      Content-Type:
      - application/json
      Date:
      - Thu, 04 Apr 2024 06:18:07 GMT
      Keep-Alive:
      - timeout=5, max=100
      Referrer-Policy:
      - same-origin
      Server:
      - Apache/2.4.37 (Red Hat Enterprise Linux) OpenSSL/1.1.1k mod_wsgi/4.6.4 Python/3.6
      Set-Cookie: ''
      Strict-Transport-Security:
      - max-age=31536000; includeSubDomains; preload
      Upgrade:
      - h2,h2c
      X-Content-Type-Options:
      - nosniff
      X-Frame-Options:
      - ALLOW-FROM https://pagure.io/
      X-Xss-Protection:
      - 1; mode=block
    status:
      code: 200
      message: OK
- request:
    body: null
    headers:
      Accept:
      - '*/*'
      Accept-Encoding:
      - gzip, deflate
      Connection:
      - keep-alive
      Content-type:
      - application/json
      User-Agent:
      - python-gitlab/4.4.0
    method: GET
    uri: https://gitlab.com/api/v4/projects/42823949
  response:
    body:
      string: '{"id":42823949,"description":null,"name":"protop2g-test","name_with_namespace":"Akashdeep
        Dhar / protop2g-test","path":"protop2g-test","path_with_namespace":"gridhead/protop2g-test","created_at":"2023-01-23T16:18:30.217Z","default_branch":"main","tag_list":[],"topics":[],"ssh_url_to_repo":"git@gitlab.com:gridhead/protop2g-test.git","http_url_to_repo":"https://gitlab.com/gridhead/protop2g-test.git","web_url":"https://gitlab.com/gridhead/protop2g-test","readme_url":"https://gitlab.com/gridhead/protop2g-test/-/blob/main/README.md","forks_count":0,"avatar_url":null,"star_count":0,"last_activity_at":"2024-04-04T06:14:00.869Z","namespace":{"id":13984834,"name":"Akashdeep
        Dhar","path":"gridhead","kind":"user","full_path":"gridhead","parent_id":null,"avatar_url":"https://secure.gravatar.com/avatar/e412343841597e2fb1e952dd2b1077fc95537604ce04a27c5bfb94bdb0dc3da8?s=80\u0026d=identicon","web_url":"https://gitlab.com/gridhead"},"container_registry_image_prefix":"registry.gitlab.com/gridhead/protop2g-test","_links":{"self":"https://gitlab.com/api/v4/projects/42823949","issues":"https://gitlab.com/api/v4/projects/42823949/issues","merge_requests":"https://gitlab.com/api/v4/projects/42823949/merge_requests","repo_branches":"https://gitlab.com/api/v4/projects/42823949/repository/branches","labels":"https://gitlab.com/api/v4/projects/42823949/labels","events":"https://gitlab.com/api/v4/projects/42823949/events","members":"https://gitlab.com/api/v4/projects/42823949/members","cluster_agents":"https://gitlab.com/api/v4/projects/42823949/cluster_agents"},"packages_enabled":true,"empty_repo":false,"archived":false,"visibility":"public","owner":{"id":10115999,"username":"gridhead","name":"Akashdeep
        Dhar","state":"active","locked":false,"avatar_url":"https://secure.gravatar.com/avatar/e412343841597e2fb1e952dd2b1077fc95537604ce04a27c5bfb94bdb0dc3da8?s=80\u0026d=identicon","web_url":"https://gitlab.com/gridhead"},"resolve_outdated_diff_discussions":false,"container_expiration_policy":{"cadence":"1d","enabled":false,"keep_n":10,"older_than":"90d","name_regex":".*","name_regex_keep":null,"next_run_at":"2023-01-24T16:18:30.271Z"},"repository_object_format":"sha1","issues_enabled":true,"merge_requests_enabled":true,"wiki_enabled":true,"jobs_enabled":true,"snippets_enabled":true,"container_registry_enabled":true,"service_desk_enabled":true,"service_desk_address":"contact-project+gridhead-protop2g-test-42823949-issue-@incoming.gitlab.com","can_create_merge_request_in":true,"issues_access_level":"enabled","repository_access_level":"enabled","merge_requests_access_level":"enabled","forking_access_level":"enabled","wiki_access_level":"enabled","builds_access_level":"enabled","snippets_access_level":"enabled","pages_access_level":"enabled","analytics_access_level":"enabled","container_registry_access_level":"enabled","security_and_compliance_access_level":"private","releases_access_level":"private","environments_access_level":"enabled","feature_flags_access_level":"private","infrastructure_access_level":"private","monitor_access_level":"enabled","model_experiments_access_level":"enabled","model_registry_access_level":"enabled","emails_disabled":false,"emails_enabled":true,"shared_runners_enabled":true,"lfs_enabled":true,"creator_id":10115999,"import_url":null,"import_type":null,"import_status":"none","import_error":null,"open_issues_count":15,"description_html":"","updated_at":"2024-04-04T06:14:00.869Z","ci_default_git_depth":20,"ci_forward_deployment_enabled":true,"ci_forward_deployment_rollback_allowed":true,"ci_job_token_scope_enabled":false,"ci_separated_caches":true,"ci_allow_fork_pipelines_to_run_in_parent_project":true,"build_git_strategy":"fetch","keep_latest_artifact":true,"restrict_user_defined_variables":false,"runners_token":"SECURE_STANDARD_PASSWORD_HERE","runner_token_expiration_interval":null,"group_runners_enabled":true,"auto_cancel_pending_pipelines":"enabled","build_timeout":3600,"auto_devops_enabled":false,"auto_devops_deploy_strategy":"continuous","ci_config_path":"","public_jobs":true,"shared_with_groups":[],"only_allow_merge_if_pipeline_succeeds":false,"allow_merge_on_skipped_pipeline":null,"request_access_enabled":true,"only_allow_merge_if_all_discussions_are_resolved":false,"remove_source_branch_after_merge":true,"printing_merge_request_link_enabled":true,"merge_method":"merge","squash_option":"default_off","enforce_auth_checks_on_uploads":true,"suggestion_commit_message":null,"merge_commit_template":null,"squash_commit_template":null,"issue_branch_template":null,"warn_about_potentially_unwanted_characters":true,"autoclose_referenced_issues":true,"external_authorization_classification_label":"","requirements_enabled":false,"requirements_access_level":"enabled","security_and_compliance_enabled":true,"compliance_frameworks":[],"permissions":{"project_access":{"access_level":40,"notification_level":3},"group_access":null}}'
    headers:
      CF-Cache-Status:
      - MISS
      CF-RAY:
      - 86ef2de96d85f2a6-BOM
      Connection:
      - keep-alive
      Content-Encoding:
      - gzip
      Content-Type:
      - application/json
      Date:
      - Thu, 04 Apr 2024 06:18:08 GMT
      NEL:
      - '{"success_fraction":0.01,"report_to":"cf-nel","max_age":604800}'
      Report-To:
      - '{"endpoints":[{"url":"https:\/\/a.nel.cloudflare.com\/report\/v4?s=fVJELdaS5ksUzJq2FfeC4cKRu9pOWU8wqy84V%2BF2mVv0zME%2FPVVIPZZByaNbdVmycXC9VSzP52uloJp7bf5ajIsIegTFo4kX4SzHI7sqlrVxHNL49lBLJVDJPRc%3D"}],"group":"cf-nel","max_age":604800}'
      Server:
      - cloudflare
      Set-Cookie: ''
      Transfer-Encoding:
      - chunked
      cache-control:
      - max-age=0, private, must-revalidate
      content-security-policy:
      - default-src 'none'
      etag:
      - W/"1cb1b0ada19dd86f4f836db15e78772b"
      gitlab-lb:
      - haproxy-main-55-lb-gprd
      gitlab-sv:
      - api-gke-us-east1-c
      referrer-policy:
      - strict-origin-when-cross-origin
      strict-transport-security:
      - max-age=31536000
      vary:
      - Origin, Accept-Encoding
      x-content-type-options:
      - nosniff
      x-frame-options:
      - SAMEORIGIN
      x-gitlab-meta:
      - '{"correlation_id":"0fd0e64c2c0a072a0786adbfcce9d1a1","version":"1"}'
      x-request-id:
      - 0fd0e64c2c0a072a0786adbfcce9d1a1
      x-runtime:
      - '0.116680'
    status:
      code: 200
      message: OK
- request:
    body: null
    headers:
      Accept:
      - '*/*'
      Accept-Encoding:
      - gzip, deflate
      Connection:
      - keep-alive
      User-Agent:
      - python-requests/2.31.0
    method: GET
    uri: https://pagure.io/api/0/protop2g-test-srce/issues?per_page=35&page=1&status=all
  response:
    body:
      string: "{\n  \"args\": {\n    \"assignee\": null, \n    \"author\": null, \n
        \   \"milestones\": [], \n    \"no_stones\": null, \n    \"order\": null,
        \n    \"priority\": null, \n    \"since\": null, \n    \"status\": \"all\",
        \n    \"tags\": []\n  }, \n  \"issues\": [\n    {\n      \"assignee\": null,
        \n      \"blocks\": [], \n      \"close_status\": null, \n      \"closed_at\":
        \"1700554080\", \n      \"closed_by\": {\n        \"full_url\": \"https://pagure.io/user/t0xic0der\",
        \n        \"fullname\": \"Akashdeep Dhar\", \n        \"name\": \"t0xic0der\",
        \n        \"url_path\": \"user/t0xic0der\"\n      }, \n      \"comments\":
        [\n        {\n          \"comment\": \"This is the first comment under the
        fourth test issue\", \n          \"date_created\": \"1700554045\", \n          \"edited_on\":
        null, \n          \"editor\": null, \n          \"id\": 885231, \n          \"notification\":
        false, \n          \"parent\": null, \n          \"reactions\": {}, \n          \"user\":
        {\n            \"full_url\": \"https://pagure.io/user/t0xic0der\", \n            \"fullname\":
        \"Akashdeep Dhar\", \n            \"name\": \"t0xic0der\", \n            \"url_path\":
        \"user/t0xic0der\"\n          }\n        }, \n        {\n          \"comment\":
        \"This is the second comment under the fourth test issue\", \n          \"date_created\":
        \"1700554054\", \n          \"edited_on\": null, \n          \"editor\": null,
        \n          \"id\": 885232, \n          \"notification\": false, \n          \"parent\":
        null, \n          \"reactions\": {}, \n          \"user\": {\n            \"full_url\":
        \"https://pagure.io/user/t0xic0der\", \n            \"fullname\": \"Akashdeep
        Dhar\", \n            \"name\": \"t0xic0der\", \n            \"url_path\":
        \"user/t0xic0der\"\n          }\n        }, \n        {\n          \"comment\":
        \"**Metadata Update from @t0xic0der**:\\n- Issue status updated to: Closed
        (was: Open)\", \n          \"date_created\": \"1700554081\", \n          \"edited_on\":
        null, \n          \"editor\": null, \n          \"id\": 885233, \n          \"notification\":
        true, \n          \"parent\": null, \n          \"reactions\": {}, \n          \"user\":
        {\n            \"full_url\": \"https://pagure.io/user/t0xic0der\", \n            \"fullname\":
        \"Akashdeep Dhar\", \n            \"name\": \"t0xic0der\", \n            \"url_path\":
        \"user/t0xic0der\"\n          }\n        }\n      ], \n      \"content\":
        \"This is the body of the fourth test issue\", \n      \"custom_fields\":
        [], \n      \"date_created\": \"1700554016\", \n      \"depends\": [], \n
        \     \"full_url\": \"https://pagure.io/protop2g-test-srce/issue/4\", \n      \"id\":
        4, \n      \"last_updated\": \"1700554081\", \n      \"milestone\": null,
        \n      \"priority\": null, \n      \"private\": true, \n      \"related_prs\":
        [], \n      \"status\": \"Closed\", \n      \"tags\": [\n        \"gggg\",
        \n        \"hhhh\"\n      ], \n      \"title\": \"This is the title of the
        fourth test issue\", \n      \"user\": {\n        \"full_url\": \"https://pagure.io/user/t0xic0der\",
        \n        \"fullname\": \"Akashdeep Dhar\", \n        \"name\": \"t0xic0der\",
        \n        \"url_path\": \"user/t0xic0der\"\n      }\n    }, \n    {\n      \"assignee\":
        null, \n      \"blocks\": [], \n      \"close_status\": null, \n      \"closed_at\":
        null, \n      \"closed_by\": null, \n      \"comments\": [\n        {\n          \"comment\":
        \"This is the first comment under the third test issue\", \n          \"date_created\":
        \"1700553880\", \n          \"edited_on\": null, \n          \"editor\": null,
        \n          \"id\": 885229, \n          \"notification\": false, \n          \"parent\":
        null, \n          \"reactions\": {}, \n          \"user\": {\n            \"full_url\":
        \"https://pagure.io/user/t0xic0der\", \n            \"fullname\": \"Akashdeep
        Dhar\", \n            \"name\": \"t0xic0der\", \n            \"url_path\":
        \"user/t0xic0der\"\n          }\n        }, \n        {\n          \"comment\":
        \"This is the second comment under the third test issue\", \n          \"date_created\":
        \"1700553892\", \n          \"edited_on\": null, \n          \"editor\": null,
        \n          \"id\": 885230, \n          \"notification\": false, \n          \"parent\":
        null, \n          \"reactions\": {}, \n          \"user\": {\n            \"full_url\":
        \"https://pagure.io/user/t0xic0der\", \n            \"fullname\": \"Akashdeep
        Dhar\", \n            \"name\": \"t0xic0der\", \n            \"url_path\":
        \"user/t0xic0der\"\n          }\n        }\n      ], \n      \"content\":
        \"This is the body of the third test issue\", \n      \"custom_fields\": [],
        \n      \"date_created\": \"1700553837\", \n      \"depends\": [], \n      \"full_url\":
        \"https://pagure.io/protop2g-test-srce/issue/3\", \n      \"id\": 3, \n      \"last_updated\":
        \"1700553892\", \n      \"milestone\": null, \n      \"priority\": null, \n
        \     \"private\": true, \n      \"related_prs\": [], \n      \"status\":
        \"Open\", \n      \"tags\": [\n        \"eeee\", \n        \"ffff\"\n      ],
        \n      \"title\": \"This is the title of the third test issue\", \n      \"user\":
        {\n        \"full_url\": \"https://pagure.io/user/t0xic0der\", \n        \"fullname\":
        \"Akashdeep Dhar\", \n        \"name\": \"t0xic0der\", \n        \"url_path\":
        \"user/t0xic0der\"\n      }\n    }, \n    {\n      \"assignee\": null, \n
        \     \"blocks\": [], \n      \"close_status\": null, \n      \"closed_at\":
        \"1697170032\", \n      \"closed_by\": {\n        \"full_url\": \"https://pagure.io/user/t0xic0der\",
        \n        \"fullname\": \"Akashdeep Dhar\", \n        \"name\": \"t0xic0der\",
        \n        \"url_path\": \"user/t0xic0der\"\n      }, \n      \"comments\":
        [\n        {\n          \"comment\": \"**Metadata Update from @t0xic0der**:\\n-
        Issue tagged with: cccc, dddd\", \n          \"date_created\": \"1697169810\",
        \n          \"edited_on\": null, \n          \"editor\": null, \n          \"id\":
        878472, \n          \"notification\": true, \n          \"parent\": null,
        \n          \"reactions\": {}, \n          \"user\": {\n            \"full_url\":
        \"https://pagure.io/user/t0xic0der\", \n            \"fullname\": \"Akashdeep
        Dhar\", \n            \"name\": \"t0xic0der\", \n            \"url_path\":
        \"user/t0xic0der\"\n          }\n        }, \n        {\n          \"comment\":
        \"The is the first comment under the second test issue\", \n          \"date_created\":
        \"1697169964\", \n          \"edited_on\": null, \n          \"editor\": null,
        \n          \"id\": 878475, \n          \"notification\": false, \n          \"parent\":
        null, \n          \"reactions\": {}, \n          \"user\": {\n            \"full_url\":
        \"https://pagure.io/user/t0xic0der\", \n            \"fullname\": \"Akashdeep
        Dhar\", \n            \"name\": \"t0xic0der\", \n            \"url_path\":
        \"user/t0xic0der\"\n          }\n        }, \n        {\n          \"comment\":
        \"The is the second comment under the second test issue\", \n          \"date_created\":
        \"1697169976\", \n          \"edited_on\": null, \n          \"editor\": null,
        \n          \"id\": 878476, \n          \"notification\": false, \n          \"parent\":
        null, \n          \"reactions\": {}, \n          \"user\": {\n            \"full_url\":
        \"https://pagure.io/user/t0xic0der\", \n            \"fullname\": \"Akashdeep
        Dhar\", \n            \"name\": \"t0xic0der\", \n            \"url_path\":
        \"user/t0xic0der\"\n          }\n        }, \n        {\n          \"comment\":
        \"**Metadata Update from @t0xic0der**:\\n- Issue status updated to: Closed
        (was: Open)\", \n          \"date_created\": \"1697170032\", \n          \"edited_on\":
        null, \n          \"editor\": null, \n          \"id\": 878477, \n          \"notification\":
        true, \n          \"parent\": null, \n          \"reactions\": {}, \n          \"user\":
        {\n            \"full_url\": \"https://pagure.io/user/t0xic0der\", \n            \"fullname\":
        \"Akashdeep Dhar\", \n            \"name\": \"t0xic0der\", \n            \"url_path\":
        \"user/t0xic0der\"\n          }\n        }\n      ], \n      \"content\":
        \"This is the body of the second test issue\", \n      \"custom_fields\":
        [], \n      \"date_created\": \"1697169676\", \n      \"depends\": [], \n
        \     \"full_url\": \"https://pagure.io/protop2g-test-srce/issue/2\", \n      \"id\":
        2, \n      \"last_updated\": \"1697170032\", \n      \"milestone\": null,
        \n      \"priority\": null, \n      \"private\": false, \n      \"related_prs\":
        [], \n      \"status\": \"Closed\", \n      \"tags\": [\n        \"cccc\",
        \n        \"dddd\"\n      ], \n      \"title\": \"This is the title of the
        second test issue\", \n      \"user\": {\n        \"full_url\": \"https://pagure.io/user/t0xic0der\",
        \n        \"fullname\": \"Akashdeep Dhar\", \n        \"name\": \"t0xic0der\",
        \n        \"url_path\": \"user/t0xic0der\"\n      }\n    }, \n    {\n      \"assignee\":
        null, \n      \"blocks\": [], \n      \"close_status\": null, \n      \"closed_at\":
        null, \n      \"closed_by\": null, \n      \"comments\": [\n        {\n          \"comment\":
        \"**Metadata Update from @t0xic0der**:\\n- Issue tagged with: aaaa, bbbb\",
        \n          \"date_created\": \"1697169699\", \n          \"edited_on\": null,
        \n          \"editor\": null, \n          \"id\": 878471, \n          \"notification\":
        true, \n          \"parent\": null, \n          \"reactions\": {}, \n          \"user\":
        {\n            \"full_url\": \"https://pagure.io/user/t0xic0der\", \n            \"fullname\":
        \"Akashdeep Dhar\", \n            \"name\": \"t0xic0der\", \n            \"url_path\":
        \"user/t0xic0der\"\n          }\n        }, \n        {\n          \"comment\":
        \"This is the first comment under the first test issue\", \n          \"date_created\":
        \"1697169880\", \n          \"edited_on\": null, \n          \"editor\": null,
        \n          \"id\": 878473, \n          \"notification\": false, \n          \"parent\":
        null, \n          \"reactions\": {}, \n          \"user\": {\n            \"full_url\":
        \"https://pagure.io/user/t0xic0der\", \n            \"fullname\": \"Akashdeep
        Dhar\", \n            \"name\": \"t0xic0der\", \n            \"url_path\":
        \"user/t0xic0der\"\n          }\n        }, \n        {\n          \"comment\":
        \"This is the second comment under the first test issue\", \n          \"date_created\":
        \"1697169924\", \n          \"edited_on\": null, \n          \"editor\": null,
        \n          \"id\": 878474, \n          \"notification\": false, \n          \"parent\":
        null, \n          \"reactions\": {}, \n          \"user\": {\n            \"full_url\":
        \"https://pagure.io/user/t0xic0der\", \n            \"fullname\": \"Akashdeep
        Dhar\", \n            \"name\": \"t0xic0der\", \n            \"url_path\":
        \"user/t0xic0der\"\n          }\n        }\n      ], \n      \"content\":
        \"This is the body of the first test issue\", \n      \"custom_fields\": [],
        \n      \"date_created\": \"1697169462\", \n      \"depends\": [], \n      \"full_url\":
        \"https://pagure.io/protop2g-test-srce/issue/1\", \n      \"id\": 1, \n      \"last_updated\":
        \"1697169924\", \n      \"milestone\": null, \n      \"priority\": null, \n
        \     \"private\": false, \n      \"related_prs\": [], \n      \"status\":
        \"Open\", \n      \"tags\": [\n        \"aaaa\", \n        \"bbbb\"\n      ],
        \n      \"title\": \"This is the title of the first test issue\", \n      \"user\":
        {\n        \"full_url\": \"https://pagure.io/user/t0xic0der\", \n        \"fullname\":
        \"Akashdeep Dhar\", \n        \"name\": \"t0xic0der\", \n        \"url_path\":
        \"user/t0xic0der\"\n      }\n    }\n  ], \n  \"pagination\": {\n    \"first\":
        \"https://pagure.io/api/0/protop2g-test-srce/issues?per_page=35&status=all&page=1\",
        \n    \"last\": \"https://pagure.io/api/0/protop2g-test-srce/issues?per_page=35&status=all&page=1\",
        \n    \"next\": null, \n    \"page\": 1, \n    \"pages\": 1, \n    \"per_page\":
        35, \n    \"prev\": null\n  }, \n  \"total_issues\": 4\n}\n"
    headers:
      Connection:
      - Upgrade, Keep-Alive
      Content-Length:
      - '10774'
      Content-Security-Policy:
      - default-src 'self';script-src 'self' 'nonce-4fxd8ZiYc2LZSB2SawAjYHtQo'; style-src
        'self' 'nonce-4fxd8ZiYc2LZSB2SawAjYHtQo'; object-src 'none';base-uri 'self';img-src
        'self' https:;connect-src 'self' https://pagure.io:8088;frame-src https://docs.pagure.org;frame-ancestors
        https://pagure.io;
      Content-Type:
      - application/json
      Date:
      - Thu, 04 Apr 2024 06:18:09 GMT
      Keep-Alive:
      - timeout=5, max=100
      Referrer-Policy:
      - same-origin
      Server:
      - Apache/2.4.37 (Red Hat Enterprise Linux) OpenSSL/1.1.1k mod_wsgi/4.6.4 Python/3.6
      Set-Cookie: ''
      Strict-Transport-Security:
      - max-age=31536000; includeSubDomains; preload
      Upgrade:
      - h2,h2c
      X-Content-Type-Options:
      - nosniff
      X-Frame-Options:
      - ALLOW-FROM https://pagure.io/
      X-Xss-Protection:
      - 1; mode=block
    status:
      code: 200
      message: OK
- request:
    body: null
    headers:
      Accept:
      - '*/*'
      Accept-Encoding:
      - gzip, deflate
      Connection:
      - keep-alive
      User-Agent:
      - python-requests/2.31.0
    method: GET
    uri: https://pagure.io/api/0/protop2g-test-srce/issues?per_page=35&page=1&status=all
  response:
    body:
      string: "{\n  \"args\": {\n    \"assignee\": null, \n    \"author\": null, \n
        \   \"milestones\": [], \n    \"no_stones\": null, \n    \"order\": null,
        \n    \"priority\": null, \n    \"since\": null, \n    \"status\": \"all\",
        \n    \"tags\": []\n  }, \n  \"issues\": [\n    {\n      \"assignee\": null,
        \n      \"blocks\": [], \n      \"close_status\": null, \n      \"closed_at\":
        \"1700554080\", \n      \"closed_by\": {\n        \"full_url\": \"https://pagure.io/user/t0xic0der\",
        \n        \"fullname\": \"Akashdeep Dhar\", \n        \"name\": \"t0xic0der\",
        \n        \"url_path\": \"user/t0xic0der\"\n      }, \n      \"comments\":
        [\n        {\n          \"comment\": \"This is the first comment under the
        fourth test issue\", \n          \"date_created\": \"1700554045\", \n          \"edited_on\":
        null, \n          \"editor\": null, \n          \"id\": 885231, \n          \"notification\":
        false, \n          \"parent\": null, \n          \"reactions\": {}, \n          \"user\":
        {\n            \"full_url\": \"https://pagure.io/user/t0xic0der\", \n            \"fullname\":
        \"Akashdeep Dhar\", \n            \"name\": \"t0xic0der\", \n            \"url_path\":
        \"user/t0xic0der\"\n          }\n        }, \n        {\n          \"comment\":
        \"This is the second comment under the fourth test issue\", \n          \"date_created\":
        \"1700554054\", \n          \"edited_on\": null, \n          \"editor\": null,
        \n          \"id\": 885232, \n          \"notification\": false, \n          \"parent\":
        null, \n          \"reactions\": {}, \n          \"user\": {\n            \"full_url\":
        \"https://pagure.io/user/t0xic0der\", \n            \"fullname\": \"Akashdeep
        Dhar\", \n            \"name\": \"t0xic0der\", \n            \"url_path\":
        \"user/t0xic0der\"\n          }\n        }, \n        {\n          \"comment\":
        \"**Metadata Update from @t0xic0der**:\\n- Issue status updated to: Closed
        (was: Open)\", \n          \"date_created\": \"1700554081\", \n          \"edited_on\":
        null, \n          \"editor\": null, \n          \"id\": 885233, \n          \"notification\":
        true, \n          \"parent\": null, \n          \"reactions\": {}, \n          \"user\":
        {\n            \"full_url\": \"https://pagure.io/user/t0xic0der\", \n            \"fullname\":
        \"Akashdeep Dhar\", \n            \"name\": \"t0xic0der\", \n            \"url_path\":
        \"user/t0xic0der\"\n          }\n        }\n      ], \n      \"content\":
        \"This is the body of the fourth test issue\", \n      \"custom_fields\":
        [], \n      \"date_created\": \"1700554016\", \n      \"depends\": [], \n
        \     \"full_url\": \"https://pagure.io/protop2g-test-srce/issue/4\", \n      \"id\":
        4, \n      \"last_updated\": \"1700554081\", \n      \"milestone\": null,
        \n      \"priority\": null, \n      \"private\": true, \n      \"related_prs\":
        [], \n      \"status\": \"Closed\", \n      \"tags\": [\n        \"gggg\",
        \n        \"hhhh\"\n      ], \n      \"title\": \"This is the title of the
        fourth test issue\", \n      \"user\": {\n        \"full_url\": \"https://pagure.io/user/t0xic0der\",
        \n        \"fullname\": \"Akashdeep Dhar\", \n        \"name\": \"t0xic0der\",
        \n        \"url_path\": \"user/t0xic0der\"\n      }\n    }, \n    {\n      \"assignee\":
        null, \n      \"blocks\": [], \n      \"close_status\": null, \n      \"closed_at\":
        null, \n      \"closed_by\": null, \n      \"comments\": [\n        {\n          \"comment\":
        \"This is the first comment under the third test issue\", \n          \"date_created\":
        \"1700553880\", \n          \"edited_on\": null, \n          \"editor\": null,
        \n          \"id\": 885229, \n          \"notification\": false, \n          \"parent\":
        null, \n          \"reactions\": {}, \n          \"user\": {\n            \"full_url\":
        \"https://pagure.io/user/t0xic0der\", \n            \"fullname\": \"Akashdeep
        Dhar\", \n            \"name\": \"t0xic0der\", \n            \"url_path\":
        \"user/t0xic0der\"\n          }\n        }, \n        {\n          \"comment\":
        \"This is the second comment under the third test issue\", \n          \"date_created\":
        \"1700553892\", \n          \"edited_on\": null, \n          \"editor\": null,
        \n          \"id\": 885230, \n          \"notification\": false, \n          \"parent\":
        null, \n          \"reactions\": {}, \n          \"user\": {\n            \"full_url\":
        \"https://pagure.io/user/t0xic0der\", \n            \"fullname\": \"Akashdeep
        Dhar\", \n            \"name\": \"t0xic0der\", \n            \"url_path\":
        \"user/t0xic0der\"\n          }\n        }\n      ], \n      \"content\":
        \"This is the body of the third test issue\", \n      \"custom_fields\": [],
        \n      \"date_created\": \"1700553837\", \n      \"depends\": [], \n      \"full_url\":
        \"https://pagure.io/protop2g-test-srce/issue/3\", \n      \"id\": 3, \n      \"last_updated\":
        \"1700553892\", \n      \"milestone\": null, \n      \"priority\": null, \n
        \     \"private\": true, \n      \"related_prs\": [], \n      \"status\":
        \"Open\", \n      \"tags\": [\n        \"eeee\", \n        \"ffff\"\n      ],
        \n      \"title\": \"This is the title of the third test issue\", \n      \"user\":
        {\n        \"full_url\": \"https://pagure.io/user/t0xic0der\", \n        \"fullname\":
        \"Akashdeep Dhar\", \n        \"name\": \"t0xic0der\", \n        \"url_path\":
        \"user/t0xic0der\"\n      }\n    }, \n    {\n      \"assignee\": null, \n
        \     \"blocks\": [], \n      \"close_status\": null, \n      \"closed_at\":
        \"1697170032\", \n      \"closed_by\": {\n        \"full_url\": \"https://pagure.io/user/t0xic0der\",
        \n        \"fullname\": \"Akashdeep Dhar\", \n        \"name\": \"t0xic0der\",
        \n        \"url_path\": \"user/t0xic0der\"\n      }, \n      \"comments\":
        [\n        {\n          \"comment\": \"**Metadata Update from @t0xic0der**:\\n-
        Issue tagged with: cccc, dddd\", \n          \"date_created\": \"1697169810\",
        \n          \"edited_on\": null, \n          \"editor\": null, \n          \"id\":
        878472, \n          \"notification\": true, \n          \"parent\": null,
        \n          \"reactions\": {}, \n          \"user\": {\n            \"full_url\":
        \"https://pagure.io/user/t0xic0der\", \n            \"fullname\": \"Akashdeep
        Dhar\", \n            \"name\": \"t0xic0der\", \n            \"url_path\":
        \"user/t0xic0der\"\n          }\n        }, \n        {\n          \"comment\":
        \"The is the first comment under the second test issue\", \n          \"date_created\":
        \"1697169964\", \n          \"edited_on\": null, \n          \"editor\": null,
        \n          \"id\": 878475, \n          \"notification\": false, \n          \"parent\":
        null, \n          \"reactions\": {}, \n          \"user\": {\n            \"full_url\":
        \"https://pagure.io/user/t0xic0der\", \n            \"fullname\": \"Akashdeep
        Dhar\", \n            \"name\": \"t0xic0der\", \n            \"url_path\":
        \"user/t0xic0der\"\n          }\n        }, \n        {\n          \"comment\":
        \"The is the second comment under the second test issue\", \n          \"date_created\":
        \"1697169976\", \n          \"edited_on\": null, \n          \"editor\": null,
        \n          \"id\": 878476, \n          \"notification\": false, \n          \"parent\":
        null, \n          \"reactions\": {}, \n          \"user\": {\n            \"full_url\":
        \"https://pagure.io/user/t0xic0der\", \n            \"fullname\": \"Akashdeep
        Dhar\", \n            \"name\": \"t0xic0der\", \n            \"url_path\":
        \"user/t0xic0der\"\n          }\n        }, \n        {\n          \"comment\":
        \"**Metadata Update from @t0xic0der**:\\n- Issue status updated to: Closed
        (was: Open)\", \n          \"date_created\": \"1697170032\", \n          \"edited_on\":
        null, \n          \"editor\": null, \n          \"id\": 878477, \n          \"notification\":
        true, \n          \"parent\": null, \n          \"reactions\": {}, \n          \"user\":
        {\n            \"full_url\": \"https://pagure.io/user/t0xic0der\", \n            \"fullname\":
        \"Akashdeep Dhar\", \n            \"name\": \"t0xic0der\", \n            \"url_path\":
        \"user/t0xic0der\"\n          }\n        }\n      ], \n      \"content\":
        \"This is the body of the second test issue\", \n      \"custom_fields\":
        [], \n      \"date_created\": \"1697169676\", \n      \"depends\": [], \n
        \     \"full_url\": \"https://pagure.io/protop2g-test-srce/issue/2\", \n      \"id\":
        2, \n      \"last_updated\": \"1697170032\", \n      \"milestone\": null,
        \n      \"priority\": null, \n      \"private\": false, \n      \"related_prs\":
        [], \n      \"status\": \"Closed\", \n      \"tags\": [\n        \"cccc\",
        \n        \"dddd\"\n      ], \n      \"title\": \"This is the title of the
        second test issue\", \n      \"user\": {\n        \"full_url\": \"https://pagure.io/user/t0xic0der\",
        \n        \"fullname\": \"Akashdeep Dhar\", \n        \"name\": \"t0xic0der\",
        \n        \"url_path\": \"user/t0xic0der\"\n      }\n    }, \n    {\n      \"assignee\":
        null, \n      \"blocks\": [], \n      \"close_status\": null, \n      \"closed_at\":
        null, \n      \"closed_by\": null, \n      \"comments\": [\n        {\n          \"comment\":
        \"**Metadata Update from @t0xic0der**:\\n- Issue tagged with: aaaa, bbbb\",
        \n          \"date_created\": \"1697169699\", \n          \"edited_on\": null,
        \n          \"editor\": null, \n          \"id\": 878471, \n          \"notification\":
        true, \n          \"parent\": null, \n          \"reactions\": {}, \n          \"user\":
        {\n            \"full_url\": \"https://pagure.io/user/t0xic0der\", \n            \"fullname\":
        \"Akashdeep Dhar\", \n            \"name\": \"t0xic0der\", \n            \"url_path\":
        \"user/t0xic0der\"\n          }\n        }, \n        {\n          \"comment\":
        \"This is the first comment under the first test issue\", \n          \"date_created\":
        \"1697169880\", \n          \"edited_on\": null, \n          \"editor\": null,
        \n          \"id\": 878473, \n          \"notification\": false, \n          \"parent\":
        null, \n          \"reactions\": {}, \n          \"user\": {\n            \"full_url\":
        \"https://pagure.io/user/t0xic0der\", \n            \"fullname\": \"Akashdeep
        Dhar\", \n            \"name\": \"t0xic0der\", \n            \"url_path\":
        \"user/t0xic0der\"\n          }\n        }, \n        {\n          \"comment\":
        \"This is the second comment under the first test issue\", \n          \"date_created\":
        \"1697169924\", \n          \"edited_on\": null, \n          \"editor\": null,
        \n          \"id\": 878474, \n          \"notification\": false, \n          \"parent\":
        null, \n          \"reactions\": {}, \n          \"user\": {\n            \"full_url\":
        \"https://pagure.io/user/t0xic0der\", \n            \"fullname\": \"Akashdeep
        Dhar\", \n            \"name\": \"t0xic0der\", \n            \"url_path\":
        \"user/t0xic0der\"\n          }\n        }\n      ], \n      \"content\":
        \"This is the body of the first test issue\", \n      \"custom_fields\": [],
        \n      \"date_created\": \"1697169462\", \n      \"depends\": [], \n      \"full_url\":
        \"https://pagure.io/protop2g-test-srce/issue/1\", \n      \"id\": 1, \n      \"last_updated\":
        \"1697169924\", \n      \"milestone\": null, \n      \"priority\": null, \n
        \     \"private\": false, \n      \"related_prs\": [], \n      \"status\":
        \"Open\", \n      \"tags\": [\n        \"aaaa\", \n        \"bbbb\"\n      ],
        \n      \"title\": \"This is the title of the first test issue\", \n      \"user\":
        {\n        \"full_url\": \"https://pagure.io/user/t0xic0der\", \n        \"fullname\":
        \"Akashdeep Dhar\", \n        \"name\": \"t0xic0der\", \n        \"url_path\":
        \"user/t0xic0der\"\n      }\n    }\n  ], \n  \"pagination\": {\n    \"first\":
        \"https://pagure.io/api/0/protop2g-test-srce/issues?per_page=35&status=all&page=1\",
        \n    \"last\": \"https://pagure.io/api/0/protop2g-test-srce/issues?per_page=35&status=all&page=1\",
        \n    \"next\": null, \n    \"page\": 1, \n    \"pages\": 1, \n    \"per_page\":
        35, \n    \"prev\": null\n  }, \n  \"total_issues\": 4\n}\n"
    headers:
      Connection:
      - Upgrade, Keep-Alive
      Content-Length:
      - '10774'
      Content-Security-Policy:
      - default-src 'self';script-src 'self' 'nonce-xwSIuWm9o6gFgBDOidD9LaJuf'; style-src
        'self' 'nonce-xwSIuWm9o6gFgBDOidD9LaJuf'; object-src 'none';base-uri 'self';img-src
        'self' https:;connect-src 'self' https://pagure.io:8088;frame-src https://docs.pagure.org;frame-ancestors
        https://pagure.io;
      Content-Type:
      - application/json
      Date:
      - Thu, 04 Apr 2024 06:18:10 GMT
      Keep-Alive:
      - timeout=5, max=100
      Referrer-Policy:
      - same-origin
      Server:
      - Apache/2.4.37 (Red Hat Enterprise Linux) OpenSSL/1.1.1k mod_wsgi/4.6.4 Python/3.6
      Set-Cookie: ''
      Strict-Transport-Security:
      - max-age=31536000; includeSubDomains; preload
      Upgrade:
      - h2,h2c
      X-Content-Type-Options:
      - nosniff
      X-Frame-Options:
      - ALLOW-FROM https://pagure.io/
      X-Xss-Protection:
      - 1; mode=block
    status:
      code: 200
      message: OK
- request:
    body: '{"title": "[SN#4] This is the title of the fourth test issue", "description":
      "\nThis is the body of the fourth test issue\n\n_This issue ticket was originally
      created [here](https://pagure.io/protop2g-test-srce/issue/4) on a Pagure repository,\n[**protop2g-test-srce**](https://pagure.io/protop2g-test-srce)
      by [**Akashdeep Dhar**](https://pagure.io/user/t0xic0der) on\n[**Tue Nov 21
      08:06:56 2023** UTC](https://savvytime.com/converter/utc/nov-21-2023/08-06)._\n\n_This
      issue ticket was automatically created by the\n[**Pagure Exporter**](https://github.com/gridhead/pagure-exporter)._\n",
      "iid": 4}'
    headers:
      Accept:
      - '*/*'
      Accept-Encoding:
      - gzip, deflate
      Connection:
      - keep-alive
      Content-Length:
      - '601'
      Content-type:
      - application/json
      Cookie:
      - _cfuvid=sscGHqfIFtlWYmqDCHt865NAh8SoCw536aWT7B8b1PY-1712211488609-0.0.1.1-604800000
      User-Agent:
      - python-gitlab/4.4.0
    method: POST
    uri: https://gitlab.com/api/v4/projects/42823949/issues
  response:
    body:
      string: '{"id":144256794,"iid":13809,"project_id":42823949,"title":"[SN#4] This
        is the title of the fourth test issue","description":"\nThis is the body of
        the fourth test issue\n\n_This issue ticket was originally created [here](https://pagure.io/protop2g-test-srce/issue/4)
        on a Pagure repository,\n[**protop2g-test-srce**](https://pagure.io/protop2g-test-srce)
        by [**Akashdeep Dhar**](https://pagure.io/user/t0xic0der) on\n[**Tue Nov 21
        08:06:56 2023** UTC](https://savvytime.com/converter/utc/nov-21-2023/08-06)._\n\n_This
        issue ticket was automatically created by the\n[**Pagure Exporter**](https://github.com/gridhead/pagure-exporter)._","state":"opened","created_at":"2024-04-04T06:18:11.021Z","updated_at":"2024-04-04T06:18:11.021Z","closed_at":null,"closed_by":null,"labels":[],"milestone":null,"assignees":[],"author":{"id":18339343,"username":"project_42823949_bot_992e5e9e997a7b44822ff32a4c634472","name":"protop2g-test","state":"active","locked":false,"avatar_url":"https://secure.gravatar.com/avatar/d05ca08df001326fd4089761821e15d906b1315eceace144e831979f3d83379e?s=80\u0026d=identicon","web_url":"https://gitlab.com/project_42823949_bot_992e5e9e997a7b44822ff32a4c634472"},"type":"ISSUE","assignee":null,"user_notes_count":0,"merge_requests_count":0,"upvotes":0,"downvotes":0,"due_date":null,"confidential":false,"discussion_locked":null,"issue_type":"issue","web_url":"https://gitlab.com/gridhead/protop2g-test/-/issues/13809","time_stats":{"time_estimate":0,"total_time_spent":0,"human_time_estimate":null,"human_total_time_spent":null},"task_completion_status":{"count":0,"completed_count":0},"blocking_issues_count":0,"has_tasks":true,"task_status":"0
        of 0 checklist items completed","_links":{"self":"https://gitlab.com/api/v4/projects/42823949/issues/13809","notes":"https://gitlab.com/api/v4/projects/42823949/issues/13809/notes","award_emoji":"https://gitlab.com/api/v4/projects/42823949/issues/13809/award_emoji","project":"https://gitlab.com/api/v4/projects/42823949","closed_as_duplicate_of":null},"references":{"short":"#13809","relative":"#13809","full":"gridhead/protop2g-test#13809"},"severity":"UNKNOWN","subscribed":true,"moved_to_id":null,"service_desk_reply_to":null}'
    headers:
      CF-Cache-Status:
      - DYNAMIC
      CF-RAY:
      - 86ef2df86a52f3ed-BOM
      Connection:
      - keep-alive
      Content-Length:
      - '2192'
      Content-Type:
      - application/json
      Date:
      - Thu, 04 Apr 2024 06:18:11 GMT
      NEL:
      - '{"success_fraction":0.01,"report_to":"cf-nel","max_age":604800}'
      Report-To:
      - '{"endpoints":[{"url":"https:\/\/a.nel.cloudflare.com\/report\/v4?s=pSnuT%2F2ci1SRHbrC%2BKmaHxk5g%2Bkfv44jADIKeRfIubt91K7QEj0dkkb2dcxqztxySCukSrrU8kbqIpaM3uTfgOWnuFzgGjOdLSuda71oUjtJ4NEKSf48EG6Bzq4%3D"}],"group":"cf-nel","max_age":604800}'
      Server:
      - cloudflare
      Set-Cookie: ''
      cache-control:
      - max-age=0, private, must-revalidate
      content-security-policy:
      - default-src 'none'
      etag:
      - W/"3535a9e6a4f8bbffbb62762d1eca8859"
      gitlab-lb:
      - haproxy-main-07-lb-gprd
      gitlab-sv:
      - api-gke-us-east1-c
      referrer-policy:
      - strict-origin-when-cross-origin
      strict-transport-security:
      - max-age=31536000
      vary:
      - Origin
      x-content-type-options:
      - nosniff
      x-frame-options:
      - SAMEORIGIN
      x-gitlab-meta:
      - '{"correlation_id":"83ebe4951e2dee82bbbb998567544c2c","version":"1"}'
      x-request-id:
      - 83ebe4951e2dee82bbbb998567544c2c
      x-runtime:
      - '0.452856'
    status:
      code: 201
      message: Created
- request:
    body: null
    headers:
      Accept:
      - '*/*'
      Accept-Encoding:
      - gzip, deflate
      Connection:
      - keep-alive
      Content-type:
      - application/json
      Cookie:
      - _cfuvid=sscGHqfIFtlWYmqDCHt865NAh8SoCw536aWT7B8b1PY-1712211488609-0.0.1.1-604800000
      User-Agent:
      - python-gitlab/4.4.0
    method: GET
    uri: https://gitlab.com/api/v4/projects/42823949/issues/13809
  response:
    body:
      string: '{"id":144256794,"iid":13809,"project_id":42823949,"title":"[SN#4] This
        is the title of the fourth test issue","description":"\nThis is the body of
        the fourth test issue\n\n_This issue ticket was originally created [here](https://pagure.io/protop2g-test-srce/issue/4)
        on a Pagure repository,\n[**protop2g-test-srce**](https://pagure.io/protop2g-test-srce)
        by [**Akashdeep Dhar**](https://pagure.io/user/t0xic0der) on\n[**Tue Nov 21
        08:06:56 2023** UTC](https://savvytime.com/converter/utc/nov-21-2023/08-06)._\n\n_This
        issue ticket was automatically created by the\n[**Pagure Exporter**](https://github.com/gridhead/pagure-exporter)._","state":"opened","created_at":"2024-04-04T06:18:11.021Z","updated_at":"2024-04-04T06:18:11.021Z","closed_at":null,"closed_by":null,"labels":[],"milestone":null,"assignees":[],"author":{"id":18339343,"username":"project_42823949_bot_992e5e9e997a7b44822ff32a4c634472","name":"protop2g-test","state":"active","locked":false,"avatar_url":"https://secure.gravatar.com/avatar/d05ca08df001326fd4089761821e15d906b1315eceace144e831979f3d83379e?s=80\u0026d=identicon","web_url":"https://gitlab.com/project_42823949_bot_992e5e9e997a7b44822ff32a4c634472"},"type":"ISSUE","assignee":null,"user_notes_count":0,"merge_requests_count":0,"upvotes":0,"downvotes":0,"due_date":null,"confidential":false,"discussion_locked":null,"issue_type":"issue","web_url":"https://gitlab.com/gridhead/protop2g-test/-/issues/13809","time_stats":{"time_estimate":0,"total_time_spent":0,"human_time_estimate":null,"human_total_time_spent":null},"task_completion_status":{"count":0,"completed_count":0},"blocking_issues_count":0,"has_tasks":true,"task_status":"0
        of 0 checklist items completed","_links":{"self":"https://gitlab.com/api/v4/projects/42823949/issues/13809","notes":"https://gitlab.com/api/v4/projects/42823949/issues/13809/notes","award_emoji":"https://gitlab.com/api/v4/projects/42823949/issues/13809/award_emoji","project":"https://gitlab.com/api/v4/projects/42823949","closed_as_duplicate_of":null},"references":{"short":"#13809","relative":"#13809","full":"gridhead/protop2g-test#13809"},"severity":"UNKNOWN","subscribed":true,"moved_to_id":null,"service_desk_reply_to":null}'
    headers:
      CF-Cache-Status:
      - MISS
      CF-RAY:
      - 86ef2dfcfacb8d31-BOM
      Connection:
      - keep-alive
      Content-Encoding:
      - gzip
      Content-Type:
      - application/json
      Date:
      - Thu, 04 Apr 2024 06:18:11 GMT
      NEL:
      - '{"success_fraction":0.01,"report_to":"cf-nel","max_age":604800}'
      Report-To:
      - '{"endpoints":[{"url":"https:\/\/a.nel.cloudflare.com\/report\/v4?s=DQzV6MlXXJvmTckk%2BWN3j%2FzzLbpd1SpGG3V3fV6YA32HdVGpWZfjJ3LZsd9RvNHiOlJBYPxiWalPXwNnaJ6KFDlsFVl39y7l3c7e8UEdYYldz9t7SfAZ4orGvjI%3D"}],"group":"cf-nel","max_age":604800}'
      Server:
      - cloudflare
      Set-Cookie: ''
      Transfer-Encoding:
      - chunked
      cache-control:
      - max-age=0, private, must-revalidate
      content-security-policy:
      - default-src 'none'
      etag:
      - W/"3535a9e6a4f8bbffbb62762d1eca8859"
      gitlab-lb:
      - haproxy-main-32-lb-gprd
      gitlab-sv:
      - api-gke-us-east1-d
      referrer-policy:
      - strict-origin-when-cross-origin
      strict-transport-security:
      - max-age=31536000
      vary:
      - Origin, Accept-Encoding
      x-content-type-options:
      - nosniff
      x-frame-options:
      - SAMEORIGIN
      x-gitlab-meta:
      - '{"correlation_id":"6e52d0f05e48f9cf637b630fa0d1e189","version":"1"}'
      x-request-id:
      - 6e52d0f05e48f9cf637b630fa0d1e189
      x-runtime:
      - '0.122285'
    status:
      code: 200
      message: OK
- request:
    body: '{"state_event": "close"}'
    headers:
      Accept:
      - '*/*'
      Accept-Encoding:
      - gzip, deflate
      Connection:
      - keep-alive
      Content-Length:
      - '24'
      Content-type:
      - application/json
      Cookie:
      - _cfuvid=sscGHqfIFtlWYmqDCHt865NAh8SoCw536aWT7B8b1PY-1712211488609-0.0.1.1-604800000
      User-Agent:
      - python-gitlab/4.4.0
    method: PUT
    uri: https://gitlab.com/api/v4/projects/42823949/issues/13809
  response:
    body:
      string: '{"id":144256794,"iid":13809,"project_id":42823949,"title":"[SN#4] This
        is the title of the fourth test issue","description":"\nThis is the body of
        the fourth test issue\n\n_This issue ticket was originally created [here](https://pagure.io/protop2g-test-srce/issue/4)
        on a Pagure repository,\n[**protop2g-test-srce**](https://pagure.io/protop2g-test-srce)
        by [**Akashdeep Dhar**](https://pagure.io/user/t0xic0der) on\n[**Tue Nov 21
        08:06:56 2023** UTC](https://savvytime.com/converter/utc/nov-21-2023/08-06)._\n\n_This
        issue ticket was automatically created by the\n[**Pagure Exporter**](https://github.com/gridhead/pagure-exporter)._","state":"closed","created_at":"2024-04-04T06:18:11.021Z","updated_at":"2024-04-04T06:18:11.995Z","closed_at":"2024-04-04T06:18:11.987Z","closed_by":{"id":18339343,"username":"project_42823949_bot_992e5e9e997a7b44822ff32a4c634472","name":"protop2g-test","state":"active","locked":false,"avatar_url":"https://secure.gravatar.com/avatar/d05ca08df001326fd4089761821e15d906b1315eceace144e831979f3d83379e?s=80\u0026d=identicon","web_url":"https://gitlab.com/project_42823949_bot_992e5e9e997a7b44822ff32a4c634472"},"labels":[],"milestone":null,"assignees":[],"author":{"id":18339343,"username":"project_42823949_bot_992e5e9e997a7b44822ff32a4c634472","name":"protop2g-test","state":"active","locked":false,"avatar_url":"https://secure.gravatar.com/avatar/d05ca08df001326fd4089761821e15d906b1315eceace144e831979f3d83379e?s=80\u0026d=identicon","web_url":"https://gitlab.com/project_42823949_bot_992e5e9e997a7b44822ff32a4c634472"},"type":"ISSUE","assignee":null,"user_notes_count":0,"merge_requests_count":0,"upvotes":0,"downvotes":0,"due_date":null,"confidential":false,"discussion_locked":null,"issue_type":"issue","web_url":"https://gitlab.com/gridhead/protop2g-test/-/issues/13809","time_stats":{"time_estimate":0,"total_time_spent":0,"human_time_estimate":null,"human_total_time_spent":null},"task_completion_status":{"count":0,"completed_count":0},"blocking_issues_count":0,"has_tasks":true,"task_status":"0
        of 0 checklist items completed","_links":{"self":"https://gitlab.com/api/v4/projects/42823949/issues/13809","notes":"https://gitlab.com/api/v4/projects/42823949/issues/13809/notes","award_emoji":"https://gitlab.com/api/v4/projects/42823949/issues/13809/award_emoji","project":"https://gitlab.com/api/v4/projects/42823949","closed_as_duplicate_of":null},"references":{"short":"#13809","relative":"#13809","full":"gridhead/protop2g-test#13809"},"severity":"UNKNOWN","subscribed":true,"moved_to_id":null,"service_desk_reply_to":null}'
    headers:
      CF-Cache-Status:
      - DYNAMIC
      CF-RAY:
      - 86ef2dffc860f429-BOM
      Connection:
      - keep-alive
      Content-Encoding:
      - gzip
      Content-Type:
      - application/json
      Date:
      - Thu, 04 Apr 2024 06:18:12 GMT
      NEL:
      - '{"success_fraction":0.01,"report_to":"cf-nel","max_age":604800}'
      Report-To:
      - '{"endpoints":[{"url":"https:\/\/a.nel.cloudflare.com\/report\/v4?s=3jocwBFCeLLHj4UovWso4g%2BEbXO8LZfUIJ2%2FUzwDv86RR7CzD%2FwmhdKexaHf0DH3zQMdary0gPxlWf0jE%2BsDrFlNW%2FSimEvBWP7MvqEQIuGhvHyTnBMbziu8psQ%3D"}],"group":"cf-nel","max_age":604800}'
      Server:
      - cloudflare
      Set-Cookie: ''
      Transfer-Encoding:
      - chunked
      cache-control:
      - max-age=0, private, must-revalidate
      content-security-policy:
      - default-src 'none'
      etag:
      - W/"04c87d285469d34e5537aa42d6f903a9"
      gitlab-lb:
      - haproxy-main-52-lb-gprd
      gitlab-sv:
      - api-gke-us-east1-c
      referrer-policy:
      - strict-origin-when-cross-origin
      strict-transport-security:
      - max-age=31536000
      vary:
      - Origin, Accept-Encoding
      x-content-type-options:
      - nosniff
      x-frame-options:
      - SAMEORIGIN
      x-gitlab-meta:
      - '{"correlation_id":"e5e7e4693e2533ddcea66add259ef2d6","version":"1"}'
      x-request-id:
      - e5e7e4693e2533ddcea66add259ef2d6
      x-runtime:
      - '0.236950'
    status:
      code: 200
      message: OK
- request:
    body: '{"title": "[SN#3] This is the title of the third test issue", "description":
      "\nThis is the body of the third test issue\n\n_This issue ticket was originally
      created [here](https://pagure.io/protop2g-test-srce/issue/3) on a Pagure repository,\n[**protop2g-test-srce**](https://pagure.io/protop2g-test-srce)
      by [**Akashdeep Dhar**](https://pagure.io/user/t0xic0der) on\n[**Tue Nov 21
      08:03:57 2023** UTC](https://savvytime.com/converter/utc/nov-21-2023/08-03)._\n\n_This
      issue ticket was automatically created by the\n[**Pagure Exporter**](https://github.com/gridhead/pagure-exporter)._\n",
      "iid": 3}'
    headers:
      Accept:
      - '*/*'
      Accept-Encoding:
      - gzip, deflate
      Connection:
      - keep-alive
      Content-Length:
      - '599'
      Content-type:
      - application/json
      Cookie:
      - _cfuvid=sscGHqfIFtlWYmqDCHt865NAh8SoCw536aWT7B8b1PY-1712211488609-0.0.1.1-604800000
      User-Agent:
      - python-gitlab/4.4.0
    method: POST
    uri: https://gitlab.com/api/v4/projects/42823949/issues
  response:
    body:
      string: '{"id":144256796,"iid":13810,"project_id":42823949,"title":"[SN#3] This
        is the title of the third test issue","description":"\nThis is the body of
        the third test issue\n\n_This issue ticket was originally created [here](https://pagure.io/protop2g-test-srce/issue/3)
        on a Pagure repository,\n[**protop2g-test-srce**](https://pagure.io/protop2g-test-srce)
        by [**Akashdeep Dhar**](https://pagure.io/user/t0xic0der) on\n[**Tue Nov 21
        08:03:57 2023** UTC](https://savvytime.com/converter/utc/nov-21-2023/08-03)._\n\n_This
        issue ticket was automatically created by the\n[**Pagure Exporter**](https://github.com/gridhead/pagure-exporter)._","state":"opened","created_at":"2024-04-04T06:18:12.778Z","updated_at":"2024-04-04T06:18:12.778Z","closed_at":null,"closed_by":null,"labels":[],"milestone":null,"assignees":[],"author":{"id":18339343,"username":"project_42823949_bot_992e5e9e997a7b44822ff32a4c634472","name":"protop2g-test","state":"active","locked":false,"avatar_url":"https://secure.gravatar.com/avatar/d05ca08df001326fd4089761821e15d906b1315eceace144e831979f3d83379e?s=80\u0026d=identicon","web_url":"https://gitlab.com/project_42823949_bot_992e5e9e997a7b44822ff32a4c634472"},"type":"ISSUE","assignee":null,"user_notes_count":0,"merge_requests_count":0,"upvotes":0,"downvotes":0,"due_date":null,"confidential":false,"discussion_locked":null,"issue_type":"issue","web_url":"https://gitlab.com/gridhead/protop2g-test/-/issues/13810","time_stats":{"time_estimate":0,"total_time_spent":0,"human_time_estimate":null,"human_total_time_spent":null},"task_completion_status":{"count":0,"completed_count":0},"blocking_issues_count":0,"has_tasks":true,"task_status":"0
        of 0 checklist items completed","_links":{"self":"https://gitlab.com/api/v4/projects/42823949/issues/13810","notes":"https://gitlab.com/api/v4/projects/42823949/issues/13810/notes","award_emoji":"https://gitlab.com/api/v4/projects/42823949/issues/13810/award_emoji","project":"https://gitlab.com/api/v4/projects/42823949","closed_as_duplicate_of":null},"references":{"short":"#13810","relative":"#13810","full":"gridhead/protop2g-test#13810"},"severity":"UNKNOWN","subscribed":true,"moved_to_id":null,"service_desk_reply_to":null}'
    headers:
      CF-Cache-Status:
      - DYNAMIC
      CF-RAY:
      - 86ef2e030fa48ee8-BOM
      Connection:
      - keep-alive
      Content-Length:
      - '2190'
      Content-Type:
      - application/json
      Date:
      - Thu, 04 Apr 2024 06:18:13 GMT
      NEL:
      - '{"success_fraction":0.01,"report_to":"cf-nel","max_age":604800}'
      Report-To:
      - '{"endpoints":[{"url":"https:\/\/a.nel.cloudflare.com\/report\/v4?s=5CHSTk1MbDVY%2BTu1QmdtqWyM0sEtJcYJrxtKC45Ssfb8dt30e5AFgE5PJSr9%2FUk0b3b4eVRs6B%2Frtem%2F7jEhlHcP9PGaif68%2BvhmLTrcmf9e8pzsxVn8daN0FYw%3D"}],"group":"cf-nel","max_age":604800}'
      Server:
      - cloudflare
      Set-Cookie: ''
      cache-control:
      - max-age=0, private, must-revalidate
      content-security-policy:
      - default-src 'none'
      etag:
      - W/"6bf6117053b691b74ac49fa0a865c1ec"
      gitlab-lb:
      - haproxy-main-04-lb-gprd
      gitlab-sv:
      - api-gke-us-east1-c
      referrer-policy:
      - strict-origin-when-cross-origin
      strict-transport-security:
      - max-age=31536000
      vary:
      - Origin
      x-content-type-options:
      - nosniff
      x-frame-options:
      - SAMEORIGIN
      x-gitlab-meta:
      - '{"correlation_id":"fc02b4797dcb7531561e7c7b91f75991","version":"1"}'
      x-request-id:
      - fc02b4797dcb7531561e7c7b91f75991
      x-runtime:
      - '0.518602'
    status:
      code: 201
      message: Created
- request:
    body: '{"title": "[SN#2] This is the title of the second test issue", "description":
      "\nThis is the body of the second test issue\n\n_This issue ticket was originally
      created [here](https://pagure.io/protop2g-test-srce/issue/2) on a Pagure repository,\n[**protop2g-test-srce**](https://pagure.io/protop2g-test-srce)
      by [**Akashdeep Dhar**](https://pagure.io/user/t0xic0der) on\n[**Fri Oct 13
      04:01:16 2023** UTC](https://savvytime.com/converter/utc/oct-13-2023/04-01)._\n\n_This
      issue ticket was automatically created by the\n[**Pagure Exporter**](https://github.com/gridhead/pagure-exporter)._\n",
      "iid": 2}'
    headers:
      Accept:
      - '*/*'
      Accept-Encoding:
      - gzip, deflate
      Connection:
      - keep-alive
      Content-Length:
      - '601'
      Content-type:
      - application/json
      Cookie:
      - _cfuvid=sscGHqfIFtlWYmqDCHt865NAh8SoCw536aWT7B8b1PY-1712211488609-0.0.1.1-604800000
      User-Agent:
      - python-gitlab/4.4.0
    method: POST
    uri: https://gitlab.com/api/v4/projects/42823949/issues
  response:
    body:
      string: '{"id":144256798,"iid":13811,"project_id":42823949,"title":"[SN#2] This
        is the title of the second test issue","description":"\nThis is the body of
        the second test issue\n\n_This issue ticket was originally created [here](https://pagure.io/protop2g-test-srce/issue/2)
        on a Pagure repository,\n[**protop2g-test-srce**](https://pagure.io/protop2g-test-srce)
        by [**Akashdeep Dhar**](https://pagure.io/user/t0xic0der) on\n[**Fri Oct 13
        04:01:16 2023** UTC](https://savvytime.com/converter/utc/oct-13-2023/04-01)._\n\n_This
        issue ticket was automatically created by the\n[**Pagure Exporter**](https://github.com/gridhead/pagure-exporter)._","state":"opened","created_at":"2024-04-04T06:18:13.562Z","updated_at":"2024-04-04T06:18:13.562Z","closed_at":null,"closed_by":null,"labels":[],"milestone":null,"assignees":[],"author":{"id":18339343,"username":"project_42823949_bot_992e5e9e997a7b44822ff32a4c634472","name":"protop2g-test","state":"active","locked":false,"avatar_url":"https://secure.gravatar.com/avatar/d05ca08df001326fd4089761821e15d906b1315eceace144e831979f3d83379e?s=80\u0026d=identicon","web_url":"https://gitlab.com/project_42823949_bot_992e5e9e997a7b44822ff32a4c634472"},"type":"ISSUE","assignee":null,"user_notes_count":0,"merge_requests_count":0,"upvotes":0,"downvotes":0,"due_date":null,"confidential":false,"discussion_locked":null,"issue_type":"issue","web_url":"https://gitlab.com/gridhead/protop2g-test/-/issues/13811","time_stats":{"time_estimate":0,"total_time_spent":0,"human_time_estimate":null,"human_total_time_spent":null},"task_completion_status":{"count":0,"completed_count":0},"blocking_issues_count":0,"has_tasks":true,"task_status":"0
        of 0 checklist items completed","_links":{"self":"https://gitlab.com/api/v4/projects/42823949/issues/13811","notes":"https://gitlab.com/api/v4/projects/42823949/issues/13811/notes","award_emoji":"https://gitlab.com/api/v4/projects/42823949/issues/13811/award_emoji","project":"https://gitlab.com/api/v4/projects/42823949","closed_as_duplicate_of":null},"references":{"short":"#13811","relative":"#13811","full":"gridhead/protop2g-test#13811"},"severity":"UNKNOWN","subscribed":true,"moved_to_id":null,"service_desk_reply_to":null}'
    headers:
      CF-Cache-Status:
      - DYNAMIC
      CF-RAY:
      - 86ef2e07fdff6eec-BOM
      Connection:
      - keep-alive
      Content-Length:
      - '2192'
      Content-Type:
      - application/json
      Date:
      - Thu, 04 Apr 2024 06:18:13 GMT
      NEL:
      - '{"success_fraction":0.01,"report_to":"cf-nel","max_age":604800}'
      Report-To:
      - '{"endpoints":[{"url":"https:\/\/a.nel.cloudflare.com\/report\/v4?s=TFHx7%2FLNAYn%2BVmnx8DF8ntjARv2WI8%2B6s2YfWM3A8HIsuZlXq5eu4TNID2D4k8pLYVNrcDFaYL0ny2HC4jDW8R7x0aNXkPJZytECBKjMwuoCHygtBYIEdxJ%2F05c%3D"}],"group":"cf-nel","max_age":604800}'
      Server:
      - cloudflare
      Set-Cookie: ''
      cache-control:
      - max-age=0, private, must-revalidate
      content-security-policy:
      - default-src 'none'
      etag:
      - W/"e2d37a55d8d5f77052029b48cb9efcfa"
      gitlab-lb:
      - haproxy-main-44-lb-gprd
      gitlab-sv:
      - api-gke-us-east1-d
      referrer-policy:
      - strict-origin-when-cross-origin
      strict-transport-security:
      - max-age=31536000
      vary:
      - Origin
      x-content-type-options:
      - nosniff
      x-frame-options:
      - SAMEORIGIN
      x-gitlab-meta:
      - '{"correlation_id":"db91185b4fbf9dbecc6a843a28533135","version":"1"}'
      x-request-id:
      - db91185b4fbf9dbecc6a843a28533135
      x-runtime:
      - '0.490738'
    status:
      code: 201
      message: Created
- request:
    body: null
    headers:
      Accept:
      - '*/*'
      Accept-Encoding:
      - gzip, deflate
      Connection:
      - keep-alive
      Content-type:
      - application/json
      Cookie:
      - _cfuvid=sscGHqfIFtlWYmqDCHt865NAh8SoCw536aWT7B8b1PY-1712211488609-0.0.1.1-604800000
      User-Agent:
      - python-gitlab/4.4.0
    method: GET
    uri: https://gitlab.com/api/v4/projects/42823949/issues/13811
  response:
    body:
      string: '{"id":144256798,"iid":13811,"project_id":42823949,"title":"[SN#2] This
        is the title of the second test issue","description":"\nThis is the body of
        the second test issue\n\n_This issue ticket was originally created [here](https://pagure.io/protop2g-test-srce/issue/2)
        on a Pagure repository,\n[**protop2g-test-srce**](https://pagure.io/protop2g-test-srce)
        by [**Akashdeep Dhar**](https://pagure.io/user/t0xic0der) on\n[**Fri Oct 13
        04:01:16 2023** UTC](https://savvytime.com/converter/utc/oct-13-2023/04-01)._\n\n_This
        issue ticket was automatically created by the\n[**Pagure Exporter**](https://github.com/gridhead/pagure-exporter)._","state":"opened","created_at":"2024-04-04T06:18:13.562Z","updated_at":"2024-04-04T06:18:13.562Z","closed_at":null,"closed_by":null,"labels":[],"milestone":null,"assignees":[],"author":{"id":18339343,"username":"project_42823949_bot_992e5e9e997a7b44822ff32a4c634472","name":"protop2g-test","state":"active","locked":false,"avatar_url":"https://secure.gravatar.com/avatar/d05ca08df001326fd4089761821e15d906b1315eceace144e831979f3d83379e?s=80\u0026d=identicon","web_url":"https://gitlab.com/project_42823949_bot_992e5e9e997a7b44822ff32a4c634472"},"type":"ISSUE","assignee":null,"user_notes_count":0,"merge_requests_count":0,"upvotes":0,"downvotes":0,"due_date":null,"confidential":false,"discussion_locked":null,"issue_type":"issue","web_url":"https://gitlab.com/gridhead/protop2g-test/-/issues/13811","time_stats":{"time_estimate":0,"total_time_spent":0,"human_time_estimate":null,"human_total_time_spent":null},"task_completion_status":{"count":0,"completed_count":0},"blocking_issues_count":0,"has_tasks":true,"task_status":"0
        of 0 checklist items completed","_links":{"self":"https://gitlab.com/api/v4/projects/42823949/issues/13811","notes":"https://gitlab.com/api/v4/projects/42823949/issues/13811/notes","award_emoji":"https://gitlab.com/api/v4/projects/42823949/issues/13811/award_emoji","project":"https://gitlab.com/api/v4/projects/42823949","closed_as_duplicate_of":null},"references":{"short":"#13811","relative":"#13811","full":"gridhead/protop2g-test#13811"},"severity":"UNKNOWN","subscribed":true,"moved_to_id":null,"service_desk_reply_to":null}'
    headers:
      CF-Cache-Status:
      - MISS
      CF-RAY:
      - 86ef2e0cde066eec-BOM
      Connection:
      - keep-alive
      Content-Encoding:
      - gzip
      Content-Type:
      - application/json
      Date:
      - Thu, 04 Apr 2024 06:18:14 GMT
      NEL:
      - '{"success_fraction":0.01,"report_to":"cf-nel","max_age":604800}'
      Report-To:
      - '{"endpoints":[{"url":"https:\/\/a.nel.cloudflare.com\/report\/v4?s=akqjN%2FrAjuStQJAGOw0E8G1ZumFQ%2B0sLJIubJHR2hXOUCKKzsnQKiKdu%2FdiEYwGylh%2FUISzlfJPWakNXLbZZPaxqO4Hw%2BrvKHAg8KwdOeH422OWU3OmxRuCgD34%3D"}],"group":"cf-nel","max_age":604800}'
      Server:
      - cloudflare
      Set-Cookie: ''
      Transfer-Encoding:
      - chunked
      cache-control:
      - max-age=0, private, must-revalidate
      content-security-policy:
      - default-src 'none'
      etag:
      - W/"e2d37a55d8d5f77052029b48cb9efcfa"
      gitlab-lb:
      - haproxy-main-25-lb-gprd
      gitlab-sv:
      - api-gke-us-east1-c
      referrer-policy:
      - strict-origin-when-cross-origin
      strict-transport-security:
      - max-age=31536000
      vary:
      - Origin, Accept-Encoding
      x-content-type-options:
      - nosniff
      x-frame-options:
      - SAMEORIGIN
      x-gitlab-meta:
      - '{"correlation_id":"0ac478af67e9c02ab13509239f5f5856","version":"1"}'
      x-request-id:
      - 0ac478af67e9c02ab13509239f5f5856
      x-runtime:
      - '0.138417'
    status:
      code: 200
      message: OK
- request:
    body: '{"state_event": "close"}'
    headers:
      Accept:
      - '*/*'
      Accept-Encoding:
      - gzip, deflate
      Connection:
      - keep-alive
      Content-Length:
      - '24'
      Content-type:
      - application/json
      Cookie:
      - _cfuvid=sscGHqfIFtlWYmqDCHt865NAh8SoCw536aWT7B8b1PY-1712211488609-0.0.1.1-604800000
      User-Agent:
      - python-gitlab/4.4.0
    method: PUT
    uri: https://gitlab.com/api/v4/projects/42823949/issues/13811
  response:
    body:
      string: '{"id":144256798,"iid":13811,"project_id":42823949,"title":"[SN#2] This
        is the title of the second test issue","description":"\nThis is the body of
        the second test issue\n\n_This issue ticket was originally created [here](https://pagure.io/protop2g-test-srce/issue/2)
        on a Pagure repository,\n[**protop2g-test-srce**](https://pagure.io/protop2g-test-srce)
        by [**Akashdeep Dhar**](https://pagure.io/user/t0xic0der) on\n[**Fri Oct 13
        04:01:16 2023** UTC](https://savvytime.com/converter/utc/oct-13-2023/04-01)._\n\n_This
        issue ticket was automatically created by the\n[**Pagure Exporter**](https://github.com/gridhead/pagure-exporter)._","state":"closed","created_at":"2024-04-04T06:18:13.562Z","updated_at":"2024-04-04T06:18:14.542Z","closed_at":"2024-04-04T06:18:14.532Z","closed_by":{"id":18339343,"username":"project_42823949_bot_992e5e9e997a7b44822ff32a4c634472","name":"protop2g-test","state":"active","locked":false,"avatar_url":"https://secure.gravatar.com/avatar/d05ca08df001326fd4089761821e15d906b1315eceace144e831979f3d83379e?s=80\u0026d=identicon","web_url":"https://gitlab.com/project_42823949_bot_992e5e9e997a7b44822ff32a4c634472"},"labels":[],"milestone":null,"assignees":[],"author":{"id":18339343,"username":"project_42823949_bot_992e5e9e997a7b44822ff32a4c634472","name":"protop2g-test","state":"active","locked":false,"avatar_url":"https://secure.gravatar.com/avatar/d05ca08df001326fd4089761821e15d906b1315eceace144e831979f3d83379e?s=80\u0026d=identicon","web_url":"https://gitlab.com/project_42823949_bot_992e5e9e997a7b44822ff32a4c634472"},"type":"ISSUE","assignee":null,"user_notes_count":0,"merge_requests_count":0,"upvotes":0,"downvotes":0,"due_date":null,"confidential":false,"discussion_locked":null,"issue_type":"issue","web_url":"https://gitlab.com/gridhead/protop2g-test/-/issues/13811","time_stats":{"time_estimate":0,"total_time_spent":0,"human_time_estimate":null,"human_total_time_spent":null},"task_completion_status":{"count":0,"completed_count":0},"blocking_issues_count":0,"has_tasks":true,"task_status":"0
        of 0 checklist items completed","_links":{"self":"https://gitlab.com/api/v4/projects/42823949/issues/13811","notes":"https://gitlab.com/api/v4/projects/42823949/issues/13811/notes","award_emoji":"https://gitlab.com/api/v4/projects/42823949/issues/13811/award_emoji","project":"https://gitlab.com/api/v4/projects/42823949","closed_as_duplicate_of":null},"references":{"short":"#13811","relative":"#13811","full":"gridhead/protop2g-test#13811"},"severity":"UNKNOWN","subscribed":true,"moved_to_id":null,"service_desk_reply_to":null}'
    headers:
      CF-Cache-Status:
      - DYNAMIC
      CF-RAY:
      - 86ef2e0fba1d31f3-BOM
      Connection:
      - keep-alive
      Content-Encoding:
      - gzip
      Content-Type:
      - application/json
      Date:
      - Thu, 04 Apr 2024 06:18:14 GMT
      NEL:
      - '{"success_fraction":0.01,"report_to":"cf-nel","max_age":604800}'
      Report-To:
      - '{"endpoints":[{"url":"https:\/\/a.nel.cloudflare.com\/report\/v4?s=k5pPOqg%2Fw9CgREhnYSxjIU%2FFMVjenymPej7xd2Bdq2395j%2BbeKfp%2B9Y6QY4HOEt3s8DOTp6YsselFSZORPmDoyLFrw%2BHtklYvoHa9t3YD4XS7r34xLfTxeXZc0w%3D"}],"group":"cf-nel","max_age":604800}'
      Server:
      - cloudflare
      Set-Cookie: ''
      Transfer-Encoding:
      - chunked
      cache-control:
      - max-age=0, private, must-revalidate
      content-security-policy:
      - default-src 'none'
      etag:
      - W/"cbd56d948137d97674b7efa460dd55fb"
      gitlab-lb:
      - haproxy-main-14-lb-gprd
      gitlab-sv:
      - api-gke-us-east1-d
      referrer-policy:
      - strict-origin-when-cross-origin
      strict-transport-security:
      - max-age=31536000
      vary:
      - Origin, Accept-Encoding
      x-content-type-options:
      - nosniff
      x-frame-options:
      - SAMEORIGIN
      x-gitlab-meta:
      - '{"correlation_id":"909b5db015b721abccd68f720f0ecc29","version":"1"}'
      x-request-id:
      - 909b5db015b721abccd68f720f0ecc29
      x-runtime:
      - '0.331271'
    status:
      code: 200
      message: OK
- request:
    body: '{"title": "[SN#1] This is the title of the first test issue", "description":
      "\nThis is the body of the first test issue\n\n_This issue ticket was originally
      created [here](https://pagure.io/protop2g-test-srce/issue/1) on a Pagure repository,\n[**protop2g-test-srce**](https://pagure.io/protop2g-test-srce)
      by [**Akashdeep Dhar**](https://pagure.io/user/t0xic0der) on\n[**Fri Oct 13
      03:57:42 2023** UTC](https://savvytime.com/converter/utc/oct-13-2023/03-57)._\n\n_This
      issue ticket was automatically created by the\n[**Pagure Exporter**](https://github.com/gridhead/pagure-exporter)._\n",
      "iid": 1}'
    headers:
      Accept:
      - '*/*'
      Accept-Encoding:
      - gzip, deflate
      Connection:
      - keep-alive
      Content-Length:
      - '599'
      Content-type:
      - application/json
      Cookie:
      - _cfuvid=sscGHqfIFtlWYmqDCHt865NAh8SoCw536aWT7B8b1PY-1712211488609-0.0.1.1-604800000
      User-Agent:
      - python-gitlab/4.4.0
    method: POST
    uri: https://gitlab.com/api/v4/projects/42823949/issues
  response:
    body:
      string: '{"id":144256800,"iid":13812,"project_id":42823949,"title":"[SN#1] This
        is the title of the first test issue","description":"\nThis is the body of
        the first test issue\n\n_This issue ticket was originally created [here](https://pagure.io/protop2g-test-srce/issue/1)
        on a Pagure repository,\n[**protop2g-test-srce**](https://pagure.io/protop2g-test-srce)
        by [**Akashdeep Dhar**](https://pagure.io/user/t0xic0der) on\n[**Fri Oct 13
        03:57:42 2023** UTC](https://savvytime.com/converter/utc/oct-13-2023/03-57)._\n\n_This
        issue ticket was automatically created by the\n[**Pagure Exporter**](https://github.com/gridhead/pagure-exporter)._","state":"opened","created_at":"2024-04-04T06:18:15.463Z","updated_at":"2024-04-04T06:18:15.463Z","closed_at":null,"closed_by":null,"labels":[],"milestone":null,"assignees":[],"author":{"id":18339343,"username":"project_42823949_bot_992e5e9e997a7b44822ff32a4c634472","name":"protop2g-test","state":"active","locked":false,"avatar_url":"https://secure.gravatar.com/avatar/d05ca08df001326fd4089761821e15d906b1315eceace144e831979f3d83379e?s=80\u0026d=identicon","web_url":"https://gitlab.com/project_42823949_bot_992e5e9e997a7b44822ff32a4c634472"},"type":"ISSUE","assignee":null,"user_notes_count":0,"merge_requests_count":0,"upvotes":0,"downvotes":0,"due_date":null,"confidential":false,"discussion_locked":null,"issue_type":"issue","web_url":"https://gitlab.com/gridhead/protop2g-test/-/issues/13812","time_stats":{"time_estimate":0,"total_time_spent":0,"human_time_estimate":null,"human_total_time_spent":null},"task_completion_status":{"count":0,"completed_count":0},"blocking_issues_count":0,"has_tasks":true,"task_status":"0
        of 0 checklist items completed","_links":{"self":"https://gitlab.com/api/v4/projects/42823949/issues/13812","notes":"https://gitlab.com/api/v4/projects/42823949/issues/13812/notes","award_emoji":"https://gitlab.com/api/v4/projects/42823949/issues/13812/award_emoji","project":"https://gitlab.com/api/v4/projects/42823949","closed_as_duplicate_of":null},"references":{"short":"#13812","relative":"#13812","full":"gridhead/protop2g-test#13812"},"severity":"UNKNOWN","subscribed":true,"moved_to_id":null,"service_desk_reply_to":null}'
    headers:
      CF-Cache-Status:
      - DYNAMIC
      CF-RAY:
      - 86ef2e136cb21bcb-BOM
      Connection:
      - keep-alive
      Content-Length:
      - '2190'
      Content-Type:
      - application/json
      Date:
      - Thu, 04 Apr 2024 06:18:15 GMT
      NEL:
      - '{"success_fraction":0.01,"report_to":"cf-nel","max_age":604800}'
      Report-To:
      - '{"endpoints":[{"url":"https:\/\/a.nel.cloudflare.com\/report\/v4?s=SFnrGpAcTTLzk2E5PsB2kIyfS69YVTZzBXhduf5RM57qC3P211AOw3MA0PRTXw%2F%2BpSM%2FdZVaU6DQGpvAirYd4BCO8Zxng8FX2X4gJ6OHLcImGAi%2Fu9mquq%2F5m%2BA%3D"}],"group":"cf-nel","max_age":604800}'
      Server:
      - cloudflare
      Set-Cookie: ''
      cache-control:
      - max-age=0, private, must-revalidate
      content-security-policy:
      - default-src 'none'
      etag:
      - W/"cf5881077a7a682b2b2485f7c5a3f24a"
      gitlab-lb:
      - haproxy-main-37-lb-gprd
      gitlab-sv:
      - api-gke-us-east1-c
      referrer-policy:
      - strict-origin-when-cross-origin
      strict-transport-security:
      - max-age=31536000
      vary:
      - Origin
      x-content-type-options:
      - nosniff
      x-frame-options:
      - SAMEORIGIN
      x-gitlab-meta:
      - '{"correlation_id":"3f44439e303c46553ddab2899ef9137b","version":"1"}'
      x-request-id:
      - 3f44439e303c46553ddab2899ef9137b
      x-runtime:
      - '0.648343'
    status:
      code: 201
      message: Created
version: 1
